
> 10x-astro-starter@0.0.1 test
> vitest --reporter=verbose


[1m[46m RUN [49m[22m [36mv3.2.4 [39m[90mC:/projekty/10 devs projekt/10xdevs-projekt[39m

 [32m✓[39m src/components/actions/BulkActionsBar/__tests__/BulkActionsBar.test.tsx[2m > [22mBulkActionsBar[2m > [22mrenders with selected count and buttons[32m 156[2mms[22m[39m
 [32m✓[39m src/components/actions/BulkActionsBar/__tests__/BulkActionsBar.test.tsx[2m > [22mBulkActionsBar[2m > [22mdoes not render when selectedCount is 0[32m 4[2mms[22m[39m
 [32m✓[39m src/components/actions/BulkActionsBar/__tests__/BulkActionsBar.test.tsx[2m > [22mBulkActionsBar[2m > [22mshows max limit reached alert when limit is reached[32m 21[2mms[22m[39m
 [32m✓[39m src/components/actions/BulkActionsBar/__tests__/BulkActionsBar.test.tsx[2m > [22mBulkActionsBar[2m > [22mapplies error color when limit is reached[32m 13[2mms[22m[39m
 [32m✓[39m src/components/actions/BulkActionsBar/__tests__/BulkActionsBar.test.tsx[2m > [22mBulkActionsBar[2m > [22mapplies primary color when under limit[32m 17[2mms[22m[39m
 [32m✓[39m src/components/__tests__/ProductPreviewModal.test.tsx[2m > [22mProductPreviewModal[2m > [22mRendering[2m > [22mshould not render when productId is null[32m 125[2mms[22m[39m
 [32m✓[39m src/components/tables/RecentJobsTable/__tests__/RecentJobsTable.test.tsx[2m > [22mRecentJobsTable[2m > [22mrenders empty state when no jobs[32m 172[2mms[22m[39m
 [32m✓[39m src/components/inputs/SearchInput/__tests__/SearchInput.test.tsx[2m > [22mSearchInput[2m > [22mrenders with default props[32m 205[2mms[22m[39m
 [32m✓[39m src/components/inputs/SearchInput/__tests__/SearchInput.test.tsx[2m > [22mSearchInput[2m > [22mrenders with custom placeholder and aria-label[32m 47[2mms[22m[39m
 [32m✓[39m src/components/inputs/SearchInput/__tests__/SearchInput.test.tsx[2m > [22mSearchInput[2m > [22mshows character count[32m 13[2mms[22m[39m
 [32m✓[39m src/components/actions/BulkActionsBar/__tests__/BulkActionsBar.test.tsx[2m > [22mBulkActionsBar[2m > [22mcalls onClear when clear button is clicked[32m 205[2mms[22m[39m
 [32m✓[39m src/components/actions/BulkActionsBar/__tests__/BulkActionsBar.test.tsx[2m > [22mBulkActionsBar[2m > [22mcalls onGenerate when generate button is clicked[32m 63[2mms[22m[39m
 [31m×[39m src/components/actions/BulkActionsBar/__tests__/BulkActionsBar.test.tsx[2m > [22mBulkActionsBar[2m > [22mdisables generate button when selectedCount is 0[32m 37[2mms[22m[39m
[31m   → Unable to find an accessible element with the role "button" and name "Generuj opisy dla 0 produktów"

There are no accessible roles. But there might be some inaccessible roles. If you wish to access them, then set the `hidden` option to `true`. Learn more about this here: https://testing-library.com/docs/dom-testing-library/api-queries#byrole

Ignored nodes: comments, script, style
[36m<body>[31m
  [36m<div />[31m
[36m</body>[31m[39m
 [32m✓[39m src/components/actions/BulkActionsBar/__tests__/BulkActionsBar.test.tsx[2m > [22mBulkActionsBar[2m > [22mapplies custom className[32m 12[2mms[22m[39m
 [32m✓[39m src/components/actions/BulkActionsBar/__tests__/BulkActionsBar.test.tsx[2m > [22mBulkActionsBar[2m > [22mmaintains button order and spacing[32m 22[2mms[22m[39m
 [32m✓[39m src/components/inputs/SearchInput/__tests__/SearchInput.test.tsx[2m > [22mSearchInput[2m > [22mshows clear button when input has value[32m 26[2mms[22m[39m
 [32m✓[39m src/components/inputs/SearchInput/__tests__/SearchInput.test.tsx[2m > [22mSearchInput[2m > [22mhides clear button when input is empty[32m 14[2mms[22m[39m
 [31m×[39m src/components/tables/RecentJobsTable/__tests__/RecentJobsTable.test.tsx[2m > [22mRecentJobsTable[2m > [22mrenders table with jobs[32m 141[2mms[22m[39m
[31m   → Unable to find an element with the text: PL. This could be because the text is broken up by multiple elements. In this case, you can provide a function for your text matcher to make your matcher more flexible.

Ignored nodes: comments, script, style
[36m<body>[31m
  [36m<div>[31m
    [36m<div[31m
      [33mclass[31m=[32m"bg-card text-card-foreground flex flex-col gap-6 rounded-xl border py-6 shadow-sm"[31m
      [33mdata-slot[31m=[32m"card"[31m
      [33mrole[31m=[32m"article"[31m
    [36m>[31m
      [36m<div[31m
        [33mclass[31m=[32m"@container/card-header grid auto-rows-min grid-rows-[auto_auto] items-start gap-2 px-6 has-data-[slot=card-action]:grid-cols-[1fr_auto] [.border-b]:pb-6"[31m
        [33mdata-slot[31m=[32m"card-header"[31m
      [36m>[31m
        [36m<div[31m
          [33mclass[31m=[32m"leading-none font-semibold"[31m
          [33mdata-slot[31m=[32m"card-title"[31m
        [36m>[31m
          [0mOstatnie zlecenia[0m
        [36m</div>[31m
        [36m<div[31m
          [33mclass[31m=[32m"text-muted-foreground text-sm"[31m
          [33mdata-slot[31m=[32m"card-description"[31m
        [36m>[31m
          [0m5 ostatnich batch jobów[0m
        [36m</div>[31m
      [36m</div>[31m
      [36m<div[31m
        [33mclass[31m=[32m"px-6"[31m
        [33mdata-slot[31m=[32m"card-content"[31m
      [36m>[31m
        [36m<div[31m
          [33mclass[31m=[32m"relative w-full overflow-x-auto"[31m
          [33mdata-slot[31m=[32m"table-container"[31m
        [36m>[31m
          [36m<table[31m
            [33mclass[31m=[32m"w-full caption-bottom text-sm"[31m
            [33mdata-slot[31m=[32m"table"[31m
          [36m>[31m
            [36m<thead[31m
              [33mclass[31m=[32m"[&_tr]:border-b"[31m
              [33mdata-slot[31m=[32m"table-header"[31m
            [36m>[31m
              [36m<tr[31m
                [33mclass[31m=[32m"hover:bg-muted/50 data-[state=selected]:bg-muted border-b transition-colors"[31m
                [33mdata-slot[31m=[32m"table-row"[31m
              [36m>[31m
                [36m<th[31m
                  [33mclass[31m=[32m"text-foreground h-10 px-2 text-left align-middle font-medium whitespace-nowrap [&:has([role=checkbox])]:pr-0 [&>[role=checkbox]]:translate-y-[2px]"[31m
                  [33mdata-slot[31m=[32m"table-head"[31m
                [36m>[31m
                  [0mID[0m
                [36m</th>[31m
                [36m<th[31m
                  [33mclass[31m=[32m"text-foreground h-10 px-2 text-left align-middle font-medium whitespace-nowrap [&:has([role=checkbox])]:pr-0 [&>[role=checkbox]]:translate-y-[2px]"[31m
                  [33mdata-slot[31m=[32m"table-head"[31m
                [36m>[31m
                  [0mStatus[0m
                [36m</th>[31m
                [36m<th[31m
                  [33mclass[31m=[32m"text-foreground h-10 px-2 text-left align-middle font-medium whitespace-nowrap [&:has([role=checkbox])]:pr-0 [&>[role=checkbox]]:translate-y-[2px]"[31m
                  [33mdata-slot[31m=[32m"table-head"[31m
                [36m>[31m
                  [0mStyl[0m
                [36m</th>[31m
                [36m<th[31m
                  [33mclass[31m=[32m"text-foreground h-10 px-2 text-left align-middle font-medium whitespace-nowrap [&:has([role=checkbox])]:pr-0 [&>[role=checkbox]]:translate-y-[2px]"[31m
                  [33mdata-slot[31m=[32m"table-head"[31m
                [36m>[31m
                  [0mJęzyk[0m
                [36m</th>[31m
                [36m<th[31m
                  [33mclass[31m=[32m"text-foreground h-10 px-2 text-left align-middle font-medium whitespace-nowrap [&:has([role=checkbox])]:pr-0 [&>[role=checkbox]]:translate-y-[2px]"[31m
                  [33mdata-slot[31m=[32m"table-head"[31m
                [36m>[31m
                  [0mData utworzenia[0m
                [36m</th>[31m
              [36m</tr>[31m
            [36m</thead>[31m
            [36m<tbody[31m
              [33mclass[31m=[32m"[&_tr:last-child]:border-0"[31m
              [33mdata-slot[31m=[32m"table-body"[31m
            [36m>[31m
              [36m<tr[31m
                [33mclass[31m=[32m"data-[state=selected]:bg-muted border-b transition-colors cursor-pointer hover:bg-muted/50"[31m
                [33mdata-slot[31m=[32m"table-row"[31m
              [36m>[31m
                [36m<td[31m
                  [33mclass[31m=[32m"p-2 align-middle whitespace-nowrap [&:has([role=checkbox])]:pr-0 [&>[role=checkbox]]:translate-y-[2px] font-medium"[31m
                  [33mdata-slot[31m=[32m"table-cell"[31m
                [36m>[31m
                  [0m12345678[0m
                [36m</td>[31m
                [36m<td[31m
                  [33mclass[31m=[32m"p-2 align-middle whitespace-nowrap [&:has([role=checkbox])]:pr-0 [&>[role=checkbox]]:translate-y-[2px]"[31m
                  [33mdata-slot[31m=[32m"table-cell"[31m
                [36m>[31m
                  [36m<span[31m
                    [33mclass[31m=[32m"text-green-600"[31m
                  [36m>[31m
                    [0mZakończony[0m
                  [36m</span>[31m
                [36m</td>[31m
                [36m<td[31m
                  [33mclass[31m=[32m"p-2 align-middle whitespace-nowrap [&:has([role=checkbox])]:pr-0 [&>[role=checkbox]]:translate-y-[2px]"[31m
                  [33mdata-slot[31m=[32m"table-cell"[31m
                [36m>[31m
                  [0mprofessional[0m
                [36m</td>[31m
                [36m<td[31m
                  [33mclass[31m=[32m"p-2 align-middle whitespace-nowrap [&:has([role=checkbox])]:pr-0 [&>[role=checkbox]]:translate-y-[2px] uppercase"[31m
                  [33mdata-slot[31m=[32m"table-cell"[31m
                [36m>[31m
                  [0mpl[0m
                [36m</td>[31m
                [36m<td[31m
                  [33mclass[31m=[32m"p-2 align-middle whitespace-nowrap [&:has([role=checkbox])]:pr-0 [&>[role=checkbox]]:translate-y-[2px]"[31m
                  [33mdata-slot[31m=[32m"table-cell"[31m
                [36m>[31m
                  [0m1.01.2024, 13:00[0m
                [36m</td>[31m
              [36m</tr>[31m
              [36m<tr[31m
                [33mclass[31m=[32m"data-[state=selected]:bg-muted border-b transition-colors cursor-pointer hover:bg-muted/50"[31m
                [33mdata-slot[31m=[32m"table-row"[31m
              [36m>[31m
                [36m<td[31m
                  [33mclass[31m=[32m"p-2 align-middle whitespace-nowrap [&:has([role=checkbox])]:pr-0 [&>[role=checkbox]]:translate-y-[2px] font-medium"[31m
                  [33mdata-slot[31m=[32m"table-cell"[31m
                [36m>[31m
                  [0m87654321[0m
                [36m</td>[31m
                [36m<td[31m
                  [33mclass[31m=[32m"p-2 align-middle whitespace-nowrap [&:has([role=checkbox])]:pr-0 [&>[role=checkbox]]:translate-y-[2px]"[31m
                  [33mdata-slot[31m=[32m"table-cell"[31m
                [36m>[31m
                  [36m<span[31m
                    [33mclass[31m=[32m"text-yellow-600"[31m
                  [36m>[31m
                    [0mOczekujący[0m
                  [36m</span>[31m
                [36m</td>[31m
                [36m<td[31m
                  [33mclass[31m=[32m"p-2 align-middle whitespace-nowrap [&:has([role=checkbox])]:pr-0 [&>[role=checkbox]]:translate-y-[2px]"[31m
                  [33mdata-slot[31m=[32m"table-cell"[31m
                [36m>[31m
                  [0mcasual[0m
                [36m</td>[31m
                [36m<td[31m
                  [33mclass[31m=[32m"p-2 align-middle whitespace-nowrap [&:has([role=checkbox])]:pr-0 [&>[role=checkbox]]:translate-y-[2px] uppercase"[31m
                  [33mdata-slot[31m=[32m"table-cell"[31m
                [36m>[31m
                  [0men[0m
                [36m</td>[31m
                [36m<td[31m
                  [33mclass[31m=[32m"p-2 align-middle whitespace-nowrap [&:has([role=checkbox])]:pr-0 [&>[role=checkbox]]:translate-y-[2px]"[31m
                  [33mdata-slot[31m=[32m"table-cell"[31m
                [36m>[31m
                  [0m2.01.2024, 13:00[0m
                [36m</td>[31m
              [36m</tr>[31m
            [36m</tbody>[31m
          [36m</table>[31m
        [36m</div>[31m
      [36m</div>[31m
    [36m</div>[31m
  [36m</div>[31m
[36m</body>[31m[39m
 [32m✓[39m src/components/tables/RecentJobsTable/__tests__/RecentJobsTable.test.tsx[2m > [22mRecentJobsTable[2m > [22mlimits number of displayed jobs[32m 67[2mms[22m[39m
 [32m✓[39m src/components/tables/RecentJobsTable/__tests__/RecentJobsTable.test.tsx[2m > [22mRecentJobsTable[2m > [22mformats dates correctly[32m 23[2mms[22m[39m
 [31m×[39m src/components/__tests__/ProductPreviewModal.test.tsx[2m > [22mProductPreviewModal[2m > [22mRendering[2m > [22mshould render loading state[32m 244[2mms[22m[39m
[31m   → Found multiple elements with the text: /Ładowanie/i

Here are the matching elements:

Ignored nodes: comments, script, style
[36m<h2[31m
  [33mclass[31m=[32m"text-lg leading-none font-semibold"[31m
  [33mdata-slot[31m=[32m"dialog-title"[31m
  [33mid[31m=[32m"radix-«r4»"[31m
[36m>[31m
  [0mŁadowanie...[0m
[36m</h2>[31m

Ignored nodes: comments, script, style
[36m<p[31m
  [33mclass[31m=[32m"mt-4 text-muted-foreground"[31m
[36m>[31m
  [0mŁadowanie szczegółów produktu...[0m
[36m</p>[31m

(If this is intentional, then use the `*AllBy*` variant of the query (like `queryAllByText`, `getAllByText`, or `findAllByText`)).

Ignored nodes: comments, script, style
[36m<body[31m
  [33mdata-scroll-locked[31m=[32m"1"[31m
  [33mstyle[31m=[32m"pointer-events: none;"[31m
[36m>[31m
  [36m<span[31m
    [33maria-hidden[31m=[32m"true"[31m
    [33mdata-aria-hidden[31m=[32m"true"[31m
    [33mdata-radix-focus-guard[31m=[32m""[31m
    [33mstyle[31m=[32m"opacity: 0; position: fixed; pointer-events: none; outline-color: none; outline-style: none; outline-width: initial;"[31m
    [33mtabindex[31m=[32m"0"[31m
  [36m/>[31m
  [36m<div[31m
    [33maria-hidden[31m=[32m"true"[31m
    [33mdata-aria-hidden[31m=[32m"true"[31m
  [36m/>[31m
  [36m<div[31m
    [33maria-hidden[31m=[32m"true"[31m
    [33mclass[31m=[32m"data-[state=open]:animate-in data-[state=closed]:animate-out data-[state=closed]:fade-out-0 data-[state=open]:fade-in-0 fixed inset-0 z-50 bg-black/50"[31m
    [33mdata-aria-hidden[31m=[32m"true"[31m
    [33mdata-slot[31m=[32m"dialog-overlay"[31m
    [33mdata-state[31m=[32m"open"[31m
    [33mstyle[31m=[32m"pointer-events: auto;"[31m
  [36m/>[31m
  [36m<div[31m
    [33maria-describedby[31m=[32m"radix-«r5»"[31m
    [33maria-labelledby[31m=[32m"radix-«r4»"[31m
    [33mclass[31m=[32m"bg-background data-[state=open]:animate-in data-[state=closed]:animate-out data-[state=closed]:fade-out-0 data-[state=open]:fade-in-0 data-[state=closed]:zoom-out-95 data-[state=open]:zoom-in-95 fixed top-[50%] left-[50%] z-50 grid w-full translate-x-[-50%] translate-y-[-50%] gap-4 rounded-lg border p-6 shadow-lg duration-200 sm:max-w-lg max-w-3xl max-h-[80vh] overflow-y-auto"[31m
    [33mdata-slot[31m=[32m"dialog-content"[31m
    [33mdata-state[31m=[32m"open"[31m
    [33mid[31m=[32m"radix-«r3»"[31m
    [33mrole[31m=[32m"dialog"[31m
    [33mstyle[31m=[32m"pointer-events: auto;"[31m
    [33mtabindex[31m=[32m"-1"[31m
  [36m>[31m
    [36m<div[31m
      [33mclass[31m=[32m"flex flex-col gap-2 text-center sm:text-left"[31m
      [33mdata-slot[31m=[32m"dialog-header"[31m
    [36m>[31m
      [36m<h2[31m
        [33mclass[31m=[32m"text-lg leading-none font-semibold"[31m
        [33mdata-slot[31m=[32m"dialog-title"[31m
        [33mid[31m=[32m"radix-«r4»"[31m
      [36m>[31m
        [0mŁadowanie...[0m
      [36m</h2>[31m
      [36m<p[31m
        [33mclass[31m=[32m"text-muted-foreground text-sm"[31m
        [33mdata-slot[31m=[32m"dialog-description"[31m
        [33mid[31m=[32m"radix-«r5»"[31m
      [36m/>[31m
    [36m</div>[31m
    [36m<div[31m
      [33mclass[31m=[32m"flex items-center justify-center py-8"[31m
    [36m>[31m
      [36m<div[31m
        [33mclass[31m=[32m"text-center"[31m
      [36m>[31m
        [36m<div[31m
          [33mclass[31m=[32m"inline-block h-8 w-8 animate-spin rounded-full border-4 border-solid border-current border-r-transparent"[31m
        [36m/>[31m
        [36m<p[31m
          [33mclass[31m=[32m"mt-4 text-muted-foreground"[31m
        [36m>[31m
          [0mŁadowanie szczegółów produktu...[0m
        [36m</p>[31m
      [36m</div>[31m
    [36m</div>[31m
    [36m<button[31m
      [33mclass[31m=[32m"ring-offset-background focus:ring-ring data-[state=open]:bg-accent data-[state=open]:text-muted-foreground absolute top-4 right-4 rounded-xs opacity-70 transition-opacity hover:opacity-100 focus:ring-2 focus:ring-offset-2 focus:outline-hidden disabled:pointer-events-none [&_svg]:pointer-events-none [&_svg]:shrink-0 [&_svg:not([class*='size-'])]:size-4"[31m
      [33mdata-slot[31m=[32m"dialog-close"[31m
      [33mtype[31m=[32m"button"[31m
    [36m>[31m
      [36m<svg[31m
        [33mclass[31m=[32m"lucide lucide-x"[31m
        [33mfill[31m=[32m"none"[31m
        [33mheight[31m=[32m"24"[31m
        [33mstroke[31m=[32m"currentColor"[31m
        [33mstroke-linecap[31m=[32m"round"[31m
        [33mstroke-linejoin[31m=[32m"round"[31m
        [33mstroke-width[31m=[32m"2"[31m
        [33mviewBox[31m=[32m"0 0 24 24"[31m
        [33mwidth[31m=[32m"24"[31m
        [33mxmlns[31m=[32m"http://www.w3.org/2000/svg"[31m
      [36m>[31m
        [36m<path[31m
          [33md[31m=[32m"M18 6 6 18"[31m
        [36m/>[31m
        [36m<path[31m
          [33md[31m=[32m"m6 6 12 12"[31m
        [36m/>[31m
      [36m</svg>[31m
      [36m<span[31m
        [33mclass[31m=[32m"sr-only"[31m
      [36m>[31m
        [0mClose[0m
      [36m</span>[31m
    [36m</button>[31m
  [36m</div>[31m
  [36m<span[31m
    [33maria-hidden[31m=[32m"true"[31m
    [33mdata-aria-hidden[31m=[32m"true"[31m
    [33mdata-radix-focus-guard[31m=[32m""[31m
    [33mstyle[31m=[32m"opacity: 0; position: fixed; pointer-events: none; outline-color: none; outline-style: none; outline-width: initial;"[31m
    [33mtabindex[31m=[32m"0"[31m
  [36m/>[31m
[36m</body>[31m[39m
 [31m×[39m src/components/__tests__/ProductPreviewModal.test.tsx[2m > [22mProductPreviewModal[2m > [22mRendering[2m > [22mshould render error state[32m 45[2mms[22m[39m
[31m   → Unable to find an element with the text: /Błąd/i. This could be because the text is broken up by multiple elements. In this case, you can provide a function for your text matcher to make your matcher more flexible.

Ignored nodes: comments, script, style
[36m<body[31m
  [33mdata-scroll-locked[31m=[32m"1"[31m
  [33mstyle[31m=[32m"pointer-events: none;"[31m
[36m>[31m
  [36m<span[31m
    [33maria-hidden[31m=[32m"true"[31m
    [33mdata-aria-hidden[31m=[32m"true"[31m
    [33mdata-radix-focus-guard[31m=[32m""[31m
    [33mstyle[31m=[32m"opacity: 0; position: fixed; pointer-events: none; outline-color: none; outline-style: none; outline-width: initial;"[31m
    [33mtabindex[31m=[32m"0"[31m
  [36m/>[31m
  [36m<div[31m
    [33maria-hidden[31m=[32m"true"[31m
    [33mdata-aria-hidden[31m=[32m"true"[31m
  [36m/>[31m
  [36m<div[31m
    [33maria-hidden[31m=[32m"true"[31m
    [33mclass[31m=[32m"data-[state=open]:animate-in data-[state=closed]:animate-out data-[state=closed]:fade-out-0 data-[state=open]:fade-in-0 fixed inset-0 z-50 bg-black/50"[31m
    [33mdata-aria-hidden[31m=[32m"true"[31m
    [33mdata-slot[31m=[32m"dialog-overlay"[31m
    [33mdata-state[31m=[32m"open"[31m
    [33mstyle[31m=[32m"pointer-events: auto;"[31m
  [36m/>[31m
  [36m<div[31m
    [33maria-describedby[31m=[32m"radix-«r8»"[31m
    [33maria-labelledby[31m=[32m"radix-«r7»"[31m
    [33mclass[31m=[32m"bg-background data-[state=open]:animate-in data-[state=closed]:animate-out data-[state=closed]:fade-out-0 data-[state=open]:fade-in-0 data-[state=closed]:zoom-out-95 data-[state=open]:zoom-in-95 fixed top-[50%] left-[50%] z-50 grid w-full translate-x-[-50%] translate-y-[-50%] gap-4 rounded-lg border p-6 shadow-lg duration-200 sm:max-w-lg max-w-3xl max-h-[80vh] overflow-y-auto"[31m
    [33mdata-slot[31m=[32m"dialog-content"[31m
    [33mdata-state[31m=[32m"open"[31m
    [33mid[31m=[32m"radix-«r6»"[31m
    [33mrole[31m=[32m"dialog"[31m
    [33mstyle[31m=[32m"pointer-events: auto;"[31m
    [33mtabindex[31m=[32m"-1"[31m
  [36m>[31m
    [36m<div[31m
      [33mclass[31m=[32m"flex flex-col gap-2 text-center sm:text-left"[31m
      [33mdata-slot[31m=[32m"dialog-header"[31m
    [36m>[31m
      [36m<h2[31m
        [33mclass[31m=[32m"text-lg leading-none font-semibold"[31m
        [33mdata-slot[31m=[32m"dialog-title"[31m
        [33mid[31m=[32m"radix-«r7»"[31m
      [36m>[31m
        [0mSzczegóły produktu[0m
      [36m</h2>[31m
      [36m<p[31m
        [33mclass[31m=[32m"text-muted-foreground text-sm"[31m
        [33mdata-slot[31m=[32m"dialog-description"[31m
        [33mid[31m=[32m"radix-«r8»"[31m
      [36m/>[31m
    [36m</div>[31m
    [36m<div[31m
      [33mclass[31m=[32m"text-center py-8"[31m
    [36m>[31m
      [36m<div[31m
        [33mclass[31m=[32m"text-red-500 text-3xl mb-2"[31m
      [36m>[31m
        [0m⚠️[0m
      [36m</div>[31m
      [36m<p[31m
        [33mclass[31m=[32m"text-red-500"[31m
      [36m>[31m
        [0mTest error[0m
      [36m</p>[31m
    [36m</div>[31m
    [36m<button[31m
      [33mclass[31m=[32m"ring-offset-background focus:ring-ring data-[state=open]:bg-accent data-[state=open]:text-muted-foreground absolute top-4 right-4 rounded-xs opacity-70 transition-opacity hover:opacity-100 focus:ring-2 focus:ring-offset-2 focus:outline-hidden disabled:pointer-events-none [&_svg]:pointer-events-none [&_svg]:shrink-0 [&_svg:not([class*='size-'])]:size-4"[31m
      [33mdata-slot[31m=[32m"dialog-close"[31m
      [33mtype[31m=[32m"button"[31m
    [36m>[31m
      [36m<svg[31m
        [33mclass[31m=[32m"lucide lucide-x"[31m
        [33mfill[31m=[32m"none"[31m
        [33mheight[31m=[32m"24"[31m
        [33mstroke[31m=[32m"currentColor"[31m
        [33mstroke-linecap[31m=[32m"round"[31m
        [33mstroke-linejoin[31m=[32m"round"[31m
        [33mstroke-width[31m=[32m"2"[31m
        [33mviewBox[31m=[32m"0 0 24 24"[31m
        [33mwidth[31m=[32m"24"[31m
        [33mxmlns[31m=[32m"http://www.w3.org/2000/svg"[31m
      [36m>[31m
        [36m<path[31m
          [33md[31m=[32m"M18 6 6 18"[31m
        [36m/>[31m
        [36m<path[31m
          [33md[31m=[32m"m6 6 12 12"[31m
        [36m/>[31m
      [36m</svg>[31m
      [36m<span[31m
        [33mclass[31m=[32m"sr-only"[31m
      [36m>[31m
        [0mClose[0m
      [36m</span>[31m
    [36m</button>[31m
  [36m</div>[31m
  [36m<span[31m
    [33maria-hidden[31m=[32m"true"[31m
    [33mdata-aria-hidden[31m=[32m"true"[31m
    [33mdata-radix-focus-guard[31m=[32m""[31m
    [33mstyle[31m=[32m"opacity: 0; position: fixed; pointer-events: none; outline-color: none; outline-style: none; outline-width: initial;"[31m
    [33mtabindex[31m=[32m"0"[31m
  [36m/>[31m
[36m</body>[31m[39m
 [32m✓[39m src/components/selects/PublicationModeSelect/__tests__/PublicationModeSelect.test.tsx[2m > [22mPublicationModeSelect[2m > [22mrenders with default props[32m 174[2mms[22m[39m
 [32m✓[39m src/components/selects/PublicationModeSelect/__tests__/PublicationModeSelect.test.tsx[2m > [22mPublicationModeSelect[2m > [22mrenders with custom label[32m 42[2mms[22m[39m
 [32m✓[39m src/components/selects/PublicationModeSelect/__tests__/PublicationModeSelect.test.tsx[2m > [22mPublicationModeSelect[2m > [22mshows selected value[32m 43[2mms[22m[39m
 [32m✓[39m src/components/tables/RecentJobsTable/__tests__/RecentJobsTable.test.tsx[2m > [22mRecentJobsTable[2m > [22mhandles row click with custom handler[32m 139[2mms[22m[39m
 [32m✓[39m src/components/tables/RecentJobsTable/__tests__/RecentJobsTable.test.tsx[2m > [22mRecentJobsTable[2m > [22mhandles row click with default navigation[32m 42[2mms[22m[39m
 [32m✓[39m src/components/tables/RecentJobsTable/__tests__/RecentJobsTable.test.tsx[2m > [22mRecentJobsTable[2m > [22mapplies status colors correctly[32m 20[2mms[22m[39m
 [32m✓[39m src/components/tables/RecentJobsTable/__tests__/RecentJobsTable.test.tsx[2m > [22mRecentJobsTable[2m > [22mapplies custom className[32m 18[2mms[22m[39m
 [32m✓[39m src/components/tables/RecentJobsTable/__tests__/RecentJobsTable.test.tsx[2m > [22mRecentJobsTable[2m > [22mmaintains table header order[32m 27[2mms[22m[39m
 [32m✓[39m src/components/__tests__/ProductPreviewModal.test.tsx[2m > [22mProductPreviewModal[2m > [22mRendering[2m > [22mshould render product details[32m 123[2mms[22m[39m
 [32m✓[39m src/components/selects/PublicationModeSelect/__tests__/PublicationModeSelect.test.tsx[2m > [22mPublicationModeSelect[2m > [22mcalls onChange when selecting an option[32m 113[2mms[22m[39m
 [31m×[39m src/components/__tests__/ProductPreviewModal.test.tsx[2m > [22mProductPreviewModal[2m > [22mInteractions[2m > [22mshould call onClose when close button is clicked[32m 209[2mms[22m[39m
[31m   → Unable to find an accessible element with the role "button" and name `/zamknij/i`

Here are the accessible roles:

  dialog:

  Name "Test Product":
  [36m<div[31m
    [33maria-describedby[31m=[32m"radix-«rm»"[31m
    [33maria-labelledby[31m=[32m"radix-«rl»"[31m
    [33mclass[31m=[32m"bg-background data-[state=open]:animate-in data-[state=closed]:animate-out data-[state=closed]:fade-out-0 data-[state=open]:fade-in-0 data-[state=closed]:zoom-out-95 data-[state=open]:zoom-in-95 fixed top-[50%] left-[50%] z-50 grid w-full translate-x-[-50%] translate-y-[-50%] gap-4 rounded-lg border p-6 shadow-lg duration-200 sm:max-w-lg max-w-3xl max-h-[80vh] overflow-y-auto"[31m
    [33mdata-slot[31m=[32m"dialog-content"[31m
    [33mdata-state[31m=[32m"open"[31m
    [33mid[31m=[32m"radix-«rk»"[31m
    [33mrole[31m=[32m"dialog"[31m
    [33mstyle[31m=[32m"pointer-events: auto;"[31m
    [33mtabindex[31m=[32m"-1"[31m
  [36m/>[31m

  --------------------------------------------------
  heading:

  Name "Test Product":
  [36m<h2[31m
    [33mclass[31m=[32m"text-lg leading-none font-semibold"[31m
    [33mdata-slot[31m=[32m"dialog-title"[31m
    [33mid[31m=[32m"radix-«rl»"[31m
  [36m/>[31m

  Name "Krótki opis":
  [36m<h3[31m
    [33mclass[31m=[32m"flex"[31m
    [33mdata-orientation[31m=[32m"vertical"[31m
    [33mdata-state[31m=[32m"closed"[31m
  [36m/>[31m

  Name "Pełny opis":
  [36m<h3[31m
    [33mclass[31m=[32m"flex"[31m
    [33mdata-orientation[31m=[32m"vertical"[31m
    [33mdata-state[31m=[32m"closed"[31m
  [36m/>[31m

  Name "Kategorie (2)":
  [36m<h3[31m
    [33mclass[31m=[32m"flex"[31m
    [33mdata-orientation[31m=[32m"vertical"[31m
    [33mdata-state[31m=[32m"closed"[31m
  [36m/>[31m

  Name "Kolekcje (1)":
  [36m<h3[31m
    [33mclass[31m=[32m"flex"[31m
    [33mdata-orientation[31m=[32m"vertical"[31m
    [33mdata-state[31m=[32m"closed"[31m
  [36m/>[31m

  --------------------------------------------------
  paragraph:

  Name "":
  [36m<p[31m
    [33mclass[31m=[32m"text-muted-foreground text-sm"[31m
    [33mdata-slot[31m=[32m"dialog-description"[31m
    [33mid[31m=[32m"radix-«rm»"[31m
  [36m/>[31m

  --------------------------------------------------
  button:

  Name "Krótki opis":
  [36m<button[31m
    [33maria-controls[31m=[32m"radix-«ro»"[31m
    [33maria-expanded[31m=[32m"false"[31m
    [33mclass[31m=[32m"focus-visible:border-ring focus-visible:ring-ring/50 flex flex-1 items-start justify-between gap-4 rounded-md py-4 text-left text-sm font-medium transition-all outline-none hover:underline focus-visible:ring-[3px] disabled:pointer-events-none disabled:opacity-50 [&[data-state=open]>svg]:rotate-180"[31m
    [33mdata-orientation[31m=[32m"vertical"[31m
    [33mdata-radix-collection-item[31m=[32m""[31m
    [33mdata-slot[31m=[32m"accordion-trigger"[31m
    [33mdata-state[31m=[32m"closed"[31m
    [33mid[31m=[32m"radix-«rn»"[31m
    [33mtype[31m=[32m"button"[31m
  [36m/>[31m

  Name "Pełny opis":
  [36m<button[31m
    [33maria-controls[31m=[32m"radix-«rq»"[31m
    [33maria-expanded[31m=[32m"false"[31m
    [33mclass[31m=[32m"focus-visible:border-ring focus-visible:ring-ring/50 flex flex-1 items-start justify-between gap-4 rounded-md py-4 text-left text-sm font-medium transition-all outline-none hover:underline focus-visible:ring-[3px] disabled:pointer-events-none disabled:opacity-50 [&[data-state=open]>svg]:rotate-180"[31m
    [33mdata-orientation[31m=[32m"vertical"[31m
    [33mdata-radix-collection-item[31m=[32m""[31m
    [33mdata-slot[31m=[32m"accordion-trigger"[31m
    [33mdata-state[31m=[32m"closed"[31m
    [33mid[31m=[32m"radix-«rp»"[31m
    [33mtype[31m=[32m"button"[31m
  [36m/>[31m

  Name "Kategorie (2)":
  [36m<button[31m
    [33maria-controls[31m=[32m"radix-«rs»"[31m
    [33maria-expanded[31m=[32m"false"[31m
    [33mclass[31m=[32m"focus-visible:border-ring focus-visible:ring-ring/50 flex flex-1 items-start justify-between gap-4 rounded-md py-4 text-left text-sm font-medium transition-all outline-none hover:underline focus-visible:ring-[3px] disabled:pointer-events-none disabled:opacity-50 [&[data-state=open]>svg]:rotate-180"[31m
    [33mdata-orientation[31m=[32m"vertical"[31m
    [33mdata-radix-collection-item[31m=[32m""[31m
    [33mdata-slot[31m=[32m"accordion-trigger"[31m
    [33mdata-state[31m=[32m"closed"[31m
    [33mid[31m=[32m"radix-«rr»"[31m
    [33mtype[31m=[32m"button"[31m
  [36m/>[31m

  Name "Kolekcje (1)":
  [36m<button[31m
    [33maria-controls[31m=[32m"radix-«ru»"[31m
    [33maria-expanded[31m=[32m"false"[31m
    [33mclass[31m=[32m"focus-visible:border-ring focus-visible:ring-ring/50 flex flex-1 items-start justify-between gap-4 rounded-md py-4 text-left text-sm font-medium transition-all outline-none hover:underline focus-visible:ring-[3px] disabled:pointer-events-none disabled:opacity-50 [&[data-state=open]>svg]:rotate-180"[31m
    [33mdata-orientation[31m=[32m"vertical"[31m
    [33mdata-radix-collection-item[31m=[32m""[31m
    [33mdata-slot[31m=[32m"accordion-trigger"[31m
    [33mdata-state[31m=[32m"closed"[31m
    [33mid[31m=[32m"radix-«rt»"[31m
    [33mtype[31m=[32m"button"[31m
  [36m/>[31m

  Name "Close":
  [36m<button[31m
    [33mclass[31m=[32m"ring-offset-background focus:ring-ring data-[state=open]:bg-accent data-[state=open]:text-muted-foreground absolute top-4 right-4 rounded-xs opacity-70 transition-opacity hover:opacity-100 focus:ring-2 focus:ring-offset-2 focus:outline-hidden disabled:pointer-events-none [&_svg]:pointer-events-none [&_svg]:shrink-0 [&_svg:not([class*='size-'])]:size-4"[31m
    [33mdata-slot[31m=[32m"dialog-close"[31m
    [33mtype[31m=[32m"button"[31m
  [36m/>[31m

  --------------------------------------------------

Ignored nodes: comments, script, style
[36m<body[31m
  [33mdata-scroll-locked[31m=[32m"1"[31m
  [33mstyle[31m=[32m"pointer-events: none;"[31m
[36m>[31m
  [36m<span[31m
    [33maria-hidden[31m=[32m"true"[31m
    [33mdata-aria-hidden[31m=[32m"true"[31m
    [33mdata-radix-focus-guard[31m=[32m""[31m
    [33mstyle[31m=[32m"opacity: 0; position: fixed; pointer-events: none; outline-color: none; outline-style: none; outline-width: initial;"[31m
    [33mtabindex[31m=[32m"0"[31m
  [36m/>[31m
  [36m<div[31m
    [33maria-hidden[31m=[32m"true"[31m
    [33mdata-aria-hidden[31m=[32m"true"[31m
  [36m/>[31m
  [36m<div[31m
    [33maria-hidden[31m=[32m"true"[31m
    [33mclass[31m=[32m"data-[state=open]:animate-in data-[state=closed]:animate-out data-[state=closed]:fade-out-0 data-[state=open]:fade-in-0 fixed inset-0 z-50 bg-black/50"[31m
    [33mdata-aria-hidden[31m=[32m"true"[31m
    [33mdata-slot[31m=[32m"dialog-overlay"[31m
    [33mdata-state[31m=[32m"open"[31m
    [33mstyle[31m=[32m"pointer-events: auto;"[31m
  [36m/>[31m
  [36m<div[31m
    [33maria-describedby[31m=[32m"radix-«rm»"[31m
    [33maria-labelledby[31m=[32m"radix-«rl»"[31m
    [33mclass[31m=[32m"bg-background data-[state=open]:animate-in data-[state=closed]:animate-out data-[state=closed]:fade-out-0 data-[state=open]:fade-in-0 data-[state=closed]:zoom-out-95 data-[state=open]:zoom-in-95 fixed top-[50%] left-[50%] z-50 grid w-full translate-x-[-50%] translate-y-[-50%] gap-4 rounded-lg border p-6 shadow-lg duration-200 sm:max-w-lg max-w-3xl max-h-[80vh] overflow-y-auto"[31m
    [33mdata-slot[31m=[32m"dialog-content"[31m
    [33mdata-state[31m=[32m"open"[31m
    [33mid[31m=[32m"radix-«rk»"[31m
    [33mrole[31m=[32m"dialog"[31m
    [33mstyle[31m=[32m"pointer-events: auto;"[31m
    [33mtabindex[31m=[32m"-1"[31m
  [36m>[31m
    [36m<div[31m
      [33mclass[31m=[32m"flex flex-col gap-2 text-center sm:text-left"[31m
      [33mdata-slot[31m=[32m"dialog-header"[31m
    [36m>[31m
      [36m<h2[31m
        [33mclass[31m=[32m"text-lg leading-none font-semibold"[31m
        [33mdata-slot[31m=[32m"dialog-title"[31m
        [33mid[31m=[32m"radix-«rl»"[31m
      [36m>[31m
        [0mTest Product[0m
      [36m</h2>[31m
      [36m<p[31m
        [33mclass[31m=[32m"text-muted-foreground text-sm"[31m
        [33mdata-slot[31m=[32m"dialog-description"[31m
        [33mid[31m=[32m"radix-«rm»"[31m
      [36m/>[31m
    [36m</div>[31m
    [36m<div[31m
      [33mclass[31m=[32m"space-y-4"[31m
    [36m>[31m
      [36m<div[31m
        [33mclass[31m=[32m"space-y-2"[31m
      [36m>[31m
        [36m<div[31m
          [33mclass[31m=[32m"flex items-center gap-2"[31m
        [36m>[31m
          [36m<span[31m
            [33mclass[31m=[32m"text-sm font-medium"[31m
          [36m>[31m
            [0mStatus:[0m
          [36m</span>[31m
          [36m<span[31m
            [33mclass[31m=[32m"text-sm text-gray-600"[31m
          [36m>[31m
            [0mSzkic[0m
          [36m</span>[31m
        [36m</div>[31m
        [36m<div[31m
          [33mclass[31m=[32m"text-sm text-muted-foreground"[31m
        [36m>[31m
          [0mUtworzono: [0m
          [0m15 paź 2025, 14:00[0m
        [36m</div>[31m
        [36m<div[31m
          [33mclass[31m=[32m"text-sm text-muted-foreground"[31m
        [36m>[31m
          [0mOstatnia synchronizacja: [0m
          [0m15 paź 2025, 15:00[0m
        [36m</div>[31m
      [36m</div>[31m
      [36m<div[31m
        [33mclass[31m=[32m"w-full"[31m
        [33mdata-orientation[31m=[32m"vertical"[31m
        [33mdata-slot[31m=[32m"accordion"[31m
      [36m>[31m
        [36m<div[31m
          [33mclass[31m=[32m"border-b last:border-b-0"[31m
          [33mdata-orientation[31m=[32m"vertical"[31m
          [33mdata-slot[31m=[32m"accordion-item"[31m
          [33mdata-state[31m=[32m"closed"[31m
        [36m>[31m
          [36m<h3[31m
            [33mclass[31m=[32m"flex"[31m
            [33mdata-orientation[31m=[32m"vertical"[31m
            [33mdata-state[31m=[32m"closed"[31m
          [36m>[31m
            [36m<button[31m
              [33maria-controls[31m=[32m"radix-«ro»"[31m
              [33maria-expanded[31m=[32m"false"[31m
              [33mclass[31m=[32m"focus-visible:border-ring focus-visible:ring-ring/50 flex flex-1 items-start justify-between gap-4 rounded-md py-4 text-left text-sm font-medium transition-all outline-none hover:underline focus-visible:ring-[3px] disabled:pointer-events-none disabled:opacity-50 [&[data-state=open]>svg]:rotate-180"[31m
              [33mdata-orientation[31m=[32m"vertical"[31m
              [33mdata-radix-collection-item[31m=[32m""[31m
              [33mdata-slot[31m=[32m"accordion-trigger"[31m
              [33mdata-state[31m=[32m"closed"[31m
              [33mid[31m=[32m"radix-«rn»"[31m
              [33mtype[31m=[32m"button"[31m
            [36m>[31m
              [0mKrótki opis[0m
              [36m<svg[31m
                [33mclass[31m=[32m"lucide lucide-chevron-down text-muted-foreground pointer-events-none size-4 shrink-0 translate-y-0.5 transition-transform duration-200"[31m
                [33mfill[31m=[32m"none"[31m
                [33mheight[31m=[32m"24"[31m
                [33mstroke[31m=[32m"currentColor"[31m
                [33mstroke-linecap[31m=[32m"round"[31m
                [33mstroke-linejoin[31m=[32m"round"[31m
                [33mstroke-width[31m=[32m"2"[31m
                [33mviewBox[31m=[32m"0 0 24 24"[31m
                [33mwidth[31m=[32m"24"[31m
                [33mxmlns[31m=[32m"http://www.w3.org/2000/svg"[31m
              [36m>[31m
                [36m<path[31m
                  [33md[31m=[32m"m6 9 6 6 6-6"[31m
                [36m/>[31m
              [36m</svg>[31m
            [36m</button>[31m
          [36m</h3>[31m
          [36m<div[31m
            [33maria-labelledby[31m=[32m"radix-«rn»"[31m
            [33mclass[31m=[32m"data-[state=closed]:animate-accordion-up data-[state=open]:animate-accordion-down overflow-hidden text-sm"[31m
            [33mdata-orientation[31m=[32m"vertical"[31m
            [33mdata-slot[31m=[32m"accordion-content"[31m
            [33mdata-state[31m=[32m"closed"[31m
            [33mhidden[31m=[32m""[31m
            [33mid[31m=[32m"radix-«ro»"[31m
            [33mrole[31m=[32m"region"[31m
            [33mstyle[31m=[32m"--radix-accordion-content-height: var(--radix-collapsible-content-height); --radix-accordion-content-width: var(--radix-collapsible-content-width);"[31m
          [36m/>[31m
        [36m</div>[31m
        [36m<div[31m
          [33mclass[31m=[32m"border-b last:border-b-0"[31m
          [33mdata-orientation[31m=[32m"vertical"[31m
...[39m
 [31m×[39m src/components/filters/JobStatusFilter/__tests__/JobStatusFilter.test.tsx[2m > [22mJobStatusFilter[2m > [22mrenders with default props[32m 243[2mms[22m[39m
[31m   → [2mexpect([22m[31melement[31m[2m).toHaveAttribute([22m[32m[32m"placeholder"[32m[31m[2m, [22m[32m[32m"Wybierz status"[32m[31m[2m) // element.getAttribute("placeholder") === "Wybierz status"[22m

Expected the element to have attribute:
[32m  placeholder="Wybierz status"[31m
Received:
[31m  null[31m[39m
 [31m×[39m src/components/filters/JobStatusFilter/__tests__/JobStatusFilter.test.tsx[2m > [22mJobStatusFilter[2m > [22mrenders with custom label and placeholder[32m 67[2mms[22m[39m
[31m   → [2mexpect([22m[31melement[31m[2m).toHaveAttribute([22m[32m[32m"placeholder"[32m[31m[2m, [22m[32m[32m"Custom Placeholder"[32m[31m[2m) // element.getAttribute("placeholder") === "Custom Placeholder"[22m

Expected the element to have attribute:
[32m  placeholder="Custom Placeholder"[31m
Received:
[31m  null[31m[39m
 [32m✓[39m src/components/__tests__/ProductsTable.test.tsx[2m > [22mProductsTable[2m > [22mRendering[2m > [22mshould render all products[32m 222[2mms[22m[39m
 [32m✓[39m src/components/selects/PublicationModeSelect/__tests__/PublicationModeSelect.test.tsx[2m > [22mPublicationModeSelect[2m > [22mapplies custom className[32m 37[2mms[22m[39m
 [32m✓[39m src/components/tables/JobsTable/__tests__/JobsTable.test.tsx[2m > [22mJobsTable[2m > [22mrenders empty state when no jobs[32m 48[2mms[22m[39m
[90mstderr[2m | src/components/filters/JobStatusFilter/__tests__/JobStatusFilter.test.tsx[2m > [22m[2mJobStatusFilter[2m > [22m[2mrenders all status options
[22m[39mTypeError: target.hasPointerCapture is not a function
    at [90mfile:///C:/projekty/10%20devs%20projekt/10xdevs-projekt/[39mnode_modules/[4m@radix-ui[24m/react-select/dist/index.mjs:194:22
    at handleEvent [90m(file:///C:/projekty/10%20devs%20projekt/10xdevs-projekt/[39mnode_modules/[4m@radix-ui[24m/primitive/dist/index.mjs:7:31[90m)[39m
    at executeDispatch [90m(C:\projekty\10 devs projekt\10xdevs-projekt\[39mnode_modules\[4mreact-dom[24m\cjs\react-dom-client.development.js:16368:9[90m)[39m
    at runWithFiberInDEV [90m(C:\projekty\10 devs projekt\10xdevs-projekt\[39mnode_modules\[4mreact-dom[24m\cjs\react-dom-client.development.js:1522:13[90m)[39m
    at processDispatchQueue [90m(C:\projekty\10 devs projekt\10xdevs-projekt\[39mnode_modules\[4mreact-dom[24m\cjs\react-dom-client.development.js:16418:19[90m)[39m
    at [90mC:\projekty\10 devs projekt\10xdevs-projekt\[39mnode_modules\[4mreact-dom[24m\cjs\react-dom-client.development.js:17016:9
    at batchedUpdates$1 [90m(C:\projekty\10 devs projekt\10xdevs-projekt\[39mnode_modules\[4mreact-dom[24m\cjs\react-dom-client.development.js:3262:40[90m)[39m
    at dispatchEventForPluginEventSystem [90m(C:\projekty\10 devs projekt\10xdevs-projekt\[39mnode_modules\[4mreact-dom[24m\cjs\react-dom-client.development.js:16572:7[90m)[39m
    at dispatchEvent [90m(C:\projekty\10 devs projekt\10xdevs-projekt\[39mnode_modules\[4mreact-dom[24m\cjs\react-dom-client.development.js:20658:11[90m)[39m
    at dispatchDiscreteEvent [90m(C:\projekty\10 devs projekt\10xdevs-projekt\[39mnode_modules\[4mreact-dom[24m\cjs\react-dom-client.development.js:20626:11[90m)[39m

 [31m×[39m src/components/__tests__/ProductsTable.test.tsx[2m > [22mProductsTable[2m > [22mRendering[2m > [22mshould render loading state[33m 399[2mms[22m[39m
[31m   → Unable to find an accessible element with the role "progressbar"

There are no accessible roles. But there might be some inaccessible roles. If you wish to access them, then set the `hidden` option to `true`. Learn more about this here: https://testing-library.com/docs/dom-testing-library/api-queries#byrole

Ignored nodes: comments, script, style
[36m<body>[31m
  [36m<div>[31m
    [36m<div[31m
      [33mclass[31m=[32m"flex items-center justify-center h-64"[31m
    [36m>[31m
      [36m<div[31m
        [33mclass[31m=[32m"animate-spin rounded-full h-8 w-8 border-b-2 border-primary"[31m
      [36m/>[31m
    [36m</div>[31m
  [36m</div>[31m
[36m</body>[31m[39m
 [31m×[39m src/components/__tests__/ProductsTable.test.tsx[2m > [22mProductsTable[2m > [22mRendering[2m > [22mshould render empty state[32m 27[2mms[22m[39m
[31m   → Unable to find an element with the text: /Brak produktów/i. This could be because the text is broken up by multiple elements. In this case, you can provide a function for your text matcher to make your matcher more flexible.

Ignored nodes: comments, script, style
[36m<body>[31m
  [36m<div>[31m
    [36m<div[31m
      [33mclass[31m=[32m"rounded-md border"[31m
    [36m>[31m
      [36m<div[31m
        [33mclass[31m=[32m"relative w-full overflow-x-auto"[31m
        [33mdata-slot[31m=[32m"table-container"[31m
      [36m>[31m
        [36m<table[31m
          [33mclass[31m=[32m"w-full caption-bottom text-sm"[31m
          [33mdata-slot[31m=[32m"table"[31m
        [36m>[31m
          [36m<thead[31m
            [33mclass[31m=[32m"[&_tr]:border-b"[31m
            [33mdata-slot[31m=[32m"table-header"[31m
          [36m>[31m
            [36m<tr[31m
              [33mclass[31m=[32m"hover:bg-muted/50 data-[state=selected]:bg-muted border-b transition-colors"[31m
              [33mdata-slot[31m=[32m"table-row"[31m
            [36m>[31m
              [36m<th[31m
                [33mclass[31m=[32m"text-foreground h-10 px-2 text-left align-middle font-medium whitespace-nowrap [&:has([role=checkbox])]:pr-0 [&>[role=checkbox]]:translate-y-[2px] w-12"[31m
                [33mdata-slot[31m=[32m"table-head"[31m
              [36m>[31m
                [36m<button[31m
                  [33maria-checked[31m=[32m"true"[31m
                  [33maria-label[31m=[32m"Zaznacz wszystkie"[31m
                  [33mclass[31m=[32m"peer border-input dark:bg-input/30 data-[state=checked]:bg-primary data-[state=checked]:text-primary-foreground dark:data-[state=checked]:bg-primary data-[state=checked]:border-primary focus-visible:border-ring focus-visible:ring-ring/50 aria-invalid:ring-destructive/20 dark:aria-invalid:ring-destructive/40 aria-invalid:border-destructive size-4 shrink-0 rounded-[4px] border shadow-xs transition-shadow outline-none focus-visible:ring-[3px] disabled:cursor-not-allowed disabled:opacity-50"[31m
                  [33mdata-slot[31m=[32m"checkbox"[31m
                  [33mdata-state[31m=[32m"checked"[31m
                  [33mrole[31m=[32m"checkbox"[31m
                  [33mtype[31m=[32m"button"[31m
                  [33mvalue[31m=[32m"on"[31m
                [36m>[31m
                  [36m<span[31m
                    [33mclass[31m=[32m"flex items-center justify-center text-current transition-none"[31m
                    [33mdata-slot[31m=[32m"checkbox-indicator"[31m
                    [33mdata-state[31m=[32m"checked"[31m
                    [33mstyle[31m=[32m"pointer-events: none;"[31m
                  [36m>[31m
                    [36m<svg[31m
                      [33mclass[31m=[32m"lucide lucide-check size-3.5"[31m
                      [33mfill[31m=[32m"none"[31m
                      [33mheight[31m=[32m"24"[31m
                      [33mstroke[31m=[32m"currentColor"[31m
                      [33mstroke-linecap[31m=[32m"round"[31m
                      [33mstroke-linejoin[31m=[32m"round"[31m
                      [33mstroke-width[31m=[32m"2"[31m
                      [33mviewBox[31m=[32m"0 0 24 24"[31m
                      [33mwidth[31m=[32m"24"[31m
                      [33mxmlns[31m=[32m"http://www.w3.org/2000/svg"[31m
                    [36m>[31m
                      [36m<path[31m
                        [33md[31m=[32m"M20 6 9 17l-5-5"[31m
                      [36m/>[31m
                    [36m</svg>[31m
                  [36m</span>[31m
                [36m</button>[31m
              [36m</th>[31m
              [36m<th[31m
                [33mclass[31m=[32m"text-foreground h-10 px-2 text-left align-middle font-medium whitespace-nowrap [&:has([role=checkbox])]:pr-0 [&>[role=checkbox]]:translate-y-[2px]"[31m
                [33mdata-slot[31m=[32m"table-head"[31m
              [36m>[31m
                [0mNazwa[0m
              [36m</th>[31m
              [36m<th[31m
                [33mclass[31m=[32m"text-foreground h-10 px-2 text-left align-middle font-medium whitespace-nowrap [&:has([role=checkbox])]:pr-0 [&>[role=checkbox]]:translate-y-[2px]"[31m
                [33mdata-slot[31m=[32m"table-head"[31m
              [36m>[31m
                [0mSKU[0m
              [36m</th>[31m
              [36m<th[31m
                [33mclass[31m=[32m"text-foreground h-10 px-2 text-left align-middle font-medium whitespace-nowrap [&:has([role=checkbox])]:pr-0 [&>[role=checkbox]]:translate-y-[2px]"[31m
                [33mdata-slot[31m=[32m"table-head"[31m
              [36m>[31m
                [0mStatus[0m
              [36m</th>[31m
              [36m<th[31m
                [33mclass[31m=[32m"text-foreground h-10 px-2 text-left align-middle font-medium whitespace-nowrap [&:has([role=checkbox])]:pr-0 [&>[role=checkbox]]:translate-y-[2px]"[31m
                [33mdata-slot[31m=[32m"table-head"[31m
              [36m>[31m
                [0mKategorie[0m
              [36m</th>[31m
              [36m<th[31m
                [33mclass[31m=[32m"text-foreground h-10 px-2 text-left align-middle font-medium whitespace-nowrap [&:has([role=checkbox])]:pr-0 [&>[role=checkbox]]:translate-y-[2px]"[31m
                [33mdata-slot[31m=[32m"table-head"[31m
              [36m>[31m
                [0mOstatnia aktualizacja[0m
              [36m</th>[31m
            [36m</tr>[31m
          [36m</thead>[31m
          [36m<tbody[31m
            [33mclass[31m=[32m"[&_tr:last-child]:border-0"[31m
            [33mdata-slot[31m=[32m"table-body"[31m
          [36m/>[31m
        [36m</table>[31m
      [36m</div>[31m
    [36m</div>[31m
    [36m<div[31m
      [33mclass[31m=[32m"mt-4"[31m
    [36m/>[31m
  [36m</div>[31m
[36m</body>[31m[39m
 [31m×[39m src/components/__tests__/ProductsTable.test.tsx[2m > [22mProductsTable[2m > [22mRendering[2m > [22mshould format dates correctly[32m 30[2mms[22m[39m
[31m   → Unable to find an element with the text: /15 paź 2025/. This could be because the text is broken up by multiple elements. In this case, you can provide a function for your text matcher to make your matcher more flexible.

Ignored nodes: comments, script, style
[36m<body>[31m
  [36m<div>[31m
    [36m<div[31m
      [33mclass[31m=[32m"rounded-md border"[31m
    [36m>[31m
      [36m<div[31m
        [33mclass[31m=[32m"relative w-full overflow-x-auto"[31m
        [33mdata-slot[31m=[32m"table-container"[31m
      [36m>[31m
        [36m<table[31m
          [33mclass[31m=[32m"w-full caption-bottom text-sm"[31m
          [33mdata-slot[31m=[32m"table"[31m
        [36m>[31m
          [36m<thead[31m
            [33mclass[31m=[32m"[&_tr]:border-b"[31m
            [33mdata-slot[31m=[32m"table-header"[31m
          [36m>[31m
            [36m<tr[31m
              [33mclass[31m=[32m"hover:bg-muted/50 data-[state=selected]:bg-muted border-b transition-colors"[31m
              [33mdata-slot[31m=[32m"table-row"[31m
            [36m>[31m
              [36m<th[31m
                [33mclass[31m=[32m"text-foreground h-10 px-2 text-left align-middle font-medium whitespace-nowrap [&:has([role=checkbox])]:pr-0 [&>[role=checkbox]]:translate-y-[2px] w-12"[31m
                [33mdata-slot[31m=[32m"table-head"[31m
              [36m>[31m
                [36m<button[31m
                  [33maria-checked[31m=[32m"false"[31m
                  [33maria-label[31m=[32m"Zaznacz wszystkie"[31m
                  [33mclass[31m=[32m"peer border-input dark:bg-input/30 data-[state=checked]:bg-primary data-[state=checked]:text-primary-foreground dark:data-[state=checked]:bg-primary data-[state=checked]:border-primary focus-visible:border-ring focus-visible:ring-ring/50 aria-invalid:ring-destructive/20 dark:aria-invalid:ring-destructive/40 aria-invalid:border-destructive size-4 shrink-0 rounded-[4px] border shadow-xs transition-shadow outline-none focus-visible:ring-[3px] disabled:cursor-not-allowed disabled:opacity-50"[31m
                  [33mdata-slot[31m=[32m"checkbox"[31m
                  [33mdata-state[31m=[32m"unchecked"[31m
                  [33mrole[31m=[32m"checkbox"[31m
                  [33mtype[31m=[32m"button"[31m
                  [33mvalue[31m=[32m"on"[31m
                [36m/>[31m
              [36m</th>[31m
              [36m<th[31m
                [33mclass[31m=[32m"text-foreground h-10 px-2 text-left align-middle font-medium whitespace-nowrap [&:has([role=checkbox])]:pr-0 [&>[role=checkbox]]:translate-y-[2px]"[31m
                [33mdata-slot[31m=[32m"table-head"[31m
              [36m>[31m
                [0mNazwa[0m
              [36m</th>[31m
              [36m<th[31m
                [33mclass[31m=[32m"text-foreground h-10 px-2 text-left align-middle font-medium whitespace-nowrap [&:has([role=checkbox])]:pr-0 [&>[role=checkbox]]:translate-y-[2px]"[31m
                [33mdata-slot[31m=[32m"table-head"[31m
              [36m>[31m
                [0mSKU[0m
              [36m</th>[31m
              [36m<th[31m
                [33mclass[31m=[32m"text-foreground h-10 px-2 text-left align-middle font-medium whitespace-nowrap [&:has([role=checkbox])]:pr-0 [&>[role=checkbox]]:translate-y-[2px]"[31m
                [33mdata-slot[31m=[32m"table-head"[31m
              [36m>[31m
                [0mStatus[0m
              [36m</th>[31m
              [36m<th[31m
                [33mclass[31m=[32m"text-foreground h-10 px-2 text-left align-middle font-medium whitespace-nowrap [&:has([role=checkbox])]:pr-0 [&>[role=checkbox]]:translate-y-[2px]"[31m
                [33mdata-slot[31m=[32m"table-head"[31m
              [36m>[31m
                [0mKategorie[0m
              [36m</th>[31m
              [36m<th[31m
                [33mclass[31m=[32m"text-foreground h-10 px-2 text-left align-middle font-medium whitespace-nowrap [&:has([role=checkbox])]:pr-0 [&>[role=checkbox]]:translate-y-[2px]"[31m
                [33mdata-slot[31m=[32m"table-head"[31m
              [36m>[31m
                [0mOstatnia aktualizacja[0m
              [36m</th>[31m
            [36m</tr>[31m
          [36m</thead>[31m
          [36m<tbody[31m
            [33mclass[31m=[32m"[&_tr:last-child]:border-0"[31m
            [33mdata-slot[31m=[32m"table-body"[31m
          [36m>[31m
            [36m<tr[31m
              [33mclass[31m=[32m"hover:bg-muted/50 data-[state=selected]:bg-muted border-b transition-colors"[31m
              [33mdata-slot[31m=[32m"table-row"[31m
            [36m>[31m
              [36m<td[31m
                [33mclass[31m=[32m"p-2 align-middle whitespace-nowrap [&:has([role=checkbox])]:pr-0 [&>[role=checkbox]]:translate-y-[2px]"[31m
                [33mdata-slot[31m=[32m"table-cell"[31m
              [36m>[31m
                [36m<button[31m
                  [33maria-checked[31m=[32m"false"[31m
                  [33maria-label[31m=[32m"Zaznacz Product 1"[31m
                  [33mclass[31m=[32m"peer border-input dark:bg-input/30 data-[state=checked]:bg-primary data-[state=checked]:text-primary-foreground dark:data-[state=checked]:bg-primary data-[state=checked]:border-primary focus-visible:border-ring focus-visible:ring-ring/50 aria-invalid:ring-destructive/20 dark:aria-invalid:ring-destructive/40 aria-invalid:border-destructive size-4 shrink-0 rounded-[4px] border shadow-xs transition-shadow outline-none focus-visible:ring-[3px] disabled:cursor-not-allowed disabled:opacity-50"[31m
                  [33mdata-slot[31m=[32m"checkbox"[31m
                  [33mdata-state[31m=[32m"unchecked"[31m
                  [33mrole[31m=[32m"checkbox"[31m
                  [33mtype[31m=[32m"button"[31m
                  [33mvalue[31m=[32m"on"[31m
                [36m/>[31m
              [36m</td>[31m
              [36m<td[31m
                [33mclass[31m=[32m"p-2 align-middle whitespace-nowrap [&:has([role=checkbox])]:pr-0 [&>[role=checkbox]]:translate-y-[2px]"[31m
                [33mdata-slot[31m=[32m"table-cell"[31m
              [36m>[31m
                [36m<button[31m
                  [33mclass[31m=[32m"text-left hover:text-primary"[31m
                [36m>[31m
                  [0mProduct 1[0m
                [36m</button>[31m
              [36m</td>[31m
              [36m<td[31m
                [33mclass[31m=[32m"p-2 align-middle whitespace-nowrap [&:has([role=checkbox])]:pr-0 [&>[role=checkbox]]:translate-y-[2px]"[31m
                [33mdata-slot[31m=[32m"table-cell"[31m
              [36m/>[31m
              [36m<td[31m
                [33mclass[31m=[32m"p-2 align-middle whitespace-nowrap [&:has([role=checkbox])]:pr-0 [&>[role=checkbox]]:translate-y-[2px]"[31m
                [33mdata-slot[31m=[32m"table-cell"[31m
              [36m>[31m
                [0mactive[0m
              [36m</td>[31m
              [36m<td[31m
                [33mclass[31m=[32m"p-2 align-middle whitespace-nowrap [&:has([role=checkbox])]:pr-0 [&>[role=checkbox]]:translate-y-[2px]"[31m
                [33mdata-slot[31m=[32m"table-cell"[31m
              [36m/>[31m
              [36m<td[31m
                [33mclass[31m=[32m"p-2 align-middle whitespace-nowrap [&:has([role=checkbox])]:pr-0 [&>[role=checkbox]]:translate-y-[2px]"[31m
                [33mdata-slot[31m=[32m"table-cell"[31m
              [36m>[31m
                [0mInvalid Date[0m
              [36m</td>[31m
            [36m</tr>[31m
            [36m<tr[31m
              [33mclass[31m=[32m"hover:bg-muted/50 data-[state=selected]:bg-muted border-b transition-colors"[31m
              [33mdata-slot[31m=[32m"table-row"[31m
            [36m>[31m
              [36m<td[31m
                [33mclass[31m=[32m"p-2 align-middle whitespace-nowrap [&:has([role=checkbox])]:pr-0 [&>[role=checkbox]]:translate-y-[2px]"[31m
                [33mdata-slot[31m=[32m"table-cell"[31m
              [36m>[31m
                [36m<button[31m
                  [33maria-checked[31m=[32m"false"[31m
                  [33maria-label[31m=[32m"Zaznacz Product 2"[31m
                  [33mclass[31m=[32m"peer border-input dark:bg-input/30 data-[state=checked]:bg-primary data-[state=checked]:text-primary-foreground dark:data-[state=checked]:bg-primary data-[state=checked]:border-primary focus-visible:border-ring focus-visible:ring-ring/50 aria-invalid:ring-destructive/20 dark:aria-invalid:ring-destructive/40 aria-invalid:border-destructive size-4 shrink-0 rounded-[4px] border shadow-xs transition-shadow outline-none focus-visible:ring-[3px] disabled:cursor-not-allowed disabled:opacity-50"[31m
                  [33mdata-slot[31m=[32m"checkbox"[31m
                  [33mdata-state[31m=[32m"unchecked"[31m
                  [33mrole[31m=[32m"checkbox"[31m
                  [33mtype[31m=[32m"button"[31m
                  [33mvalue[31m=[32m"on"[31m
                [36m/>[31m
              [36m</td>[31m
              [36m<td[31m
                [33mclass[31m=[32m"p-2 align-middle whitespace-nowrap [&:has([role=checkbox])]:pr-0 [&>[role=checkbox]]:translate-y-[2px]"[31m
                [33mdata-slot[31m=[32m"table-cell"[31m
              [36m>[31m
                [36m<button[31m
                  [33mclass[31m=[32m"text-left hover:text-primary"[31m
                [36m>[31m
                  [0mProduct 2[0m
                [36m</button>[31m
              [36m</td>[31m
              [36m<td[31m
                [33mclass[31m=[32m"p-2 align-middle whitespace-nowrap [&:has([role=checkbox])]:pr-0 [&>[role=checkbox]]:translate-y-[2px]"[31m
                [33mdata-slot[31m=[32m"table-cell"[31m
              [36m/>[31m
              [36m<td[31m
                [33mclass[31m=[32m"p-2 align-middle whitespace-nowrap [&:has([role=checkbox])]:pr-0 [&>[role=checkbox]]:translate-y-[2px]"[31m
                [33mdata-slot[31m=[32m"table-cell"[31m
              [36m>[31m
                [0minactive[0m
              [36m</td>[31m
              [36m<td[31m
                [33mclass[31m=[32m"p-2 align-middle whitespace-nowrap [&:has([role=checkbox])]:pr-0 [&>[role=checkbox]]:translate-y-[2px]"[31m
                [33mdata-slot[31m=[32m"table-cell"[31m
              [36m/>[31m
              [36m<td[31m
                [33mclass[31m=[32m"p-2 align-middle whitespace-nowrap [&:has([role=checkbox])]:pr-0 [&>[role=checkbox]]:translate-y-[2px]"[31m
                [33mdata-slot[31m=[32m"table-cell"[31m
              [36m>[31m
                [0mInvalid Date[0m
              [36m</td>[31m
            [36m</tr>[31m
          [36m</tbody>[31m
        [36m</table>[31m
      [36m</div>[31m
    [36m</div>[31m
    [36m<div[31m
      [33mclass[31m=[32m"mt-4"[31m
    [36m/>[31m
  [36m</div>[31m
[36m</body>[31m[39m
 [32m✓[39m src/components/__tests__/ProductsTable.test.tsx[2m > [22mProductsTable[2m > [22mSelection[2m > [22mshould handle individual row selection[32m 35[2mms[22m[39m
 [32m✓[39m src/components/tables/JobsTable/__tests__/JobsTable.test.tsx[2m > [22mJobsTable[2m > [22mrenders table headers[33m 550[2mms[22m[39m
 [32m✓[39m src/components/__tests__/ProductsTable.test.tsx[2m > [22mProductsTable[2m > [22mSelection[2m > [22mshould handle select all[32m 37[2mms[22m[39m
 [32m✓[39m src/components/__tests__/ProductsTable.test.tsx[2m > [22mProductsTable[2m > [22mSelection[2m > [22mshould show selected state correctly[32m 26[2mms[22m[39m
 [31m×[39m src/components/__tests__/ProductsTable.test.tsx[2m > [22mProductsTable[2m > [22mPagination[2m > [22mshould render pagination controls[32m 29[2mms[22m[39m
[31m   → Unable to find an element with the text: 2. This could be because the text is broken up by multiple elements. In this case, you can provide a function for your text matcher to make your matcher more flexible.

Ignored nodes: comments, script, style
[36m<body>[31m
  [36m<div>[31m
    [36m<div[31m
      [33mclass[31m=[32m"rounded-md border"[31m
    [36m>[31m
      [36m<div[31m
        [33mclass[31m=[32m"relative w-full overflow-x-auto"[31m
        [33mdata-slot[31m=[32m"table-container"[31m
      [36m>[31m
        [36m<table[31m
          [33mclass[31m=[32m"w-full caption-bottom text-sm"[31m
          [33mdata-slot[31m=[32m"table"[31m
        [36m>[31m
          [36m<thead[31m
            [33mclass[31m=[32m"[&_tr]:border-b"[31m
            [33mdata-slot[31m=[32m"table-header"[31m
          [36m>[31m
            [36m<tr[31m
              [33mclass[31m=[32m"hover:bg-muted/50 data-[state=selected]:bg-muted border-b transition-colors"[31m
              [33mdata-slot[31m=[32m"table-row"[31m
            [36m>[31m
              [36m<th[31m
                [33mclass[31m=[32m"text-foreground h-10 px-2 text-left align-middle font-medium whitespace-nowrap [&:has([role=checkbox])]:pr-0 [&>[role=checkbox]]:translate-y-[2px] w-12"[31m
                [33mdata-slot[31m=[32m"table-head"[31m
              [36m>[31m
                [36m<button[31m
                  [33maria-checked[31m=[32m"false"[31m
                  [33maria-label[31m=[32m"Zaznacz wszystkie"[31m
                  [33mclass[31m=[32m"peer border-input dark:bg-input/30 data-[state=checked]:bg-primary data-[state=checked]:text-primary-foreground dark:data-[state=checked]:bg-primary data-[state=checked]:border-primary focus-visible:border-ring focus-visible:ring-ring/50 aria-invalid:ring-destructive/20 dark:aria-invalid:ring-destructive/40 aria-invalid:border-destructive size-4 shrink-0 rounded-[4px] border shadow-xs transition-shadow outline-none focus-visible:ring-[3px] disabled:cursor-not-allowed disabled:opacity-50"[31m
                  [33mdata-slot[31m=[32m"checkbox"[31m
                  [33mdata-state[31m=[32m"unchecked"[31m
                  [33mrole[31m=[32m"checkbox"[31m
                  [33mtype[31m=[32m"button"[31m
                  [33mvalue[31m=[32m"on"[31m
                [36m/>[31m
              [36m</th>[31m
              [36m<th[31m
                [33mclass[31m=[32m"text-foreground h-10 px-2 text-left align-middle font-medium whitespace-nowrap [&:has([role=checkbox])]:pr-0 [&>[role=checkbox]]:translate-y-[2px]"[31m
                [33mdata-slot[31m=[32m"table-head"[31m
              [36m>[31m
                [0mNazwa[0m
              [36m</th>[31m
              [36m<th[31m
                [33mclass[31m=[32m"text-foreground h-10 px-2 text-left align-middle font-medium whitespace-nowrap [&:has([role=checkbox])]:pr-0 [&>[role=checkbox]]:translate-y-[2px]"[31m
                [33mdata-slot[31m=[32m"table-head"[31m
              [36m>[31m
                [0mSKU[0m
              [36m</th>[31m
              [36m<th[31m
                [33mclass[31m=[32m"text-foreground h-10 px-2 text-left align-middle font-medium whitespace-nowrap [&:has([role=checkbox])]:pr-0 [&>[role=checkbox]]:translate-y-[2px]"[31m
                [33mdata-slot[31m=[32m"table-head"[31m
              [36m>[31m
                [0mStatus[0m
              [36m</th>[31m
              [36m<th[31m
                [33mclass[31m=[32m"text-foreground h-10 px-2 text-left align-middle font-medium whitespace-nowrap [&:has([role=checkbox])]:pr-0 [&>[role=checkbox]]:translate-y-[2px]"[31m
                [33mdata-slot[31m=[32m"table-head"[31m
              [36m>[31m
                [0mKategorie[0m
              [36m</th>[31m
              [36m<th[31m
                [33mclass[31m=[32m"text-foreground h-10 px-2 text-left align-middle font-medium whitespace-nowrap [&:has([role=checkbox])]:pr-0 [&>[role=checkbox]]:translate-y-[2px]"[31m
                [33mdata-slot[31m=[32m"table-head"[31m
              [36m>[31m
                [0mOstatnia aktualizacja[0m
              [36m</th>[31m
            [36m</tr>[31m
          [36m</thead>[31m
          [36m<tbody[31m
            [33mclass[31m=[32m"[&_tr:last-child]:border-0"[31m
            [33mdata-slot[31m=[32m"table-body"[31m
          [36m>[31m
            [36m<tr[31m
              [33mclass[31m=[32m"hover:bg-muted/50 data-[state=selected]:bg-muted border-b transition-colors"[31m
              [33mdata-slot[31m=[32m"table-row"[31m
            [36m>[31m
              [36m<td[31m
                [33mclass[31m=[32m"p-2 align-middle whitespace-nowrap [&:has([role=checkbox])]:pr-0 [&>[role=checkbox]]:translate-y-[2px]"[31m
                [33mdata-slot[31m=[32m"table-cell"[31m
              [36m>[31m
                [36m<button[31m
                  [33maria-checked[31m=[32m"false"[31m
                  [33maria-label[31m=[32m"Zaznacz Product 1"[31m
                  [33mclass[31m=[32m"peer border-input dark:bg-input/30 data-[state=checked]:bg-primary data-[state=checked]:text-primary-foreground dark:data-[state=checked]:bg-primary data-[state=checked]:border-primary focus-visible:border-ring focus-visible:ring-ring/50 aria-invalid:ring-destructive/20 dark:aria-invalid:ring-destructive/40 aria-invalid:border-destructive size-4 shrink-0 rounded-[4px] border shadow-xs transition-shadow outline-none focus-visible:ring-[3px] disabled:cursor-not-allowed disabled:opacity-50"[31m
                  [33mdata-slot[31m=[32m"checkbox"[31m
                  [33mdata-state[31m=[32m"unchecked"[31m
                  [33mrole[31m=[32m"checkbox"[31m
                  [33mtype[31m=[32m"button"[31m
                  [33mvalue[31m=[32m"on"[31m
                [36m/>[31m
              [36m</td>[31m
              [36m<td[31m
                [33mclass[31m=[32m"p-2 align-middle whitespace-nowrap [&:has([role=checkbox])]:pr-0 [&>[role=checkbox]]:translate-y-[2px]"[31m
                [33mdata-slot[31m=[32m"table-cell"[31m
              [36m>[31m
                [36m<button[31m
                  [33mclass[31m=[32m"text-left hover:text-primary"[31m
                [36m>[31m
                  [0mProduct 1[0m
                [36m</button>[31m
              [36m</td>[31m
              [36m<td[31m
                [33mclass[31m=[32m"p-2 align-middle whitespace-nowrap [&:has([role=checkbox])]:pr-0 [&>[role=checkbox]]:translate-y-[2px]"[31m
                [33mdata-slot[31m=[32m"table-cell"[31m
              [36m/>[31m
              [36m<td[31m
                [33mclass[31m=[32m"p-2 align-middle whitespace-nowrap [&:has([role=checkbox])]:pr-0 [&>[role=checkbox]]:translate-y-[2px]"[31m
                [33mdata-slot[31m=[32m"table-cell"[31m
              [36m>[31m
                [0mactive[0m
              [36m</td>[31m
              [36m<td[31m
                [33mclass[31m=[32m"p-2 align-middle whitespace-nowrap [&:has([role=checkbox])]:pr-0 [&>[role=checkbox]]:translat...[39m
 [31m×[39m src/components/selects/PublicationModeSelect/__tests__/PublicationModeSelect.test.tsx[2m > [22mPublicationModeSelect[2m > [22mhandles disabled state[32m 222[2mms[22m[39m
[31m   → Unable to find an accessible element with the role "label"

Here are the accessible roles:

  radiogroup:

  Name "":
  [36m<div[31m
    [33maria-required[31m=[32m"false"[31m
    [33mclass[31m=[32m"grid gap-3"[31m
    [33mdata-disabled[31m=[32m""[31m
    [33mdata-slot[31m=[32m"radio-group"[31m
    [33mdir[31m=[32m"ltr"[31m
    [33mid[31m=[32m"«rf»"[31m
    [33mrole[31m=[32m"radiogroup"[31m
    [33mstyle[31m=[32m"outline-color: none; outline-style: none; outline-width: initial;"[31m
    [33mtabindex[31m=[32m"-1"[31m
  [36m/>[31m

  --------------------------------------------------
  radio:

  Name "Szkic":
  [36m<button[31m
    [33maria-checked[31m=[32m"true"[31m
    [33mclass[31m=[32m"border-input text-primary focus-visible:border-ring focus-visible:ring-ring/50 aria-invalid:ring-destructive/20 dark:aria-invalid:ring-destructive/40 aria-invalid:border-destructive dark:bg-input/30 aspect-square size-4 shrink-0 rounded-full border shadow-xs transition-[color,box-shadow] outline-none focus-visible:ring-[3px] disabled:cursor-not-allowed disabled:opacity-50"[31m
    [33mdata-disabled[31m=[32m""[31m
    [33mdata-radix-collection-item[31m=[32m""[31m
    [33mdata-slot[31m=[32m"radio-group-item"[31m
    [33mdata-state[31m=[32m"checked"[31m
    [33mdisabled[31m=[32m""[31m
    [33mid[31m=[32m"«rf»-draft"[31m
    [33mrole[31m=[32m"radio"[31m
    [33mtabindex[31m=[32m"-1"[31m
    [33mtype[31m=[32m"button"[31m
    [33mvalue[31m=[32m"draft"[31m
  [36m/>[31m

  Name "Opublikuj":
  [36m<button[31m
    [33maria-checked[31m=[32m"false"[31m
    [33mclass[31m=[32m"border-input text-primary focus-visible:border-ring focus-visible:ring-ring/50 aria-invalid:ring-destructive/20 dark:aria-invalid:ring-destructive/40 aria-invalid:border-destructive dark:bg-input/30 aspect-square size-4 shrink-0 rounded-full border shadow-xs transition-[color,box-shadow] outline-none focus-visible:ring-[3px] disabled:cursor-not-allowed disabled:opacity-50"[31m
    [33mdata-disabled[31m=[32m""[31m
    [33mdata-radix-collection-item[31m=[32m""[31m
    [33mdata-slot[31m=[32m"radio-group-item"[31m
    [33mdata-state[31m=[32m"unchecked"[31m
    [33mdisabled[31m=[32m""[31m
    [33mid[31m=[32m"«rf»-published"[31m
    [33mrole[31m=[32m"radio"[31m
    [33mtabindex[31m=[32m"-1"[31m
    [33mtype[31m=[32m"button"[31m
    [33mvalue[31m=[32m"published"[31m
  [36m/>[31m

  --------------------------------------------------
  paragraph:

  Name "":
  [36m<p[31m
    [33mclass[31m=[32m"text-sm text-muted-foreground"[31m
  [36m/>[31m

  Name "":
  [36m<p[31m
    [33mclass[31m=[32m"text-sm text-muted-foreground"[31m
  [36m/>[31m

  --------------------------------------------------

Ignored nodes: comments, script, style
[36m<body>[31m
  [36m<div>[31m
    [36m<div>[31m
      [36m<div[31m
        [33mclass[31m=[32m"space-y-2"[31m
      [36m>[31m
        [36m<label[31m
          [33mclass[31m=[32m"flex items-center gap-2 text-sm leading-none font-medium select-none group-data-[disabled=true]:pointer-events-none group-data-[disabled=true]:opacity-50 peer-disabled:cursor-not-allowed peer-disabled:opacity-50"[31m
          [33mdata-slot[31m=[32m"label"[31m
          [33mfor[31m=[32m"«rf»"[31m
        [36m>[31m
          [0mTryb publikacji[0m
        [36m</label>[31m
        [36m<div[31m
          [33maria-required[31m=[32m"false"[31m
          [33mclass[31m=[32m"grid gap-3"[31m
          [33mdata-disabled[31m=[32m""[31m
          [33mdata-slot[31m=[32m"radio-group"[31m
          [33mdir[31m=[32m"ltr"[31m
          [33mid[31m=[32m"«rf»"[31m
          [33mrole[31m=[32m"radiogroup"[31m
          [33mstyle[31m=[32m"outline-color: none; outline-style: none; outline-width: initial;"[31m
          [33mtabindex[31m=[32m"-1"[31m
        [36m>[31m
          [36m<div[31m
            [33mclass[31m=[32m"flex items-start space-x-2"[31m
          [36m>[31m
            [36m<button[31m
              [33maria-checked[31m=[32m"true"[31m
              [33mclass[31m=[32m"border-input text-primary focus-visible:border-ring focus-visible:ring-ring/50 aria-invalid:ring-destructive/20 dark:aria-invalid:ring-destructive/40 aria-invalid:border-destructive dark:bg-input/30 aspect-square size-4 shrink-0 rounded-full border shadow-xs transition-[color,box-shadow] outline-none focus-visible:ring-[3px] disabled:cursor-not-allowed disabled:opacity-50"[31m
              [33mdata-disabled[31m=[32m""[31m
              [33mdata-radix-collection-item[31m=[32m""[31m
              [33mdata-slot[31m=[32m"radio-group-item"[31m
              [33mdata-state[31m=[32m"checked"[31m
              [33mdisabled[31m=[32m""[31m
              [33mid[31m=[32m"«rf»-draft"[31m
              [33mrole[31m=[32m"radio"[31m
              [33mtabindex[31m=[32m"-1"[31m
              [33mtype[31m=[32m"button"[31m
              [33mvalue[31m=[32m"draft"[31m
            [36m>[31m
              [36m<span[31m
                [33mclass[31m=[32m"relative flex items-center justify-center"[31m
                [33mdata-disabled[31m=[32m""[31m
                [33mdata-slot[31m=[32m"radio-group-indicator"[31m
                [33mdata-state[31m=[32m"checked"[31m
              [36m>[31m
                [36m<svg[31m
                  [33mclass[31m=[32m"lucide lucide-circle fill-primary absolute top-1/2 left-1/2 size-2 -translate-x-1/2 -translate-y-1/2"[31m
                  [33mfill[31m=[32m"none"[31m
                  [33mheight[31m=[32m"24"[31m
                  [33mstroke[31m=[32m"currentColor"[31m
                  [33mstroke-linecap[31m=[32m"round"[31m
                  [33mstroke-linejoin[31m=[32m"round"[31m
                  [33mstroke-width[31m=[32m"2"[31m
                  [33mviewBox[31m=[32m"0 0 24 24"[31m
                  [33mwidth[31m=[32m"24"[31m
                  [33mxmlns[31m=[32m"http://www.w3.org/2000/svg"[31m
                [36m>[31m
                  [36m<circle[31m
                    [33mcx[31m=[32m"12"[31m
                    [33mcy[31m=[32m"12"[31m
                    [33mr[31m=[32m"10"[31m
                  [36m/>[31m
                [36m</svg>[31m
              [36m</span>[31m
            [36m</button>[31m
            [36m<div[31m
              [33mclass[31m=[32m"grid gap-1.5 leading-none"[31m
            [36m>[31m
              [36m<label[31m
                [33mclass[31m=[32m"text-sm font-medium leading-none peer-disabled:cursor-not-allowed peer-disabled:opacity-70 cursor-pointer"[31m
                [33mfor[31m=[32m"«rf»-draft"[31m
              [36m>[31m
                [0mSzkic[0m
              [36m</label>[31m
              [36m<p[31m
                [33mclass[31m=[32m"text-sm text-muted-foreground"[31m
              [36m>[31m
                [0mZapisz jako szkic do późniejszego przeglądu[0m
              [36m</p>[31m
            [36m</div>[31m
          [36m</div>[31m
          [36m<div[31m
            [33mclass[31m=[32m"flex items-start space-x-2"[31m
          [36m>[31m
            [36m<button[31m
              [33maria-checked[31m=[32m"false"[31m
              [33mclass[31m=[32m"border-input text-primary focus-visible:border-ring focus-visible:ring-ring/50 aria-invalid:ring-destructive/20 dark:aria-invalid:ring-destructive/40 aria-invalid:border-destructive dark:bg-input/30 aspect-square size-4 shrink-0 rounded-full border shadow-xs transition-[color,box-shadow] outline-none focus-visible:ring-[3px] disabled:cursor-not-allowed disabled:opacity-50"[31m
              [33mdata-disabled[31m=[32m""[31m
              [33mdata-radix-collection-item[31m=[32m""[31m
              [33mdata-slot[31m=[32m"radio-group-item"[31m
              [33mdata-state[31m=[32m"unchecked"[31m
              [33mdisabled[31m=[32m""[31m
              [33mid[31m=[32m"«rf»-published"[31m
              [33mrole[31m=[32m"radio"[31m
              [33mtabindex[31m=[32m"-1"[31m
              [33mtype[31m=[32m"button"[31m
              [33mvalue[31m=[32m"published"[31m
            [36m/>[31m
            [36m<div[31m
              [33mclass[31m=[32m"grid gap-1.5 leading-none"[31m
            [36m>[31m
              [36m<label[31m
                [33mclass[31m=[32m"text-sm font-medium leading-none peer-disabled:cursor-not-allowed peer-disabled:opacity-70 cursor-pointer"[31m
                [33mfor[31m=[32m"«rf»-published"[31m
              [36m>[31m
                [0mOpublikuj[0m
              [36m</label>[31m
              [36m<p[31m
                [33mclass[31m=[32m"text-sm text-muted-foreground"[31m
              [36m>[31m
                [0mOpublikuj od razu po wygenerowaniu[0m
              [36m</p>[31m
            [36m</div>[31m
          [36m</div>[31m
        [36m</div>[31m
      [36m</div>[31m
    [36m</div>[31m
  [36m</div>[31m
[36m</body>[31m[39m
 [32m✓[39m src/components/selects/PublicationModeSelect/__tests__/PublicationModeSelect.test.tsx[2m > [22mPublicationModeSelect[2m > [22mmaintains accessibility attributes[32m 26[2mms[22m[39m
 [31m×[39m src/components/filters/JobStatusFilter/__tests__/JobStatusFilter.test.tsx[2m > [22mJobStatusFilter[2m > [22mrenders all status options[33m 331[2mms[22m[39m
[31m   → Unable to find an element with the text: Oczekujące. This could be because the text is broken up by multiple elements. In this case, you can provide a function for your text matcher to make your matcher more flexible.

Ignored nodes: comments, script, style
[36m<body>[31m
  [36m<div>[31m
    [36m<div[31m
      [33mclass[31m=[32m"space-y-2"[31m
    [36m>[31m
      [36m<label[31m
        [33mclass[31m=[32m"flex items-center gap-2 text-sm leading-none font-medium select-none group-data-[disabled=true]:pointer-events-none group-data-[disabled=true]:opacity-50 peer-disabled:cursor-not-allowed peer-disabled:opacity-50"[31m
        [33mdata-slot[31m=[32m"label"[31m
        [33mfor[31m=[32m"«rg»"[31m
      [36m>[31m
        [0mStatus zlecenia[0m
      [36m</label>[31m
      [36m<button[31m
        [33maria-autocomplete[31m=[32m"none"[31m
        [33maria-controls[31m=[32m"radix-«rh»"[31m
        [33maria-expanded[31m=[32m"false"[31m
        [33mclass[31m=[32m"border-input data-[placeholder]:text-muted-foreground [&_svg:not([class*='text-'])]:text-muted-foreground focus-visible:border-ring focus-visible:ring-ring/50 aria-invalid:ring-destructive/20 dark:aria-invalid:ring-destructive/40 aria-invalid:border-destructive dark:bg-input/30 dark:hover:bg-input/50 flex items-center justify-between gap-2 rounded-md border bg-transparent px-3 py-2 text-sm whitespace-nowrap shadow-xs transition-[color,box-shadow] outline-none focus-visible:ring-[3px] disabled:cursor-not-allowed disabled:opacity-50 data-[size=default]:h-9 data-[size=sm]:h-8 *:data-[slot=select-value]:line-clamp-1 *:data-[slot=select-value]:flex *:data-[slot=select-value]:items-center *:data-[slot=select-value]:gap-2 [&_svg]:pointer-events-none [&_svg]:shrink-0 [&_svg:not([class*='size-'])]:size-4 w-[200px]"[31m
        [33mdata-size[31m=[32m"default"[31m
        [33mdata-slot[31m=[32m"select-trigger"[31m
        [33mdata-state[31m=[32m"closed"[31m
        [33mdir[31m=[32m"ltr"[31m
        [33mid[31m=[32m"«rg»"[31m
        [33mrole[31m=[32m"combobox"[31m
        [33mtype[31m=[32m"button"[31m
      [36m>[31m
        [36m<span[31m
          [33mdata-slot[31m=[32m"select-value"[31m
          [33mstyle[31m=[32m"pointer-events: none;"[31m
        [36m>[31m
          [0mWszystkie[0m
        [36m</span>[31m
        [36m<svg[31m
          [33maria-hidden[31m=[32m"true"[31m
          [33mclass[31m=[32m"lucide lucide-chevron-down size-4 opacity-50"[31m
          [33mfill[31m=[32m"none"[31m
          [33mheight[31m=[32m"24"[31m
          [33mstroke[31m=[32m"currentColor"[31m
          [33mstroke-linecap[31m=[32m"round"[31m
          [33mstroke-linejoin[31m=[32m"round"[31m
          [33mstroke-width[31m=[32m"2"[31m
          [33mviewBox[31m=[32m"0 0 24 24"[31m
          [33mwidth[31m=[32m"24"[31m
          [33mxmlns[31m=[32m"http://www.w3.org/2000/svg"[31m
        [36m>[31m
          [36m<path[31m
            [33md[31m=[32m"m6 9 6 6 6-6"[31m
          [36m/>[31m
        [36m</svg>[31m
      [36m</button>[31m
    [36m</div>[31m
  [36m</div>[31m
[36m</body>[31m[39m
 [32m✓[39m src/components/filters/JobStatusFilter/__tests__/JobStatusFilter.test.tsx[2m > [22mJobStatusFilter[2m > [22mshows selected value[32m 67[2mms[22m[39m
 [32m✓[39m src/components/__tests__/ProductsTable.test.tsx[2m > [22mProductsTable[2m > [22mPagination[2m > [22mshould handle page changes[32m 44[2mms[22m[39m
 [31m×[39m src/components/__tests__/ProductsTable.test.tsx[2m > [22mProductsTable[2m > [22mPagination[2m > [22mshould disable pagination buttons appropriately[32m 86[2mms[22m[39m
[31m   → Unable to find an accessible element with the role "button" and name `/poprzednia/i`

Here are the accessible roles:

  table:

  Name "":
  [36m<table[31m
    [33mclass[31m=[32m"w-full caption-bottom text-sm"[31m
    [33mdata-slot[31m=[32m"table"[31m
  [36m/>[31m

  --------------------------------------------------
  rowgroup:

  Name "":
  [36m<thead[31m
    [33mclass[31m=[32m"[&_tr]:border-b"[31m
    [33mdata-slot[31m=[32m"table-header"[31m
  [36m/>[31m

  Name "":
  [36m<tbody[31m
    [33mclass[31m=[32m"[&_tr:last-child]:border-0"[31m
    [33mdata-slot[31m=[32m"table-body"[31m
  [36m/>[31m

  --------------------------------------------------
  row:

  Name "Zaznacz wszystkie Nazwa SKU Status Kategorie Ostatnia aktualizacja":
  [36m<tr[31m
    [33mclass[31m=[32m"hover:bg-muted/50 data-[state=selected]:bg-muted border-b transition-colors"[31m
    [33mdata-slot[31m=[32m"table-row"[31m
  [36m/>[31m

  Name "Zaznacz Product 1 Product 1 active Invalid Date":
  [36m<tr[31m
    [33mclass[31m=[32m"hover:bg-muted/50 data-[state=selected]:bg-muted border-b transition-colors"[31m
    [33mdata-slot[31m=[32m"table-row"[31m
  [36m/>[31m

  Name "Zaznacz Product 2 Product 2 inactive Invalid Date":
  [36m<tr[31m
    [33mclass[31m=[32m"hover:bg-muted/50 data-[state=selected]:bg-muted border-b transition-colors"[31m
    [33mdata-slot[31m=[32m"table-row"[31m
  [36m/>[31m

  --------------------------------------------------
  columnheader:

  Name "Zaznacz wszystkie":
  [36m<th[31m
    [33mclass[31m=[32m"text-foreground h-10 px-2 text-left align-middle font-medium whitespace-nowrap [&:has([role=checkbox])]:pr-0 [&>[role=checkbox]]:translate-y-[2px] w-12"[31m
    [33mdata-slot[31m=[32m"table-head"[31m
  [36m/>[31m

  Name "Nazwa":
  [36m<th[31m
    [33mclass[31m=[32m"text-foreground h-10 px-2 text-left align-middle font-medium whitespace-nowrap [&:has([role=checkbox])]:pr-0 [&>[role=checkbox]]:translate-y-[2px]"[31m
    [33mdata-slot[31m=[32m"table-head"[31m
  [36m/>[31m

  Name "SKU":
  [36m<th[31m
    [33mclass[31m=[32m"text-foreground h-10 px-2 text-left align-middle font-medium whitespace-nowrap [&:has([role=checkbox])]:pr-0 [&>[role=checkbox]]:translate-y-[2px]"[31m
    [33mdata-slot[31m=[32m"table-head"[31m
  [36m/>[31m

  Name "Status":
  [36m<th[31m
    [33mclass[31m=[32m"text-foreground h-10 px-2 text-left align-middle font-medium whitespace-nowrap [&:has([role=checkbox])]:pr-0 [&>[role=checkbox]]:translate-y-[2px]"[31m
    [33mdata-slot[31m=[32m"table-head"[31m
  [36m/>[31m

  Name "Kategorie":
  [36m<th[31m
    [33mclass[31m=[32m"text-foreground h-10 px-2 text-left align-middle font-medium whitespace-nowrap [&:has([role=checkbox])]:pr-0 [&>[role=checkbox]]:translate-y-[2px]"[31m
    [33mdata-slot[31m=[32m"table-head"[31m
  [36m/>[31m

  Name "Ostatnia aktualizacja":
  [36m<th[31m
    [33mclass[31m=[32m"text-foreground h-10 px-2 text-left align-middle font-medium whitespace-nowrap [&:has([role=checkbox])]:pr-0 [&>[role=checkbox]]:translate-y-[2px]"[31m
    [33mdata-slot[31m=[32m"table-head"[31m
  [36m/>[31m

  --------------------------------------------------
  checkbox:

  Name "Zaznacz wszystkie":
  [36m<button[31m
    [33maria-checked[31m=[32m"false"[31m
    [33maria-label[31m=[32m"Zaznacz wszystkie"[31m
    [33mclass[31m=[32m"peer border-input dark:bg-input/30 data-[state=checked]:bg-primary data-[state=checked]:text-primary-foreground dark:data-[state=checked]:bg-primary data-[state=checked]:border-primary focus-visible:border-ring focus-visible:ring-ring/50 aria-invalid:ring-destructive/20 dark:aria-invalid:ring-destructive/40 aria-invalid:border-destructive size-4 shrink-0 rounded-[4px] border shadow-xs transition-shadow outline-none focus-visible:ring-[3px] disabled:cursor-not-allowed disabled:opacity-50"[31m
    [33mdata-slot[31m=[32m"checkbox"[31m
    [33mdata-state[31m=[32m"unchecked"[31m
    [33mrole[31m=[32m"checkbox"[31m
    [33mtype[31m=[32m"button"[31m
    [33mvalue[31m=[32m"on"[31m
  [36m/>[31m

  Name "Zaznacz Product 1":
  [36m<button[31m
    [33maria-checked[31m=[32m"false"[31m
    [33maria-label[31m=[32m"Zaznacz Product 1"[31m
    [33mclass[31m=[32m"peer border-input dark:bg-input/30 data-[state=checked]:bg-primary data-[state=checked]:text-primary-foreground dark:data-[state=checked]:bg-primary data-[state=checked]:border-primary focus-visible:border-ring focus-visible:ring-ring/50 aria-invalid:ring-destructive/20 dark:aria-invalid:ring-destructive/40 aria-invalid:border-destructive size-4 shrink-0 rounded-[4px] border shadow-xs transition-shadow outline-none focus-visible:ring-[3px] disabled:cursor-not-allowed disabled:opacity-50"[31m
    [33mdata-slot[31m=[32m"checkbox"[31m
    [33mdata-state[31m=[32m"unchecked"[31m
    [33mrole[31m=[32m"checkbox"[31m
    [33mtype[31m=[32m"button"[31m
    [33mvalue[31m=[32m"on"[31m
  [36m/>[31m

  Name "Zaznacz Product 2":
  [36m<button[31m
    [33maria-checked[31m=[32m"false"[31m
    [33maria-label[31m=[32m"Zaznacz Product 2"[31m
    [33mclass[31m=[32m"peer border-input dark:bg-input/30 data-[state=checked]:bg-primary data-[state=checked]:text-primary-foreground dark:data-[state=checked]:bg-primary data-[state=checked]:border-primary focus-visible:border-ring focus-visible:ring-ring/50 aria-invalid:ring-destructive/20 dark:aria-invalid:ring-destructive/40 aria-invalid:border-destructive size-4 shrink-0 rounded-[4px] border shadow-xs transition-shadow outline-none focus-visible:ring-[3px] disabled:cursor-not-allowed disabled:opacity-50"[31m
    [33mdata-slot[31m=[32m"checkbox"[31m
    [33mdata-state[31m=[32m"unchecked"[31m
    [33mrole[31m=[32m"checkbox"[31m
    [33mtype[31m=[32m"button"[31m
    [33mvalue[31m=[32m"on"[31m
  [36m/>[31m

  --------------------------------------------------
  cell:

  Name "Zaznacz Product 1":
  [36m<td[31m
    [33mclass[31m=[32m"p-2 align-middle whitespace-nowrap [&:has([role=checkbox])]:pr-0 [&>[role=checkbox]]:translate-y-[2px]"[31m
    [33mdata-slot[31m=[32m"table-cell"[31m
  [36m/>[31m

  Name "Product 1":
  [36m<td[31m
    [33mclass[31m=[32m"p-2 align-middle whitespace-nowrap [&:has([role=checkbox])]:pr-0 [&>[role=checkbox]]:translate-y-[2px]"[31m
    [33mdata-slot[31m=[32m"table-cell"[31m
  [36m/>[31m

  Name "":
  [36m<td[31m
    [33mclass[31m=[32m"p-2 align-middle whitespace-nowrap [&:has([role=checkbox])]:pr-0 [&>[role=checkbox]]:translate-y-[2px]"[31m
    [33mdata-slot[31m=[32m"table-cell"[31m
  [36m/>[31m

  Name "active":
  [36m<td[31m
    [33mclass[31m=[32m"p-2 align-middle whitespace-nowrap [&:has([role=checkbox])]:pr-0 [&>[role=checkbox]]:translate-y-[2px]"[31m
    [33mdata-slot[31m=[32m"table-cell"[31m
  [36m/>[31m

  Name "":
  [36m<td[31m
    [33mclass[31m=[32m"p-2 align-middle whitespace-nowrap [&:has([role=checkbox])]:pr-0 [&>[role=checkbox]]:translate-y-[2px]"[31m
    [33mdata-slot[31m=[32m"table-cell"[31m
  [36m/>[31m

  Name "Invalid Date":
  [36m<td[31m
    [33mclass[31m=[32m"p-2 align-middle whitespace-nowrap [&:has([role=checkbox])]:pr-0 [&>[role=checkbox]]:translate-y-[2px]"[31m
    [33mdata-slot[31m=[32m"table-cell"[31m
  [36m/>[31m

  Name "Zaznacz Product 2":
  [36m<td[31m
    [33mclass[31m=[32m"p-2 align-middle whitespace-nowrap [&:has([role=checkbox])]:pr-0 [&>[role=checkbox]]:translate-y-[2px]"[31m
    [33mdata-slot[31m=[32m"table-cell"[31m
  [36m/>[31m

  Name "Product 2":
  [36m<td[31m
    [33mclass[31m=[32m"p-2 align-middle whitespace-nowrap [&:has([role=checkbox])]:pr-0 [&>[role=checkbox]]:translate-y-[2px]"[31m
    [33mdata-slot[31m=[32m"table-cell"[31m
  [36m/>[31m

  Name "":
  [36m<td[31m
    [33mclass[31m=[32m"p-2 align-middle whitespace-nowrap [&:has([role=checkbox])]:pr-0 [&>[role=checkbox]]:translate-y-[2px]"[31m
    [33mdata-slot[31m=[32m"table-cell"[31m
  [36m/>[31m

  Name "inactive":
  [36m<td[31m
    [33mclass[31m=[32m"p-2 align-middle whitespace-nowrap [&:has([role=checkbox])]:pr-0 [&>[role=checkbox]]:translate-y-[2px]"[31m
    [33mdata-slot[31m=[32m"table-cell"[31m
  [36m/>[31m

  Name "":
  [36m<td[31m
    [33mclass[31m=[32m"p-2 align-middle whitespace-nowrap [&:has([role=checkbox])]:pr-0 [&>[role=checkbox]]:translate-y-[2px]"[31m
    [33mdata-slot[31m=[32m"table-cell"[31m
  [36m/>[31m

  Name "Invalid Date":
  [36m<td[31m
    [33mclass[31m=[32m"p-2 align-middle whitespace-nowrap [&:has([role=checkbox])]:pr-0 [&>[role=checkbox]]:translate-y-[2px]"[31m
    [33mdata-slot[31m=[32m"table-cell"[31m
  [36m/>[31m

  --------------------------------------------------
  button:

  Name "Product 1":
  [36m<button[31m
    [33mclass[31m=[32m"text-left hover:text-primary"[31m
  [36m/>[31m

  Name "Product 2":
  [36m<button[31m
    [33mclass[31m=[32m"text-left hover:text-primary"[31m
  [36m/>[31m

  --------------------------------------------------

Ignored nodes: comments, script, style
[36m<body>[31m
  [36m<div>[31m
    [36m<div[31m
      [33mclass[31m=[32m"rounded-md border"[31m
    [36m>[31m
      [36m<div[31m
        [33mclass[31m=[32m"relative w-full overflow-x-auto"[31m
        [33mdata-slot[31m=[32m"table-container"[31m
      [36m>[31m
        [36m<table[31m
          [33mclass[31m=[32m"w-full caption-bottom text-sm"[31m
          [33mdata-slot[31m=[32m"table"[31m
        [36m>[31m
          [36m<thead[31m
            [33mclass[31m=[32m"[&_tr]:border-b"[31m
            [33mdata-slot[31m=[32m"table-header"[31m
          [36m>[31m
            [36m<tr[31m
              [33mclass[31m=[32m"hover:bg-muted/50 data-[state=selected]:bg-muted border-b transition-colors"[31m
              [33mdata-slot[31m=[32m"table-row"[31m
            [36m>[31m
              [36m<th[31m
                [33mclass[31m=[32m"text-foreground h-10 px-2 text-left align-middle font-medium whitespace-nowrap [&:has([role=checkbox])]:pr-0 [&>[role=checkbox]]:translate-y-[2px] w-12"[31m
                [33mdata-slot[31m=[32m"table-head"[31m
              [36m>[31m
                [36m<button[31m
                  [33maria-checked[31m=[32m"false"[31m
                  [33maria-label[31m=[32m"Zaznacz wszystkie"[31m
                  [33mclass[31m=[32m"peer border-input dark:bg-input/30 data-[state=checked]:bg-primary data-[state=checked]:text-primary-foreground dark:data-[state=checked]:bg-primary data-[state=checked]:border-primary focus-visible:border-ring focus-visible:ring-ring/50 aria-invalid:ring-destructive/20 dark:aria-invalid:ring-destructive/40 aria-invalid:border-destructive size-4 shrink-0 rounded-[4px] border shadow-xs transition-shadow outline-none focus-visible:ring-[3px] disabled:cursor-not-allowed disabled:opacity-50"[31m
                  [33mdata-slot[31m=[32m"checkbox"[31m
                  [33mdata-state[31m=[32m"unchecked"[31m
                  [33mrole[31m=[32m"checkbox"[31m
                  [33mtype[31m=[32m"button"[31m
                  [33mvalue[31m=[32m"on"[31m
                [36m/>[31m
              [36m</th>[31m
              [36m<th[31m
                [33mclass[31m=[32m"text-foreground h-10 px-2 text-left align-middle font-medium whitespace-nowrap [&:has([role=checkbox])]:pr-0 [&>[role=checkbox]]:translate-y-[2px]"[31m
                [33mdata-slot[31m=[32m"table-head"[31m
              [36m>[31m
                [0mNazwa[0m
              [36m</th>[31m
              [36m<th[31m
                [33mclass[31m=[32m"text-foreground h-10 px-2 text-left align-middle font-medium whitespace-nowrap [&:has([role=checkbox])]:pr-0 [&>[role=checkbox]]:translate-y-[2px]"[31m
                [33mdata-slot[31m=[32m"table-head"[31m
              [36m>[31m
                [0mSKU[0m
              [36m</th>[31m
              [36m<th[31m
                [33mclass[31m=[32m"text-foreground h-10 px-2 text-left align-middle font-medium whitespace-nowrap [&:has([role=checkbox])]:pr-0 [&>[role=checkbox]]:translate-y-[2px]"[31m
                [33mdata-slot[31m=[32m"table-head"[31m
              [36m>[31m
                [0mStatus[0m
              [36m</th>[31m
              [36m<th[31m
                [33mclass[31m=[32m"text-foreground h-10 px-2 text-left align-middle font-medium whitespace-nowrap [&:has([role=checkbox])]:pr-0 [&>[role=checkbox]]:translate-y-[2px]"[31m
                [33mdata-slot[31m=[32m"table-head"[31m
              [36m>[31m
                [0mKategorie[0m
              [36m</th>[31m
              [36m<th[31m
                [33mclass[31m=[32m"text-foreground h-10 px-2 text-left align-middle font-medium whitespace-nowrap [&:has([role=checkbox])]:pr-0 [&>[role=checkbox]]:translate-y-[2px]"[31m
                [33mdata-slot[31m=[32m"table-head"[31m
              [36m>[31m
                [0mOstatnia aktualizacja[0m
              [36m</th>[31m
            [36m</tr>[31m
          [36m</thead>[31m
          [36m<tbody[31m
            [33mclass[31m=[32m"[&_tr:last-child]:border-0"[31m
            [33mdata-slot[31m=[32m"table-body"[31m
          [36m>[31m
            [36m<tr[31m
              [33mclass[31m=[32m"hover:bg-muted/50 data-[state=selected]:bg-muted border-b transition-colors"[31m
              [33mdata-slot[31m=[32m"table-row"[31m
            [36m>[31m
              [36m<td[31m
                [33mclass[31m=[32m"p-2 align-middle whitespace-nowrap [&:has([role=checkbox])]:pr-0 [&>[role=checkbox]]:translate-y-[2px]"[31m
                [33mdata-slot[31m=[32m"table-cell"[31m
              [36m>[31m
                [36m<button[31m
                  [33maria-checked[31m=[32m"false"[31m
                  [33maria-label[31m=[32m"Zaznacz Product 1"[31m
                  [33mclass[31m=[32m"peer border-input dark:bg-input/30 data-[state=checked]:bg-primary data-[state=checked]:text-primary-foreground dark:data-[state=checked]:bg-primary data-[state=checked]:border-primary focus-visible:border-ring focus-visible:ring-ring/50 aria-invalid:ring-destructive/20 dark:aria-invalid:ring-destructive/40 aria-invalid:border-destructive size-4 shrink-0 rounded-[4px] border shadow-xs transition-shadow outline-none focus-visible:ring-[3px] disabled:cursor-not-allowed disabled:opacity-50"[31m
                  [33mdata-slot[31m=[32m"checkbox"[31m
                  [33mdata-state[31m=[32m"unchecked"[31m
                  [33mrole[31m=[32m"checkbox"[31m
                  [33mtype[31m=[32m"button"[31m
                  [33mvalue[31m=[32m"on"[31m
                [36m/>[31m
              [36m</td>[31m
              [36m<td[31m
                [33mclass[31m=[32m"p-2 align-middle whitespace-nowrap [&:has([role=checkbox])]:pr-0 [&>[role=checkbox]]:translate-y-[2px]"[31m
                [33mdata-slot[31m=[32m"table-cell"[31m
              [36m>[31m
                [36m<button[31m
                  [33mclass[31m=[32m"text-left hover:text-primary"[31m
                [36m>[31m
                  [0mProduct 1[0m
                [36m</button>[31m
              [36m</td>[31m
              [36m<td[31m
                [33mclass[31m=[32m"p-2 align-middle whitespace-nowrap [&:has([role=checkbox])]:pr-0 [&>[role=checkbox]]:translate-y-[2px]"[31m
                [33mdata-slot[31m=[32m"table-cell"[31m
              [36m/>[31m
              [36m<td[31m
                [33mclass[31m=[32m"p-2 align-middle whitespace-nowrap [&:has([role=checkbox])]:pr-0 [&>[role=checkbox]]:translate-y-[2px]"[31m
                [33mdata-slot[31m=[32m"table-cell"[31m
              [36m>[31m
                [0mactive[0m
              [36m</td>[31m
              [36m<td[31m
                [33mclass[31m=[32m"p-2 align-middle whitespace-nowrap [&:has([role=checkbox])]:pr-0 [&>[role=checkbox]]:translate-y-[2px]"[31m
                [33mdata-slot[31m=[32m"table-cell"[31m
              [36m/>[31m
              [36m<td[31m
                [33mclass[31m=[32m"p-2 align-middle whitespace-nowrap [&:has([role=checkbox])]:pr-0 [&>[role=checkbox]]:translate-y-[2px]"[31m
                [33mdata-slot[31m=[32m"table-cell"[31m
              [36m>[31m
                [0mInvalid Date[0m
              [36m</td>[31m
            [36m</tr>[31m
            [36m<tr[31m
              [33mclass[31m=[32m"hover:bg-muted/50 data-[state=selected]:bg-muted border-b transition-colors"[31m
              [33mdata-slot[31m=[32m"table-row"[31m
            [36m>[31m
              [36m<td[31m
                [33mclass[31m=[32m"p-2 align-middle whitespace-nowrap [&:has([role=checkbox])]:pr-0 [&>[role=checkbox]]:translate-y-[2px]"[31m
                [33mdata-slot[31m=[32m"table-cell"[31m
              [36m>[31m
                [36m<button[31m
                  [33maria-checked[31m=[32m"false"[31m
                  [33maria-label[31m=[32m"Zaznacz Product 2"[31m
                  [33mclass[31m=[32m"peer border-input dark:bg-input/30 data-[state=checked]:bg-primary data-[state=checked]:text-primary-foreground dark:data-[state=checked]:bg-primary data-[state=checked]:border-primary focus-visible:border-ring focus-visible:ring-ring/50 aria-invalid:ring-destructive/20 dark:aria-invalid:ring-destructive/40 aria-invalid:border-destructive size-4 shrink-0 rounded-[4px] border shadow-xs transition-shadow outline-none focus-visible:ring-[3px] disabled:cursor-not-allowed disabled:opacity-50"[31m
                  [33mdata-slot[31m=[32m"checkbox"[31m
                  [33mdata-state[31m=[32m"unchecked"[31m
                  [33mrole[31m=[32m"checkbox"[31m
                  [33mtype[31m=[32m"button"[31m
                  [33mvalue[31m=[32m"on"[31m
                [36m/>[31m
              [36m</td>[31m
              [36m<td[31m
                [33mclass[31m=[32m"p-2 align-middle whitespace-nowrap [&:has([role=checkbox])]:pr-0 [&>[role=checkbox]]:translate-y-[2px]"[31m
                [33mdata-slot[31m=[32m"table-cell"[31m
              [36m>[31m
                [36m<button[31m
                  [33mclass[31m=[32m"text-left hover:text-primary"[31m
                [36m>[31m
                  [0mProduct 2[0m
                [36m</button>[31m
              [36m</td>[31m
              [36m<td[31m
                [33mclass[31m=[32m"p-2 align-middle whitespace-nowrap [&:has([role=checkbox])]:pr-0 [&>[role=checkbox]]:translate-y-[2px]"[31m
                [33mdata-slot[31m=[32m"table-cell"[31m
              [36m/>[31m
              [36m<td[31m
                [33mclass[31m=[32m"p-2 align-middle whitespace-nowrap [&:has([role=checkbox])]:pr-0 [&>[role=checkbox]]:translate-y-[2px]"[31m
                [33mdata-slot[31m=[32m"table-cell"[31m
              [36m>[31m
                [0minactive[0m
              [36m</td>[31m
              [36m<td[31m
                [33mclass[31m=[32m"p-2 align-middle whitespace-nowrap [&:has([role=checkbox])]:pr-0 [&>[role=checkbox]]:translate-y-[2px]"[31m
                [33mdata-slot[31m=[32m"table-cell"[31m
              [36m/>[31m
              [36m<td[31m
                [33mclass[31m=[32m"p-2 align-middle whitespace-nowrap [&:has([role=checkbox])]:pr-0 [&>[role=checkbox]]:translate-y-[2px]"[31m
                [33mdata-slot[31m=[32m"table-cell"[31m
              [36m>[31m
                [0mInvalid Date[0m
              [36m</td>[31m
            [36m</tr>[31m
          [36m</tbody>[31m
        [36m</table>[31m
      [36m</div>[31m
    [36m</div>[31m
    [36m<div[31m
      [33mclass[31m=[32m"mt-4"[31m
    [36m/>[31m
  [36m</div>[31m
[36m</body>[31m[39m
[90mstderr[2m | src/components/filters/JobStatusFilter/__tests__/JobStatusFilter.test.tsx[2m > [22m[2mJobStatusFilter[2m > [22m[2mcalls onChange when selecting an option
[22m[39mTypeError: target.hasPointerCapture is not a function
    at [90mfile:///C:/projekty/10%20devs%20projekt/10xdevs-projekt/[39mnode_modules/[4m@radix-ui[24m/react-select/dist/index.mjs:194:22
    at handleEvent [90m(file:///C:/projekty/10%20devs%20projekt/10xdevs-projekt/[39mnode_modules/[4m@radix-ui[24m/primitive/dist/index.mjs:7:31[90m)[39m
    at executeDispatch [90m(C:\projekty\10 devs projekt\10xdevs-projekt\[39mnode_modules\[4mreact-dom[24m\cjs\react-dom-client.development.js:16368:9[90m)[39m
    at runWithFiberInDEV [90m(C:\projekty\10 devs projekt\10xdevs-projekt\[39mnode_modules\[4mreact-dom[24m\cjs\react-dom-client.development.js:1522:13[90m)[39m
    at processDispatchQueue [90m(C:\projekty\10 devs projekt\10xdevs-projekt\[39mnode_modules\[4mreact-dom[24m\cjs\react-dom-client.development.js:16418:19[90m)[39m
    at [90mC:\projekty\10 devs projekt\10xdevs-projekt\[39mnode_modules\[4mreact-dom[24m\cjs\react-dom-client.development.js:17016:9
    at batchedUpdates$1 [90m(C:\projekty\10 devs projekt\10xdevs-projekt\[39mnode_modules\[4mreact-dom[24m\cjs\react-dom-client.development.js:3262:40[90m)[39m
    at dispatchEventForPluginEventSystem [90m(C:\projekty\10 devs projekt\10xdevs-projekt\[39mnode_modules\[4mreact-dom[24m\cjs\react-dom-client.development.js:16572:7[90m)[39m
    at dispatchEvent [90m(C:\projekty\10 devs projekt\10xdevs-projekt\[39mnode_modules\[4mreact-dom[24m\cjs\react-dom-client.development.js:20658:11[90m)[39m
    at dispatchDiscreteEvent [90m(C:\projekty\10 devs projekt\10xdevs-projekt\[39mnode_modules\[4mreact-dom[24m\cjs\react-dom-client.development.js:20626:11[90m)[39m

 [31m×[39m src/components/filters/JobStatusFilter/__tests__/JobStatusFilter.test.tsx[2m > [22mJobStatusFilter[2m > [22mcalls onChange when selecting an option[32m 72[2mms[22m[39m
[31m   → Unable to find an element with the text: Zakończone. This could be because the text is broken up by multiple elements. In this case, you can provide a function for your text matcher to make your matcher more flexible.

Ignored nodes: comments, script, style
[36m<body>[31m
  [36m<div>[31m
    [36m<div[31m
      [33mclass[31m=[32m"space-y-2"[31m
    [36m>[31m
      [36m<label[31m
        [33mclass[31m=[32m"flex items-center gap-2 text-sm leading-none font-medium select-none group-data-[disabled=true]:pointer-events-none group-data-[disabled=true]:opacity-50 peer-disabled:cursor-not-allowed peer-disabled:opacity-50"[31m
        [33mdata-slot[31m=[32m"label"[31m
        [33mfor[31m=[32m"«r10»"[31m
      [36m>[31m
        [0mStatus zlecenia[0m
      [36m</label>[31m
      [36m<button[31m
        [33maria-autocomplete[31m=[32m"none"[31m
        [33maria-controls[31m=[32m"radix-«r11»"[31m
        [33maria-expanded[31m=[32m"false"[31m
        [33mclass[31m=[32m"border-input data-[placeholder]:text-muted-foreground [&_svg:not([class*='text-'])]:text-muted-foreground focus-visible:border-ring focus-visible:ring-ring/50 aria-invalid:ring-destructive/20 dark:aria-invalid:ring-destructive/40 aria-invalid:border-destructive dark:bg-input/30 dark:hover:bg-input/50 flex items-center justify-between gap-2 rounded-md border bg-transparent px-3 py-2 text-sm whitespace-nowrap shadow-xs transition-[color,box-shadow] outline-none focus-visible:ring-[3px] disabled:cursor-not-allowed disabled:opacity-50 data-[size=default]:h-9 data-[size=sm]:h-8 *:data-[slot=select-value]:line-clamp-1 *:data-[slot=select-value]:flex *:data-[slot=select-value]:items-center *:data-[slot=select-value]:gap-2 [&_svg]:pointer-events-none [&_svg]:shrink-0 [&_svg:not([class*='size-'])]:size-4 w-[200px]"[31m
        [33mdata-size[31m=[32m"default"[31m
        [33mdata-slot[31m=[32m"select-trigger"[31m
        [33mdata-state[31m=[32m"closed"[31m
        [33mdir[31m=[32m"ltr"[31m
        [33mid[31m=[32m"«r10»"[31m
        [33mrole[31m=[32m"combobox"[31m
        [33mtype[31m=[32m"button"[31m
      [36m>[31m
        [36m<span[31m
          [33mdata-slot[31m=[32m"select-value"[31m
          [33mstyle[31m=[32m"pointer-events: none;"[31m
        [36m>[31m
          [0mWszystkie[0m
        [36m</span>[31m
        [36m<svg[31m
          [33maria-hidden[31m=[32m"true"[31m
          [33mclass[31m=[32m"lucide lucide-chevron-down size-4 opacity-50"[31m
          [33mfill[31m=[32m"none"[31m
          [33mheight[31m=[32m"24"[31m
          [33mstroke[31m=[32m"currentColor"[31m
          [33mstroke-linecap[31m=[32m"round"[31m
          [33mstroke-linejoin[31m=[32m"round"[31m
          [33mstroke-width[31m=[32m"2"[31m
          [33mviewBox[31m=[32m"0 0 24 24"[31m
          [33mwidth[31m=[32m"24"[31m
          [33mxmlns[31m=[32m"http://www.w3.org/2000/svg"[31m
        [36m>[31m
          [36m<path[31m
            [33md[31m=[32m"m6 9 6 6 6-6"[31m
          [36m/>[31m
        [36m</svg>[31m
      [36m</button>[31m
    [36m</div>[31m
  [36m</div>[31m
[36m</body>[31m[39m
 [31m×[39m src/components/tables/JobsTable/__tests__/JobsTable.test.tsx[2m > [22mJobsTable[2m > [22mrenders job rows with correct data[33m 357[2mms[22m[39m
[31m   → Unable to find an element with the text: PL. This could be because the text is broken up by multiple elements. In this case, you can provide a function for your text matcher to make your matcher more flexible.

Ignored nodes: comments, script, style
[36m<body>[31m
  [36m<div>[31m
    [36m<div[31m
      [33mclass[31m=[32m"border rounded-md"[31m
    [36m>[31m
      [36m<div[31m
        [33mclass[31m=[32m"relative w-full overflow-x-auto"[31m
        [33mdata-slot[31m=[32m"table-container"[31m
      [36m>[31m
        [36m<table[31m
          [33mclass[31m=[32m"w-full caption-bottom text-sm"[31m
          [33mdata-slot[31m=[32m"table"[31m
        [36m>[31m
          [36m<thead[31m
            [33mclass[31m=[32m"[&_tr]:border-b"[31m
            [33mdata-slot[31m=[32m"table-header"[31m
          [36m>[31m
            [36m<tr[31m
              [33mclass[31m=[32m"hover:bg-muted/50 data-[state=selected]:bg-muted border-b transition-colors"[31m
              [33mdata-slot[31m=[32m"table-row"[31m
            [36m>[31m
              [36m<th[31m
                [33mclass[31m=[32m"text-foreground h-10 px-2 text-left align-middle font-medium whitespace-nowrap [&:has([role=checkbox])]:pr-0 [&>[role=checkbox]]:translate-y-[2px]"[31m
                [33mdata-slot[31m=[32m"table-head"[31m
              [36m>[31m
                [0mID[0m
              [36m</th>[31m
              [36m<th[31m
                [33mclass[31m=[32m"text-foreground h-10 px-2 text-left align-middle font-medium whitespace-nowrap [&:has([role=checkbox])]:pr-0 [&>[role=checkbox]]:translate-y-[2px]"[31m
                [33mdata-slot[31m=[32m"table-head"[31m
              [36m>[31m
                [0mStatus[0m
              [36m</th>[31m
              [36m<th[31m
                [33mclass[31m=[32m"text-foreground h-10 px-2 text-left align-middle font-medium whitespace-nowrap [&:has([role=checkbox])]:pr-0 [&>[role=checkbox]]:translate-y-[2px]"[31m
                [33mdata-slot[31m=[32m"table-head"[31m
              [36m>[31m
                [0mStyl[0m
              [36m</th>[31m
              [36m<th[31m
                [33mclass[31m=[32m"text-foreground h-10 px-2 text-left align-middle font-medium whitespace-nowrap [&:has([role=checkbox])]:pr-0 [&>[role=checkbox]]:translate-y-[2px]"[31m
                [33mdata-slot[31m=[32m"table-head"[31m
              [36m>[31m
                [0mJęzyk[0m
              [36m</th>[31m
              [36m<th[31m
                [33mclass[31m=[32m"text-foreground h-10 px-2 text-left align-middle font-medium whitespace-nowrap [&:has([role=checkbox])]:pr-0 [&>[role=checkbox]]:translate-y-[2px]"[31m
                [33mdata-slot[31m=[32m"table-head"[31m
              [36m>[31m
                [0mTryb publikacji[0m
              [36m</th>[31m
              [36m<th[31m
                [33mclass[31m=[32m"text-foreground h-10 px-2 text-left align-middle font-medium whitespace-nowrap [&:has([role=checkbox])]:pr-0 [&>[role=checkbox]]:translate-y-[2px]"[31m
                [33mdata-slot[31m=[32m"table-head"[31m
              [36m>[31m
                [0mData utworzenia[0m
              [36m</th>[31m
              [36m<th[31m
                [33mclass[31m=[32m"text-foreground h-10 px-2 align-middle font-medium whitespace-nowrap [&:has([role=checkbox])]:pr-0 [&>[role=checkbox]]:translate-y-[2px] text-right"[31m
                [33mdata-slot[31m=[32m"table-head"[31m
              [36m>[31m
                [0mKoszt[0m
              [36m</th>[31m
            [36m</tr>[31m
          [36m</thead>[31m
          [36m<tbody[31m
            [33mclass[31m=[32m"[&_tr:last-child]:border-0"[31m
            [33mdata-slot[31m=[32m"table-body"[31m
          [36m>[31m
            [36m<tr[31m
              [33mclass[31m=[32m"data-[state=selected]:bg-muted border-b transition-colors cursor-pointer hover:bg-muted/50"[31m
              [33mdata-slot[31m=[32m"table-row"[31m
            [36m>[31m
              [36m<td[31m
                [33mclass[31m=[32m"p-2 align-middle whitespace-nowrap [&:has([role=checkbox])]:pr-0 [&>[role=checkbox]]:translate-y-[2px] font-mono text-sm"[31m
                [33mdata-slot[31m=[32m"table-cell"[31m
              [36m>[31m
                [0m12345678[0m
                [0m...[0m
              [36m</td>[31m
              [36m<td[31m
                [33mclass[31m=[32m"p-2 align-middle whitespace-nowrap [&:has([role=checkbox])]:pr-0 [&>[role=checkbox]]:translate-y-[2px]"[31m
                [33mdata-slot[31m=[32m"table-cell"[31m
              [36m>[31m
                [36m<span[31m
                  [33mclass[31m=[32m"text-green-600"[31m
                [36m>[31m
                  [0mZakończony[0m
                [36m</span>[31m
              [36m</td>[31m
              [36m<td[31m
                [33mclass[31m=[32m"p-2 align-middle whitespace-nowrap [&:has([role=checkbox])]:pr-0 [&>[role=checkbox]]:translate-y-[2px]"[31m
                [33mdata-slot[31m=[32m"table-cell"[31m
              [36m>[31m
                [0mprofessional[0m
              [36m</td>[31m
              [36m<td[31m
                [33mclass[31m=[32m"p-2 align-middle whitespace-nowrap [&:has([role=checkbox])]:pr-0 [&>[role=checkbox]]:translate-y-[2px] uppercase"[31m
                [33mdata-slot[31m=[32m"table-cell"[31m
              [36m>[31m
                [0mpl[0m
              [36m</td>[31m
              [36m<td[31m
                [33mclass[31m=[32m"p-2 align-middle whitespace-nowrap [&:has([role=checkbox])]:pr-0 [&>[role=checkbox]]:translate-y-[2px]"[31m
                [33mdata-slot[31m=[32m"table-cell"[31m
              [36m>[31m
                [0mOpublikuj[0m
              [36m</td>[31m
              [36m<td[31m
                [33mclass[31m=[32m"p-2 align-middle whitespace-nowrap [&:has([role=checkbox])]:pr-0 [&>[role=checkbox]]:translate-y-[2px]"[31m
                [33mdata-slot[31m=[32m"table-cell"[31m
              [36m>[31m
                [0m1.01.2024, 13:00[0m
              [36m</td>[31m
              [36m<td[31m
                [33mclass[31m=[32m"p-2 align-middle whitespace-nowrap [&:has([role=checkbox])]:pr-0 [&>[role=checkbox]]:translate-y-[2px] text-right"[31m
                [33mdata-slot[31m=[32m"table-cell"[31m
              [36m>[31m
                [0m$1.23[0m
              [36m</td>[31m
            [36m</tr>[31m
            [36m<tr[31m
              [33mclass[31m=[32m"data-[state=selected]:bg-muted border-b transition-colors cursor-pointer hover:bg-muted/50"[31m
              [33mdata-slot[31m=[32m"table-row"[31m
            [36m>[31m
              [36m<td[31m
                [33mclass[31m=[32m"p-2 align-middle whitespace-nowrap [&:has([role=checkbox])]:pr-0 [&>[role=checkbox]]:translate-y-[2px] font-mono text-sm"[31m
                [33mdata-slot[31m=[32m"table-cell"[31m
              [36m>[31m
                [0m98765432[0m
                [0m...[0m
              [36m</td>[31m
              [36m<td[31m
                [33mclass[31m=[32m"p-2 align-middle whitespace-nowrap [&:has([role=checkbox])]:pr-0 [&>[role=checkbox]]:translate-y-[2px]"[31m
                [33mdata-slot[31m=[32m"table-cell"[31m
              [36m>[31m
                [36m<span[31m
                  [33mclass[31m=[32m"text-yellow-600"[31m
                [36m>[31m
                  [0mOczekujący[0m
                [36m</span>[31m
              [36m</td>[31m
              [36m<td[31m
                [33mclass[31m=[32m"p-2 align-middle whitespace-nowrap [&:has([role=checkbox])]:pr-0 [&>[role=checkbox]]:translate-y-[2px]"[31m
                [33mdata-slot[31m=[32m"table-cell"[31m
              [36m>[31m
                [0mcasual[0m
              [36m</td>[31m
              [36m<td[31m
                [33mclass[31m=[32m"p-2 align-middle whitespace-nowrap [&:has([role=checkbox])]:pr-0 [&>[role=checkbox]]:translate-y-[2px] uppercase"[31m
                [33mdata-slot[31m=[32m"table-cell"[31m
              [36m>[31m
                [0men[0m
              [36m</td>[31m
              [36m<td[31m
                [33mclass[31m=[32m"p-2 align-middle whitespace-nowrap [&:has([role=checkbox])]:pr-0 [&>[role=checkbox]]:translate-y-[2px]"[31m
                [33mdata-slot[31m=[32m"table-cell"[31m
              [36m>[31m
                [0mSzkic[0m
              [36m</td>[31m
              [36m<td[31m
                [33mclass[31m=[32m"p-2 align-middle whitespace-nowrap [&:has([role=checkbox])]:pr-0 [&>[role=checkbox]]:translate-y-[2px]"[31m
                [33mdata-slot[31m=[32m"table-cell"[31m
              [36m>[31m
                [0m2.01.2024, 13:00[0m
              [36m</td>[31m
              [36m<td[31m
                [33mclass[31m=[32m"p-2 align-middle whitespace-nowrap [&:has([role=checkbox])]:pr-0 [&>[role=checkbox]]:translate-y-[2px] text-right"[31m
                [33mdata-slot[31m=[32m"table-cell"[31m
              [36m>[31m
                [0m-[0m
              [36m</td>[31m
            [36m</tr>[31m
          [36m</tbody>[31m
        [36m</table>[31m
      [36m</div>[31m
    [36m</div>[31m
  [36m</div>[31m
[36m</body>[31m[39m
 [32m✓[39m src/components/tables/JobsTable/__tests__/JobsTable.test.tsx[2m > [22mJobsTable[2m > [22mformats dates correctly[32m 40[2mms[22m[39m
 [32m✓[39m src/components/filters/JobStatusFilter/__tests__/JobStatusFilter.test.tsx[2m > [22mJobStatusFilter[2m > [22mapplies custom className to trigger[32m 84[2mms[22m[39m
 [32m✓[39m src/components/filters/JobStatusFilter/__tests__/JobStatusFilter.test.tsx[2m > [22mJobStatusFilter[2m > [22mmaintains accessibility attributes[32m 80[2mms[22m[39m
 [31m×[39m src/components/__tests__/ProductsTable.test.tsx[2m > [22mProductsTable[2m > [22mSorting and Filtering[2m > [22mshould render sortable column headers[32m 99[2mms[22m[39m
[31m   → expected [ <th …(2)>…(1)</th>, …(5) ] to have a length of 5 but got 6[39m
 [32m✓[39m src/components/__tests__/ProductsTable.test.tsx[2m > [22mProductsTable[2m > [22mSorting and Filtering[2m > [22mshould render status indicators[32m 86[2mms[22m[39m
 [32m✓[39m src/components/tables/JobsTable/__tests__/JobsTable.test.tsx[2m > [22mJobsTable[2m > [22mapplies correct status colors[32m 48[2mms[22m[39m
 [32m✓[39m src/components/tables/JobsTable/__tests__/JobsTable.test.tsx[2m > [22mJobsTable[2m > [22mhandles row click[32m 91[2mms[22m[39m
 [31m×[39m src/components/__tests__/ProductsTable.test.tsx[2m > [22mProductsTable[2m > [22mSorting and Filtering[2m > [22mshould render category badges[32m 38[2mms[22m[39m
[31m   → Unable to find an element with the text: Electronics. This could be because the text is broken up by multiple elements. In this case, you can provide a function for your text matcher to make your matcher more flexible.

Ignored nodes: comments, script, style
[36m<body>[31m
  [36m<div>[31m
    [36m<div[31m
      [33mclass[31m=[32m"rounded-md border"[31m
    [36m>[31m
      [36m<div[31m
        [33mclass[31m=[32m"relative w-full overflow-x-auto"[31m
        [33mdata-slot[31m=[32m"table-container"[31m
      [36m>[31m
        [36m<table[31m
          [33mclass[31m=[32m"w-full caption-bottom text-sm"[31m
          [33mdata-slot[31m=[32m"table"[31m
        [36m>[31m
          [36m<thead[31m
            [33mclass[31m=[32m"[&_tr]:border-b"[31m
            [33mdata-slot[31m=[32m"table-header"[31m
          [36m>[31m
            [36m<tr[31m
              [33mclass[31m=[32m"hover:bg-muted/50 data-[state=selected]:bg-muted border-b transition-colors"[31m
              [33mdata-slot[31m=[32m"table-row"[31m
            [36m>[31m
              [36m<th[31m
                [33mclass[31m=[32m"text-foreground h-10 px-2 text-left align-middle font-medium whitespace-nowrap [&:has([role=checkbox])]:pr-0 [&>[role=checkbox]]:translate-y-[2px] w-12"[31m
                [33mdata-slot[31m=[32m"table-head"[31m
              [36m>[31m
                [36m<button[31m
                  [33maria-checked[31m=[32m"false"[31m
                  [33maria-label[31m=[32m"Zaznacz wszystkie"[31m
                  [33mclass[31m=[32m"peer border-input dark:bg-input/30 data-[state=checked]:bg-primary data-[state=checked]:text-primary-foreground dark:data-[state=checked]:bg-primary data-[state=checked]:border-primary focus-visible:border-ring focus-visible:ring-ring/50 aria-invalid:ring-destructive/20 dark:aria-invalid:ring-destructive/40 aria-invalid:border-destructive size-4 shrink-0 rounded-[4px] border shadow-xs transition-shadow outline-none focus-visible:ring-[3px] disabled:cursor-not-allowed disabled:opacity-50"[31m
                  [33mdata-slot[31m=[32m"checkbox"[31m
                  [33mdata-state[31m=[32m"unchecked"[31m
                  [33mrole[31m=[32m"checkbox"[31m
                  [33mtype[31m=[32m"button"[31m
                  [33mvalue[31m=[32m"on"[31m
                [36m/>[31m
              [36m</th>[31m
              [36m<th[31m
                [33mclass[31m=[32m"text-foreground h-10 px-2 text-left align-middle font-medium whitespace-nowrap [&:has([role=checkbox])]:pr-0 [&>[role=checkbox]]:translate-y-[2px]"[31m
                [33mdata-slot[31m=[32m"table-head"[31m
              [36m>[31m
                [0mNazwa[0m
              [36m</th>[31m
              [36m<th[31m
                [33mclass[31m=[32m"text-foreground h-10 px-2 text-left align-middle font-medium whitespace-nowrap [&:has([role=checkbox])]:pr-0 [&>[role=checkbox]]:translate-y-[2px]"[31m
                [33mdata-slot[31m=[32m"table-head"[31m
              [36m>[31m
                [0mSKU[0m
              [36m</th>[31m
              [36m<th[31m
                [33mclass[31m=[32m"text-foreground h-10 px-2 text-left align-middle font-medium whitespace-nowrap [&:has([role=checkbox])]:pr-0 [&>[role=checkbox]]:translate-y-[2px]"[31m
                [33mdata-slot[31m=[32m"table-head"[31m
              [36m>[31m
                [0mStatus[0m
              [36m</th>[31m
              [36m<th[31m
                [33mclass[31m=[32m"text-foreground h-10 px-2 text-left align-middle font-medium whitespace-nowrap [&:has([role=checkbox])]:pr-0 [&>[role=checkbox]]:translate-y-[2px]"[31m
                [33mdata-slot[31m=[32m"table-head"[31m
              [36m>[31m
                [0mKategorie[0m
              [36m</th>[31m
              [36m<th[31m
                [33mclass[31m=[32m"text-foreground h-10 px-2 text-left align-middle font-medium whitespace-nowrap [&:has([role=checkbox])]:pr-0 [&>[role=checkbox]]:translate-y-[2px]"[31m
                [33mdata-slot[31m=[32m"table-head"[31m
              [36m>[31m
                [0mOstatnia aktualizacja[0m
              [36m</th>[31m
            [36m</tr>[31m
          [36m</thead>[31m
          [36m<tbody[31m
            [33mclass[31m=[32m"[&_tr:last-child]:border-0"[31m
            [33mdata-slot[31m=[32m"table-body"[31m
          [36m>[31m
            [36m<tr[31m
              [33mclass[31m=[32m"hover:bg-muted/50 data-[state=selected]:bg-muted border-b transition-colors"[31m
              [33mdata-slot[31m=[32m"table-row"[31m
            [36m>[31m
              [36m<td[31m
                [33mclass[31m=[32m"p-2 align-middle whitespace-nowrap [&:has([role=checkbox])]:pr-0 [&>[role=checkbox]]:translate-y-[2px]"[31m
                [33mdata-slot[31m=[32m"table-cell"[31m
              [36m>[31m
                [36m<button[31m
                  [33maria-checked[31m=[32m"false"[31m
                  [33maria-label[31m=[32m"Zaznacz Product 1"[31m
                  [33mclass[31m=[32m"peer border-input dark:bg-input/30 data-[state=checked]:bg-primary data-[state=checked]:text-primary-foreground dark:data-[state=checked]:bg-primary data-[state=checked]:border-primary focus-visible:border-ring focus-visible:ring-ring/50 aria-invalid:ring-destructive/20 dark:aria-invalid:ring-destructive/40 aria-invalid:border-destructive size-4 shrink-0 rounded-[4px] border shadow-xs transition-shadow outline-none focus-visible:ring-[3px] disabled:cursor-not-allowed disabled:opacity-50"[31m
                  [33mdata-slot[31m=[32m"checkbox"[31m
                  [33mdata-state[31m=[32m"unchecked"[31m
                  [33mrole[31m=[32m"checkbox"[31m
                  [33mtype[31m=[32m"button"[31m
                  [33mvalue[31m=[32m"on"[31m
                [36m/>[31m
              [36m</td>[31m
              [36m<td[31m
                [33mclass[31m=[32m"p-2 align-middle whitespace-nowrap [&:has([role=checkbox])]:pr-0 [&>[role=checkbox]]:translate-y-[2px]"[31m
                [33mdata-slot[31m=[32m"table-cell"[31m
              [36m>[31m
                [36m<button[31m
                  [33mclass[31m=[32m"text-left hover:text-primary"[31m
                [36m>[31m
                  [0mProduct 1[0m
                [36m</button>[31m
              [36m</td>[31m
              [36m<td[31m
                [33mclass[31m=[32m"p-2 align-middle whitespace-nowrap [&:has([role=checkbox])]:pr-0 [&>[role=checkbox]]:translate-y-[2px]"[31m
                [33mdata-slot[31m=[32m"table-cell"[31m
              [36m/>[31m
              [36m<td[31m
                [33mclass[31m=[32m"p-2 align-middle whitespace-nowrap [&:has([role=checkbox])]:pr-0 [&>[role=checkbox]]:translate-y-[2px]"[31m
                [33mdata-slot[31m=[32m"table-cell"[31m
              [36m>[31m
                [0mactive[0m
              [36m</td>[31m
              [36m<td[31m
                [33mclass[31m=[32m"p-2 align-middle whitespace-nowrap [&:has([role=checkbox])]:pr-0 [&>[role=checkbox]]:translate-y-[2px]"[31m
                [33mdata-slot[31m=[32m"table-cell"[31m
              [36m/>[31m
              [36m<td[31m
                [33mclass[31m=[32m"p-2 align-middle whitespace-nowrap [&:has([role=checkbox])]:pr-0 [&>[role=checkbox]]:translate-y-[2px]"[31m
                [33mdata-slot[31m=[32m"table-cell"[31m
              [36m>[31m
                [0mInvalid Date[0m
              [36m</td>[31m
            [36m</tr>[31m
            [36m<tr[31m
              [33mclass[31m=[32m"hover:bg-muted/50 data-[state=selected]:bg-muted border-b transition-colors"[31m
              [33mdata-slot[31m=[32m"table-row"[31m
            [36m>[31m
              [36m<td[31m
                [33mclass[31m=[32m"p-2 align-middle whitespace-nowrap [&:has([role=checkbox])]:pr-0 [&>[role=checkbox]]:translate-y-[2px]"[31m
                [33mdata-slot[31m=[32m"table-cell"[31m
              [36m>[31m
                [36m<button[31m
                  [33maria-checked[31m=[32m"false"[31m
                  [33maria-label[31m=[32m"Zaznacz Product 2"[31m
                  [33mclass[31m=[32m"peer border-input dark:bg-input/30 data-[state=checked]:bg-primary data-[state=checked]:text-primary-foreground dark:data-[state=checked]:bg-primary data-[state=checked]:border-primary focus-visible:border-ring focus-visible:ring-ring/50 aria-invalid:ring-destructive/20 dark:aria-invalid:ring-destructive/40 aria-invalid:border-destructive size-4 shrink-0 rounded-[4px] border shadow-xs transition-shadow outline-none focus-visible:ring-[3px] disabled:cursor-not-allowed disabled:opacity-50"[31m
                  [33mdata-slot[31m=[32m"checkbox"[31m
                  [33mdata-state[31m=[32m"unchecked"[31m
                  [33mrole[31m=[32m"checkbox"[31m
                  [33mtype[31m=[32m"button"[31m
                  [33mvalue[31m=[32m"on"[31m
                [36m/>[31m
              [36m</td>[31m
              [36m<td[31m
                [33mclass[31m=[32m"p-2 align-middle whitespace-nowrap [&:has([role=checkbox])]:pr-0 [&>[role=checkbox]]:translate-y-[2px]"[31m
                [33mdata-slot[31m=[32m"table-cell"[31m
              [36m>[31m
                [36m<button[31m
                  [33mclass[31m=[32m"text-left hover:text-primary"[31m
                [36m>[31m
                  [0mProduct 2[0m
                [36m</button>[31m
              [36m</td>[31m
              [36m<td[31m
                [33mclass[31m=[32m"p-2 align-middle whitespace-nowrap [&:has([role=checkbox])]:pr-0 [&>[role=checkbox]]:translate-y-[2px]"[31m
                [33mdata-slot[31m=[32m"table-cell"[31m
              [36m/>[31m
              [36m<td[31m
                [33mclass[31m=[32m"p-2 align-middle whitespace-nowrap [&:has([role=checkbox])]:pr-0 [&>[role=checkbox]]:translate-y-[2px]"[31m
                [33mdata-slot[31m=[32m"table-cell"[31m
              [36m>[31m
                [0minactive[0m
              [36m</td>[31m
              [36m<td[31m
                [33mclass[31m=[32m"p-2 align-middle whitespace-nowrap [&:has([role=checkbox])]:pr-0 [&>[role=checkbox]]:translate-y-[2px]"[31m
                [33mdata-slot[31m=[32m"table-cell"[31m
              [36m/>[31m
              [36m<td[31m
                [33mclass[31m=[32m"p-2 align-middle whitespace-nowrap [&:has([role=checkbox])]:pr-0 [&>[role=checkbox]]:translate-y-[2px]"[31m
                [33mdata-slot[31m=[32m"table-cell"[31m
              [36m>[31m
                [0mInvalid Date[0m
              [36m</td>[31m
            [36m</tr>[31m
          [36m</tbody>[31m
        [36m</table>[31m
      [36m</div>[31m
    [36m</div>[31m
    [36m<div[31m
      [33mclass[31m=[32m"mt-4"[31m
    [36m/>[31m
  [36m</div>[31m
[36m</body>[31m[39m
 [31m×[39m src/components/__tests__/ProductsTable.test.tsx[2m > [22mProductsTable[2m > [22mAccessibility[2m > [22mshould have accessible table structure[32m 43[2mms[22m[39m
[31m   → Found multiple elements with the role "rowgroup"

Here are the matching elements:

Ignored nodes: comments, script, style
[36m<thead[31m
  [33mclass[31m=[32m"[&_tr]:border-b"[31m
  [33mdata-slot[31m=[32m"table-header"[31m
[36m>[31m
  [36m<tr[31m
    [33mclass[31m=[32m"hover:bg-muted/50 data-[state=selected]:bg-muted border-b transition-colors"[31m
    [33mdata-slot[31m=[32m"table-row"[31m
  [36m>[31m
    [36m<th[31m
      [33mclass[31m=[32m"text-foreground h-10 px-2 text-left align-middle font-medium whitespace-nowrap [&:has([role=checkbox])]:pr-0 [&>[role=checkbox]]:translate-y-[2px] w-12"[31m
      [33mdata-slot[31m=[32m"table-head"[31m
    [36m>[31m
      [36m<button[31m
        [33maria-checked[31m=[32m"false"[31m
        [33maria-label[31m=[32m"Zaznacz wszystkie"[31m
        [33mclass[31m=[32m"peer border-input dark:bg-input/30 data-[state=checked]:bg-primary data-[state=checked]:text-primary-foreground dark:data-[state=checked]:bg-primary data-[state=checked]:border-primary focus-visible:border-ring focus-visible:ring-ring/50 aria-invalid:ring-destructive/20 dark:aria-invalid:ring-destructive/40 aria-invalid:border-destructive size-4 shrink-0 rounded-[4px] border shadow-xs transition-shadow outline-none focus-visible:ring-[3px] disabled:cursor-not-allowed disabled:opacity-50"[31m
        [33mdata-slot[31m=[32m"checkbox"[31m
        [33mdata-state[31m=[32m"unchecked"[31m
        [33mrole[31m=[32m"checkbox"[31m
        [33mtype[31m=[32m"button"[31m
        [33mvalue[31m=[32m"on"[31m
      [36m/>[31m
    [36m</th>[31m
    [36m<th[31m
      [33mclass[31m=[32m"text-foreground h-10 px-2 text-left align-middle font-medium whitespace-nowrap [&:has([role=checkbox])]:pr-0 [&>[role=checkbox]]:translate-y-[2px]"[31m
      [33mdata-slot[31m=[32m"table-head"[31m
    [36m>[31m
      [0mNazwa[0m
    [36m</th>[31m
    [36m<th[31m
      [33mclass[31m=[32m"text-foreground h-10 px-2 text-left align-middle font-medium whitespace-nowrap [&:has([role=checkbox])]:pr-0 [&>[role=checkbox]]:translate-y-[2px]"[31m
      [33mdata-slot[31m=[32m"table-head"[31m
    [36m>[31m
      [0mSKU[0m
    [36m</th>[31m
    [36m<th[31m
      [33mclass[31m=[32m"text-foreground h-10 px-2 text-left align-middle font-medium whitespace-nowrap [&:has([role=checkbox])]:pr-0 [&>[role=checkbox]]:translate-y-[2px]"[31m
      [33mdata-slot[31m=[32m"table-head"[31m
    [36m>[31m
      [0mStatus[0m
    [36m</th>[31m
    [36m<th[31m
      [33mclass[31m=[32m"text-foreground h-10 px-2 text-left align-middle font-medium whitespace-nowrap [&:has([role=checkbox])]:pr-0 [&>[role=checkbox]]:translate-y-[2px]"[31m
      [33mdata-slot[31m=[32m"table-head"[31m
    [36m>[31m
      [0mKategorie[0m
    [36m</th>[31m
    [36m<th[31m
      [33mclass[31m=[32m"text-foreground h-10 px-2 text-left align-middle font-medium whitespace-nowrap [&:has([role=checkbox])]:pr-0 [&>[role=checkbox]]:translate-y-[2px]"[31m
      [33mdata-slot[31m=[32m"table-head"[31m
    [36m>[31m
      [0mOstatnia aktualizacja[0m
    [36m</th>[31m
  [36m</tr>[31m
[36m</thead>[31m

Ignored nodes: comments, script, style
[36m<tbody[31m
  [33mclass[31m=[32m"[&_tr:last-child]:border-0"[31m
  [33mdata-slot[31m=[32m"table-body"[31m
[36m>[31m
  [36m<tr[31m
    [33mclass[31m=[32m"hover:bg-muted/50 data-[state=selected]:bg-muted border-b transition-colors"[31m
    [33mdata-slot[31m=[32m"table-row"[31m
  [36m>[31m
    [36m<td[31m
      [33mclass[31m=[32m"p-2 align-middle whitespace-nowrap [&:has([role=checkbox])]:pr-0 [&>[role=checkbox]]:translate-y-[2px]"[31m
      [33mdata-slot[31m=[32m"table-cell"[31m
    [36m>[31m
      [36m<button[31m
        [33maria-checked[31m=[32m"false"[31m
        [33maria-label[31m=[32m"Zaznacz Product 1"[31m
        [33mclass[31m=[32m"peer border-input dark:bg-input/30 data-[state=checked]:bg-primary data-[state=checked]:text-primary-foreground dark:data-[state=checked]:bg-primary data-[state=checked]:border-primary focus-visible:border-ring focus-visible:ring-ring/50 aria-invalid:ring-destructive/20 dark:aria-invalid:ring-destructive/40 aria-invalid:border-destructive size-4 shrink-0 rounded-[4px] border shadow-xs transition-shadow outline-none focus-visible:ring-[3px] disabled:cursor-not-allowed disabled:opacity-50"[31m
        [33mdata-slot[31m=[32m"checkbox"[31m
        [33mdata-state[31m=[32m"unchecked"[31m
        [33mrole[31m=[32m"checkbox"[31m
        [33mtype[31m=[32m"button"[31m
        [33mvalue[31m=[32m"on"[31m
      [36m/>[31m
    [36m</td>[31m
    [36m<td[31m
      [33mclass[31m=[32m"p-2 align-middle whitespace-nowrap [&:has([role=checkbox])]:pr-0 [&>[role=checkbox]]:translate-y-[2px]"[31m
      [33mdata-slot[31m=[32m"table-cell"[31m
    [36m>[31m
      [36m<button[31m
        [33mclass[31m=[32m"text-left hover:text-primary"[31m
      [36m>[31m
        [0mProduct 1[0m
      [36m</button>[31m
    [36m</td>[31m
    [36m<td[31m
      [33mclass[31m=[32m"p-2 align-middle whitespace-nowrap [&:has([role=checkbox])]:pr-0 [&>[role=checkbox]]:translate-y-[2px]"[31m
      [33mdata-slot[31m=[32m"table-cell"[31m
    [36m/>[31m
    [36m<td[31m
      [33mclass[31m=[32m"p-2 align-middle whitespace-nowrap [&:has([role=checkbox])]:pr-0 [&>[role=checkbox]]:translate-y-[2px]"[31m
      [33mdata-slot[31m=[32m"table-cell"[31m
    [36m>[31m
      [0mactive[0m
    [36m</td>[31m
    [36m<td[31m
      [33mclass[31m=[32m"p-2 align-middle whitespace-nowrap [&:has([role=checkbox])]:pr-0 [&>[role=checkbox]]:translate-y-[2px]"[31m
      [33mdata-slot[31m=[32m"table-cell"[31m
    [36m/>[31m
    [36m<td[31m
      [33mclass[31m=[32m"p-2 align-middle whitespace-nowrap [&:has([role=checkbox])]:pr-0 [&>[role=checkbox]]:translate-y-[2px]"[31m
      [33mdata-slot[31m=[32m"table-cell"[31m
    [36m>[31m
      [0mInvalid Date[0m
    [36m</td>[31m
  [36m</tr>[31m
  [36m<tr[31m
    [33mclass[31m=[32m"hover:bg-muted/50 data-[state=selected]:bg-muted border-b transition-colors"[31m
    [33mdata-slot[31m=[32m"table-row"[31m
  [36m>[31m
    [36m<td[31m
      [33mclass[31m=[32m"p-2 align-middle whitespace-nowrap [&:has([role=checkbox])]:pr-0 [&>[role=checkbox]]:translate-y-[2px]"[31m
      [33mdata-slot[31m=[32m"table-cell"[31m
    [36m>[31m
      [36m<button[31m
        [33maria-checked[31m=[32m"false"[31m
        [33maria-label[31m=[32m"Zaznacz Product 2"[31m
        [33mclass[31m=[32m"peer border-input dark:bg-input/30 data-[state=checked]:bg-primary data-[state=checked]:text-primary-foreground dark:data-[state=checked]:bg-primary data-[state=checked]:border-primary focus-visible:border-ring focus-visible:ring-ring/50 aria-invalid:ring-destructive/20 dark:aria-invalid:ring-destructive/40 aria-invalid:border-destructive size-4 shrink-0 rounded-[4px] border shadow-xs transition-shadow outline-none focus-visible:ring-[3px] disabled:cursor-not-allowed disabled:opacity-50"[31m
        [33mdata-slot[31m=[32m"checkbox"[31m
        [33mdata-state[31m=[32m"unchecked"[31m
        [33mrole[31m=[32m"checkbox"[31m
        [33mtype[31m=[32m"button"[31m
        [33mvalue[31m=[32m"on"[31m
      [36m/>[31m
    [36m</td>[31m
    [36m<td[31m
      [33mclass[31m=[32m"p-2 align-middle whitespace-nowrap [&:has([role=checkbox])]:pr-0 [&>[role=checkbox]]:translate-y-[2px]"[31m
      [33mdata-slot[31m=[32m"table-cell"[31m
    [36m>[31m
      [36m<button[31m
        [33mclass[31m=[32m"text-left hover:text-primary"[31m
      [36m>[31m
        [0mProduct 2[0m
      [36m</button>[31m
    [36m</td>[31m
    [36m<td[31m
      [33mclass[31m=[32m"p-2 align-middle whitespace-nowrap [&:has([role=checkbox])]:pr-0 [&>[role=checkbox]]:translate-y-[2px]"[31m
      [33mdata-slot[31m=[32m"table-cell"[31m
    [36m/>[31m
    [36m<td[31m
      [33mclass[31m=[32m"p-2 align-middle whitespace-nowrap [&:has([role=checkbox])]:pr-0 [&>[role=checkbox]]:translate-y-[2px]"[31m
      [33mdata-slot[31m=[32m"table-cell"[31m
    [36m>[31m
      [0minactive[0m
    [36m</td>[31m
    [36m<td[31m
      [33mclass[31m=[32m"p-2 align-middle whitespace-nowrap [&:has([role=checkbox])]:pr-0 [&>[role=checkbox]]:translate-y-[2px]"[31m
      [33mdata-slot[31m=[32m"table-cell"[31m
    [36m/>[31m
    [36m<td[31m
      [33mclass[31m=[32m"p-2 align-middle whitespace-nowrap [&:has([role=checkbox])]:pr-0 [&>[role=checkbox]]:translate-y-[2px]"[31m
      [33mdata-slot[31m=[32m"table-cell"[31m
    [36m>[31m
      [0mInvalid Date[0m
    [36m</td>[31m
  [36m</tr>[31m
[36m</tbody>[31m

(If this is intentional, then use the `*AllBy*` variant of the query (like `queryAllByText`, `getAllByText`, or `findAllByText`)).

Ignored nodes: comments, script, style
[36m<body>[31m
  [36m<div>[31m
    [36m<div[31m
      [33mclass[31m=[32m"rounded-md border"[31m
    [36m>[31m
      [36m<div[31m
        [33mclass[31m=[32m"relative w-full overflow-x-auto"[31m
        [33mdata-slot[31m=[32m"table-container"[31m
      [36m>[31m
        [36m<table[31m
          [33mclass[31m=[32m"w-full caption-bottom text-sm"[31m
          [33mdata-slot[31m=[32m"table"[31m
        [36m>[31m
          [36m<thead[31m
            [33mclass[31m=[32m"[&_tr]:border-b"[31m
            [33mdata-slot[31m=[32m"table-header"[31m
          [36m>[31m
            [36m<tr[31m
              [33mclass[31m=[32m"hover:bg-muted/50 data-[state=selected]:bg-muted border-b transition-colors"[31m
              [33mdata-slot[31m=[32m"table-row"[31m
            [36m>[31m
              [36m<th[31m
                [33mclass[31m=[32m"text-foreground h-10 px-2 text-left align-middle font-medium whitespace-nowrap [&:has([role=checkbox])]:pr-0 [&>[role=checkbox]]:translate-y-[2px] w-12"[31m
                [33mdata-slot[31m=[32m"table-head"[31m
              [36m>[31m
                [36m<button[31m
                  [33maria-checked[31m=[32m"false"[31m
                  [33maria-label[31m=[32m"Zaznacz wszystkie"[31m
                  [33mclass[31m=[32m"peer border-input dark:bg-input/30 data-[state=checked]:bg-primary data-[state=checked]:text-primary-foreground dark:data-[state=checked]:bg-primary data-[state=checked]:border-primary focus-visible:border-ring focus-visible:ring-ring/50 aria-invalid:ring-destructive/20 dark:aria-invalid:ring-destructive/40 aria-invalid:border-destructive size-4 shrink-0 rounded-[4px] border shadow-xs transition-shadow outline-none focus-visible:ring-[3px] disabled:cursor-not-allowed disabled:opacity-50"[31m
                  [33mdata-slot[31m=[32m"checkbox"[31m
                  [33mdata-state[31m=[32m"unchecked"[31m
                  [33mrole[31m=[32m"checkbox"[31m
                  [33mtype[31m=[32m"button"[31m
                  [33mvalue[31m=[32m"on"[31m
                [36m/>[31m
              [36m</th>[31m
              [36m<th[31m
                [33mclass[31m=[32m"text-foreground h-10 px-2 text-left align-middle font-medium whitespace-nowrap [&:has([role=checkbox])]:pr-0 [&>[role=checkbox]]:translate-y-[2px]"[31m
                [33mdata-slot[31m=[32m"table-head"[31m
              [36m>[31m
                [0mNazwa[0m
              [36m</th>[31m
              [36m<th[31m
                [33mclass[31m=[32m"text-foreground h-10 px-2 text-left align-middle font-medium whitespace-nowrap [&:has([role=checkbox])]:pr-0 [&>[role=checkbox]]:translate-y-[2px]"[31m
                [33mdata-slot[31m=[32m"table-head"[31m
              [36m>[31m
                [0mSKU[0m
              [36m</th>[31m
              [36m<th[31m
                [33mclass[31m=[32m"text-foreground h-10 px-2 text-left align-middle font-medium whitespace-nowrap [&:has([role=checkbox])]:pr-0 [&>[role=checkbox]]:translate-y-[2px]"[31m
                [33mdata-slot[31m=[32m"table-head"[31m
              [36m>[31m
                [0mStatus[0m
              [36m</th>[31m
              [36m<th[31m
                [33mclass[31m=[32m"text-foreground h-10 px-2 text-left align-middle font-medium whitespace-nowrap [&:has([role=checkbox])]:pr-0 [&>[role=checkbox]]:translate-y-[2px]"[31m
                [33mdata-slot[31m=[32m"table-head"[31m
              [36m>[31m
                [0mKategorie[0m
              [36m</th>[31m
              [36m<th[31m
                [33mclass[31m=[32m"text-foreground h-10 px-2 text-left align-middle font-medium whitespace-nowrap [&:has([role=checkbox])]:pr-0 [&>[role=checkbox]]:translate-y-[2px]"[31m
                [33mdata-slot[31m=[32m"table-head"[31m
              [36m>[31m
                [0mOstatnia aktualizacja[0m
              [36m</th>[31m
            [36m</tr>[31m
          [36m</thead>[31m
          [36m<tbody[31m
            [33mclass[31m=[32m"[&_tr:last-child]:border-0"[31m
            [33mdata-slot[31m=[32m"table-body"[31m
          [36m>[31m
            [36m<tr[31m
              [33mclass[31m=[32m"hover:bg-muted/50 data-[state=selected]:bg-muted border-b transition-colors"[31m
              [33mdata-slot[31m=[32m"table-row"[31m
            [36m>[31m
              [36m<td[31m
                [33mclass[31m=[32m"p-2 align-middle whitespace-nowrap [&:has([role=checkbox])]:pr-0 [&>[role=checkbox]]:translate-y-[2px]"[31m
                [33mdata-slot[31m=[32m"table-cell"[31m
              [36m>[31m
                [36m<button[31m
                  [33maria-checked[31m=[32m"false"[31m
                  [33maria-label[31m=[32m"Zaznacz Product 1"[31m
                  [33mclass[31m=[32m"peer border-input dark:bg-input/30 data-[state=checked]:bg-primary data-[state=checked]:text-primary-foreground dark:data-[state=checked]:bg-primary data-[state=checked]:border-primary focus-visible:border-ring focus-visible:ring-ring/50 aria-invalid:ring-destructive/20 dark:aria-invalid:ring-destructive/40 aria-invalid:border-destructive size-4 shrink-0 rounded-[4px] border shadow-xs transition-shadow outline-none focus-visible:ring-[3px] disabled:cursor-not-allowed disabled:opacity-50"[31m
                  [33mdata-slot[31m=[32m"checkbox"[31m
                  [33mdata-state[31m=[32m"unchecked"[31m
                  [33mrole[31m=[32m"checkbox"[31m
                  [33mtype[31m=[32m"button"[31m
                  [33mvalue[31m=[32m"on"[31m
                [36m/>[31m
              [36m</td>[31m
              [36m<td[31m
                [33mclass[31m=[32m"p-2 align-middle whitespace-nowrap [&:has([role=checkbox])]:pr-0 [&>[role=checkbox]]:translate-y-[2px]"[31m
                [33mdata-slot[31m=[32m"table-cell"[31m
              [36m>[31m
                [36m<button[31m
                  [33mclass[31m=[32m"text-left hover:text-primary"[31m
                [36m>[31m
                  [0mProduct 1[0m
                [36m</button>[31m
              [36m</td>[31m
              [36m<td[31m
                [33mclass[31m=[32m"p-2 align-middle whitespace-nowrap [&:has([role=checkbox])]:pr-0 [&>[role=checkbox]]:translate-y-[2px]"[31m
                [33mdata-slot[31m=[32m"table-cell"[31m
              [36m/>[31m
              [36m<td[31m
                [33mclass[31m=[32m"p-2 align-middle whitespace-nowrap [&:has([role=checkbox])]:pr-0 [&>[role=checkbox]]:translate-y-[2px]"[31m
                [33mdata-slot[31m=[32m"table-cell"[31m
              [36m>[31m
                [0mactive[0m
              [36m</td>[31m
              [36m<td[31m
                [33mclass[31m=[32m"p-2 align-middle whitespace-nowrap [&:has([role=checkbox])]:pr-0 [&>[role=checkbox]]:translate-y-[2px]"[31m
                [33mdata-slot[31m=[32m"table-cell"[31m
              [36m/>[31m
              [36m<td[31m
                [33mclass[31m=[32m"p-2 align-middle whitespace-nowrap [&:has([role=checkbox])]:pr-0 [&>[role=checkbox]]:translate-y-[2px]"[31m
                [33mdata-slot[31m=[32m"table-cell"[31m
              [36m>[31m
                [0mInvalid Date[0m
              [36m</td>[31m
            [36m</tr>[31m
            [36m<tr[31m
              [33mclass[31m=[32m"hover:bg-muted/50 data-[state=selected]:bg-muted border-b transition-colors"[31m
              [33mdata-slot[31m=[32m"table-row"[31m
            [36m>[31m
              [36m<td[31m
                [33mclass[31m=[32m"p-2 align-middle whitespace-nowrap [&:has([role=checkbox])]:pr-0 [&>[role=checkbox]]:translate-y-[2px]"[31m
                [33mdata-slot[31m=[32m"table-cell"[31m
              [36m>[31m
                [36m<button[31m
                  [33maria-checked[31m=[32m"false"[31m
                  [33maria-label[31m=[32m"Zaznacz Product 2"[31m
                  [33mclass[31m=[32m"peer border-input dark:bg-input/30 data-[state=checked]:bg-primary data-[state=checked]:text-primary-foreground dark:data-[state=checked]:bg-primary data-[state=checked]:border-primary focus-visible:border-ring focus-visible:ring-ring/50 aria-invalid:ring-destructive/20 dark:aria-invalid:ring-destructive/40 aria-invalid:border-destructive size-4 shrink-0 rounded-[4px] border shadow-xs transition-shadow outline-none focus-visible:ring-[3px] disabled:cursor-not-allowed disabled:opacity-50"[31m
                  [33mdata-slot[31m=[32m"checkbox"[31m
                  [33mdata-state[31m=[32m"unchecked"[31m
                  [33mrole[31m=[32m"checkbox"[31m
                  [33mtype[31m=[32m"button"[31m
                  [33mvalue[31m=[32m"on"[31m
                [36m/>[31m
              [36m</td>[31m
              [36m<td[31m
                [33mclass[31m=[32m"p-2 align-middle whitespace-nowrap [&:has([role=checkbox])]:pr-0 [&>[role=checkbox]]:translate-y-[2px]"[31m
                [33mdata-slot[31m=[32m"table-cell"[31m
              [36m>[31m
                [36m<button[31m
                  [33mclass[31m=[32m"text-left hover:text-primary"[31m
                [36m>[31m
                  [0mProduct 2[0m
                [36m</button>[31m
              [36m</td>[31m
              [36m<td[31m
                [33mclass[31m=[32m"p-2 align-middle whitespace-nowrap [&:has([role=checkbox])]:pr-0 [&>[role=checkbox]]:translate-y-[2px]"[31m
                [33mdata-slot[31m=[32m"table-cell"[31m
              [36m/>[31m
              [36m<td[31m
                [33mclass[31m=[32m"p-2 align-middle whitespace-nowrap [&:has([role=checkbox])]:pr-0 [&>[role=checkbox]]:translate-y-[2px]"[31m
                [33mdata-slot[31m=[32m"table-cell"[31m
              [36m>[31m
                [0minactive[0m
              [36m</td>[31m
              [36m<td[31m
                [33mclass[31m=[32m"p-2 align-middle whitespace-nowrap [&:has([role=checkbox])]:pr-0 [&>[role=checkbox]]:translate-y-[2px]"[31m
                [33mdata-slot[31m=[32m"table-cell"[31m
              [36m/>[31m
              [36m<td[31m
                [33mclass[31m=[32m"p-2 align-middle whitespace-nowrap [&:has([role=checkbox])]:pr-0 [&>[role=checkbox]]:translate-y-[2px]"[31m
                [33mdata-slot[31m=[32m"table-cell"[31m
              [36m>[31m
                [0mInvalid Date[0m
              [36m</td>[31m
            [36m</tr>[31m
          [36m</tbody>[31m
        [36m</table>[31m
      [36m</div>[31m
    [36m</div>[31m
    [36m<div[31m
      [33mclass[31m=[32m"mt-4"[31m
    [36m/>[31m
  [36m</div>[31m
[36m</body>[31m[39m
 [32m✓[39m src/components/__tests__/ProductsTable.test.tsx[2m > [22mProductsTable[2m > [22mAccessibility[2m > [22mshould have accessible checkboxes[32m 28[2mms[22m[39m
 [31m×[39m src/components/__tests__/ProductsTable.test.tsx[2m > [22mProductsTable[2m > [22mAccessibility[2m > [22mshould have accessible pagination controls[32m 65[2mms[22m[39m
[31m   → Unable to find an accessible element with the role "navigation"

Here are the accessible roles:

  table:

  Name "":
  [36m<table[31m
    [33mclass[31m=[32m"w-full caption-bottom text-sm"[31m
    [33mdata-slot[31m=[32m"table"[31m
  [36m/>[31m

  --------------------------------------------------
  rowgroup:

  Name "":
  [36m<thead[31m
    [33mclass[31m=[32m"[&_tr]:border-b"[31m
    [33mdata-slot[31m=[32m"table-header"[31m
  [36m/>[31m

  Name "":
  [36m<tbody[31m
    [33mclass[31m=[32m"[&_tr:last-child]:border-0"[31m
    [33mdata-slot[31m=[32m"table-body"[31m
  [36m/>[31m

  --------------------------------------------------
  row:

  Name "Zaznacz wszystkie Nazwa SKU Status Kategorie Ostatnia aktualizacja":
  [36m<tr[31m
    [33mclass[31m=[32m"hover:bg-muted/50 data-[state=selected]:bg-muted border-b transition-colors"[31m
    [33mdata-slot[31m=[32m"table-row"[31m
  [36m/>[31m

  Name "Zaznacz Product 1 Product 1 active Invalid Date":
  [36m<tr[31m
    [33mclass[31m=[32m"hover:bg-muted/50 data-[state=selected]:bg-muted border-b transition-colors"[31m
    [33mdata-slot[31m=[32m"table-row"[31m
  [36m/>[31m

  Name "Zaznacz Product 2 Product 2 inactive Invalid Date":
  [36m<tr[31m
    [33mclass[31m=[32m"hover:bg-muted/50 data-[state=selected]:bg-muted border-b transition-colors"[31m
    [33mdata-slot[31m=[32m"table-row"[31m
  [36m/>[31m

  --------------------------------------------------
  columnheader:

  Name "Zaznacz wszystkie":
  [36m<th[31m
    [33mclass[31m=[32m"text-foreground h-10 px-2 text-left align-middle font-medium whitespace-nowrap [&:has([role=checkbox])]:pr-0 [&>[role=checkbox]]:translate-y-[2px] w-12"[31m
    [33mdata-slot[31m=[32m"table-head"[31m
  [36m/>[31m

  Name "Nazwa":
  [36m<th[31m
    [33mclass[31m=[32m"text-foreground h-10 px-2 text-left align-middle font-medium whitespace-nowrap [&:has([role=checkbox])]:pr-0 [&>[role=checkbox]]:translate-y-[2px]"[31m
    [33mdata-slot[31m=[32m"table-head"[31m
  [36m/>[31m

  Name "SKU":
  [36m<th[31m
    [33mclass[31m=[32m"text-foreground h-10 px-2 text-left align-middle font-medium whitespace-nowrap [&:has([role=checkbox])]:pr-0 [&>[role=checkbox]]:translate-y-[2px]"[31m
    [33mdata-slot[31m=[32m"table-head"[31m
  [36m/>[31m

  Name "Status":
  [36m<th[31m
    [33mclass[31m=[32m"text-foreground h-10 px-2 text-left align-middle font-medium whitespace-nowrap [&:has([role=checkbox])]:pr-0 [&>[role=checkbox]]:translate-y-[2px]"[31m
    [33mdata-slot[31m=[32m"table-head"[31m
  [36m/>[31m

  Name "Kategorie":
  [36m<th[31m
    [33mclass[31m=[32m"text-foreground h-10 px-2 text-left align-middle font-medium whitespace-nowrap [&:has([role=checkbox])]:pr-0 [&>[role=checkbox]]:translate-y-[2px]"[31m
    [33mdata-slot[31m=[32m"table-head"[31m
  [36m/>[31m

  Name "Ostatnia aktualizacja":
  [36m<th[31m
    [33mclass[31m=[32m"text-foreground h-10 px-2 text-left align-middle font-medium whitespace-nowrap [&:has([role=checkbox])]:pr-0 [&>[role=checkbox]]:translate-y-[2px]"[31m
    [33mdata-slot[31m=[32m"table-head"[31m
  [36m/>[31m

  --------------------------------------------------
  checkbox:

  Name "Zaznacz wszystkie":
  [36m<button[31m
    [33maria-checked[31m=[32m"false"[31m
    [33maria-label[31m=[32m"Zaznacz wszystkie"[31m
    [33mclass[31m=[32m"peer border-input dark:bg-input/30 data-[state=checked]:bg-primary data-[state=checked]:text-primary-foreground dark:data-[state=checked]:bg-primary data-[state=checked]:border-primary focus-visible:border-ring focus-visible:ring-ring/50 aria-invalid:ring-destructive/20 dark:aria-invalid:ring-destructive/40 aria-invalid:border-destructive size-4 shrink-0 rounded-[4px] border shadow-xs transition-shadow outline-none focus-visible:ring-[3px] disabled:cursor-not-allowed disabled:opacity-50"[31m
    [33mdata-slot[31m=[32m"checkbox"[31m
    [33mdata-state[31m=[32m"unchecked"[31m
    [33mrole[31m=[32m"checkbox"[31m
    [33mtype[31m=[32m"button"[31m
    [33mvalue[31m=[32m"on"[31m
  [36m/>[31m

  Name "Zaznacz Product 1":
  [36m<button[31m
    [33maria-checked[31m=[32m"false"[31m
    [33maria-label[31m=[32m"Zaznacz Product 1"[31m
    [33mclass[31m=[32m"peer border-input dark:bg-input/30 data-[state=checked]:bg-primary data-[state=checked]:text-primary-foreground dark:data-[state=checked]:bg-primary data-[state=checked]:border-primary focus-visible:border-ring focus-visible:ring-ring/50 aria-invalid:ring-destructive/20 dark:aria-invalid:ring-destructive/40 aria-invalid:border-destructive size-4 shrink-0 rounded-[4px] border shadow-xs transition-shadow outline-none focus-visible:ring-[3px] disabled:cursor-not-allowed disabled:opacity-50"[31m
    [33mdata-slot[31m=[32m"checkbox"[31m
    [33mdata-state[31m=[32m"unchecked"[31m
    [33mrole[31m=[32m"checkbox"[31m
    [33mtype[31m=[32m"button"[31m
    [33mvalue[31m=[32m"on"[31m
  [36m/>[31m

  Name "Zaznacz Product 2":
  [36m<button[31m
    [33maria-checked[31m=[32m"false"[31m
    [33maria-label[31m=[32m"Zaznacz Product 2"[31m
    [33mclass[31m=[32m"peer border-input dark:bg-input/30 data-[state=checked]:bg-primary data-[state=checked]:text-primary-foreground dark:data-[state=checked]:bg-primary data-[state=checked]:border-primary focus-visible:border-ring focus-visible:ring-ring/50 aria-invalid:ring-destructive/20 dark:aria-invalid:ring-destructive/40 aria-invalid:border-destructive size-4 shrink-0 rounded-[4px] border shadow-xs transition-shadow outline-none focus-visible:ring-[3px] disabled:cursor-not-allowed disabled:opacity-50"[31m
    [33mdata-slot[31m=[32m"checkbox"[31m
    [33mdata-state[31m=[32m"unchecked"[31m
    [33mrole[31m=[32m"checkbox"[31m
    [33mtype[31m=[32m"button"[31m
    [33mvalue[31m=[32m"on"[31m
  [36m/>[31m

  --------------------------------------------------
  cell:

  Name "Zaznacz Product 1":
  [36m<td[31m
    [33mclass[31m=[32m"p-2 align-middle whitespace-nowrap [&:has([role=checkbox])]:pr-0 [&>[role=checkbox]]:translate-y-[2px]"[31m
    [33mdata-slot[31m=[32m"table-cell"[31m
  [36m/>[31m

  Name "Product 1":
  [36m<td[31m
    [33mclass[31m=[32m"p-2 align-middle whitespace-nowrap [&:has([role=checkbox])]:pr-0 [&>[role=checkbox]]:translate-y-[2px]"[31m
    [33mdata-slot[31m=[32m"table-cell"[31m
  [36m/>[31m

  Name "":
  [36m<td[31m
    [33mclass[31m=[32m"p-2 align-middle whitespace-nowrap [&:has([role=checkbox])]:pr-0 [&>[role=checkbox]]:translate-y-[2px]"[31m
    [33mdata-slot[31m=[32m"table-cell"[31m
  [36m/>[31m

  Name "active":
  [36m<td[31m
    [33mclass[31m=[32m"p-2 align-middle whitespace-nowrap [&:has([role=checkbox])]:pr-0 [&>[role=checkbox]]:translate-y-[2px]"[31m
    [33mdata-slot[31m=[32m"table-cell"[31m
  [36m/>[31m

  Name "":
  [36m<td[31m
    [33mclass[31m=[32m"p-2 align-middle whitespace-nowrap [&:has([role=checkbox])]:pr-0 [&>[role=checkbox]]:translate-y-[2px]"[31m
    [33mdata-slot[31m=[32m"table-cell"[31m
  [36m/>[31m

  Name "Invalid Date":
  [36m<td[31m
    [33mclass[31m=[32m"p-2 align-middle whitespace-nowrap [&:has([role=checkbox])]:pr-0 [&>[role=checkbox]]:translate-y-[2px]"[31m
    [33mdata-slot[31m=[32m"table-cell"[31m
  [36m/>[31m

  Name "Zaznacz Product 2":
  [36m<td[31m
    [33mclass[31m=[32m"p-2 align-middle whitespace-nowrap [&:has([role=checkbox])]:pr-0 [&>[role=checkbox]]:translate-y-[2px]"[31m
    [33mdata-slot[31m=[32m"table-cell"[31m
  [36m/>[31m

  Name "Product 2":
  [36m<td[31m
    [33mclass[31m=[32m"p-2 align-middle whitespace-nowrap [&:has([role=checkbox])]:pr-0 [&>[role=checkbox]]:translate-y-[2px]"[31m
    [33mdata-slot[31m=[32m"table-cell"[31m
  [36m/>[31m

  Name "":
  [36m<td[31m
    [33mclass[31m=[32m"p-2 align-middle whitespace-nowrap [&:has([role=checkbox])]:pr-0 [&>[role=checkbox]]:translate-y-[2px]"[31m
    [33mdata-slot[31m=[32m"table-cell"[31m
  [36m/>[31m

  Name "inactive":
  [36m<td[31m
    [33mclass[31m=[32m"p-2 align-middle whitespace-nowrap [&:has([role=checkbox])]:pr-0 [&>[role=checkbox]]:translate-y-[2px]"[31m
    [33mdata-slot[31m=[32m"table-cell"[31m
  [36m/>[31m

  Name "":
  [36m<td[31m
    [33mclass[31m=[32m"p-2 align-middle whitespace-nowrap [&:has([role=checkbox])]:pr-0 [&>[role=checkbox]]:translate-y-[2px]"[31m
    [33mdata-slot[31m=[32m"table-cell"[31m
  [36m/>[31m

  Name "Invalid Date":
  [36m<td[31m
    [33mclass[31m=[32m"p-2 align-middle whitespace-nowrap [&:has([role=checkbox])]:pr-0 [&>[role=checkbox]]:translate-y-[2px]"[31m
    [33mdata-slot[31m=[32m"table-cell"[31m
  [36m/>[31m

  --------------------------------------------------
  button:

  Name "Product 1":
  [36m<button[31m
    [33mclass[31m=[32m"text-left hover:text-primary"[31m
  [36m/>[31m

  Name "Product 2":
  [36m<button[31m
    [33mclass[31m=[32m"text-left hover:text-primary"[31m
  [36m/>[31m

  --------------------------------------------------

Ignored nodes: comments, script, style
[36m<body>[31m
  [36m<div>[31m
    [36m<div[31m
      [33mclass[31m=[32m"rounded-md border"[31m
    [36m>[31m
      [36m<div[31m
        [33mclass[31m=[32m"relative w-full overflow-x-auto"[31m
        [33mdata-slot[31m=[32m"table-container"[31m
      [36m>[31m
        [36m<table[31m
          [33mclass[31m=[32m"w-full caption-bottom text-sm"[31m
          [33mdata-slot[31m=[32m"table"[31m
        [36m>[31m
          [36m<thead[31m
            [33mclass[31m=[32m"[&_tr]:border-b"[31m
            [33mdata-slot[31m=[32m"table-header"[31m
          [36m>[31m
            [36m<tr[31m
              [33mclass[31m=[32m"hover:bg-muted/50 data-[state=selected]:bg-muted border-b transition-colors"[31m
              [33mdata-slot[31m=[32m"table-row"[31m
            [36m>[31m
              [36m<th[31m
                [33mclass[31m=[32m"text-foreground h-10 px-2 text-left align-middle font-medium whitespace-nowrap [&:has([role=checkbox])]:pr-0 [&>[role=checkbox]]:translate-y-[2px] w-12"[31m
                [33mdata-slot[31m=[32m"table-head"[31m
              [36m>[31m
                [36m<button[31m
                  [33maria-checked[31m=[32m"false"[31m
                  [33maria-label[31m=[32m"Zaznacz wszystkie"[31m
                  [33mclass[31m=[32m"peer border-input dark:bg-input/30 data-[state=checked]:bg-primary data-[state=checked]:text-primary-foreground dark:data-[state=checked]:bg-primary data-[state=checked]:border-primary focus-visible:border-ring focus-visible:ring-ring/50 aria-invalid:ring-destructive/20 dark:aria-invalid:ring-destructive/40 aria-invalid:border-destructive size-4 shrink-0 rounded-[4px] border shadow-xs transition-shadow outline-none focus-visible:ring-[3px] disabled:cursor-not-allowed disabled:opacity-50"[31m
                  [33mdata-slot[31m=[32m"checkbox"[31m
                  [33mdata-state[31m=[32m"unchecked"[31m
                  [33mrole[31m=[32m"checkbox"[31m
                  [33mtype[31m=[32m"button"[31m
                  [33mvalue[31m=[32m"on"[31m
                [36m/>[31m
              [36m</th>[31m
              [36m<th[31m
                [33mclass[31m=[32m"text-foreground h-10 px-2 text-left align-middle font-medium whitespace-nowrap [&:has([role=checkbox])]:pr-0 [&>[role=checkbox]]:translate-y-[2px]"[31m
                [33mdata-slot[31m=[32m"table-head"[31m
              [36m>[31m
                [0mNazwa[0m
              [36m</th>[31m
              [36m<th[31m
                [33mclass[31m=[32m"text-foreground h-10 px-2 text-left align-middle font-medium whitespace-nowrap [&:has([role=checkbox])]:pr-0 [&>[role=checkbox]]:translate-y-[2px]"[31m
                [33mdata-slot[31m=[32m"table-head"[31m
              [36m>[31m
                [0mSKU[0m
              [36m</th>[31m
              [36m<th[31m
                [33mclass[31m=[32m"text-foreground h-10 px-2 text-left align-middle font-medium whitespace-nowrap [&:has([role=checkbox])]:pr-0 [&>[role=checkbox]]:translate-y-[2px]"[31m
                [33mdata-slot[31m=[32m"table-head"[31m
              [36m>[31m
                [0mStatus[0m
              [36m</th>[31m
              [36m<th[31m
                [33mclass[31m=[32m"text-foreground h-10 px-2 text-left align-middle font-medium whitespace-nowrap [&:has([role=checkbox])]:pr-0 [&>[role=checkbox]]:translate-y-[2px]"[31m
                [33mdata-slot[31m=[32m"table-head"[31m
              [36m>[31m
                [0mKategorie[0m
              [36m</th>[31m
              [36m<th[31m
                [33mclass[31m=[32m"text-foreground h-10 px-2 text-left align-middle font-medium whitespace-nowrap [&:has([role=checkbox])]:pr-0 [&>[role=checkbox]]:translate-y-[2px]"[31m
                [33mdata-slot[31m=[32m"table-head"[31m
              [36m>[31m
                [0mOstatnia aktualizacja[0m
              [36m</th>[31m
            [36m</tr>[31m
          [36m</thead>[31m
          [36m<tbody[31m
            [33mclass[31m=[32m"[&_tr:last-child]:border-0"[31m
            [33mdata-slot[31m=[32m"table-body"[31m
          [36m>[31m
            [36m<tr[31m
              [33mclass[31m=[32m"hover:bg-muted/50 data-[state=selected]:bg-muted border-b transition-colors"[31m
              [33mdata-slot[31m=[32m"table-row"[31m
            [36m>[31m
              [36m<td[31m
                [33mclass[31m=[32m"p-2 align-middle whitespace-nowrap [&:has([role=checkbox])]:pr-0 [&>[role=checkbox]]:translate-y-[2px]"[31m
                [33mdata-slot[31m=[32m"table-cell"[31m
              [36m>[31m
                [36m<button[31m
                  [33maria-checked[31m=[32m"false"[31m
                  [33maria-label[31m=[32m"Zaznacz Product 1"[31m
                  [33mclass[31m=[32m"peer border-input dark:bg-input/30 data-[state=checked]:bg-primary data-[state=checked]:text-primary-foreground dark:data-[state=checked]:bg-primary data-[state=checked]:border-primary focus-visible:border-ring focus-visible:ring-ring/50 aria-invalid:ring-destructive/20 dark:aria-invalid:ring-destructive/40 aria-invalid:border-destructive size-4 shrink-0 rounded-[4px] border shadow-xs transition-shadow outline-none focus-visible:ring-[3px] disabled:cursor-not-allowed disabled:opacity-50"[31m
                  [33mdata-slot[31m=[32m"checkbox"[31m
                  [33mdata-state[31m=[32m"unchecked"[31m
                  [33mrole[31m=[32m"checkbox"[31m
                  [33mtype[31m=[32m"button"[31m
                  [33mvalue[31m=[32m"on"[31m
                [36m/>[31m
              [36m</td>[31m
              [36m<td[31m
                [33mclass[31m=[32m"p-2 align-middle whitespace-nowrap [&:has([role=checkbox])]:pr-0 [&>[role=checkbox]]:translate-y-[2px]"[31m
                [33mdata-slot[31m=[32m"table-cell"[31m
              [36m>[31m
                [36m<button[31m
                  [33mclass[31m=[32m"text-left hover:text-primary"[31m
                [36m>[31m
                  [0mProduct 1[0m
                [36m</button>[31m
              [36m</td>[31m
              [36m<td[31m
                [33mclass[31m=[32m"p-2 align-middle whitespace-nowrap [&:has([role=checkbox])]:pr-0 [&>[role=checkbox]]:translate-y-[2px]"[31m
                [33mdata-slot[31m=[32m"table-cell"[31m
              [36m/>[31m
              [36m<td[31m
                [33mclass[31m=[32m"p-2 align-middle whitespace-nowrap [&:has([role=checkbox])]:pr-0 [&>[role=checkbox]]:translate-y-[2px]"[31m
                [33mdata-slot[31m=[32m"table-cell"[31m
              [36m>[31m
                [0mactive[0m
              [36m</td>[31m
              [36m<td[31m
                [33mclass[31m=[32m"p-2 align-middle whitespace-nowrap [&:has([role=checkbox])]:pr-0 [&>[role=checkbox]]:translate-y-[2px]"[31m
                [33mdata-slot[31m=[32m"table-cell"[31m
              [36m/>[31m
              [36m<td[31m
                [33mclass[31m=[32m"p-2 align-middle whitespace-nowrap [&:has([role=checkbox])]:pr-0 [&>[role=checkbox]]:translate-y-[2px]"[31m
                [33mdata-slot[31m=[32m"table-cell"[31m
              [36m>[31m
                [0mInvalid Date[0m
              [36m</td>[31m
            [36m</tr>[31m
            [36m<tr[31m
              [33mclass[31m=[32m"hover:bg-muted/50 data-[state=selected]:bg-muted border-b transition-colors"[31m
              [33mdata-slot[31m=[32m"table-row"[31m
            [36m>[31m
              [36m<td[31m
                [33mclass[31m=[32m"p-2 align-middle whitespace-nowrap [&:has([role=checkbox])]:pr-0 [&>[role=checkbox]]:translate-y-[2px]"[31m
                [33mdata-slot[31m=[32m"table-cell"[31m
              [36m>[31m
                [36m<button[31m
                  [33maria-checked[31m=[32m"false"[31m
                  [33maria-label[31m=[32m"Zaznacz Product 2"[31m
                  [33mclass[31m=[32m"peer border-input dark:bg-input/30 data-[state=checked]:bg-primary data-[state=checked]:text-primary-foreground dark:data-[state=checked]:bg-primary data-[state=checked]:border-primary focus-visible:border-ring focus-visible:ring-ring/50 aria-invalid:ring-destructive/20 dark:aria-invalid:ring-destructive/40 aria-invalid:border-destructive size-4 shrink-0 rounded-[4px] border shadow-xs transition-shadow outline-none focus-visible:ring-[3px] disabled:cursor-not-allowed disabled:opacity-50"[31m
                  [33mdata-slot[31m=[32m"checkbox"[31m
                  [33mdata-state[31m=[32m"unchecked"[31m
                  [33mrole[31m=[32m"checkbox"[31m
                  [33mtype[31m=[32m"button"[31m
                  [33mvalue[31m=[32m"on"[31m
                [36m/>[31m
              [36m</td>[31m
              [36m<td[31m
                [33mclass[31m=[32m"p-2 align-middle whitespace-nowrap [&:has([role=checkbox])]:pr-0 [&>[role=checkbox]]:translate-y-[2px]"[31m
                [33mdata-slot[31m=[32m"table-cell"[31m
              [36m>[31m
                [36m<button[31m
                  [33mclass[31m=[32m"text-left hover:text-primary"[31m
                [36m>[31m
                  [0mProduct 2[0m
                [36m</button>[31m
              [36m</td>[31m
              [36m<td[31m
                [33mclass[31m=[32m"p-2 align-middle whitespace-nowrap [&:has([role=checkbox])]:pr-0 [&>[role=checkbox]]:translate-y-[2px]"[31m
                [33mdata-slot[31m=[32m"table-cell"[31m
              [36m/>[31m
              [36m<td[31m
                [33mclass[31m=[32m"p-2 align-middle whitespace-nowrap [&:has([role=checkbox])]:pr-0 [&>[role=checkbox]]:translate-y-[2px]"[31m
                [33mdata-slot[31m=[32m"table-cell"[31m
              [36m>[31m
                [0minactive[0m
              [36m</td>[31m
              [36m<td[31m
                [33mclass[31m=[32m"p-2 align-middle whitespace-nowrap [&:has([role=checkbox])]:pr-0 [&>[role=checkbox]]:translate-y-[2px]"[31m
                [33mdata-slot[31m=[32m"table-cell"[31m
              [36m/>[31m
              [36m<td[31m
                [33mclass[31m=[32m"p-2 align-middle whitespace-nowrap [&:has([role=checkbox])]:pr-0 [&>[role=checkbox]]:translate-y-[2px]"[31m
                [33mdata-slot[31m=[32m"table-cell"[31m
              [36m>[31m
                [0mInvalid Date[0m
              [36m</td>[31m
            [36m</tr>[31m
          [36m</tbody>[31m
        [36m</table>[31m
      [36m</div>[31m
    [36m</div>[31m
    [36m<div[31m
      [33mclass[31m=[32m"mt-4"[31m
    [36m/>[31m
  [36m</div>[31m
[36m</body>[31m[39m
 [31m×[39m src/components/__tests__/ProductPreviewModal.test.tsx[2m > [22mProductPreviewModal[2m > [22mInteractions[2m > [22mshould expand/collapse accordion sections[33m 1308[2mms[22m[39m
[31m   → Unable to find an element with the text: Short description. This could be because the text is broken up by multiple elements. In this case, you can provide a function for your text matcher to make your matcher more flexible.

Ignored nodes: comments, script, style
[36m<body[31m
  [33mdata-scroll-locked[31m=[32m"1"[31m
  [33mstyle[31m=[32m"pointer-events: none;"[31m
[36m>[31m
  [36m<span[31m
    [33maria-hidden[31m=[32m"true"[31m
    [33mdata-aria-hidden[31m=[32m"true"[31m
    [33mdata-radix-focus-guard[31m=[32m""[31m
    [33mstyle[31m=[32m"opacity: 0; position: fixed; pointer-events: none; outline-color: none; outline-style: none; outline-width: initial;"[31m
    [33mtabindex[31m=[32m"0"[31m
  [36m/>[31m
  [36m<div[31m
    [33maria-hidden[31m=[32m"true"[31m
    [33mdata-aria-hidden[31m=[32m"true"[31m
  [36m/>[31m
  [36m<div[31m
    [33maria-hidden[31m=[32m"true"[31m
    [33mclass[31m=[32m"data-[state=open]:animate-in data-[state=closed]:animate-out data-[state=closed]:fade-out-0 data-[state=open]:fade-in-0 fixed inset-0 z-50 bg-black/50"[31m
    [33mdata-aria-hidden[31m=[32m"true"[31m
    [33mdata-slot[31m=[32m"dialog-overlay"[31m
    [33mdata-state[31m=[32m"open"[31m
    [33mstyle[31m=[32m"pointer-events: auto;"[31m
  [36m/>[31m
  [36m<div[31m
    [33maria-describedby[31m=[32m"radix-«r11»"[31m
    [33maria-labelledby[31m=[32m"radix-«r10»"[31m
    [33mclass[31m=[32m"bg-background data-[state=open]:animate-in data-[state=closed]:animate-out data-[state=closed]:fade-out-0 data-[state=open]:fade-in-0 data-[state=closed]:zoom-out-95 data-[state=open]:zoom-in-95 fixed top-[50%] left-[50%] z-50 grid w-full translate-x-[-50%] translate-y-[-50%] gap-4 rounded-lg border p-6 shadow-lg duration-200 sm:max-w-lg max-w-3xl max-h-[80vh] overflow-y-auto"[31m
    [33mdata-slot[31m=[32m"dialog-content"[31m
    [33mdata-state[31m=[32m"open"[31m
    [33mid[31m=[32m"radix-«rv»"[31m
    [33mrole[31m=[32m"dialog"[31m
    [33mstyle[31m=[32m"pointer-events: auto;"[31m
    [33mtabindex[31m=[32m"-1"[31m
  [36m>[31m
    [36m<div[31m
      [33mclass[31m=[32m"flex flex-col gap-2 text-center sm:text-left"[31m
      [33mdata-slot[31m=[32m"dialog-header"[31m
    [36m>[31m
      [36m<h2[31m
        [33mclass[31m=[32m"text-lg leading-none font-semibold"[31m
        [33mdata-slot[31m=[32m"dialog-title"[31m
        [33mid[31m=[32m"radix-«r10»"[31m
      [36m>[31m
        [0mTest Product[0m
      [36m</h2>[31m
      [36m<p[31m
        [33mclass[31m=[32m"text-muted-foreground text-sm"[31m
        [33mdata-slot[31m=[32m"dialog-description"[31m
        [33mid[31m=[32m"radix-«r11»"[31m
      [36m/>[31m
    [36m</div>[31m
    [36m<div[31m
      [33mclass[31m=[32m"space-y-4"[31m
    [36m>[31m
      [36m<div[31m
        [33mclass[31m=[32m"space-y-2"[31m
      [36m>[31m
        [36m<div[31m
          [33mclass[31m=[32m"flex items-center gap-2"[31m
        [36m>[31m
          [36m<span[31m
            [33mclass[31m=[32m"text-sm font-medium"[31m
          [36m>[31m
            [0mStatus:[0m
          [36m</span>[31m
          [36m<span[31m
            [33mclass[31m=[32m"text-sm text-gray-600"[31m
          [36m>[31m
            [0mSzkic[0m
          [36m</span>[31m
        [36m</div>[31m
        [36m<div[31m
          [33mclass[31m=[32m"text-sm text-muted-foreground"[31m
        [36m>[31m
          [0mUtworzono: [0m
          [0m15 paź 2025, 14:00[0m
        [36m</div>[31m
        [36m<div[31m
          [33mclass[31m=[32m"text-sm text-muted-foreground"[31m
        [36m>[31m
          [0mOstatnia synchronizacja: [0m
          [0m15 paź 2025, 15:00[0m
        [36m</div>[31m
      [36m</div>[31m
      [36m<div[31m
        [33mclass[31m=[32m"w-full"[31m
        [33mdata-orientation[31m=[32m"vertical"[31m
        [33mdata-slot[31m=[32m"accordion"[31m
      [36m>[31m
        [36m<div[31m
          [33mclass[31m=[32m"border-b last:border-b-0"[31m
          [33mdata-orientation[31m=[32m"vertical"[31m
          [33mdata-slot[31m=[32m"accordion-item"[31m
          [33mdata-state[31m=[32m"closed"[31m
        [36m>[31m
          [36m<h3[31m
            [33mclass[31m=[32m"flex"[31m
            [33mdata-orientation[31m=[32m"vertical"[31m
            [33mdata-state[31m=[32m"closed"[31m
          [36m>[31m
            [36m<button[31m
              [33maria-controls[31m=[32m"radix-«r13»"[31m
              [33maria-expanded[31m=[32m"false"[31m
              [33mclass[31m=[32m"focus-visible:border-ring focus-visible:ring-ring/50 flex flex-1 items-start justify-between gap-4 rounded-md py-4 text-left text-sm font-medium transition-all outline-none hover:underline focus-visible:ring-[3px] disabled:pointer-events-none disabled:opacity-50 [&[data-state=open]>svg]:rotate-180"[31m
              [33mdata-orientation[31m=[32m"vertical"[31m
              [33mdata-radix-collection-item[31m=[32m""[31m
              [33mdata-slot[31m=[32m"accordion-trigger"[31m
              [33mdata-state[31m=[32m"closed"[31m
              [33mid[31m=[32m"radix-«r12»"[31m
              [33mtype[31m=[32m"button"[31m
            [36m>[31m
              [0mKrótki opis[0m
              [36m<svg[31m
                [33mclass[31m=[32m"lucide lucide-chevron-down text-muted-foreground pointer-events-none size-4 shrink-0 translate-y-0.5 transition-transform duration-200"[31m
                [33mfill[31m=[32m"none"[31m
                [33mheight[31m=[32m"24"[31m
                [33mstroke[31m=[32m"currentColor"[31m
                [33mstroke-linecap[31m=[32m"round"[31m
                [33mstroke-linejoin[31m=[32m"round"[31m
                [33mstroke-width[31m=[32m"2"[31m
                [33mviewBox[31m=[32m"0 0 24 24"[31m
                [33mwidth[31m=[32m"24"[31m
                [33mxmlns[31m=[32m"http://www.w3.org/2000/svg"[31m
              [36m>[31m
                [36m<path[31m
                  [33md[31m=[32m"m6 9 6 6 6-6"[31m
                [36m/>[31m
              [36m</svg>[31m
            [36m</button>[31m
          [36m</h3>[31m
          [36m<div[31m
            [33maria-labelledby[31m=[32m"radix-«r12»"[31m
            [33mclass[31m=[32m"data-[state=closed]:animate-accordion-up data-[state=open]:animate-accordion-down overflow-hidden text-sm"[31m
            [33mdata-orientation[31m=[32m"vertical"[31m
            [33mdata-slot[31m=[32m"accordion-content"[31m
            [33mdata-state[31m=[32m"closed"[31m
            [33mhidden[31m=[32m""[31m
            [33mid[31m=[32m"radix-«r13»"[31m
            [33mrole[31m=[32m"region"[31m
            [33mstyle[31m=[32m"--radix-accordion-content-height: var(--radix-collapsible-content-height); --radix-accordion-content-width: var(--radix-collapsible-content-width);"[31m
          [36m/>[31m
        [36m</div>[31m
        [36m<div[31m
          [33mclass[31m=[32m"border-b last:border-b-0"[31m
          [33mdata-orientation[31m=[32m"vertica...

Ignored nodes: comments, script, style
[36m<html>[31m
  [36m<head />[31m
  [36m<body[31m
    [33mdata-scroll-locked[31m=[32m"1"[31m
    [33mstyle[31m=[32m"pointer-events: none;"[31m
  [36m>[31m
    [36m<span[31m
      [33maria-hidden[31m=[32m"true"[31m
      [33mdata-aria-hidden[31m=[32m"true"[31m
      [33mdata-radix-focus-guard[31m=[32m""[31m
      [33mstyle[31m=[32m"opacity: 0; position: fixed; pointer-events: none; outline-color: none; outline-style: none; outline-width: initial;"[31m
      [33mtabindex[31m=[32m"0"[31m
    [36m/>[31m
    [36m<div[31m
      [33maria-hidden[31m=[32m"true"[31m
      [33mdata-aria-hidden[31m=[32m"true"[31m
    [36m/>[31m
    [36m<div[31m
      [33maria-hidden[31m=[32m"true"[31m
      [33mclass[31m=[32m"data-[state=open]:animate-in data-[state=closed]:animate-out data-[state=closed]:fade-out-0 data-[state=open]:fade-in-0 fixed inset-0 z-50 bg-black/50"[31m
      [33mdata-aria-hidden[31m=[32m"true"[31m
      [33mdata-slot[31m=[32m"dialog-overlay"[31m
      [33mdata-state[31m=[32m"open"[31m
      [33mstyle[31m=[32m"pointer-events: auto;"[31m
    [36m/>[31m
    [36m<div[31m
      [33maria-describedby[31m=[32m"radix-«r11»"[31m
      [33maria-labelledby[31m=[32m"radix-«r10»"[31m
      [33mclass[31m=[32m"bg-background data-[state=open]:animate-in data-[state=closed]:animate-out data-[state=closed]:fade-out-0 data-[state=open]:fade-in-0 data-[state=closed]:zoom-out-95 data-[state=open]:zoom-in-95 fixed top-[50%] left-[50%] z-50 grid w-full translate-x-[-50%] translate-y-[-50%] gap-4 rounded-lg border p-6 shadow-lg duration-200 sm:max-w-lg max-w-3xl max-h-[80vh] overflow-y-auto"[31m
      [33mdata-slot[31m=[32m"dialog-content"[31m
      [33mdata-state[31m=[32m"open"[31m
      [33mid[31m=[32m"radix-«rv»"[31m
      [33mrole[31m=[32m"dialog"[31m
      [33mstyle[31m=[32m"pointer-events: auto;"[31m
      [33mtabindex[31m=[32m"-1"[31m
    [36m>[31m
      [36m<div[31m
        [33mclass[31m=[32m"flex flex-col gap-2 text-center sm:text-left"[31m
        [33mdata-slot[31m=[32m"dialog-header"[31m
      [36m>[31m
        [36m<h2[31m
          [33mclass[31m=[32m"text-lg leading-none font-semibold"[31m
          [33mdata-slot[31m=[32m"dialog-title"[31m
          [33mid[31m=[32m"radix-«r10»"[31m
        [36m>[31m
          [0mTest Product[0m
        [36m</h2>[31m
        [36m<p[31m
          [33mclass[31m=[32m"text-muted-foreground text-sm"[31m
          [33mdata-slot[31m=[32m"dialog-description"[31m
          [33mid[31m=[32m"radix-«r11»"[31m
        [36m/>[31m
      [36m</div>[31m
      [36m<div[31m
        [33mclass[31m=[32m"space-y-4"[31m
      [36m>[31m
        [36m<div[31m
          [33mclass[31m=[32m"space-y-2"[31m
        [36m>[31m
          [36m<div[31m
            [33mclass[31m=[32m"flex items-center gap-2"[31m
          [36m>[31m
            [36m<span[31m
              [33mclass[31m=[32m"text-sm font-medium"[31m
            [36m>[31m
              [0mStatus:[0m
            [36m</span>[31m
            [36m<span[31m
              [33mclass[31m=[32m"text-sm text-gray-600"[31m
            [36m>[31m
              [0mSzkic[0m
            [36m</span>[31m
          [36m</div>[31m
          [36m<div[31m
            [33mclass[31m=[32m"text-sm text-muted-foreground"[31m
          [36m>[31m
            [0mUtworzono: [0m
            [0m15 paź 2025, 14:00[0m
          [36m</div>[31m
          [36m<div[31m
            [33mclass[31m=[32m"text-sm text-muted-foreground"[31m
          [36m>[31m
            [0mOstatnia synchronizacja: [0m
            [0m15 paź 2025, 15:00[0m
          [36m</div>[31m
        [36m</div>[31m
        [36m<div[31m
          [33mclass[31m=[32m"w-full"[31m
          [33mdata-orientation[31m=[32m"vertical"[31m
          [33mdata-slot[31m=[32m"accordion"[31m
        [36m>[31m
          [36m<div[31m
            [33mclass[31m=[32m"border-b last:border-b-0"[31m
            [33mdata-orientation[31m=[32m"vertical"[31m
            [33mdata-slot[31m=[32m"accordion-item"[31m
            [33mdata-state[31m=[32m"closed"[31m
          [36m>[31m
            [36m<h3[31m
              [33mclass[31m=[32m"flex"[31m
              [33mdata-orientation[31m=[32m"vertical"[31m
              [33mdata-state[31m=[32m"closed"[31m
            [36m>[31m
              [36m<button[31m
                [33maria-controls[31m=[32m"radix-«r13»"[31m
                [33maria-expanded[31m=[32m"false"[31m
                [33mclass[31m=[32m"focus-visible:border-ring focus-visible:ring-ring/50 flex flex-1 items-start justify-between gap-4 rounded-md py-4 text-left text-sm font-medium transition-all outline-none hover:underline focus-visible:ring-[3px] disabled:pointer-events-none disabled:opacity-50 [&[data-state=open]>svg]:rotate-180"[31m
                [33mdata-orientation[31m=[32m"vertical"[31m
                [33mdata-radix-collection-item[31m=[32m""[31m
                [33mdata-slot[31m=[32m"accordion-trigger"[31m
                [33mdata-state[31m=[32m"closed"[31m
                [33mid[31m=[32m"radix-«r12»"[31m
                [33mtype[31m=[32m"button"[31m
              [36m>[31m
                [0mKrótki opis[0m
                [36m<svg[31m
                  [33mclass[31m=[32m"lucide lucide-chevron-down text-muted-foreground pointer-events-none size-4 shrink-0 translate-y-0.5 transition-transform duration-200"[31m
                  [33mfill[31m=[32m"none"[31m
                  [33mheight[31m=[32m"24"[31m
                  [33mstroke[31m=[32m"currentColor"[31m
                  [33mstroke-linecap[31m=[32m"round"[31m
                  [33mstroke-linejoin[31m=[32m"round"[31m
                  [33mstroke-width[31m=[32m"2"[31m
                  [33mviewBox[31m=[32m"0 0 24 24"[31m
                  [33mwidth[31m=[32m"24"[31m
                  [33mxmlns[31m=[32m"http://www.w3.org/2000/svg"[31m
                [36m>[31m
                  [36m<path[31m
                    [33md[31m=[32m"m6 9 6 6 6-6"[31m
                  [36m/>[31m
                [36m</svg>[31m
              [36m</button>[31m
            [36m</h3>[31m
            [36m<div[31m
              [33maria-labelledby[31m=[32m"radix-«r12»"[31m
              [33mclass[31m=[32m"data-[state=closed]:animate-accordion-up data-[state=open]:animate-accordion-down overflow-hidden text-sm"[31m
              [33mdata-orientation[31m=[32m"vertical"[31m
              [33mdata-slot[31m=[32m"accordion-content"[31m
              [33mdata-state[31m=[32m"closed"[31m
              [33mhidden[31m=[32m""[31m
              [33mid[31m=[32m"radix-«r13»"[31m
              [33mrole[31m=[32m"region"[31m
              [33mstyle[31m=[32m"--radix-accordion-co...[39m
 [32m✓[39m src/components/__tests__/ProductPreviewModal.test.tsx[2m > [22mProductPreviewModal[2m > [22mContent Sanitization[2m > [22mshould sanitize HTML content[32m 53[2mms[22m[39m
 [31m×[39m src/components/__tests__/ProductPreviewModal.test.tsx[2m > [22mProductPreviewModal[2m > [22mDate Formatting[2m > [22mshould format dates correctly[32m 48[2mms[22m[39m
[31m   → Found multiple elements with the text: /15 paź 2025/

Here are the matching elements:

Ignored nodes: comments, script, style
[36m<div[31m
  [33mclass[31m=[32m"text-sm text-muted-foreground"[31m
[36m>[31m
  [0mUtworzono: [0m
  [0m15 paź 2025, 14:00[0m
[36m</div>[31m

Ignored nodes: comments, script, style
[36m<div[31m
  [33mclass[31m=[32m"text-sm text-muted-foreground"[31m
[36m>[31m
  [0mOstatnia synchronizacja: [0m
  [0m15 paź 2025, 15:00[0m
[36m</div>[31m

(If this is intentional, then use the `*AllBy*` variant of the query (like `queryAllByText`, `getAllByText`, or `findAllByText`)).

Ignored nodes: comments, script, style
[36m<body[31m
  [33mdata-scroll-locked[31m=[32m"1"[31m
  [33mstyle[31m=[32m"pointer-events: none;"[31m
[36m>[31m
  [36m<span[31m
    [33maria-hidden[31m=[32m"true"[31m
    [33mdata-aria-hidden[31m=[32m"true"[31m
    [33mdata-radix-focus-guard[31m=[32m""[31m
    [33mstyle[31m=[32m"opacity: 0; position: fixed; pointer-events: none; outline-color: none; outline-style: none; outline-width: initial;"[31m
    [33mtabindex[31m=[32m"0"[31m
  [36m/>[31m
  [36m<div[31m
    [33maria-hidden[31m=[32m"true"[31m
    [33mdata-aria-hidden[31m=[32m"true"[31m
  [36m/>[31m
  [36m<div[31m
    [33maria-hidden[31m=[32m"true"[31m
    [33mclass[31m=[32m"data-[state=open]:animate-in data-[state=closed]:animate-out data-[state=closed]:fade-out-0 data-[state=open]:fade-in-0 fixed inset-0 z-50 bg-black/50"[31m
    [33mdata-aria-hidden[31m=[32m"true"[31m
    [33mdata-slot[31m=[32m"dialog-overlay"[31m
    [33mdata-state[31m=[32m"open"[31m
    [33mstyle[31m=[32m"pointer-events: auto;"[31m
  [36m/>[31m
  [36m<div[31m
    [33maria-describedby[31m=[32m"radix-«r1n»"[31m
    [33maria-labelledby[31m=[32m"radix-«r1m»"[31m
    [33mclass[31m=[32m"bg-background data-[state=open]:animate-in data-[state=closed]:animate-out data-[state=closed]:fade-out-0 data-[state=open]:fade-in-0 data-[state=closed]:zoom-out-95 data-[state=open]:zoom-in-95 fixed top-[50%] left-[50%] z-50 grid w-full translate-x-[-50%] translate-y-[-50%] gap-4 rounded-lg border p-6 shadow-lg duration-200 sm:max-w-lg max-w-3xl max-h-[80vh] overflow-y-auto"[31m
    [33mdata-slot[31m=[32m"dialog-content"[31m
    [33mdata-state[31m=[32m"open"[31m
    [33mid[31m=[32m"radix-«r1l»"[31m
    [33mrole[31m=[32m"dialog"[31m
    [33mstyle[31m=[32m"pointer-events: auto;"[31m
    [33mtabindex[31m=[32m"-1"[31m
  [36m>[31m
    [36m<div[31m
      [33mclass[31m=[32m"flex flex-col gap-2 text-center sm:text-left"[31m
      [33mdata-slot[31m=[32m"dialog-header"[31m
    [36m>[31m
      [36m<h2[31m
        [33mclass[31m=[32m"text-lg leading-none font-semibold"[31m
        [33mdata-slot[31m=[32m"dialog-title"[31m
        [33mid[31m=[32m"radix-«r1m»"[31m
      [36m>[31m
        [0mTest Product[0m
      [36m</h2>[31m
      [36m<p[31m
        [33mclass[31m=[32m"text-muted-foreground text-sm"[31m
        [33mdata-slot[31m=[32m"dialog-description"[31m
        [33mid[31m=[32m"radix-«r1n»"[31m
      [36m/>[31m
    [36m</div>[31m
    [36m<div[31m
      [33mclass[31m=[32m"space-y-4"[31m
    [36m>[31m
      [36m<div[31m
        [33mclass[31m=[32m"space-y-2"[31m
      [36m>[31m
        [36m<div[31m
          [33mclass[31m=[32m"flex items-center gap-2"[31m
        [36m>[31m
          [36m<span[31m
            [33mclass[31m=[32m"text-sm font-medium"[31m
          [36m>[31m
            [0mStatus:[0m
          [36m</span>[31m
          [36m<span[31m
            [33mclass[31m=[32m"text-sm text-gray-600"[31m
          [36m>[31m
            [0mSzkic[0m
          [36m</span>[31m
        [36m</div>[31m
        [36m<div[31m
          [33mclass[31m=[32m"text-sm text-muted-foreground"[31m
        [36m>[31m
          [0mUtworzono: [0m
          [0m15 paź 2025, 14:00[0m
        [36m</div>[31m
        [36m<div[31m
          [33mclass[31m=[32m"text-sm text-muted-foreground"[31m
        [36m>[31m
          [0mOstatnia synchronizacja: [0m
          [0m15 paź 2025, 15:00[0m
        [36m</div>[31m
      [36m</div>[31m
      [36m<div[31m
        [33mclass[31m=[32m"w-full"[31m
        [33mdata-orientation[31m=[32m"vertical"[31m
        [33mdata-slot[31m=[32m"accordion"[31m
      [36m>[31m
        [36m<div[31m
          [33mclass[31m=[32m"border-b last:border-b-0"[31m
          [33mdata-orientation[31m=[32m"vertical"[31m
          [33mdata-slot[31m=[32m"accordion-item"[31m
          [33mdata-state[31m=[32m"closed"[31m
        [36m>[31m
          [36m<h3[31m
            [33mclass[31m=[32m"flex"[31m
            [33mdata-orientation[31m=[32m"vertical"[31m
            [33mdata-state[31m=[32m"closed"[31m
          [36m>[31m
            [36m<button[31m
              [33maria-controls[31m=[32m"radix-«r1p»"[31m
              [33maria-expanded[31m=[32m"false"[31m
              [33mclass[31m=[32m"focus-visible:border-ring focus-visible:ring-ring/50 flex flex-1 items-start justify-between gap-4 rounded-md py-4 text-left text-sm font-medium transition-all outline-none hover:underline focus-visible:ring-[3px] disabled:pointer-events-none disabled:opacity-50 [&[data-state=open]>svg]:rotate-180"[31m
              [33mdata-orientation[31m=[32m"vertical"[31m
              [33mdata-radix-collection-item[31m=[32m""[31m
              [33mdata-slot[31m=[32m"accordion-trigger"[31m
              [33mdata-state[31m=[32m"closed"[31m
              [33mid[31m=[32m"radix-«r1o»"[31m
              [33mtype[31m=[32m"button"[31m
            [36m>[31m
              [0mKrótki opis[0m
              [36m<svg[31m
                [33mclass[31m=[32m"lucide lucide-chevron-down text-muted-foreground pointer-events-none size-4 shrink-0 translate-y-0.5 transition-transform duration-200"[31m
                [33mfill[31m=[32m"none"[31m
                [33mheight[31m=[32m"24"[31m
                [33mstroke[31m=[32m"currentColor"[31m
                [33mstroke-linecap[31m=[32m"round"[31m
                [33mstroke-linejoin[31m=[32m"round"[31m
                [33mstroke-width[31m=[32m"2"[31m
                [33mviewBox[31m=[32m"0 0 24 24"[31m
                [33mwidth[31m=[32m"24"[31m
                [33mxmlns[31m=[32m"http://www.w3.org/2000/svg"[31m
              [36m>[31m
                [36m<path[31m
                  [33md[31m=[32m"m6 9 6 6 6-6"[31m
                [36m/>[31m
              [36m</svg>[31m
            [36m</button>[31m
          [36m</h3>[31m
          [36m<div[31m
            [33maria-labelledby[31m=[32m"radix-«r1o»"[31m
            [33mclass[31m=[32m"data-[state=closed]:animate-accordion-up data-[state=open]:animate-accordion-down overflow-hidden text-sm"[31m
            [33mdata-orientation[31m=[32m"vertical"[31m
            [33mdata-slot[31m=[32m"accordion-content"[31m
            [33mdata-state[31m=[32m"closed"[31m
            [33mhidden[31m=[32m""[31m
            [33mid[31m=[32m"radix-«r1p»"[31m
            [33mrole[31m=[32m"region"[31m
            [33mstyle[31m=[32m"--radix-accordion-content-height: var(--radix-collapsible-content-height); --radix-accordion-content-width: var(--radix-collapsible-content-width);"[31m
          [36m/>[31m
        [36m</div>[31m
        [36m<div[31m
          [33mclass[31m=[32m"border-b last:border-b-0"[31m
          [33mdata-orientation[31m=[32m"vertic...[39m
 [31m×[39m src/components/__tests__/ProductPreviewModal.test.tsx[2m > [22mProductPreviewModal[2m > [22mDate Formatting[2m > [22mshould handle missing dates[32m 50[2mms[22m[39m
[31m   → Unable to find an element with the text: -. This could be because the text is broken up by multiple elements. In this case, you can provide a function for your text matcher to make your matcher more flexible.

Ignored nodes: comments, script, style
[36m<body[31m
  [33mdata-scroll-locked[31m=[32m"1"[31m
  [33mstyle[31m=[32m"pointer-events: none;"[31m
[36m>[31m
  [36m<span[31m
    [33maria-hidden[31m=[32m"true"[31m
    [33mdata-aria-hidden[31m=[32m"true"[31m
    [33mdata-radix-focus-guard[31m=[32m""[31m
    [33mstyle[31m=[32m"opacity: 0; position: fixed; pointer-events: none; outline-color: none; outline-style: none; outline-width: initial;"[31m
    [33mtabindex[31m=[32m"0"[31m
  [36m/>[31m
  [36m<div[31m
    [33maria-hidden[31m=[32m"true"[31m
    [33mdata-aria-hidden[31m=[32m"true"[31m
  [36m/>[31m
  [36m<div[31m
    [33maria-hidden[31m=[32m"true"[31m
    [33mclass[31m=[32m"data-[state=open]:animate-in data-[state=closed]:animate-out data-[state=closed]:fade-out-0 data-[state=open]:fade-in-0 fixed inset-0 z-50 bg-black/50"[31m
    [33mdata-aria-hidden[31m=[32m"true"[31m
    [33mdata-slot[31m=[32m"dialog-overlay"[31m
    [33mdata-state[31m=[32m"open"[31m
    [33mstyle[31m=[32m"pointer-events: auto;"[31m
  [36m/>[31m
  [36m<div[31m
    [33maria-describedby[31m=[32m"radix-«r22»"[31m
    [33maria-labelledby[31m=[32m"radix-«r21»"[31m
    [33mclass[31m=[32m"bg-background data-[state=open]:animate-in data-[state=closed]:animate-out data-[state=closed]:fade-out-0 data-[state=open]:fade-in-0 data-[state=closed]:zoom-out-95 data-[state=open]:zoom-in-95 fixed top-[50%] left-[50%] z-50 grid w-full translate-x-[-50%] translate-y-[-50%] gap-4 rounded-lg border p-6 shadow-lg duration-200 sm:max-w-lg max-w-3xl max-h-[80vh] overflow-y-auto"[31m
    [33mdata-slot[31m=[32m"dialog-content"[31m
    [33mdata-state[31m=[32m"open"[31m
    [33mid[31m=[32m"radix-«r20»"[31m
    [33mrole[31m=[32m"dialog"[31m
    [33mstyle[31m=[32m"pointer-events: auto;"[31m
    [33mtabindex[31m=[32m"-1"[31m
  [36m>[31m
    [36m<div[31m
      [33mclass[31m=[32m"flex flex-col gap-2 text-center sm:text-left"[31m
      [33mdata-slot[31m=[32m"dialog-header"[31m
    [36m>[31m
      [36m<h2[31m
        [33mclass[31m=[32m"text-lg leading-none font-semibold"[31m
        [33mdata-slot[31m=[32m"dialog-title"[31m
        [33mid[31m=[32m"radix-«r21»"[31m
      [36m>[31m
        [0mTest Product[0m
      [36m</h2>[31m
      [36m<p[31m
        [33mclass[31m=[32m"text-muted-foreground text-sm"[31m
        [33mdata-slot[31m=[32m"dialog-description"[31m
        [33mid[31m=[32m"radix-«r22»"[31m
      [36m/>[31m
    [36m</div>[31m
    [36m<div[31m
      [33mclass[31m=[32m"space-y-4"[31m
    [36m>[31m
      [36m<div[31m
        [33mclass[31m=[32m"space-y-2"[31m
      [36m>[31m
        [36m<div[31m
          [33mclass[31m=[32m"flex items-center gap-2"[31m
        [36m>[31m
          [36m<span[31m
            [33mclass[31m=[32m"text-sm font-medium"[31m
          [36m>[31m
            [0mStatus:[0m
          [36m</span>[31m
          [36m<span[31m
            [33mclass[31m=[32m"text-sm text-gray-600"[31m
          [36m>[31m
            [0mSzkic[0m
          [36m</span>[31m
        [36m</div>[31m
        [36m<div[31m
          [33mclass[31m=[32m"text-sm text-muted-foreground"[31m
        [36m>[31m
          [0mUtworzono: [0m
          [0m-[0m
        [36m</div>[31m
        [36m<div[31m
          [33mclass[31m=[32m"text-sm text-muted-foreground"[31m
        [36m>[31m
          [0mOstatnia synchronizacja: [0m
          [0m-[0m
        [36m</div>[31m
      [36m</div>[31m
      [36m<div[31m
        [33mclass[31m=[32m"w-full"[31m
        [33mdata-orientation[31m=[32m"vertical"[31m
        [33mdata-slot[31m=[32m"accordion"[31m
      [36m>[31m
        [36m<div[31m
          [33mclass[31m=[32m"border-b last:border-b-0"[31m
          [33mdata-orientation[31m=[32m"vertical"[31m
          [33mdata-slot[31m=[32m"accordion-item"[31m
          [33mdata-state[31m=[32m"closed"[31m
        [36m>[31m
          [36m<h3[31m
            [33mclass[31m=[32m"flex"[31m
            [33mdata-orientation[31m=[32m"vertical"[31m
            [33mdata-state[31m=[32m"closed"[31m
          [36m>[31m
            [36m<button[31m
              [33maria-controls[31m=[32m"radix-«r24»"[31m
              [33maria-expanded[31m=[32m"false"[31m
              [33mclass[31m=[32m"focus-visible:border-ring focus-visible:ring-ring/50 flex flex-1 items-start justify-between gap-4 rounded-md py-4 text-left text-sm font-medium transition-all outline-none hover:underline focus-visible:ring-[3px] disabled:pointer-events-none disabled:opacity-50 [&[data-state=open]>svg]:rotate-180"[31m
              [33mdata-orientation[31m=[32m"vertical"[31m
              [33mdata-radix-collection-item[31m=[32m""[31m
              [33mdata-slot[31m=[32m"accordion-trigger"[31m
              [33mdata-state[31m=[32m"closed"[31m
              [33mid[31m=[32m"radix-«r23»"[31m
              [33mtype[31m=[32m"button"[31m
            [36m>[31m
              [0mKrótki opis[0m
              [36m<svg[31m
                [33mclass[31m=[32m"lucide lucide-chevron-down text-muted-foreground pointer-events-none size-4 shrink-0 translate-y-0.5 transition-transform duration-200"[31m
                [33mfill[31m=[32m"none"[31m
                [33mheight[31m=[32m"24"[31m
                [33mstroke[31m=[32m"currentColor"[31m
                [33mstroke-linecap[31m=[32m"round"[31m
                [33mstroke-linejoin[31m=[32m"round"[31m
                [33mstroke-width[31m=[32m"2"[31m
                [33mviewBox[31m=[32m"0 0 24 24"[31m
                [33mwidth[31m=[32m"24"[31m
                [33mxmlns[31m=[32m"http://www.w3.org/2000/svg"[31m
              [36m>[31m
                [36m<path[31m
                  [33md[31m=[32m"m6 9 6 6 6-6"[31m
                [36m/>[31m
              [36m</svg>[31m
            [36m</button>[31m
          [36m</h3>[31m
          [36m<div[31m
            [33maria-labelledby[31m=[32m"radix-«r23»"[31m
            [33mclass[31m=[32m"data-[state=closed]:animate-accordion-up data-[state=open]:animate-accordion-down overflow-hidden text-sm"[31m
            [33mdata-orientation[31m=[32m"vertical"[31m
            [33mdata-slot[31m=[32m"accordion-content"[31m
            [33mdata-state[31m=[32m"closed"[31m
            [33mhidden[31m=[32m""[31m
            [33mid[31m=[32m"radix-«r24»"[31m
            [33mrole[31m=[32m"region"[31m
            [33mstyle[31m=[32m"--radix-accordion-content-height: var(--radix-collapsible-content-height); --radix-accordion-content-width: var(--radix-collapsible-content-width);"[31m
          [36m/>[31m
        [36m</div>[31m
        [36m<div[31m
          [33mclass[31m=[32m"border-b last:border-b-0"[31m
          [33mdata-orientation[31m=[32m"vertical"[31m
          [33mdata-slot...[39m
 [31m×[39m src/components/__tests__/ProductPreviewModal.test.tsx[2m > [22mProductPreviewModal[2m > [22mLists Rendering[2m > [22mshould render empty states for categories and collections[32m 78[2mms[22m[39m
[31m   → Unable to find an element with the text: Brak kategorii. This could be because the text is broken up by multiple elements. In this case, you can provide a function for your text matcher to make your matcher more flexible.

Ignored nodes: comments, script, style
[36m<body[31m
  [33mdata-scroll-locked[31m=[32m"1"[31m
  [33mstyle[31m=[32m"pointer-events: none;"[31m
[36m>[31m
  [36m<span[31m
    [33maria-hidden[31m=[32m"true"[31m
    [33mdata-aria-hidden[31m=[32m"true"[31m
    [33mdata-radix-focus-guard[31m=[32m""[31m
    [33mstyle[31m=[32m"opacity: 0; position: fixed; pointer-events: none; outline-color: none; outline-style: none; outline-width: initial;"[31m
    [33mtabindex[31m=[32m"0"[31m
  [36m/>[31m
  [36m<div[31m
    [33maria-hidden[31m=[32m"true"[31m
    [33mdata-aria-hidden[31m=[32m"true"[31m
  [36m/>[31m
  [36m<div[31m
    [33maria-hidden[31m=[32m"true"[31m
    [33mclass[31m=[32m"data-[state=open]:animate-in data-[state=closed]:animate-out data-[state=closed]:fade-out-0 data-[state=open]:fade-in-0 fixed inset-0 z-50 bg-black/50"[31m
    [33mdata-aria-hidden[31m=[32m"true"[31m
    [33mdata-slot[31m=[32m"dialog-overlay"[31m
    [33mdata-state[31m=[32m"open"[31m
    [33mstyle[31m=[32m"pointer-events: auto;"[31m
  [36m/>[31m
  [36m<div[31m
    [33maria-describedby[31m=[32m"radix-«r2d»"[31m
    [33maria-labelledby[31m=[32m"radix-«r2c»"[31m
    [33mclass[31m=[32m"bg-background data-[state=open]:animate-in data-[state=closed]:animate-out data-[state=closed]:fade-out-0 data-[state=open]:fade-in-0 data-[state=closed]:zoom-out-95 data-[state=open]:zoom-in-95 fixed top-[50%] left-[50%] z-50 grid w-full translate-x-[-50%] translate-y-[-50%] gap-4 rounded-lg border p-6 shadow-lg duration-200 sm:max-w-lg max-w-3xl max-h-[80vh] overflow-y-auto"[31m
    [33mdata-slot[31m=[32m"dialog-content"[31m
    [33mdata-state[31m=[32m"open"[31m
    [33mid[31m=[32m"radix-«r2b»"[31m
    [33mrole[31m=[32m"dialog"[31m
    [33mstyle[31m=[32m"pointer-events: auto;"[31m
    [33mtabindex[31m=[32m"-1"[31m
  [36m>[31m
    [36m<div[31m
      [33mclass[31m=[32m"flex flex-col gap-2 text-center sm:text-left"[31m
      [33mdata-slot[31m=[32m"dialog-header"[31m
    [36m>[31m
      [36m<h2[31m
        [33mclass[31m=[32m"text-lg leading-none font-semibold"[31m
        [33mdata-slot[31m=[32m"dialog-title"[31m
        [33mid[31m=[32m"radix-«r2c»"[31m
      [36m>[31m
        [0mTest Product[0m
      [36m</h2>[31m
      [36m<p[31m
        [33mclass[31m=[32m"text-muted-foreground text-sm"[31m
        [33mdata-slot[31m=[32m"dialog-description"[31m
        [33mid[31m=[32m"radix-«r2d»"[31m
      [36m/>[31m
    [36m</div>[31m
    [36m<div[31m
      [33mclass[31m=[32m"space-y-4"[31m
    [36m>[31m
      [36m<div[31m
        [33mclass[31m=[32m"space-y-2"[31m
      [36m>[31m
        [36m<div[31m
          [33mclass[31m=[32m"flex items-center gap-2"[31m
        [36m>[31m
          [36m<span[31m
            [33mclass[31m=[32m"text-sm font-medium"[31m
          [36m>[31m
            [0mStatus:[0m
          [36m</span>[31m
          [36m<span[31m
            [33mclass[31m=[32m"text-sm text-gray-600"[31m
          [36m>[31m
            [0mSzkic[0m
          [36m</span>[31m
        [36m</div>[31m
        [36m<div[31m
          [33mclass[31m=[32m"text-sm text-muted-foreground"[31m
        [36m>[31m
          [0mUtworzono: [0m
          [0m15 paź 2025, 14:00[0m
        [36m</div>[31m
        [36m<div[31m
          [33mclass[31m=[32m"text-sm text-muted-foreground"[31m
        [36m>[31m
          [0mOstatnia synchronizacja: [0m
          [0m15 paź 2025, 15:00[0m
        [36m</div>[31m
      [36m</div>[31m
      [36m<div[31m
        [33mclass[31m=[32m"w-full"[31m
        [33mdata-orientation[31m=[32m"vertical"[31m
        [33mdata-slot[31m=[32m"accordion"[31m
      [36m>[31m
        [36m<div[31m
          [33mclass[31m=[32m"border-b last:border-b-0"[31m
          [33mdata-orientation[31m=[32m"vertical"[31m
          [33mdata-slot[31m=[32m"accordion-item"[31m
          [33mdata-state[31m=[32m"closed"[31m
        [36m>[31m
          [36m<h3[31m
            [33mclass[31m=[32m"flex"[31m
            [33mdata-orientation[31m=[32m"vertical"[31m
            [33mdata-state[31m=[32m"closed"[31m
          [36m>[31m
            [36m<button[31m
              [33maria-controls[31m=[32m"radix-«r2f»"[31m
              [33maria-expanded[31m=[32m"false"[31m
              [33mclass[31m=[32m"focus-visible:border-ring focus-visible:ring-ring/50 flex flex-1 items-start justify-between gap-4 rounded-md py-4 text-left text-sm font-medium transition-all outline-none hover:underline focus-visible:ring-[3px] disabled:pointer-events-none disabled:opacity-50 [&[data-state=open]>svg]:rotate-180"[31m
              [33mdata-orientation[31m=[32m"vertical"[31m
              [33mdata-radix-collection-item[31m=[32m""[31m
              [33mdata-slot[31m=[32m"accordion-trigger"[31m
              [33mdata-state[31m=[32m"closed"[31m
              [33mid[31m=[32m"radix-«r2e»"[31m
              [33mtype[31m=[32m"button"[31m
            [36m>[31m
              [0mKrótki opis[0m
              [36m<svg[31m
                [33mclass[31m=[32m"lucide lucide-chevron-down text-muted-foreground pointer-events-none size-4 shrink-0 translate-y-0.5 transition-transform duration-200"[31m
                [33mfill[31m=[32m"none"[31m
                [33mheight[31m=[32m"24"[31m
                [33mstroke[31m=[32m"currentColor"[31m
                [33mstroke-linecap[31m=[32m"round"[31m
                [33mstroke-linejoin[31m=[32m"round"[31m
                [33mstroke-width[31m=[32m"2"[31m
                [33mviewBox[31m=[32m"0 0 24 24"[31m
                [33mwidth[31m=[32m"24"[31m
                [33mxmlns[31m=[32m"http://www.w3.org/2000/svg"[31m
              [36m>[31m
                [36m<path[31m
                  [33md[31m=[32m"m6 9 6 6 6-6"[31m
                [36m/>[31m
              [36m</svg>[31m
            [36m</button>[31m
          [36m</h3>[31m
          [36m<div[31m
            [33maria-labelledby[31m=[32m"radix-«r2e»"[31m
            [33mclass[31m=[32m"data-[state=closed]:animate-accordion-up data-[state=open]:animate-accordion-down overflow-hidden text-sm"[31m
            [33mdata-orientation[31m=[32m"vertical"[31m
            [33mdata-slot[31m=[32m"accordion-content"[31m
            [33mdata-state[31m=[32m"closed"[31m
            [33mhidden[31m=[32m""[31m
            [33mid[31m=[32m"radix-«r2f»"[31m
            [33mrole[31m=[32m"region"[31m
            [33mstyle[31m=[32m"--radix-accordion-content-height: var(--radix-collapsible-content-height); --radix-accordion-content-width: var(--radix-collapsible-content-width);"[31m
          [36m/>[31m
        [36m</div>[31m
        [36m<div[31m
          [33mclass[31m=[32m"border-b last:border-b-0"[31m
          [33mdata-orientation[31m=[32m"vertic...[39m
 [31m×[39m src/components/__tests__/ProductPreviewModal.test.tsx[2m > [22mProductPreviewModal[2m > [22mLists Rendering[2m > [22mshould render all categories and collections[32m 88[2mms[22m[39m
[31m   → Unable to find an element with the text: Category 1. This could be because the text is broken up by multiple elements. In this case, you can provide a function for your text matcher to make your matcher more flexible.

Ignored nodes: comments, script, style
[36m<body[31m
  [33mdata-scroll-locked[31m=[32m"1"[31m
  [33mstyle[31m=[32m"pointer-events: none;"[31m
[36m>[31m
  [36m<span[31m
    [33maria-hidden[31m=[32m"true"[31m
    [33mdata-aria-hidden[31m=[32m"true"[31m
    [33mdata-radix-focus-guard[31m=[32m""[31m
    [33mstyle[31m=[32m"opacity: 0; position: fixed; pointer-events: none; outline-color: none; outline-style: none; outline-width: initial;"[31m
    [33mtabindex[31m=[32m"0"[31m
  [36m/>[31m
  [36m<div[31m
    [33maria-hidden[31m=[32m"true"[31m
    [33mdata-aria-hidden[31m=[32m"true"[31m
  [36m/>[31m
  [36m<div[31m
    [33maria-hidden[31m=[32m"true"[31m
    [33mclass[31m=[32m"data-[state=open]:animate-in data-[state=closed]:animate-out data-[state=closed]:fade-out-0 data-[state=open]:fade-in-0 fixed inset-0 z-50 bg-black/50"[31m
    [33mdata-aria-hidden[31m=[32m"true"[31m
    [33mdata-slot[31m=[32m"dialog-overlay"[31m
    [33mdata-state[31m=[32m"open"[31m
    [33mstyle[31m=[32m"pointer-events: auto;"[31m
  [36m/>[31m
  [36m<div[31m
    [33maria-describedby[31m=[32m"radix-«r2o»"[31m
    [33maria-labelledby[31m=[32m"radix-«r2n»"[31m
    [33mclass[31m=[32m"bg-background data-[state=open]:animate-in data-[state=closed]:animate-out data-[state=closed]:fade-out-0 data-[state=open]:fade-in-0 data-[state=closed]:zoom-out-95 data-[state=open]:zoom-in-95 fixed top-[50%] left-[50%] z-50 grid w-full translate-x-[-50%] translate-y-[-50%] gap-4 rounded-lg border p-6 shadow-lg duration-200 sm:max-w-lg max-w-3xl max-h-[80vh] overflow-y-auto"[31m
    [33mdata-slot[31m=[32m"dialog-content"[31m
    [33mdata-state[31m=[32m"open"[31m
    [33mid[31m=[32m"radix-«r2m»"[31m
    [33mrole[31m=[32m"dialog"[31m
    [33mstyle[31m=[32m"pointer-events: auto;"[31m
    [33mtabindex[31m=[32m"-1"[31m
  [36m>[31m
    [36m<div[31m
      [33mclass[31m=[32m"flex flex-col gap-2 text-center sm:text-left"[31m
      [33mdata-slot[31m=[32m"dialog-header"[31m
    [36m>[31m
      [36m<h2[31m
        [33mclass[31m=[32m"text-lg leading-none font-semibold"[31m
        [33mdata-slot[31m=[32m"dialog-title"[31m
        [33mid[31m=[32m"radix-«r2n»"[31m
      [36m>[31m
        [0mTest Product[0m
      [36m</h2>[31m
      [36m<p[31m
        [33mclass[31m=[32m"text-muted-foreground text-sm"[31m
        [33mdata-slot[31m=[32m"dialog-description"[31m
        [33mid[31m=[32m"radix-«r2o»"[31m
      [36m/>[31m
    [36m</div>[31m
    [36m<div[31m
      [33mclass[31m=[32m"space-y-4"[31m
    [36m>[31m
      [36m<div[31m
        [33mclass[31m=[32m"space-y-2"[31m
      [36m>[31m
        [36m<div[31m
          [33mclass[31m=[32m"flex items-center gap-2"[31m
        [36m>[31m
          [36m<span[31m
            [33mclass[31m=[32m"text-sm font-medium"[31m
          [36m>[31m
            [0mStatus:[0m
          [36m</span>[31m
          [36m<span[31m
            [33mclass[31m=[32m"text-sm text-gray-600"[31m
          [36m>[31m
            [0mSzkic[0m
          [36m</span>[31m
        [36m</div>[31m
        [36m<div[31m
          [33mclass[31m=[32m"text-sm text-muted-foreground"[31m
        [36m>[31m
          [0mUtworzono: [0m
          [0m15 paź 2025, 14:00[0m
        [36m</div>[31m
        [36m<div[31m
          [33mclass[31m=[32m"text-sm text-muted-foreground"[31m
        [36m>[31m
          [0mOstatnia synchronizacja: [0m
          [0m15 paź 2025, 15:00[0m
        [36m</div>[31m
      [36m</div>[31m
      [36m<div[31m
        [33mclass[31m=[32m"w-full"[31m
        [33mdata-orientation[31m=[32m"vertical"[31m
        [33mdata-slot[31m=[32m"accordion"[31m
      [36m>[31m
        [36m<div[31m
          [33mclass[31m=[32m"border-b last:border-b-0"[31m
          [33mdata-orientation[31m=[32m"vertical"[31m
          [33mdata-slot[31m=[32m"accordion-item"[31m
          [33mdata-state[31m=[32m"closed"[31m
        [36m>[31m
          [36m<h3[31m
            [33mclass[31m=[32m"flex"[31m
            [33mdata-orientation[31m=[32m"vertical"[31m
            [33mdata-state[31m=[32m"closed"[31m
          [36m>[31m
            [36m<button[31m
              [33maria-controls[31m=[32m"radix-«r2q»"[31m
              [33maria-expanded[31m=[32m"false"[31m
              [33mclass[31m=[32m"focus-visible:border-ring focus-visible:ring-ring/50 flex flex-1 items-start justify-between gap-4 rounded-md py-4 text-left text-sm font-medium transition-all outline-none hover:underline focus-visible:ring-[3px] disabled:pointer-events-none disabled:opacity-50 [&[data-state=open]>svg]:rotate-180"[31m
              [33mdata-orientation[31m=[32m"vertical"[31m
              [33mdata-radix-collection-item[31m=[32m""[31m
              [33mdata-slot[31m=[32m"accordion-trigger"[31m
              [33mdata-state[31m=[32m"closed"[31m
              [33mid[31m=[32m"radix-«r2p»"[31m
              [33mtype[31m=[32m"button"[31m
            [36m>[31m
              [0mKrótki opis[0m
              [36m<svg[31m
                [33mclass[31m=[32m"lucide lucide-chevron-down text-muted-foreground pointer-events-none size-4 shrink-0 translate-y-0.5 transition-transform duration-200"[31m
                [33mfill[31m=[32m"none"[31m
                [33mheight[31m=[32m"24"[31m
                [33mstroke[31m=[32m"currentColor"[31m
                [33mstroke-linecap[31m=[32m"round"[31m
                [33mstroke-linejoin[31m=[32m"round"[31m
                [33mstroke-width[31m=[32m"2"[31m
                [33mviewBox[31m=[32m"0 0 24 24"[31m
                [33mwidth[31m=[32m"24"[31m
                [33mxmlns[31m=[32m"http://www.w3.org/2000/svg"[31m
              [36m>[31m
                [36m<path[31m
                  [33md[31m=[32m"m6 9 6 6 6-6"[31m
                [36m/>[31m
              [36m</svg>[31m
            [36m</button>[31m
          [36m</h3>[31m
          [36m<div[31m
            [33maria-labelledby[31m=[32m"radix-«r2p»"[31m
            [33mclass[31m=[32m"data-[state=closed]:animate-accordion-up data-[state=open]:animate-accordion-down overflow-hidden text-sm"[31m
            [33mdata-orientation[31m=[32m"vertical"[31m
            [33mdata-slot[31m=[32m"accordion-content"[31m
            [33mdata-state[31m=[32m"closed"[31m
            [33mhidden[31m=[32m""[31m
            [33mid[31m=[32m"radix-«r2q»"[31m
            [33mrole[31m=[32m"region"[31m
            [33mstyle[31m=[32m"--radix-accordion-content-height: var(--radix-collapsible-content-height); --radix-accordion-content-width: var(--radix-collapsible-content-width);"[31m
          [36m/>[31m
        [36m</div>[31m
        [36m<div[31m
          [33mclass[31m=[32m"border-b last:border-b-0"[31m
          [33mdata-orientation[31m=[32m"vertic...[39m
 [32m✓[39m src/components/pages/DashboardPage/__tests__/DashboardPage.test.tsx[2m > [22mDashboardPage[2m > [22mrenders loading state[32m 66[2mms[22m[39m
 [32m✓[39m src/components/pages/DashboardPage/__tests__/DashboardPage.test.tsx[2m > [22mDashboardPage[2m > [22mrenders error state[32m 22[2mms[22m[39m
 [31m×[39m src/components/filters/FilterDropdown/__tests__/FilterDropdown.test.tsx[2m > [22mFilterDropdown[2m > [22mrenders with default props[32m 272[2mms[22m[39m
[31m   → [2mexpect([22m[31melement[31m[2m).toHaveAttribute([22m[32m[32m"placeholder"[32m[31m[2m, [22m[32m[32m"Wybierz status"[32m[31m[2m) // element.getAttribute("placeholder") === "Wybierz status"[22m

Expected the element to have attribute:
[32m  placeholder="Wybierz status"[31m
Received:
[31m  null[31m[39m
 [31m×[39m src/components/filters/FilterDropdown/__tests__/FilterDropdown.test.tsx[2m > [22mFilterDropdown[2m > [22mrenders with custom label and placeholder[32m 43[2mms[22m[39m
[31m   → [2mexpect([22m[31melement[31m[2m).toHaveAttribute([22m[32m[32m"placeholder"[32m[31m[2m, [22m[32m[32m"Custom Placeholder"[32m[31m[2m) // element.getAttribute("placeholder") === "Custom Placeholder"[22m

Expected the element to have attribute:
[32m  placeholder="Custom Placeholder"[31m
Received:
[31m  null[31m[39m
 [32m✓[39m src/components/filters/FilterDropdown/__tests__/FilterDropdown.test.tsx[2m > [22mFilterDropdown[2m > [22mshows selected value[32m 26[2mms[22m[39m
 [32m✓[39m src/components/pages/DashboardPage/__tests__/DashboardPage.test.tsx[2m > [22mDashboardPage[2m > [22mrenders no data state[32m 11[2mms[22m[39m
 [32m✓[39m src/components/pages/DashboardPage/__tests__/DashboardPage.test.tsx[2m > [22mDashboardPage[2m > [22mrenders dashboard content[32m 41[2mms[22m[39m
[90mstderr[2m | src/components/filters/FilterDropdown/__tests__/FilterDropdown.test.tsx[2m > [22m[2mFilterDropdown[2m > [22m[2mshows all options when clicked
[22m[39mTypeError: target.hasPointerCapture is not a function
    at [90mfile:///C:/projekty/10%20devs%20projekt/10xdevs-projekt/[39mnode_modules/[4m@radix-ui[24m/react-select/dist/index.mjs:194:22
    at handleEvent [90m(file:///C:/projekty/10%20devs%20projekt/10xdevs-projekt/[39mnode_modules/[4m@radix-ui[24m/primitive/dist/index.mjs:7:31[90m)[39m
    at executeDispatch [90m(C:\projekty\10 devs projekt\10xdevs-projekt\[39mnode_modules\[4mreact-dom[24m\cjs\react-dom-client.development.js:16368:9[90m)[39m
    at runWithFiberInDEV [90m(C:\projekty\10 devs projekt\10xdevs-projekt\[39mnode_modules\[4mreact-dom[24m\cjs\react-dom-client.development.js:1522:13[90m)[39m
    at processDispatchQueue [90m(C:\projekty\10 devs projekt\10xdevs-projekt\[39mnode_modules\[4mreact-dom[24m\cjs\react-dom-client.development.js:16418:19[90m)[39m
    at [90mC:\projekty\10 devs projekt\10xdevs-projekt\[39mnode_modules\[4mreact-dom[24m\cjs\react-dom-client.development.js:17016:9
    at batchedUpdates$1 [90m(C:\projekty\10 devs projekt\10xdevs-projekt\[39mnode_modules\[4mreact-dom[24m\cjs\react-dom-client.development.js:3262:40[90m)[39m
    at dispatchEventForPluginEventSystem [90m(C:\projekty\10 devs projekt\10xdevs-projekt\[39mnode_modules\[4mreact-dom[24m\cjs\react-dom-client.development.js:16572:7[90m)[39m
    at dispatchEvent [90m(C:\projekty\10 devs projekt\10xdevs-projekt\[39mnode_modules\[4mreact-dom[24m\cjs\react-dom-client.development.js:20658:11[90m)[39m
    at dispatchDiscreteEvent [90m(C:\projekty\10 devs projekt\10xdevs-projekt\[39mnode_modules\[4mreact-dom[24m\cjs\react-dom-client.development.js:20626:11[90m)[39m

 [31m×[39m src/components/pages/DashboardPage/__tests__/DashboardPage.test.tsx[2m > [22mDashboardPage[2m > [22mcalls refetch when refresh button is clicked[33m 582[2mms[22m[39m
[31m   → Unable to find an accessible element with the role "button" and name "Odśwież"

Here are the accessible roles:

  main:

  Name "":
  [36m<main[31m
    [33mclass[31m=[32m"container mx-auto p-6"[31m
  [36m/>[31m

  --------------------------------------------------
  heading:

  Name "Dashboard":
  [36m<h1[31m
    [33mclass[31m=[32m"text-3xl font-bold"[31m
  [36m/>[31m

  --------------------------------------------------
  button:

  Name "Odśwież dane":
  [36m<button[31m
    [33maria-label[31m=[32m"Odśwież dane"[31m
    [33mclass[31m=[32m"px-4 py-2 text-sm border rounded-md hover:bg-muted"[31m
  [36m/>[31m

  --------------------------------------------------
  region:

  Name "Notifications alt+T":
  [36m<section[31m
    [33maria-atomic[31m=[32m"false"[31m
    [33maria-label[31m=[32m"Notifications alt+T"[31m
    [33maria-live[31m=[32m"polite"[31m
    [33maria-relevant[31m=[32m"additions text"[31m
    [33mtabindex[31m=[32m"-1"[31m
  [36m/>[31m

  --------------------------------------------------

Ignored nodes: comments, script, style
[36m<body>[31m
  [36m<div>[31m
    [36m<main[31m
      [33mclass[31m=[32m"container mx-auto p-6"[31m
    [36m>[31m
      [36m<div[31m
        [33mclass[31m=[32m"flex items-center justify-between mb-6"[31m
      [36m>[31m
        [36m<h1[31m
          [33mclass[31m=[32m"text-3xl font-bold"[31m
        [36m>[31m
          [0mDashboard[0m
        [36m</h1>[31m
        [36m<button[31m
          [33maria-label[31m=[32m"Odśwież dane"[31m
          [33mclass[31m=[32m"px-4 py-2 text-sm border rounded-md hover:bg-muted"[31m
        [36m>[31m
          [0mOdśwież[0m
        [36m</button>[31m
      [36m</div>[31m
      [36m<section[31m
        [33mclass[31m=[32m"grid gap-6 md:grid-cols-2 mb-6"[31m
      [36m>[31m
        [36m<div[31m
          [33mdata-testid[31m=[32m"status-card"[31m
        [36m/>[31m
        [36m<div[31m
          [33mdata-testid[31m=[32m"products-count-card"[31m
        [36m/>[31m
      [36m</section>[31m
      [36m<section>[31m
        [36m<div[31m
          [33mdata-testid[31m=[32m"recent-jobs-table"[31m
        [36m/>[31m
      [36m</section>[31m
      [36m<div[31m
        [33mdata-testid[31m=[32m"api-key-modal"[31m
      [36m/>[31m
      [36m<section[31m
        [33maria-atomic[31m=[32m"false"[31m
        [33maria-label[31m=[32m"Notifications alt+T"[31m
        [33maria-live[31m=[32m"polite"[31m
        [33maria-relevant[31m=[32m"additions text"[31m
        [33mtabindex[31m=[32m"-1"[31m
      [36m/>[31m
    [36m</main>[31m
  [36m</div>[31m
[36m</body>[31m[39m
 [32m✓[39m src/components/pages/DashboardPage/__tests__/DashboardPage.test.tsx[2m > [22mDashboardPage[2m > [22mcalls refetch when retry button is clicked in error state[32m 90[2mms[22m[39m
 [32m✓[39m src/components/pages/DashboardPage/__tests__/DashboardPage.test.tsx[2m > [22mDashboardPage[2m > [22mshows API key modal when shop is not configured[32m 32[2mms[22m[39m
 [32m✓[39m src/components/pages/DashboardPage/__tests__/DashboardPage.test.tsx[2m > [22mDashboardPage[2m > [22mapplies custom className[32m 19[2mms[22m[39m
[90mstderr[2m | src/components/filters/FilterDropdown/__tests__/FilterDropdown.test.tsx[2m > [22m[2mFilterDropdown[2m > [22m[2mcalls onChange with selected value
[22m[39mTypeError: target.hasPointerCapture is not a function
    at [90mfile:///C:/projekty/10%20devs%20projekt/10xdevs-projekt/[39mnode_modules/[4m@radix-ui[24m/react-select/dist/index.mjs:194:22
    at handleEvent [90m(file:///C:/projekty/10%20devs%20projekt/10xdevs-projekt/[39mnode_modules/[4m@radix-ui[24m/primitive/dist/index.mjs:7:31[90m)[39m
    at executeDispatch [90m(C:\projekty\10 devs projekt\10xdevs-projekt\[39mnode_modules\[4mreact-dom[24m\cjs\react-dom-client.development.js:16368:9[90m)[39m
    at runWithFiberInDEV [90m(C:\projekty\10 devs projekt\10xdevs-projekt\[39mnode_modules\[4mreact-dom[24m\cjs\react-dom-client.development.js:1522:13[90m)[39m
    at processDispatchQueue [90m(C:\projekty\10 devs projekt\10xdevs-projekt\[39mnode_modules\[4mreact-dom[24m\cjs\react-dom-client.development.js:16418:19[90m)[39m
    at [90mC:\projekty\10 devs projekt\10xdevs-projekt\[39mnode_modules\[4mreact-dom[24m\cjs\react-dom-client.development.js:17016:9
    at batchedUpdates$1 [90m(C:\projekty\10 devs projekt\10xdevs-projekt\[39mnode_modules\[4mreact-dom[24m\cjs\react-dom-client.development.js:3262:40[90m)[39m
    at dispatchEventForPluginEventSystem [90m(C:\projekty\10 devs projekt\10xdevs-projekt\[39mnode_modules\[4mreact-dom[24m\cjs\react-dom-client.development.js:16572:7[90m)[39m
    at dispatchEvent [90m(C:\projekty\10 devs projekt\10xdevs-projekt\[39mnode_modules\[4mreact-dom[24m\cjs\react-dom-client.development.js:20658:11[90m)[39m
    at dispatchDiscreteEvent [90m(C:\projekty\10 devs projekt\10xdevs-projekt\[39mnode_modules\[4mreact-dom[24m\cjs\react-dom-client.development.js:20626:11[90m)[39m

 [31m×[39m src/components/filters/FilterDropdown/__tests__/FilterDropdown.test.tsx[2m > [22mFilterDropdown[2m > [22mshows all options when clicked[33m 364[2mms[22m[39m
[31m   → Unable to find an accessible element with the role "option" and name "Wszystkie"

Here are the accessible roles:

  combobox:

  Name "Status produktu":
  [36m<button[31m
    [33maria-autocomplete[31m=[32m"none"[31m
    [33maria-controls[31m=[32m"radix-«rg»"[31m
    [33maria-expanded[31m=[32m"false"[31m
    [33mclass[31m=[32m"border-input data-[placeholder]:text-muted-foreground [&_svg:not([class*='text-'])]:text-muted-foreground focus-visible:border-ring focus-visible:ring-ring/50 aria-invalid:ring-destructive/20 dark:aria-invalid:ring-destructive/40 aria-invalid:border-destructive dark:bg-input/30 dark:hover:bg-input/50 flex items-center justify-between gap-2 rounded-md border bg-transparent px-3 py-2 text-sm whitespace-nowrap shadow-xs transition-[color,box-shadow] outline-none focus-visible:ring-[3px] disabled:cursor-not-allowed disabled:opacity-50 data-[size=default]:h-9 data-[size=sm]:h-8 *:data-[slot=select-value]:line-clamp-1 *:data-[slot=select-value]:flex *:data-[slot=select-value]:items-center *:data-[slot=select-value]:gap-2 [&_svg]:pointer-events-none [&_svg]:shrink-0 [&_svg:not([class*='size-'])]:size-4 w-[200px]"[31m
    [33mdata-size[31m=[32m"default"[31m
    [33mdata-slot[31m=[32m"select-trigger"[31m
    [33mdata-state[31m=[32m"closed"[31m
    [33mdir[31m=[32m"ltr"[31m
    [33mid[31m=[32m"«rf»"[31m
    [33mrole[31m=[32m"combobox"[31m
    [33mtype[31m=[32m"button"[31m
  [36m/>[31m

  --------------------------------------------------

Ignored nodes: comments, script, style
[36m<body>[31m
  [36m<div>[31m
    [36m<div[31m
      [33mclass[31m=[32m"space-y-2"[31m
    [36m>[31m
      [36m<label[31m
        [33mclass[31m=[32m"flex items-center gap-2 text-sm leading-none font-medium select-none group-data-[disabled=true]:pointer-events-none group-data-[disabled=true]:opacity-50 peer-disabled:cursor-not-allowed peer-disabled:opacity-50"[31m
        [33mdata-slot[31m=[32m"label"[31m
        [33mfor[31m=[32m"«rf»"[31m
      [36m>[31m
        [0mStatus produktu[0m
      [36m</label>[31m
      [36m<button[31m
        [33maria-autocomplete[31m=[32m"none"[31m
        [33maria-controls[31m=[32m"radix-«rg»"[31m
        [33maria-expanded[31m=[32m"false"[31m
        [33mclass[31m=[32m"border-input data-[placeholder]:text-muted-foreground [&_svg:not([class*='text-'])]:text-muted-foreground focus-visible:border-ring focus-visible:ring-ring/50 aria-invalid:ring-destructive/20 dark:aria-invalid:ring-destructive/40 aria-invalid:border-destructive dark:bg-input/30 dark:hover:bg-input/50 flex items-center justify-between gap-2 rounded-md border bg-transparent px-3 py-2 text-sm whitespace-nowrap shadow-xs transition-[color,box-shadow] outline-none focus-visible:ring-[3px] disabled:cursor-not-allowed disabled:opacity-50 data-[size=default]:h-9 data-[size=sm]:h-8 *:data-[slot=select-value]:line-clamp-1 *:data-[slot=select-value]:flex *:data-[slot=select-value]:items-center *:data-[slot=select-value]:gap-2 [&_svg]:pointer-events-none [&_svg]:shrink-0 [&_svg:not([class*='size-'])]:size-4 w-[200px]"[31m
        [33mdata-size[31m=[32m"default"[31m
        [33mdata-slot[31m=[32m"select-trigger"[31m
        [33mdata-state[31m=[32m"closed"[31m
        [33mdir[31m=[32m"ltr"[31m
        [33mid[31m=[32m"«rf»"[31m
        [33mrole[31m=[32m"combobox"[31m
        [33mtype[31m=[32m"button"[31m
      [36m>[31m
        [36m<span[31m
          [33mdata-slot[31m=[32m"select-value"[31m
          [33mstyle[31m=[32m"pointer-events: none;"[31m
        [36m>[31m
          [0mWszystkie[0m
        [36m</span>[31m
        [36m<svg[31m
          [33maria-hidden[31m=[32m"true"[31m
          [33mclass[31m=[32m"lucide lucide-chevron-down size-4 opacity-50"[31m
          [33mfill[31m=[32m"none"[31m
          [33mheight[31m=[32m"24"[31m
          [33mstroke[31m=[32m"currentColor"[31m
          [33mstroke-linecap[31m=[32m"round"[31m
          [33mstroke-linejoin[31m=[32m"round"[31m
          [33mstroke-width[31m=[32m"2"[31m
          [33mviewBox[31m=[32m"0 0 24 24"[31m
          [33mwidth[31m=[32m"24"[31m
          [33mxmlns[31m=[32m"http://www.w3.org/2000/svg"[31m
        [36m>[31m
          [36m<path[31m
            [33md[31m=[32m"m6 9 6 6 6-6"[31m
          [36m/>[31m
        [36m</svg>[31m
      [36m</button>[31m
    [36m</div>[31m
  [36m</div>[31m
[36m</body>[31m[39m
 [31m×[39m src/components/filters/FilterDropdown/__tests__/FilterDropdown.test.tsx[2m > [22mFilterDropdown[2m > [22mcalls onChange with selected value[32m 122[2mms[22m[39m
[31m   → Unable to find an accessible element with the role "option" and name "Opublikowane"

Here are the accessible roles:

  combobox:

  Name "Status produktu":
  [36m<button[31m
    [33maria-autocomplete[31m=[32m"none"[31m
    [33maria-controls[31m=[32m"radix-«rl»"[31m
    [33maria-expanded[31m=[32m"false"[31m
    [33mclass[31m=[32m"border-input data-[placeholder]:text-muted-foreground [&_svg:not([class*='text-'])]:text-muted-foreground focus-visible:border-ring focus-visible:ring-ring/50 aria-invalid:ring-destructive/20 dark:aria-invalid:ring-destructive/40 aria-invalid:border-destructive dark:bg-input/30 dark:hover:bg-input/50 flex items-center justify-between gap-2 rounded-md border bg-transparent px-3 py-2 text-sm whitespace-nowrap shadow-xs transition-[color,box-shadow] outline-none focus-visible:ring-[3px] disabled:cursor-not-allowed disabled:opacity-50 data-[size=default]:h-9 data-[size=sm]:h-8 *:data-[slot=select-value]:line-clamp-1 *:data-[slot=select-value]:flex *:data-[slot=select-value]:items-center *:data-[slot=select-value]:gap-2 [&_svg]:pointer-events-none [&_svg]:shrink-0 [&_svg:not([class*='size-'])]:size-4 w-[200px]"[31m
    [33mdata-size[31m=[32m"default"[31m
    [33mdata-slot[31m=[32m"select-trigger"[31m
    [33mdata-state[31m=[32m"closed"[31m
    [33mdir[31m=[32m"ltr"[31m
    [33mid[31m=[32m"«rk»"[31m
    [33mrole[31m=[32m"combobox"[31m
    [33mtype[31m=[32m"button"[31m
  [36m/>[31m

  --------------------------------------------------

Ignored nodes: comments, script, style
[36m<body>[31m
  [36m<div>[31m
    [36m<div[31m
      [33mclass[31m=[32m"space-y-2"[31m
    [36m>[31m
      [36m<label[31m
        [33mclass[31m=[32m"flex items-center gap-2 text-sm leading-none font-medium select-none group-data-[disabled=true]:pointer-events-none group-data-[disabled=true]:opacity-50 peer-disabled:cursor-not-allowed peer-disabled:opacity-50"[31m
        [33mdata-slot[31m=[32m"label"[31m
        [33mfor[31m=[32m"«rk»"[31m
      [36m>[31m
        [0mStatus produktu[0m
      [36m</label>[31m
      [36m<button[31m
        [33maria-autocomplete[31m=[32m"none"[31m
        [33maria-controls[31m=[32m"radix-«rl»"[31m
        [33maria-expanded[31m=[32m"false"[31m
        [33mclass[31m=[32m"border-input data-[placeholder]:text-muted-foreground [&_svg:not([class*='text-'])]:text-muted-foreground focus-visible:border-ring focus-visible:ring-ring/50 aria-invalid:ring-destructive/20 dark:aria-invalid:ring-destructive/40 aria-invalid:border-destructive dark:bg-input/30 dark:hover:bg-input/50 flex items-center justify-between gap-2 rounded-md border bg-transparent px-3 py-2 text-sm whitespace-nowrap shadow-xs transition-[color,box-shadow] outline-none focus-visible:ring-[3px] disabled:cursor-not-allowed disabled:opacity-50 data-[size=default]:h-9 data-[size=sm]:h-8 *:data-[slot=select-value]:line-clamp-1 *:data-[slot=select-value]:flex *:data-[slot=select-value]:items-center *:data-[slot=select-value]:gap-2 [&_svg]:pointer-events-none [&_svg]:shrink-0 [&_svg:not([class*='size-'])]:size-4 w-[200px]"[31m
        [33mdata-size[31m=[32m"default"[31m
        [33mdata-slot[31m=[32m"select-trigger"[31m
        [33mdata-state[31m=[32m"closed"[31m
        [33mdir[31m=[32m"ltr"[31m
        [33mid[31m=[32m"«rk»"[31m
        [33mrole[31m=[32m"combobox"[31m
        [33mtype[31m=[32m"button"[31m
      [36m>[31m
        [36m<span[31m
          [33mdata-slot[31m=[32m"select-value"[31m
          [33mstyle[31m=[32m"pointer-events: none;"[31m
        [36m>[31m
          [0mWszystkie[0m
        [36m</span>[31m
        [36m<svg[31m
          [33maria-hidden[31m=[32m"true"[31m
          [33mclass[31m=[32m"lucide lucide-chevron-down size-4 opacity-50"[31m
          [33mfill[31m=[32m"none"[31m
          [33mheight[31m=[32m"24"[31m
          [33mstroke[31m=[32m"currentColor"[31m
          [33mstroke-linecap[31m=[32m"round"[31m
          [33mstroke-linejoin[31m=[32m"round"[31m
          [33mstroke-width[31m=[32m"2"[31m
          [33mviewBox[31m=[32m"0 0 24 24"[31m
          [33mwidth[31m=[32m"24"[31m
          [33mxmlns[31m=[32m"http://www.w3.org/2000/svg"[31m
        [36m>[31m
          [36m<path[31m
            [33md[31m=[32m"m6 9 6 6 6-6"[31m
          [36m/>[31m
        [36m</svg>[31m
      [36m</button>[31m
    [36m</div>[31m
  [36m</div>[31m
[36m</body>[31m[39m
 [32m✓[39m src/components/filters/FilterDropdown/__tests__/FilterDropdown.test.tsx[2m > [22mFilterDropdown[2m > [22mapplies custom className[32m 40[2mms[22m[39m
 [32m✓[39m src/components/filters/FilterDropdown/__tests__/FilterDropdown.test.tsx[2m > [22mFilterDropdown[2m > [22mhandles disabled state[32m 30[2mms[22m[39m
 [32m✓[39m src/components/filters/FilterDropdown/__tests__/FilterDropdown.test.tsx[2m > [22mFilterDropdown[2m > [22mmaintains accessibility attributes[32m 28[2mms[22m[39m
 [32m✓[39m src/components/filters/FilterDropdown/__tests__/FilterDropdown.test.tsx[2m > [22mFilterDropdown[2m > [22mmaintains trigger width[32m 25[2mms[22m[39m
 [31m×[39m src/components/tables/ProductsTable/__tests__/ProductsTable.test.tsx[2m > [22mProductsTable[2m > [22mrenders loading state[33m 632[2mms[22m[39m
[31m   → Unable to find an accessible element with the role "status"

There are no accessible roles. But there might be some inaccessible roles. If you wish to access them, then set the `hidden` option to `true`. Learn more about this here: https://testing-library.com/docs/dom-testing-library/api-queries#byrole

Ignored nodes: comments, script, style
[36m<body>[31m
  [36m<div>[31m
    [36m<div[31m
      [33mclass[31m=[32m"flex items-center justify-center h-64"[31m
    [36m>[31m
      [36m<div[31m
        [33mclass[31m=[32m"animate-spin rounded-full h-8 w-8 border-b-2 border-primary"[31m
      [36m/>[31m
    [36m</div>[31m
  [36m</div>[31m
[36m</body>[31m[39m
 [32m✓[39m src/components/tables/ProductsTable/__tests__/ProductsTable.test.tsx[2m > [22mProductsTable[2m > [22mrenders products list[33m 645[2mms[22m[39m
 [32m✓[39m src/components/tables/ProductsTable/__tests__/ProductsTable.test.tsx[2m > [22mProductsTable[2m > [22mhandles select all checkbox[32m 219[2mms[22m[39m
 [32m✓[39m src/components/tables/ProductsTable/__tests__/ProductsTable.test.tsx[2m > [22mProductsTable[2m > [22mhandles individual product selection[32m 105[2mms[22m[39m
 [32m✓[39m src/components/tables/ProductsTable/__tests__/ProductsTable.test.tsx[2m > [22mProductsTable[2m > [22mopens preview modal on product name click[32m 292[2mms[22m[39m
 [31m×[39m src/components/tables/ProductsTable/__tests__/ProductsTable.test.tsx[2m > [22mProductsTable[2m > [22mhandles pagination changes[32m 39[2mms[22m[39m
[31m   → Unable to find a label with the text of: Następna strona

Ignored nodes: comments, script, style
[36m<body>[31m
  [36m<div>[31m
    [36m<div[31m
      [33mclass[31m=[32m"rounded-md border"[31m
    [36m>[31m
      [36m<div[31m
        [33mclass[31m=[32m"relative w-full overflow-x-auto"[31m
        [33mdata-slot[31m=[32m"table-container"[31m
      [36m>[31m
        [36m<table[31m
          [33mclass[31m=[32m"w-full caption-bottom text-sm"[31m
          [33mdata-slot[31m=[32m"table"[31m
        [36m>[31m
          [36m<thead[31m
            [33mclass[31m=[32m"[&_tr]:border-b"[31m
            [33mdata-slot[31m=[32m"table-header"[31m
          [36m>[31m
            [36m<tr[31m
              [33mclass[31m=[32m"hover:bg-muted/50 data-[state=selected]:bg-muted border-b transition-colors"[31m
              [33mdata-slot[31m=[32m"table-row"[31m
            [36m>[31m
              [36m<th[31m
                [33mclass[31m=[32m"text-foreground h-10 px-2 text-left align-middle font-medium whitespace-nowrap [&:has([role=checkbox])]:pr-0 [&>[role=checkbox]]:translate-y-[2px] w-12"[31m
                [33mdata-slot[31m=[32m"table-head"[31m
              [36m>[31m
                [36m<button[31m
                  [33maria-checked[31m=[32m"false"[31m
                  [33maria-label[31m=[32m"Zaznacz wszystkie"[31m
                  [33mclass[31m=[32m"peer border-input dark:bg-input/30 data-[state=checked]:bg-primary data-[state=checked]:text-primary-foreground dark:data-[state=checked]:bg-primary data-[state=checked]:border-primary focus-visible:border-ring focus-visible:ring-ring/50 aria-invalid:ring-destructive/20 dark:aria-invalid:ring-destructive/40 aria-invalid:border-destructive size-4 shrink-0 rounded-[4px] border shadow-xs transition-shadow outline-none focus-visible:ring-[3px] disabled:cursor-not-allowed disabled:opacity-50"[31m
                  [33mdata-slot[31m=[32m"checkbox"[31m
                  [33mdata-state[31m=[32m"unchecked"[31m
                  [33mrole[31m=[32m"checkbox"[31m
                  [33mtype[31m=[32m"button"[31m
                  [33mvalue[31m=[32m"on"[31m
                [36m/>[31m
              [36m</th>[31m
              [36m<th[31m
                [33mclass[31m=[32m"text-foreground h-10 px-2 text-left align-middle font-medium whitespace-nowrap [&:has([role=checkbox])]:pr-0 [&>[role=checkbox]]:translate-y-[2px]"[31m
                [33mdata-slot[31m=[32m"table-head"[31m
              [36m>[31m
                [0mNazwa[0m
              [36m</th>[31m
              [36m<th[31m
                [33mclass[31m=[32m"text-foreground h-10 px-2 text-left align-middle font-medium whitespace-nowrap [&:has([role=checkbox])]:pr-0 [&>[role=checkbox]]:translate-y-[2px]"[31m
                [33mdata-slot[31m=[32m"table-head"[31m
              [36m>[31m
                [0mSKU[0m
              [36m</th>[31m
              [36m<th[31m
                [33mclass[31m=[32m"text-foreground h-10 px-2 text-left align-middle font-medium whitespace-nowrap [&:has([role=checkbox])]:pr-0 [&>[role=checkbox]]:translate-y-[2px]"[31m
                [33mdata-slot[31m=[32m"table-head"[31m
              [36m>[31m
                [0mStatus[0m
              [36m</th>[31m
              [36m<th[31m
                [33mclass[31m=[32m"text-foreground h-10 px-2 text-left align-middle font-medium whitespace-nowrap [&:has([role=checkbox])]:pr-0 [&>[role=checkbox]]:translate-y-[2px]"[31m
                [33mdata-slot[31m=[32m"table-head"[31m
              [36m>[31m
                [0mKategorie[0m
              [36m</th>[31m
              [36m<th[31m
                [33mclass[31m=[32m"text-foreground h-10 px-2 text-left align-middle font-medium whitespace-nowrap [&:has([role=checkbox])]:pr-0 [&>[role=checkbox]]:translate-y-[2px]"[31m
                [33mdata-slot[31m=[32m"table-head"[31m
              [36m>[31m
                [0mOstatnia aktualizacja[0m
              [36m</th>[31m
            [36m</tr>[31m
          [36m</thead>[31m
          [36m<tbody[31m
            [33mclass[31m=[32m"[&_tr:last-child]:border-0"[31m
            [33mdata-slot[31m=[32m"table-body"[31m
          [36m>[31m
            [36m<tr[31m
              [33mclass[31m=[32m"hover:bg-muted/50 data-[state=selected]:bg-muted border-b transition-colors"[31m
              [33mdata-slot[31m=[32m"table-row"[31m
            [36m>[31m
              [36m<td[31m
                [33mclass[31m=[32m"p-2 align-middle whitespace-nowrap [&:has([role=checkbox])]:pr-0 [&>[role=checkbox]]:translate-y-[2px]"[31m
                [33mdata-slot[31m=[32m"table-cell"[31m
              [36m>[31m
                [36m<button[31m
                  [33maria-checked[31m=[32m"false"[31m
                  [33maria-label[31m=[32m"Zaznacz Product 1"[31m
                  [33mclass[31m=[32m"peer border-input dark:bg-input/30 data-[state=checked]:bg-primary data-[state=checked]:text-primary-foreground dark:data-[state=checked]:bg-primary data-[state=checked]:border-primary focus-visible:border-ring focus-visible:ring-ring/50 aria-invalid:ring-destructive/20 dark:aria-invalid:ring-destructive/40 aria-invalid:border-destructive size-4 shrink-0 rounded-[4px] border shadow-xs transition-shadow outline-none focus-visible:ring-[3px] disabled:cursor-not-allowed disabled:opacity-50"[31m
                  [33mdata-slot[31m=[32m"checkbox"[31m
                  [33mdata-state[31m=[32m"unchecked"[31m
                  [33mrole[31m=[32m"checkbox"[31m
                  [33mtype[31m=[32m"button"[31m
                  [33mvalue[31m=[32m"on"[31m
                [36m/>[31m
              [36m</td>[31m
              [36m<td[31m
                [33mclass[31m=[32m"p-2 align-middle whitespace-nowrap [&:has([role=checkbox])]:pr-0 [&>[role=checkbox]]:translate-y-[2px]"[31m
                [33mdata-slot[31m=[32m"table-cell"[31m
              [36m>[31m
                [36m<button[31m
                  [33mclass[31m=[32m"text-left hover:text-primary"[31m
                [36m>[31m
                  [0mProduct 1[0m
                [36m</button>[31m
              [36m</td>[31m
              [36m<td[31m
                [33mclass[31m=[32m"p-2 align-middle whitespace-nowrap [&:has([role=checkbox])]:pr-0 [&>[role=checkbox]]:translate-y-[2px]"[31m
                [33mdata-slot[31m=[32m"table-cell"[31m
              [36m>[31m
                [0mSKU1[0m
              [36m</td>[31m
              [36m<td[31m
                [33mclass[31m=[32m"p-2 align-middle whitespace-nowrap [&:has([role=checkbox])]:pr-0 [&>[role=checkbox]]:translate-y-[2px]"[31m
                [33mdata-slot[31m=[32m"table-cell"[31m
              [36m>[31m
                [0mactive[0m
              [36m</td>[31m
              [36m<td[31m
                [33mclass[31m=[32m"p-2 align-middle whitespace-nowrap [&:has([role=checkbox])]:pr-0 [&>[role=checkbox]]:translate-y-[2px]"[31m
                [33mdata-slot[31m=[32m"table-cell"[31m
              [36m>[31m
                [0mCategory 1[0m
              [36m</td>[31m
              [36m<td[31m
                [33mclass[31m=[32m"p-2 align-middle whitespace-nowrap [&:has([role=checkbox])]:pr-0 [&>[role=checkbox]]:translate-y-[2px]"[31m
                [33mdata-slot[31m=[32m"table-cell"[31m
              [36m>[31m
                [0m1.01.2024, 13:00:00[0m
              [36m</td>[31m
            [36m</tr>[31m
            [36m<tr[31m
              [33mclass[31m=[32m"hover:bg-muted/50 data-[state=selected]:bg-muted border-b transition-colors"[31m
              [33mdata-slot[31m=[32m"table-row"[31m
            [36m>[31m
              [36m<td[31m
                [33mclass[31m=[32m"p-2 align-middle whitespace-nowrap [&:has([role=checkbox])]:pr-0 [&>[role=checkbox]]:translate-y-[2px]"[31m
                [33mdata-slot[31m=[32m"table-cell"[31m
              [36m>[31m
                [36m<button[31m
                  [33maria-checked[31m=[32m"false"[31m
                  [33maria-label[31m=[32m"Zaznacz Product 2"[31m
                  [33mclass[31m=[32m"peer border-input dark:bg-input/30 data-[state=checked]:bg-primary data-[state=checked]:text-primary-foreground dark:data-[state=checked]:bg-primary data-[state=checked]:border-primary focus-visible:border-ring focus-visible:ring-ring/50 aria-invalid:ring-destructive/20 dark:aria-invalid:ring-destructive/40 aria-invalid:border-destructive size-4 shrink-0 rounded-[4px] border shadow-xs transition-shadow outline-none focus-visible:ring-[3px] disabled:cursor-not-allowed disabled:opacity-50"[31m
                  [33mdata-slot[31m=[32m"checkbox"[31m
                  [33mdata-state[31m=[32m"unchecked"[31m
                  [33mrole[31m=[32m"checkbox"[31m
                  [33mtype[31m=[32m"button"[31m
                  [33mvalue[31m=[32m"on"[31m
                [36m/>[31m
              [36m</td>[31m
              [36m<td[31m
                [33mclass[31m=[32m"p-2 align-middle whitespace-nowrap [&:has([role=checkbox])]:pr-0 [&>[role=checkbox]]:translate-y-[2px]"[31m
                [33mdata-slot[31m=[32m"table-cell"[31m
              [36m>[31m
                [36m<button[31m
                  [33mclass[31m=[32m"text-left hover:text-primary"[31m
                [36m>[31m
                  [0mProduct 2[0m
                [36m</button>[31m
              [36m</td>[31m
              [36m<td[31m
                [33mclass[31m=[32m"p-2 align-middle whitespace-nowrap [&:has([role=checkbox])]:pr-0 [&>[role=checkbox]]:translate-y-[2px]"[31m
                [33mdata-slot[31m=[32m"table-cell"[31m
              [36m>[31m
                [0mSKU2[0m
              [36m</td>[31m
              [36m<td[31m
                [33mclass[31m=[32m"p-2 align-middle whitespace-nowrap [&:has([role=checkbox])]:pr-0 [&>[role=checkbox]]:translate-y-[2px]"[31m
                [33mdata-slot[31m=[32m"table-cell"[31m
              [36m>[31m
                [0mdraft[0m
              [36m</td>[31m
              [36m<td[31m
                [33mclass[31m=[32m"p-2 align-middle whitespace-nowrap [&:has([role=checkbox])]:pr-0 [&>[role=checkbox]]:translate-y-[2px]"[31m
                [33mdata-slot[31m=[32m"table-cell"[31m
              [36m>[31m
                [0mCategory 2[0m
              [36m</td>[31m
              [36m<td[31m
                [33mclass[31m=[32m"p-2 align-middle whitespace-nowrap [&:has([role=checkbox])]:pr-0 [&>[role=checkbox]]:translate-y-[2px]"[31m
                [33mdata-slot[31m=[32m"table-cell"[31m
              [36m>[31m
                [0m2.01.2024, 13:00:00[0m
              [36m</td>[31m
            [36m</tr>[31m
          [36m</tbody>[31m
        [36m</table>[31m
      [36m</div>[31m
    [36m</div>[31m
    [36m<div[31m
      [33mclass[31m=[32m"mt-4"[31m
    [36m/>[31m
  [36m</div>[31m
[36m</body>[31m[39m
 [32m✓[39m src/components/tables/ProductsTable/__tests__/ProductsTable.test.tsx[2m > [22mProductsTable[2m > [22mdisplays correct selection state[32m 65[2mms[22m[39m
 [32m✓[39m src/components/tables/ProductsTable/__tests__/ProductsTable.test.tsx[2m > [22mProductsTable[2m > [22mformats dates correctly[32m 44[2mms[22m[39m
[90mstderr[2m | Fetch.onError (file:\C:\projekty\10%20devs%20projekt\10xdevs-projekt\node_modules\happy-dom\lib\fetch\Fetch.js:540:41)
[22m[39mAggregateError: 
[90m    at internalConnectMultiple (node:net:1134:18)[39m
[90m    at afterConnectMultiple (node:net:1715:7)[39m {
  code: [32m'ECONNREFUSED'[39m,
  [errors]: [
    Error: connect ECONNREFUSED ::1:3000
    [90m    at createConnectionError (node:net:1678:14)[39m
    [90m    at afterConnectMultiple (node:net:1708:16)[39m {
      errno: [33m-4078[39m,
      code: [32m'ECONNREFUSED'[39m,
      syscall: [32m'connect'[39m,
      address: [32m'::1'[39m,
      port: [33m3000[39m
    },
    Error: connect ECONNREFUSED 127.0.0.1:3000
    [90m    at createConnectionError (node:net:1678:14)[39m
    [90m    at afterConnectMultiple (node:net:1708:16)[39m {
      errno: [33m-4078[39m,
      code: [32m'ECONNREFUSED'[39m,
      syscall: [32m'connect'[39m,
      address: [32m'127.0.0.1'[39m,
      port: [33m3000[39m
    }
  ]
}

 [31m×[39m src/components/inputs/SearchInput/__tests__/SearchInput.test.tsx[2m > [22mSearchInput[2m > [22mcalls onChange after debounce delay[33m 5045[2mms[22m[39m
[31m   → Test timed out in 5000ms.
If this is a long-running test, pass a timeout value as the last argument or configure it globally with "testTimeout".[39m
 [31m×[39m src/components/inputs/SearchInput/__tests__/SearchInput.test.tsx[2m > [22mSearchInput[2m > [22mclears input when clear button is clicked[33m 5004[2mms[22m[39m
[31m   → Test timed out in 5000ms.
If this is a long-running test, pass a timeout value as the last argument or configure it globally with "testTimeout".[39m
[90mstdout[2m | src/lib/services/__tests__/product-description-generator.test.ts[2m > [22m[2mProductDescriptionGeneratorService[2m > [22m[2mGeneration Configuration[2m > [22m[2mshould handle all generation styles
[22m[39mGenerating description for product: { productId: [90mundefined[39m, style: [32m'professional'[39m, language: [32m'pl'[39m }

[90mstderr[2m | src/lib/services/__tests__/product-description-generator.test.ts[2m > [22m[2mProductDescriptionGeneratorService[2m > [22m[2mGeneration Configuration[2m > [22m[2mshould handle all generation styles
[22m[39mOpenRouter generation failed: TypeError: this.openRouter.setSystemMessage is not a function
    at ProductDescriptionGeneratorService.generateUsingOpenRouter [90m(C:\projekty\10 devs projekt\10xdevs-projekt\[39msrc\lib\services\product-description-generator.service.ts:95:21[90m)[39m
    at ProductDescriptionGeneratorService.generateWithFallback [90m(C:\projekty\10 devs projekt\10xdevs-projekt\[39msrc\lib\services\product-description-generator.service.ts:42:25[90m)[39m
    at ProductDescriptionGeneratorService.generateDescription [90m(C:\projekty\10 devs projekt\10xdevs-projekt\[39msrc\lib\services\product-description-generator.service.ts:144:17[90m)[39m
    at [90mC:\projekty\10 devs projekt\10xdevs-projekt\[39msrc\lib\services\__tests__\product-description-generator.test.ts:51:23
    at [90mfile:///C:/projekty/10%20devs%20projekt/10xdevs-projekt/[39mnode_modules/[4m@vitest[24m/runner/dist/chunk-hooks.js:155:11
    at [90mfile:///C:/projekty/10%20devs%20projekt/10xdevs-projekt/[39mnode_modules/[4m@vitest[24m/runner/dist/chunk-hooks.js:752:26
    at [90mfile:///C:/projekty/10%20devs%20projekt/10xdevs-projekt/[39mnode_modules/[4m@vitest[24m/runner/dist/chunk-hooks.js:1897:20
    at new Promise (<anonymous>)
    at runWithTimeout [90m(file:///C:/projekty/10%20devs%20projekt/10xdevs-projekt/[39mnode_modules/[4m@vitest[24m/runner/dist/chunk-hooks.js:1863:10[90m)[39m
    at runTest [90m(file:///C:/projekty/10%20devs%20projekt/10xdevs-projekt/[39mnode_modules/[4m@vitest[24m/runner/dist/chunk-hooks.js:1574:12[90m)[39m

[90mstdout[2m | src/lib/services/__tests__/product-description-generator.test.ts[2m > [22m[2mProductDescriptionGeneratorService[2m > [22m[2mGeneration Configuration[2m > [22m[2mshould handle all supported languages
[22m[39mGenerating description for product: { productId: [90mundefined[39m, style: [32m'professional'[39m, language: [32m'pl'[39m }

[90mstderr[2m | src/lib/services/__tests__/product-description-generator.test.ts[2m > [22m[2mProductDescriptionGeneratorService[2m > [22m[2mGeneration Configuration[2m > [22m[2mshould handle all supported languages
[22m[39mOpenRouter generation failed: TypeError: this.openRouter.setSystemMessage is not a function
    at ProductDescriptionGeneratorService.generateUsingOpenRouter [90m(C:\projekty\10 devs projekt\10xdevs-projekt\[39msrc\lib\services\product-description-generator.service.ts:95:21[90m)[39m
    at ProductDescriptionGeneratorService.generateWithFallback [90m(C:\projekty\10 devs projekt\10xdevs-projekt\[39msrc\lib\services\product-description-generator.service.ts:42:25[90m)[39m
    at ProductDescriptionGeneratorService.generateDescription [90m(C:\projekty\10 devs projekt\10xdevs-projekt\[39msrc\lib\services\product-description-generator.service.ts:144:17[90m)[39m
    at [90mC:\projekty\10 devs projekt\10xdevs-projekt\[39msrc\lib\services\__tests__\product-description-generator.test.ts:62:23
    at [90mfile:///C:/projekty/10%20devs%20projekt/10xdevs-projekt/[39mnode_modules/[4m@vitest[24m/runner/dist/chunk-hooks.js:155:11
    at [90mfile:///C:/projekty/10%20devs%20projekt/10xdevs-projekt/[39mnode_modules/[4m@vitest[24m/runner/dist/chunk-hooks.js:752:26
    at [90mfile:///C:/projekty/10%20devs%20projekt/10xdevs-projekt/[39mnode_modules/[4m@vitest[24m/runner/dist/chunk-hooks.js:1897:20
    at new Promise (<anonymous>)
    at runWithTimeout [90m(file:///C:/projekty/10%20devs%20projekt/10xdevs-projekt/[39mnode_modules/[4m@vitest[24m/runner/dist/chunk-hooks.js:1863:10[90m)[39m
    at runTest [90m(file:///C:/projekty/10%20devs%20projekt/10xdevs-projekt/[39mnode_modules/[4m@vitest[24m/runner/dist/chunk-hooks.js:1574:12[90m)[39m

[90mstdout[2m | src/lib/services/__tests__/product-description-generator.test.ts[2m > [22m[2mProductDescriptionGeneratorService[2m > [22m[2mDescription Generation[2m > [22m[2mshould generate both short and long descriptions
[22m[39mGenerating description for product: { productId: [90mundefined[39m, style: [32m'professional'[39m, language: [32m'pl'[39m }

[90mstderr[2m | src/lib/services/__tests__/product-description-generator.test.ts[2m > [22m[2mProductDescriptionGeneratorService[2m > [22m[2mDescription Generation[2m > [22m[2mshould generate both short and long descriptions
[22m[39mOpenRouter generation failed: TypeError: this.openRouter.setSystemMessage is not a function
    at ProductDescriptionGeneratorService.generateUsingOpenRouter [90m(C:\projekty\10 devs projekt\10xdevs-projekt\[39msrc\lib\services\product-description-generator.service.ts:95:21[90m)[39m
    at ProductDescriptionGeneratorService.generateWithFallback [90m(C:\projekty\10 devs projekt\10xdevs-projekt\[39msrc\lib\services\product-description-generator.service.ts:42:25[90m)[39m
    at ProductDescriptionGeneratorService.generateDescription [90m(C:\projekty\10 devs projekt\10xdevs-projekt\[39msrc\lib\services\product-description-generator.service.ts:144:17[90m)[39m
    at [90mC:\projekty\10 devs projekt\10xdevs-projekt\[39msrc\lib\services\__tests__\product-description-generator.test.ts:73:36
    at [90mfile:///C:/projekty/10%20devs%20projekt/10xdevs-projekt/[39mnode_modules/[4m@vitest[24m/runner/dist/chunk-hooks.js:155:11
    at [90mfile:///C:/projekty/10%20devs%20projekt/10xdevs-projekt/[39mnode_modules/[4m@vitest[24m/runner/dist/chunk-hooks.js:752:26
    at [90mfile:///C:/projekty/10%20devs%20projekt/10xdevs-projekt/[39mnode_modules/[4m@vitest[24m/runner/dist/chunk-hooks.js:1897:20
    at new Promise (<anonymous>)
    at runWithTimeout [90m(file:///C:/projekty/10%20devs%20projekt/10xdevs-projekt/[39mnode_modules/[4m@vitest[24m/runner/dist/chunk-hooks.js:1863:10[90m)[39m
    at runTest [90m(file:///C:/projekty/10%20devs%20projekt/10xdevs-projekt/[39mnode_modules/[4m@vitest[24m/runner/dist/chunk-hooks.js:1574:12[90m)[39m

[90mstdout[2m | src/lib/services/__tests__/product-description-generator.test.ts[2m > [22m[2mProductDescriptionGeneratorService[2m > [22m[2mDescription Generation[2m > [22m[2mshould include product details in generation prompt
[22m[39mGenerating description for product: { productId: [90mundefined[39m, style: [32m'professional'[39m, language: [32m'pl'[39m }

[90mstderr[2m | src/lib/services/__tests__/product-description-generator.test.ts[2m > [22m[2mProductDescriptionGeneratorService[2m > [22m[2mDescription Generation[2m > [22m[2mshould include product details in generation prompt
[22m[39mOpenRouter generation failed: TypeError: this.openRouter.setSystemMessage is not a function
    at ProductDescriptionGeneratorService.generateUsingOpenRouter [90m(C:\projekty\10 devs projekt\10xdevs-projekt\[39msrc\lib\services\product-description-generator.service.ts:95:21[90m)[39m
    at ProductDescriptionGeneratorService.generateWithFallback [90m(C:\projekty\10 devs projekt\10xdevs-projekt\[39msrc\lib\services\product-description-generator.service.ts:42:25[90m)[39m
    at ProductDescriptionGeneratorService.generateDescription [90m(C:\projekty\10 devs projekt\10xdevs-projekt\[39msrc\lib\services\product-description-generator.service.ts:144:17[90m)[39m
    at [90mC:\projekty\10 devs projekt\10xdevs-projekt\[39msrc\lib\services\__tests__\product-description-generator.test.ts:84:21
    at [90mfile:///C:/projekty/10%20devs%20projekt/10xdevs-projekt/[39mnode_modules/[4m@vitest[24m/runner/dist/chunk-hooks.js:155:11
    at [90mfile:///C:/projekty/10%20devs%20projekt/10xdevs-projekt/[39mnode_modules/[4m@vitest[24m/runner/dist/chunk-hooks.js:752:26
    at [90mfile:///C:/projekty/10%20devs%20projekt/10xdevs-projekt/[39mnode_modules/[4m@vitest[24m/runner/dist/chunk-hooks.js:1897:20
    at new Promise (<anonymous>)
    at runWithTimeout [90m(file:///C:/projekty/10%20devs%20projekt/10xdevs-projekt/[39mnode_modules/[4m@vitest[24m/runner/dist/chunk-hooks.js:1863:10[90m)[39m
    at runTest [90m(file:///C:/projekty/10%20devs%20projekt/10xdevs-projekt/[39mnode_modules/[4m@vitest[24m/runner/dist/chunk-hooks.js:1574:12[90m)[39m

[90mstdout[2m | src/lib/services/__tests__/product-description-generator.test.ts[2m > [22m[2mProductDescriptionGeneratorService[2m > [22m[2mDescription Generation[2m > [22m[2mshould handle products with missing optional fields
[22m[39mGenerating description for product: { productId: [90mundefined[39m, style: [32m'professional'[39m, language: [32m'pl'[39m }

[90mstderr[2m | src/lib/services/__tests__/product-description-generator.test.ts[2m > [22m[2mProductDescriptionGeneratorService[2m > [22m[2mDescription Generation[2m > [22m[2mshould handle products with missing optional fields
[22m[39mOpenRouter generation failed: TypeError: this.openRouter.setSystemMessage is not a function
    at ProductDescriptionGeneratorService.generateUsingOpenRouter [90m(C:\projekty\10 devs projekt\10xdevs-projekt\[39msrc\lib\services\product-description-generator.service.ts:95:21[90m)[39m
    at ProductDescriptionGeneratorService.generateWithFallback [90m(C:\projekty\10 devs projekt\10xdevs-projekt\[39msrc\lib\services\product-description-generator.service.ts:42:25[90m)[39m
    at ProductDescriptionGeneratorService.generateDescription [90m(C:\projekty\10 devs projekt\10xdevs-projekt\[39msrc\lib\services\product-description-generator.service.ts:144:17[90m)[39m
    at [90mC:\projekty\10 devs projekt\10xdevs-projekt\[39msrc\lib\services\__tests__\product-description-generator.test.ts:101:17
    at [90mfile:///C:/projekty/10%20devs%20projekt/10xdevs-projekt/[39mnode_modules/[4m@vitest[24m/runner/dist/chunk-hooks.js:155:11
    at [90mfile:///C:/projekty/10%20devs%20projekt/10xdevs-projekt/[39mnode_modules/[4m@vitest[24m/runner/dist/chunk-hooks.js:752:26
    at [90mfile:///C:/projekty/10%20devs%20projekt/10xdevs-projekt/[39mnode_modules/[4m@vitest[24m/runner/dist/chunk-hooks.js:1897:20
    at new Promise (<anonymous>)
    at runWithTimeout [90m(file:///C:/projekty/10%20devs%20projekt/10xdevs-projekt/[39mnode_modules/[4m@vitest[24m/runner/dist/chunk-hooks.js:1863:10[90m)[39m
    at runTest [90m(file:///C:/projekty/10%20devs%20projekt/10xdevs-projekt/[39mnode_modules/[4m@vitest[24m/runner/dist/chunk-hooks.js:1574:12[90m)[39m

[90mstderr[2m | src/lib/services/__tests__/product-description-generator.test.ts[2m > [22m[2mProductDescriptionGeneratorService[2m > [22m[2mError Handling[2m > [22m[2mshould throw error for invalid product data
[22m[39mOpenRouter generation failed: TypeError: Cannot read properties of null (reading 'id')
    at ProductDescriptionGeneratorService.generateUsingOpenRouter [90m(C:\projekty\10 devs projekt\10xdevs-projekt\[39msrc\lib\services\product-description-generator.service.ts:62:30[90m)[39m
    at ProductDescriptionGeneratorService.generateWithFallback [90m(C:\projekty\10 devs projekt\10xdevs-projekt\[39msrc\lib\services\product-description-generator.service.ts:42:25[90m)[39m
    at ProductDescriptionGeneratorService.generateDescription [90m(C:\projekty\10 devs projekt\10xdevs-projekt\[39msrc\lib\services\product-description-generator.service.ts:144:17[90m)[39m
    at [90mC:\projekty\10 devs projekt\10xdevs-projekt\[39msrc\lib\services\__tests__\product-description-generator.test.ts:112:17
    at [90mfile:///C:/projekty/10%20devs%20projekt/10xdevs-projekt/[39mnode_modules/[4m@vitest[24m/runner/dist/chunk-hooks.js:155:11
    at [90mfile:///C:/projekty/10%20devs%20projekt/10xdevs-projekt/[39mnode_modules/[4m@vitest[24m/runner/dist/chunk-hooks.js:752:26
    at [90mfile:///C:/projekty/10%20devs%20projekt/10xdevs-projekt/[39mnode_modules/[4m@vitest[24m/runner/dist/chunk-hooks.js:1897:20
    at new Promise (<anonymous>)
    at runWithTimeout [90m(file:///C:/projekty/10%20devs%20projekt/10xdevs-projekt/[39mnode_modules/[4m@vitest[24m/runner/dist/chunk-hooks.js:1863:10[90m)[39m
    at runTest [90m(file:///C:/projekty/10%20devs%20projekt/10xdevs-projekt/[39mnode_modules/[4m@vitest[24m/runner/dist/chunk-hooks.js:1574:12[90m)[39m

[90mstdout[2m | src/lib/services/__tests__/product-description-generator.test.ts[2m > [22m[2mProductDescriptionGeneratorService[2m > [22m[2mError Handling[2m > [22m[2mshould handle API errors gracefully
[22m[39mGenerating description for product: { productId: [90mundefined[39m, style: [32m'professional'[39m, language: [32m'pl'[39m }

[90mstderr[2m | src/lib/services/__tests__/product-description-generator.test.ts[2m > [22m[2mProductDescriptionGeneratorService[2m > [22m[2mError Handling[2m > [22m[2mshould handle API errors gracefully
[22m[39mOpenRouter generation failed: TypeError: this.openRouter.setSystemMessage is not a function
    at ProductDescriptionGeneratorService.generateUsingOpenRouter [90m(C:\projekty\10 devs projekt\10xdevs-projekt\[39msrc\lib\services\product-description-generator.service.ts:95:21[90m)[39m
    at ProductDescriptionGeneratorService.generateWithFallback [90m(C:\projekty\10 devs projekt\10xdevs-projekt\[39msrc\lib\services\product-description-generator.service.ts:42:25[90m)[39m
    at ProductDescriptionGeneratorService.generateDescription [90m(C:\projekty\10 devs projekt\10xdevs-projekt\[39msrc\lib\services\product-description-generator.service.ts:144:17[90m)[39m
    at [90mC:\projekty\10 devs projekt\10xdevs-projekt\[39msrc\lib\services\__tests__\product-description-generator.test.ts:123:17
    at [90mfile:///C:/projekty/10%20devs%20projekt/10xdevs-projekt/[39mnode_modules/[4m@vitest[24m/runner/dist/chunk-hooks.js:155:11
    at [90mfile:///C:/projekty/10%20devs%20projekt/10xdevs-projekt/[39mnode_modules/[4m@vitest[24m/runner/dist/chunk-hooks.js:752:26
    at [90mfile:///C:/projekty/10%20devs%20projekt/10xdevs-projekt/[39mnode_modules/[4m@vitest[24m/runner/dist/chunk-hooks.js:1897:20
    at new Promise (<anonymous>)
    at runWithTimeout [90m(file:///C:/projekty/10%20devs%20projekt/10xdevs-projekt/[39mnode_modules/[4m@vitest[24m/runner/dist/chunk-hooks.js:1863:10[90m)[39m
    at runTest [90m(file:///C:/projekty/10%20devs%20projekt/10xdevs-projekt/[39mnode_modules/[4m@vitest[24m/runner/dist/chunk-hooks.js:1574:12[90m)[39m

[90mstdout[2m | src/lib/services/__tests__/product-description-generator.test.ts[2m > [22m[2mProductDescriptionGeneratorService[2m > [22m[2mError Handling[2m > [22m[2mshould retry on temporary failures
[22m[39mGenerating description for product: { productId: [90mundefined[39m, style: [32m'professional'[39m, language: [32m'pl'[39m }

[90mstderr[2m | src/lib/services/__tests__/product-description-generator.test.ts[2m > [22m[2mProductDescriptionGeneratorService[2m > [22m[2mError Handling[2m > [22m[2mshould retry on temporary failures
[22m[39mOpenRouter generation failed: TypeError: this.openRouter.setSystemMessage is not a function
    at ProductDescriptionGeneratorService.generateUsingOpenRouter [90m(C:\projekty\10 devs projekt\10xdevs-projekt\[39msrc\lib\services\product-description-generator.service.ts:95:21[90m)[39m
    at ProductDescriptionGeneratorService.generateWithFallback [90m(C:\projekty\10 devs projekt\10xdevs-projekt\[39msrc\lib\services\product-description-generator.service.ts:42:25[90m)[39m
    at ProductDescriptionGeneratorService.generateDescription [90m(C:\projekty\10 devs projekt\10xdevs-projekt\[39msrc\lib\services\product-description-generator.service.ts:144:17[90m)[39m
    at [90mC:\projekty\10 devs projekt\10xdevs-projekt\[39msrc\lib\services\__tests__\product-description-generator.test.ts:138:36
    at [90mfile:///C:/projekty/10%20devs%20projekt/10xdevs-projekt/[39mnode_modules/[4m@vitest[24m/runner/dist/chunk-hooks.js:155:11
    at [90mfile:///C:/projekty/10%20devs%20projekt/10xdevs-projekt/[39mnode_modules/[4m@vitest[24m/runner/dist/chunk-hooks.js:752:26
    at [90mfile:///C:/projekty/10%20devs%20projekt/10xdevs-projekt/[39mnode_modules/[4m@vitest[24m/runner/dist/chunk-hooks.js:1897:20
    at new Promise (<anonymous>)
    at runWithTimeout [90m(file:///C:/projekty/10%20devs%20projekt/10xdevs-projekt/[39mnode_modules/[4m@vitest[24m/runner/dist/chunk-hooks.js:1863:10[90m)[39m
    at runTest [90m(file:///C:/projekty/10%20devs%20projekt/10xdevs-projekt/[39mnode_modules/[4m@vitest[24m/runner/dist/chunk-hooks.js:1574:12[90m)[39m

[90mstdout[2m | src/lib/services/__tests__/product-description-generator.test.ts[2m > [22m[2mProductDescriptionGeneratorService[2m > [22m[2mContent Quality[2m > [22m[2mshould generate unique descriptions for different products
[22m[39mGenerating description for product: { productId: [90mundefined[39m, style: [32m'professional'[39m, language: [32m'pl'[39m }

[90mstderr[2m | src/lib/services/__tests__/product-description-generator.test.ts[2m > [22m[2mProductDescriptionGeneratorService[2m > [22m[2mContent Quality[2m > [22m[2mshould generate unique descriptions for different products
[22m[39mOpenRouter generation failed: TypeError: this.openRouter.setSystemMessage is not a function
    at ProductDescriptionGeneratorService.generateUsingOpenRouter [90m(C:\projekty\10 devs projekt\10xdevs-projekt\[39msrc\lib\services\product-description-generator.service.ts:95:21[90m)[39m
    at ProductDescriptionGeneratorService.generateWithFallback [90m(C:\projekty\10 devs projekt\10xdevs-projekt\[39msrc\lib\services\product-description-generator.service.ts:42:25[90m)[39m
    at ProductDescriptionGeneratorService.generateDescription [90m(C:\projekty\10 devs projekt\10xdevs-projekt\[39msrc\lib\services\product-description-generator.service.ts:144:17[90m)[39m
    at [90mC:\projekty\10 devs projekt\10xdevs-projekt\[39msrc\lib\services\__tests__\product-description-generator.test.ts:161:37
    at [90mfile:///C:/projekty/10%20devs%20projekt/10xdevs-projekt/[39mnode_modules/[4m@vitest[24m/runner/dist/chunk-hooks.js:155:11
    at [90mfile:///C:/projekty/10%20devs%20projekt/10xdevs-projekt/[39mnode_modules/[4m@vitest[24m/runner/dist/chunk-hooks.js:752:26
    at [90mfile:///C:/projekty/10%20devs%20projekt/10xdevs-projekt/[39mnode_modules/[4m@vitest[24m/runner/dist/chunk-hooks.js:1897:20
    at new Promise (<anonymous>)
    at runWithTimeout [90m(file:///C:/projekty/10%20devs%20projekt/10xdevs-projekt/[39mnode_modules/[4m@vitest[24m/runner/dist/chunk-hooks.js:1863:10[90m)[39m
    at runTest [90m(file:///C:/projekty/10%20devs%20projekt/10xdevs-projekt/[39mnode_modules/[4m@vitest[24m/runner/dist/chunk-hooks.js:1574:12[90m)[39m

[90mstdout[2m | src/lib/services/__tests__/product-description-generator.test.ts[2m > [22m[2mProductDescriptionGeneratorService[2m > [22m[2mContent Quality[2m > [22m[2mshould generate unique descriptions for different products
[22m[39mGenerating description for product: { productId: [90mundefined[39m, style: [32m'professional'[39m, language: [32m'pl'[39m }

[90mstderr[2m | src/lib/services/__tests__/product-description-generator.test.ts[2m > [22m[2mProductDescriptionGeneratorService[2m > [22m[2mContent Quality[2m > [22m[2mshould generate unique descriptions for different products
[22m[39mOpenRouter generation failed: TypeError: this.openRouter.setSystemMessage is not a function
    at ProductDescriptionGeneratorService.generateUsingOpenRouter [90m(C:\projekty\10 devs projekt\10xdevs-projekt\[39msrc\lib\services\product-description-generator.service.ts:95:21[90m)[39m
    at ProductDescriptionGeneratorService.generateWithFallback [90m(C:\projekty\10 devs projekt\10xdevs-projekt\[39msrc\lib\services\product-description-generator.service.ts:42:25[90m)[39m
    at ProductDescriptionGeneratorService.generateDescription [90m(C:\projekty\10 devs projekt\10xdevs-projekt\[39msrc\lib\services\product-description-generator.service.ts:144:17[90m)[39m
    at [90mC:\projekty\10 devs projekt\10xdevs-projekt\[39msrc\lib\services\__tests__\product-description-generator.test.ts:165:37
[90m    at processTicksAndRejections (node:internal/process/task_queues:105:5)[39m
    at [90mfile:///C:/projekty/10%20devs%20projekt/10xdevs-projekt/[39mnode_modules/[4m@vitest[24m/runner/dist/chunk-hooks.js:752:20

[90mstdout[2m | src/lib/services/__tests__/product-description-generator.test.ts[2m > [22m[2mProductDescriptionGeneratorService[2m > [22m[2mContent Quality[2m > [22m[2mshould adapt tone based on style selection
[22m[39mGenerating description for product: { productId: [90mundefined[39m, style: [32m'professional'[39m, language: [32m'pl'[39m }

[90mstderr[2m | src/lib/services/__tests__/product-description-generator.test.ts[2m > [22m[2mProductDescriptionGeneratorService[2m > [22m[2mContent Quality[2m > [22m[2mshould adapt tone based on style selection
[22m[39mOpenRouter generation failed: TypeError: this.openRouter.setSystemMessage is not a function
    at ProductDescriptionGeneratorService.generateUsingOpenRouter [90m(C:\projekty\10 devs projekt\10xdevs-projekt\[39msrc\lib\services\product-description-generator.service.ts:95:21[90m)[39m
    at ProductDescriptionGeneratorService.generateWithFallback [90m(C:\projekty\10 devs projekt\10xdevs-projekt\[39msrc\lib\services\product-description-generator.service.ts:42:25[90m)[39m
    at ProductDescriptionGeneratorService.generateDescription [90m(C:\projekty\10 devs projekt\10xdevs-projekt\[39msrc\lib\services\product-description-generator.service.ts:144:17[90m)[39m
    at [90mC:\projekty\10 devs projekt\10xdevs-projekt\[39msrc\lib\services\__tests__\product-description-generator.test.ts:176:21
    at [90mfile:///C:/projekty/10%20devs%20projekt/10xdevs-projekt/[39mnode_modules/[4m@vitest[24m/runner/dist/chunk-hooks.js:155:11
    at [90mfile:///C:/projekty/10%20devs%20projekt/10xdevs-projekt/[39mnode_modules/[4m@vitest[24m/runner/dist/chunk-hooks.js:752:26
    at [90mfile:///C:/projekty/10%20devs%20projekt/10xdevs-projekt/[39mnode_modules/[4m@vitest[24m/runner/dist/chunk-hooks.js:1897:20
    at new Promise (<anonymous>)
    at runWithTimeout [90m(file:///C:/projekty/10%20devs%20projekt/10xdevs-projekt/[39mnode_modules/[4m@vitest[24m/runner/dist/chunk-hooks.js:1863:10[90m)[39m
    at runTest [90m(file:///C:/projekty/10%20devs%20projekt/10xdevs-projekt/[39mnode_modules/[4m@vitest[24m/runner/dist/chunk-hooks.js:1574:12[90m)[39m

 [32m✓[39m src/lib/services/__tests__/product-description-generator.test.ts[2m > [22mProductDescriptionGeneratorService[2m > [22mGeneration Configuration[2m > [22mshould initialize with default model and settings[32m 10[2mms[22m[39m
 [31m×[39m src/lib/services/__tests__/product-description-generator.test.ts[2m > [22mProductDescriptionGeneratorService[2m > [22mGeneration Configuration[2m > [22mshould handle all generation styles[32m 23[2mms[22m[39m
[31m   → expected "spy" to be called at least once[39m
 [31m×[39m src/lib/services/__tests__/product-description-generator.test.ts[2m > [22mProductDescriptionGeneratorService[2m > [22mGeneration Configuration[2m > [22mshould handle all supported languages[32m 4[2mms[22m[39m
[31m   → expected "spy" to be called at least once[39m
 [32m✓[39m src/lib/services/__tests__/product-description-generator.test.ts[2m > [22mProductDescriptionGeneratorService[2m > [22mDescription Generation[2m > [22mshould generate both short and long descriptions[32m 5[2mms[22m[39m
 [31m×[39m src/lib/services/__tests__/product-description-generator.test.ts[2m > [22mProductDescriptionGeneratorService[2m > [22mDescription Generation[2m > [22mshould include product details in generation prompt[32m 3[2mms[22m[39m
[31m   → Cannot read properties of undefined (reading '0')[39m
 [32m✓[39m src/lib/services/__tests__/product-description-generator.test.ts[2m > [22mProductDescriptionGeneratorService[2m > [22mDescription Generation[2m > [22mshould handle products with missing optional fields[32m 5[2mms[22m[39m
 [32m✓[39m src/lib/services/__tests__/product-description-generator.test.ts[2m > [22mProductDescriptionGeneratorService[2m > [22mError Handling[2m > [22mshould throw error for invalid product data[32m 4[2mms[22m[39m
 [31m×[39m src/lib/services/__tests__/product-description-generator.test.ts[2m > [22mProductDescriptionGeneratorService[2m > [22mError Handling[2m > [22mshould handle API errors gracefully[32m 11[2mms[22m[39m
[31m   → promise resolved "{ …(3) }" instead of rejecting[39m
 [31m×[39m src/lib/services/__tests__/product-description-generator.test.ts[2m > [22mProductDescriptionGeneratorService[2m > [22mError Handling[2m > [22mshould retry on temporary failures[32m 3[2mms[22m[39m
[31m   → expected "spy" to be called 2 times, but got 0 times[39m
 [32m✓[39m src/lib/services/__tests__/product-description-generator.test.ts[2m > [22mProductDescriptionGeneratorService[2m > [22mContent Quality[2m > [22mshould generate unique descriptions for different products[32m 4[2mms[22m[39m
 [31m×[39m src/lib/services/__tests__/product-description-generator.test.ts[2m > [22mProductDescriptionGeneratorService[2m > [22mContent Quality[2m > [22mshould adapt tone based on style selection[32m 2[2mms[22m[39m
[31m   → Cannot read properties of undefined (reading '0')[39m
 [32m✓[39m src/components/lists/JobProductsList/__tests__/JobProductsList.test.tsx[2m > [22mJobProductsList[2m > [22mrenders empty state[32m 103[2mms[22m[39m
 [31m×[39m src/components/lists/JobProductsList/__tests__/JobProductsList.test.tsx[2m > [22mJobProductsList[2m > [22mrenders products list with correct data[32m 122[2mms[22m[39m
[31m   → Found multiple elements with the text: -

Here are the matching elements:

Ignored nodes: comments, script, style
[36m<td[31m
  [33mclass[31m=[32m"p-2 align-middle whitespace-nowrap [&:has([role=checkbox])]:pr-0 [&>[role=checkbox]]:translate-y-[2px] text-right"[31m
  [33mdata-slot[31m=[32m"table-cell"[31m
[36m>[31m
  [0m-[0m
[36m</td>[31m

Ignored nodes: comments, script, style
[36m<td[31m
  [33mclass[31m=[32m"p-2 align-middle whitespace-nowrap [&:has([role=checkbox])]:pr-0 [&>[role=checkbox]]:translate-y-[2px] text-right"[31m
  [33mdata-slot[31m=[32m"table-cell"[31m
[36m>[31m
  [0m-[0m
[36m</td>[31m

(If this is intentional, then use the `*AllBy*` variant of the query (like `queryAllByText`, `getAllByText`, or `findAllByText`)).

Ignored nodes: comments, script, style
[36m<body>[31m
  [36m<div>[31m
    [36m<div[31m
      [33mclass[31m=[32m"bg-card text-card-foreground flex flex-col gap-6 rounded-xl border py-6 shadow-sm"[31m
      [33mdata-slot[31m=[32m"card"[31m
      [33mrole[31m=[32m"article"[31m
    [36m>[31m
      [36m<div[31m
        [33mclass[31m=[32m"@container/card-header grid auto-rows-min grid-rows-[auto_auto] items-start gap-2 px-6 has-data-[slot=card-action]:grid-cols-[1fr_auto] [.border-b]:pb-6"[31m
        [33mdata-slot[31m=[32m"card-header"[31m
      [36m>[31m
        [36m<div[31m
          [33mclass[31m=[32m"leading-none font-semibold"[31m
          [33mdata-slot[31m=[32m"card-title"[31m
        [36m>[31m
          [0mProdukty (2)[0m
        [36m</div>[31m
        [36m<div[31m
          [33mclass[31m=[32m"text-muted-foreground text-sm"[31m
          [33mdata-slot[31m=[32m"card-description"[31m
        [36m>[31m
          [0mLista produktów w zleceniu[0m
        [36m</div>[31m
      [36m</div>[31m
      [36m<div[31m
        [33mclass[31m=[32m"px-6"[31m
        [33mdata-slot[31m=[32m"card-content"[31m
      [36m>[31m
        [36m<div[31m
          [33mclass[31m=[32m"relative w-full overflow-x-auto"[31m
          [33mdata-slot[31m=[32m"table-container"[31m
        [36m>[31m
          [36m<table[31m
            [33mclass[31m=[32m"w-full caption-bottom text-sm"[31m
            [33mdata-slot[31m=[32m"table"[31m
          [36m>[31m
            [36m<thead[31m
              [33mclass[31m=[32m"[&_tr]:border-b"[31m
              [33mdata-slot[31m=[32m"table-header"[31m
            [36m>[31m
              [36m<tr[31m
                [33mclass[31m=[32m"hover:bg-muted/50 data-[state=selected]:bg-muted border-b transition-colors"[31m
                [33mdata-slot[31m=[32m"table-row"[31m
              [36m>[31m
                [36m<th[31m
                  [33mclass[31m=[32m"text-foreground h-10 px-2 text-left align-middle font-medium whitespace-nowrap [&:has([role=checkbox])]:pr-0 [&>[role=checkbox]]:translate-y-[2px]"[31m
                  [33mdata-slot[31m=[32m"table-head"[31m
                [36m>[31m
                  [0mID Produktu[0m
                [36m</th>[31m
                [36m<th[31m
                  [33mclass[31m=[32m"text-foreground h-10 px-2 text-left align-middle font-medium whitespace-nowrap [&:has([role=checkbox])]:pr-0 [&>[role=checkbox]]:translate-y-[2px]"[31m
                  [33mdata-slot[31m=[32m"table-head"[31m
                [36m>[31m
                  [0mStatus[0m
                [36m</th>[31m
                [36m<th[31m
                  [33mclass[31m=[32m"text-foreground h-10 px-2 align-middle font-medium whitespace-nowrap [&:has([role=checkbox])]:pr-0 [&>[role=checkbox]]:translate-y-[2px] text-right"[31m
                  [33mdata-slot[31m=[32m"table-head"[31m
                [36m>[31m
                  [0mKoszt[0m
                [36m</th>[31m
                [36m<th[31m
                  [33mclass[31m=[32m"text-foreground h-10 px-2 align-middle font-medium whitespace-nowrap [&:has([role=checkbox])]:pr-0 [&>[role=checkbox]]:translate-y-[2px] text-right"[31m
                  [33mdata-slot[31m=[32m"table-head"[31m
                [36m>[31m
                  [0mTokeny[0m
                [36m</th>[31m
              [36m</tr>[31m
            [36m</thead>[31m
            [36m<tbody[31m
              [33mclass[31m=[32m"[&_tr:last-child]:border-0"[31m
              [33mdata-slot[31m=[32m"table-body"[31m
            [36m>[31m
              [36m<tr[31m
                [33mclass[31m=[32m"hover:bg-muted/50 data-[state=selected]:bg-muted border-b transition-colors"[31m
                [33mdata-slot[31m=[32m"table-row"[31m
              [36m>[31m
                [36m<td[31m
                  [33mclass[31m=[32m"p-2 align-middle whitespace-nowrap [&:has([role=checkbox])]:pr-0 [&>[role=checkbox]]:translate-y-[2px] font-mono text-sm"[31m
                  [33mdata-slot[31m=[32m"table-cell"[31m
                [36m>[31m
                  [0m12345678[0m
                  [0m...[0m
                [36m</td>[31m
                [36m<td[31m
                  [33mclass[31m=[32m"p-2 align-middle whitespace-nowrap [&:has([role=checkbox])]:pr-0 [&>[role=checkbox]]:translate-y-[2px]"[31m
                  [33mdata-slot[31m=[32m"table-cell"[31m
                [36m>[31m
                  [36m<span[31m
                    [33mclass[31m=[32m"text-green-600"[31m
                  [36m>[31m
                    [0mZakończony[0m
                  [36m</span>[31m
                [36m</td>[31m
                [36m<td[31m
                  [33mclass[31m=[32m"p-2 align-middle whitespace-nowrap [&:has([role=checkbox])]:pr-0 [&>[role=checkbox]]:translate-y-[2px] text-right"[31m
                  [33mdata-slot[31m=[32m"table-cell"[31m
                [36m>[31m
                  [0m$0.1234[0m
                [36m</td>[31m
                [36m<td[31m
                  [33mclass[31m=[32m"p-2 align-middle whitespace-nowrap [&:has([role=checkbox])]:pr-0 [&>[role=checkbox]]:translate-y-[2px] text-right"[31m
                  [33mdata-slot[31m=[32m"table-cell"[31m
                [36m>[31m
                  [0m150[0m
                [36m</td>[31m
              [36m</tr>[31m
              [36m<tr[31m
                [33mclass[31m=[32m"hover:bg-muted/50 data-[state=selected]:bg-muted border-b transition-colors"[31m
                [33mdata-slot[31m=[32m"table-row"[31m
              [36m>[31m
                [36m<td[31m
                  [33mclass[31m=[32m"p-2 align-middle whitespace-nowrap [&:has([role=checkbox])]:pr-0 [&>[role=checkbox]]:translate-y-[2px] font-mono text-sm"[31m
                  [33mdata-slot[31m=[32m"table-cell"[31m
                [36m>[31m
                  [0m98765432[0m
                  [0m...[0m
                [36m</td>[31m
                [36m<td[31m
                  [33mclass[31m=[32m"p-2 align-middle whitespace-nowrap [&:has([role=checkbox])]:pr-0 [&>[role=checkbox]]:translate-y-[2px]"[31m
                  [33mdata-slot[31m=[32m"table-cell"[31m
                [36m>[31m
                  [36m<span[31m
                    [33mclass[31m=[32m"text-blue-600"[31m
                  [36m>[31m
                    [0mW trakcie[0m
                  [36m</span>[31m
                [36m</td>[31m
                [36m<td[31m
                  [33mclass[31m=[32m"p-2 align-middle whitespace-nowrap [&:has([role=checkbox])]:pr-0 [&>[role=checkbox]]:translate-y-[2px] text-right"[31m
                  [33mdata-slot[31m=[32m"table-cell"[31m
                [36m>[31m
                  [0m-[0m
                [36m</td>[31m
                [36m<td[31m
                  [33mclass[31m=[32m"p-2 align-middle whitespace-nowrap [&:has([role=checkbox])]:pr-0 [&>[role=checkbox]]:translate-y-[2px] text-right"[31m
                  [33mdata-slot[31m=[32m"table-cell"[31m
                [36m>[31m
                  [0m-[0m
                [36m</td>[31m
              [36m</tr>[31m
            [36m</tbody>[31m
          [36m</table>[31m
        [36m</div>[31m
      [36m</div>[31m
    [36m</div>[31m
  [36m</div>[31m
[36m</body>[31m[39m
 [32m✓[39m src/components/lists/JobProductsList/__tests__/JobProductsList.test.tsx[2m > [22mJobProductsList[2m > [22mapplies correct status colors[32m 37[2mms[22m[39m
 [32m✓[39m src/components/lists/JobProductsList/__tests__/JobProductsList.test.tsx[2m > [22mJobProductsList[2m > [22mhandles invalid token usage details[32m 10[2mms[22m[39m
 [31m×[39m src/components/lists/JobProductsList/__tests__/JobProductsList.test.tsx[2m > [22mJobProductsList[2m > [22mformats numbers correctly[32m 19[2mms[22m[39m
[31m   → Unable to find an element with the text: 1,500,000. This could be because the text is broken up by multiple elements. In this case, you can provide a function for your text matcher to make your matcher more flexible.

Ignored nodes: comments, script, style
[36m<body>[31m
  [36m<div>[31m
    [36m<div[31m
      [33mclass[31m=[32m"bg-card text-card-foreground flex flex-col gap-6 rounded-xl border py-6 shadow-sm"[31m
      [33mdata-slot[31m=[32m"card"[31m
      [33mrole[31m=[32m"article"[31m
    [36m>[31m
      [36m<div[31m
        [33mclass[31m=[32m"@container/card-header grid auto-rows-min grid-rows-[auto_auto] items-start gap-2 px-6 has-data-[slot=card-action]:grid-cols-[1fr_auto] [.border-b]:pb-6"[31m
        [33mdata-slot[31m=[32m"card-header"[31m
      [36m>[31m
        [36m<div[31m
          [33mclass[31m=[32m"leading-none font-semibold"[31m
          [33mdata-slot[31m=[32m"card-title"[31m
        [36m>[31m
          [0mProdukty (1)[0m
        [36m</div>[31m
        [36m<div[31m
          [33mclass[31m=[32m"text-muted-foreground text-sm"[31m
          [33mdata-slot[31m=[32m"card-description"[31m
        [36m>[31m
          [0mLista produktów w zleceniu[0m
        [36m</div>[31m
      [36m</div>[31m
      [36m<div[31m
        [33mclass[31m=[32m"px-6"[31m
        [33mdata-slot[31m=[32m"card-content"[31m
      [36m>[31m
        [36m<div[31m
          [33mclass[31m=[32m"relative w-full overflow-x-auto"[31m
          [33mdata-slot[31m=[32m"table-container"[31m
        [36m>[31m
          [36m<table[31m
            [33mclass[31m=[32m"w-full caption-bottom text-sm"[31m
            [33mdata-slot[31m=[32m"table"[31m
          [36m>[31m
            [36m<thead[31m
              [33mclass[31m=[32m"[&_tr]:border-b"[31m
              [33mdata-slot[31m=[32m"table-header"[31m
            [36m>[31m
              [36m<tr[31m
                [33mclass[31m=[32m"hover:bg-muted/50 data-[state=selected]:bg-muted border-b transition-colors"[31m
                [33mdata-slot[31m=[32m"table-row"[31m
              [36m>[31m
                [36m<th[31m
                  [33mclass[31m=[32m"text-foreground h-10 px-2 text-left align-middle font-medium whitespace-nowrap [&:has([role=checkbox])]:pr-0 [&>[role=checkbox]]:translate-y-[2px]"[31m
                  [33mdata-slot[31m=[32m"table-head"[31m
                [36m>[31m
                  [0mID Produktu[0m
                [36m</th>[31m
                [36m<th[31m
                  [33mclass[31m=[32m"text-foreground h-10 px-2 text-left align-middle font-medium whitespace-nowrap [&:has([role=checkbox])]:pr-0 [&>[role=checkbox]]:translate-y-[2px]"[31m
                  [33mdata-slot[31m=[32m"table-head"[31m
                [36m>[31m
                  [0mStatus[0m
                [36m</th>[31m
                [36m<th[31m
                  [33mclass[31m=[32m"text-foreground h-10 px-2 align-middle font-medium whitespace-nowrap [&:has([role=checkbox])]:pr-0 [&>[role=checkbox]]:translate-y-[2px] text-right"[31m
                  [33mdata-slot[31m=[32m"table-head"[31m
                [36m>[31m
                  [0mKoszt[0m
                [36m</th>[31m
                [36m<th[31m
                  [33mclass[31m=[32m"text-foreground h-10 px-2 align-middle font-medium whitespace-nowrap [&:has([role=checkbox])]:pr-0 [&>[role=checkbox]]:translate-y-[2px] text-right"[31m
                  [33mdata-slot[31m=[32m"table-head"[31m
                [36m>[31m
                  [0mTokeny[0m
                [36m</th>[31m
              [36m</tr>[31m
            [36m</thead>[31m
            [36m<tbody[31m
              [33mclass[31m=[32m"[&_tr:last-child]:border-0"[31m
              [33mdata-slot[31m=[32m"table-body"[31m
            [36m>[31m
              [36m<tr[31m
                [33mclass[31m=[32m"hover:bg-muted/50 data-[state=selected]:bg-muted border-b transition-colors"[31m
                [33mdata-slot[31m=[32m"table-row"[31m
              [36m>[31m
                [36m<td[31m
                  [33mclass[31m=[32m"p-2 align-middle whitespace-nowrap [&:has([role=checkbox])]:pr-0 [&>[role=checkbox]]:translate-y-[2px] font-mono text-sm"[31m
                  [33mdata-slot[31m=[32m"table-cell"[31m
                [36m>[31m
                  [0m123[0m
                  [0m...[0m
                [36m</td>[31m
                [36m<td[31m
                  [33mclass[31m=[32m"p-2 align-middle whitespace-nowrap [&:has([role=checkbox])]:pr-0 [&>[role=checkbox]]:translate-y-[2px]"[31m
                  [33mdata-slot[31m=[32m"table-cell"[31m
                [36m>[31m
                  [36m<span[31m
                    [33mclass[31m=[32m"text-green-600"[31m
                  [36m>[31m
                    [0mZakończony[0m
                  [36m</span>[31m
                [36m</td>[31m
                [36m<td[31m
                  [33mclass[31m=[32m"p-2 align-middle whitespace-nowrap [&:has([role=checkbox])]:pr-0 [&>[role=checkbox]]:translate-y-[2px] text-right"[31m
                  [33mdata-slot[31m=[32m"table-cell"[31m
                [36m>[31m
                  [0m$1.2346[0m
                [36m</td>[31m
                [36m<td[31m
                  [33mclass[31m=[32m"p-2 align-middle whitespace-nowrap [&:has([role=checkbox])]:pr-0 [&>[role=checkbox]]:translate-y-[2px] text-right"[31m
                  [33mdata-slot[31m=[32m"table-cell"[31m
                [36m>[31m
                  [0m1 500 000[0m
                [36m</td>[31m
              [36m</tr>[31m
            [36m</tbody>[31m
          [36m</table>[31m
        [36m</div>[31m
      [36m</div>[31m
    [36m</div>[31m
  [36m</div>[31m
[36m</body>[31m[39m
 [31m×[39m src/lib/__tests__/encryption.test.ts[2m > [22mEncryption Module[2m > [22mencryptApiKey[2m > [22mshould encrypt API key and return encrypted string with IV[32m 12[2mms[22m[39m
[31m   → Invalid key length[39m
 [31m×[39m src/lib/__tests__/encryption.test.ts[2m > [22mEncryption Module[2m > [22mencryptApiKey[2m > [22mshould generate different encrypted values for same input[32m 1[2mms[22m[39m
[31m   → Invalid key length[39m
 [31m×[39m src/lib/__tests__/encryption.test.ts[2m > [22mEncryption Module[2m > [22mencryptApiKey[2m > [22mshould handle empty string[32m 9[2mms[22m[39m
[31m   → expected [Function] to not throw an error but 'RangeError: Invalid key length' was thrown[39m
 [31m×[39m src/lib/__tests__/encryption.test.ts[2m > [22mEncryption Module[2m > [22mencryptApiKey[2m > [22mshould handle special characters[32m 2[2mms[22m[39m
[31m   → expected [Function] to not throw an error but 'RangeError: Invalid key length' was thrown[39m
 [31m×[39m src/lib/__tests__/encryption.test.ts[2m > [22mEncryption Module[2m > [22mdecryptApiKey[2m > [22mshould correctly decrypt encrypted API key[32m 6[2mms[22m[39m
[31m   → Invalid key length[39m
 [31m×[39m src/lib/__tests__/encryption.test.ts[2m > [22mEncryption Module[2m > [22mdecryptApiKey[2m > [22mshould throw error for invalid encrypted data[32m 1[2mms[22m[39m
[31m   → Invalid key length[39m
 [31m×[39m src/lib/__tests__/encryption.test.ts[2m > [22mEncryption Module[2m > [22mdecryptApiKey[2m > [22mshould throw error for invalid IV[32m 1[2mms[22m[39m
[31m   → Invalid key length[39m
 [31m×[39m src/lib/__tests__/encryption.test.ts[2m > [22mEncryption Module[2m > [22mdecryptApiKey[2m > [22mshould handle encryption/decryption of large strings[32m 1[2mms[22m[39m
[31m   → Invalid key length[39m
 [31m×[39m src/lib/__tests__/encryption.test.ts[2m > [22mEncryption Module[2m > [22mEdge Cases and Security[2m > [22mshould not expose original key in encrypted form[32m 4[2mms[22m[39m
[31m   → Invalid key length[39m
 [31m×[39m src/lib/__tests__/encryption.test.ts[2m > [22mEncryption Module[2m > [22mEdge Cases and Security[2m > [22mshould handle unicode characters[32m 2[2mms[22m[39m
[31m   → Invalid key length[39m
 [32m✓[39m src/lib/__tests__/encryption.test.ts[2m > [22mEncryption Module[2m > [22mEdge Cases and Security[2m > [22mshould fail gracefully with null input[32m 1[2mms[22m[39m
 [32m✓[39m src/lib/__tests__/encryption.test.ts[2m > [22mEncryption Module[2m > [22mEdge Cases and Security[2m > [22mshould fail gracefully with undefined input[32m 1[2mms[22m[39m
 [31m×[39m src/components/inputs/SearchInput/__tests__/SearchInput.test.tsx[2m > [22mSearchInput[2m > [22mprevents input beyond maxLength[33m 5005[2mms[22m[39m
[31m   → Test timed out in 5000ms.
If this is a long-running test, pass a timeout value as the last argument or configure it globally with "testTimeout".[39m
 [32m✓[39m src/components/inputs/SearchInput/__tests__/SearchInput.test.tsx[2m > [22mSearchInput[2m > [22mupdates local value when external value changes[32m 19[2mms[22m[39m
 [32m✓[39m src/components/inputs/SearchInput/__tests__/SearchInput.test.tsx[2m > [22mSearchInput[2m > [22mapplies custom className[32m 8[2mms[22m[39m
 [32m✓[39m src/components/inputs/SearchInput/__tests__/SearchInput.test.tsx[2m > [22mSearchInput[2m > [22mmaintains accessibility attributes[32m 8[2mms[22m[39m
 [31m×[39m src/components/pages/JobsHistoryPage/__tests__/JobsHistoryPage.test.tsx[2m > [22mJobsHistoryPage[2m > [22mrenders loading state[32m 11[2mms[22m[39m
[31m   → useJobsHistory is not defined[39m
 [31m×[39m src/components/pages/JobsHistoryPage/__tests__/JobsHistoryPage.test.tsx[2m > [22mJobsHistoryPage[2m > [22mrenders error state[32m 2[2mms[22m[39m
[31m   → useJobsHistory is not defined[39m
 [31m×[39m src/components/pages/JobsHistoryPage/__tests__/JobsHistoryPage.test.tsx[2m > [22mJobsHistoryPage[2m > [22mrenders jobs table with data[32m 1[2mms[22m[39m
[31m   → useJobsHistory is not defined[39m
 [31m×[39m src/components/pages/JobsHistoryPage/__tests__/JobsHistoryPage.test.tsx[2m > [22mJobsHistoryPage[2m > [22mhandles filter change[32m 1[2mms[22m[39m
[31m   → useJobsHistory is not defined[39m
 [31m×[39m src/components/pages/JobsHistoryPage/__tests__/JobsHistoryPage.test.tsx[2m > [22mJobsHistoryPage[2m > [22mhandles refresh button click[32m 1[2mms[22m[39m
[31m   → useJobsHistory is not defined[39m
 [31m×[39m src/components/pages/JobsHistoryPage/__tests__/JobsHistoryPage.test.tsx[2m > [22mJobsHistoryPage[2m > [22mhandles pagination[32m 1[2mms[22m[39m
[31m   → useJobsHistory is not defined[39m
 [32m✓[39m src/components/modals/ProductPreviewModal/__tests__/ProductPreviewModal.test.tsx[2m > [22mProductPreviewModal[2m > [22mrenders loading state[32m 227[2mms[22m[39m
 [32m✓[39m src/components/modals/ProductPreviewModal/__tests__/ProductPreviewModal.test.tsx[2m > [22mProductPreviewModal[2m > [22mrenders error state[32m 41[2mms[22m[39m
 [32m✓[39m src/components/modals/ProductPreviewModal/__tests__/ProductPreviewModal.test.tsx[2m > [22mProductPreviewModal[2m > [22mrenders product details[32m 256[2mms[22m[39m
 [32m✓[39m src/components/modals/ProductPreviewModal/__tests__/ProductPreviewModal.test.tsx[2m > [22mProductPreviewModal[2m > [22mhandles close action[32m 177[2mms[22m[39m
 [32m✓[39m src/components/modals/ProductPreviewModal/__tests__/ProductPreviewModal.test.tsx[2m > [22mProductPreviewModal[2m > [22mexpands accordion sections[32m 243[2mms[22m[39m
 [32m✓[39m src/components/modals/ProductPreviewModal/__tests__/ProductPreviewModal.test.tsx[2m > [22mProductPreviewModal[2m > [22mdisplays categories and collections[32m 169[2mms[22m[39m
 [32m✓[39m src/components/modals/ProductPreviewModal/__tests__/ProductPreviewModal.test.tsx[2m > [22mProductPreviewModal[2m > [22mdisplays metadata when available[32m 107[2mms[22m[39m
 [32m✓[39m src/components/modals/ProductPreviewModal/__tests__/ProductPreviewModal.test.tsx[2m > [22mProductPreviewModal[2m > [22msanitizes HTML content[32m 171[2mms[22m[39m
 [31m×[39m src/components/pages/JobProgressPage/__tests__/JobProgressPage.test.tsx[2m > [22mJobProgressPage[2m > [22mrenders loading state[32m 11[2mms[22m[39m
[31m   → useJobProgress is not defined[39m
 [31m×[39m src/components/pages/JobProgressPage/__tests__/JobProgressPage.test.tsx[2m > [22mJobProgressPage[2m > [22mrenders error state[32m 1[2mms[22m[39m
[31m   → useJobProgress is not defined[39m
 [31m×[39m src/components/pages/JobProgressPage/__tests__/JobProgressPage.test.tsx[2m > [22mJobProgressPage[2m > [22mrenders no job state[32m 1[2mms[22m[39m
[31m   → useJobProgress is not defined[39m
 [31m×[39m src/components/pages/JobProgressPage/__tests__/JobProgressPage.test.tsx[2m > [22mJobProgressPage[2m > [22mrenders job details[32m 1[2mms[22m[39m
[31m   → useJobProgress is not defined[39m
 [31m×[39m src/components/pages/JobProgressPage/__tests__/JobProgressPage.test.tsx[2m > [22mJobProgressPage[2m > [22mhandles job cancellation[32m 1[2mms[22m[39m
[31m   → useJobProgress is not defined[39m
 [31m×[39m src/components/pages/JobProgressPage/__tests__/JobProgressPage.test.tsx[2m > [22mJobProgressPage[2m > [22mhandles failed cancellation[32m 1[2mms[22m[39m
[31m   → useJobProgress is not defined[39m
 [31m×[39m src/components/pages/JobProgressPage/__tests__/JobProgressPage.test.tsx[2m > [22mJobProgressPage[2m > [22mcalculates completed products and total cost[32m 1[2mms[22m[39m
[31m   → useJobProgress is not defined[39m
 [32m✓[39m src/components/__tests__/GeneratePage.test.tsx[2m > [22mGeneratePage[2m > [22mInitial Render[2m > [22mshould render page title and selected products count[32m 79[2mms[22m[39m
 [32m✓[39m src/components/__tests__/GeneratePage.test.tsx[2m > [22mGeneratePage[2m > [22mInitial Render[2m > [22mshould render style selection section[32m 17[2mms[22m[39m
 [32m✓[39m src/components/__tests__/GeneratePage.test.tsx[2m > [22mGeneratePage[2m > [22mInitial Render[2m > [22mshould render language selection section[32m 15[2mms[22m[39m
 [32m✓[39m src/components/__tests__/GeneratePage.test.tsx[2m > [22mGeneratePage[2m > [22mInitial Render[2m > [22mshould render generate button[32m 11[2mms[22m[39m
 [32m✓[39m src/components/__tests__/GeneratePage.test.tsx[2m > [22mGeneratePage[2m > [22mInitial Render[2m > [22mshould have default style as professional[32m 11[2mms[22m[39m
 [32m✓[39m src/components/__tests__/GeneratePage.test.tsx[2m > [22mGeneratePage[2m > [22mInitial Render[2m > [22mshould have default language as pl[32m 12[2mms[22m[39m
 [32m✓[39m src/components/__tests__/GeneratePage.test.tsx[2m > [22mGeneratePage[2m > [22mStyle and Language Selection[2m > [22mshould update selected style when user changes it[32m 149[2mms[22m[39m
 [32m✓[39m src/components/__tests__/GeneratePage.test.tsx[2m > [22mGeneratePage[2m > [22mStyle and Language Selection[2m > [22mshould update selected language when user changes it[32m 49[2mms[22m[39m
 [32m✓[39m src/components/__tests__/GeneratePage.test.tsx[2m > [22mGeneratePage[2m > [22mGenerate Button[2m > [22mshould be disabled when no products are selected[32m 9[2mms[22m[39m
 [32m✓[39m src/components/__tests__/GeneratePage.test.tsx[2m > [22mGeneratePage[2m > [22mGenerate Button[2m > [22mshould be disabled when generation is in progress[32m 22[2mms[22m[39m
 [32m✓[39m src/components/__tests__/GeneratePage.test.tsx[2m > [22mGeneratePage[2m > [22mGenerate Button[2m > [22mshould be enabled when products are selected and not generating[32m 85[2mms[22m[39m
 [32m✓[39m src/components/__tests__/GeneratePage.test.tsx[2m > [22mGeneratePage[2m > [22mGenerate Button[2m > [22mshould call generate function with correct parameters when clicked[32m 15[2mms[22m[39m
 [32m✓[39m src/components/__tests__/GeneratePage.test.tsx[2m > [22mGeneratePage[2m > [22mGenerate Button[2m > [22mshould call generate with updated style and language[32m 57[2mms[22m[39m
 [32m✓[39m src/components/__tests__/GeneratePage.test.tsx[2m > [22mGeneratePage[2m > [22mGenerate Button[2m > [22mshould show "Generowanie..." text when generating[32m 8[2mms[22m[39m
 [32m✓[39m src/components/__tests__/GeneratePage.test.tsx[2m > [22mGeneratePage[2m > [22mProgress Display[2m > [22mshould not show progress when not generating[32m 6[2mms[22m[39m
 [32m✓[39m src/components/__tests__/GeneratePage.test.tsx[2m > [22mGeneratePage[2m > [22mProgress Display[2m > [22mshould show progress when generating[32m 12[2mms[22m[39m
 [32m✓[39m src/components/__tests__/GeneratePage.test.tsx[2m > [22mGeneratePage[2m > [22mError Display[2m > [22mshould not show error when there is no error[32m 7[2mms[22m[39m
 [32m✓[39m src/components/__tests__/GeneratePage.test.tsx[2m > [22mGeneratePage[2m > [22mError Display[2m > [22mshould show error message when generation fails[32m 45[2mms[22m[39m
 [32m✓[39m src/components/__tests__/GeneratePage.test.tsx[2m > [22mGeneratePage[2m > [22mError Display[2m > [22mshould apply correct styling to error message[32m 9[2mms[22m[39m
 [32m✓[39m src/components/__tests__/GeneratePage.test.tsx[2m > [22mGeneratePage[2m > [22mSummary Display[2m > [22mshould not show summary when there is no summary[32m 22[2mms[22m[39m
 [32m✓[39m src/components/__tests__/DashboardPage.test.tsx[2m > [22mDashboardPage[2m > [22mLoading State[2m > [22mshould render loading state[32m 65[2mms[22m[39m
 [32m✓[39m src/components/__tests__/DashboardPage.test.tsx[2m > [22mDashboardPage[2m > [22mError State[2m > [22mshould render error state[32m 17[2mms[22m[39m
 [32m✓[39m src/components/__tests__/GeneratePage.test.tsx[2m > [22mGeneratePage[2m > [22mSummary Display[2m > [22mshould show summary when generation is complete[32m 76[2mms[22m[39m
 [32m✓[39m src/components/__tests__/GeneratePage.test.tsx[2m > [22mGeneratePage[2m > [22mResults Display[2m > [22mshould not show results when there are no results[32m 32[2mms[22m[39m
 [32m✓[39m src/components/__tests__/GeneratePage.test.tsx[2m > [22mGeneratePage[2m > [22mResults Display[2m > [22mshould show results section when results are available[32m 22[2mms[22m[39m
 [32m✓[39m src/components/__tests__/GeneratePage.test.tsx[2m > [22mGeneratePage[2m > [22mResults Display[2m > [22mshould display successful result correctly[32m 36[2mms[22m[39m
 [32m✓[39m src/components/__tests__/DashboardPage.test.tsx[2m > [22mDashboardPage[2m > [22mError State[2m > [22mshould call refetch when retry button is clicked in error state[32m 39[2mms[22m[39m
 [32m✓[39m src/components/__tests__/DashboardPage.test.tsx[2m > [22mDashboardPage[2m > [22mNo Data State[2m > [22mshould render no data state[32m 5[2mms[22m[39m
 [32m✓[39m src/components/__tests__/DashboardPage.test.tsx[2m > [22mDashboardPage[2m > [22mSuccess State[2m > [22mshould render dashboard with all components when data is loaded[32m 14[2mms[22m[39m
 [32m✓[39m src/components/__tests__/DashboardPage.test.tsx[2m > [22mDashboardPage[2m > [22mSuccess State[2m > [22mshould pass correct props to StatusCard when shop is configured[32m 11[2mms[22m[39m
 [32m✓[39m src/components/__tests__/DashboardPage.test.tsx[2m > [22mDashboardPage[2m > [22mSuccess State[2m > [22mshould pass correct props to StatusCard when shop is not configured[32m 15[2mms[22m[39m
 [32m✓[39m src/components/__tests__/DashboardPage.test.tsx[2m > [22mDashboardPage[2m > [22mSuccess State[2m > [22mshould pass correct count to ProductsCountCard[32m 6[2mms[22m[39m
 [32m✓[39m src/components/__tests__/DashboardPage.test.tsx[2m > [22mDashboardPage[2m > [22mSuccess State[2m > [22mshould pass jobs to RecentJobsTable[32m 10[2mms[22m[39m
 [32m✓[39m src/components/__tests__/DashboardPage.test.tsx[2m > [22mDashboardPage[2m > [22mSuccess State[2m > [22mshould call refetch when refresh button is clicked[32m 16[2mms[22m[39m
 [32m✓[39m src/components/__tests__/DashboardPage.test.tsx[2m > [22mDashboardPage[2m > [22mAPI Key Modal[2m > [22mshould not open modal when shop is configured[32m 6[2mms[22m[39m
 [32m✓[39m src/components/__tests__/GeneratePage.test.tsx[2m > [22mGeneratePage[2m > [22mResults Display[2m > [22mshould display failed result correctly[32m 15[2mms[22m[39m
 [32m✓[39m src/components/__tests__/GeneratePage.test.tsx[2m > [22mGeneratePage[2m > [22mResults Display[2m > [22mshould display multiple results[32m 23[2mms[22m[39m
 [32m✓[39m src/components/__tests__/GeneratePage.test.tsx[2m > [22mGeneratePage[2m > [22mResults Display[2m > [22mshould apply correct styling to success results[32m 11[2mms[22m[39m
 [32m✓[39m src/components/__tests__/GeneratePage.test.tsx[2m > [22mGeneratePage[2m > [22mResults Display[2m > [22mshould apply correct styling to error results[32m 8[2mms[22m[39m
 [32m✓[39m src/components/__tests__/GeneratePage.test.tsx[2m > [22mGeneratePage[2m > [22mIntegration[2m > [22mshould handle complete generation flow[32m 25[2mms[22m[39m
 [32m✓[39m src/components/__tests__/DashboardPage.test.tsx[2m > [22mDashboardPage[2m > [22mAPI Key Modal[2m > [22mshould open modal when shop is not configured[32m 19[2mms[22m[39m
 [32m✓[39m src/components/__tests__/DashboardPage.test.tsx[2m > [22mDashboardPage[2m > [22mAPI Key Modal[2m > [22mshould close modal when onClose is called[32m 32[2mms[22m[39m
 [32m✓[39m src/components/__tests__/DashboardPage.test.tsx[2m > [22mDashboardPage[2m > [22mAPI Key Modal[2m > [22mshould call refetch when modal onSuccess is called[32m 11[2mms[22m[39m
 [32m✓[39m src/components/__tests__/DashboardPage.test.tsx[2m > [22mDashboardPage[2m > [22mAccessibility[2m > [22mshould have accessible refresh button[32m 11[2mms[22m[39m
 [32m✓[39m src/components/__tests__/DashboardPage.test.tsx[2m > [22mDashboardPage[2m > [22mAccessibility[2m > [22mshould have proper semantic structure[32m 14[2mms[22m[39m
[90mstderr[2m | src/components/hooks/__tests__/useProducts.test.tsx[2m > [22m[2museProducts Hook[2m > [22m[2mInitialization and Data Fetching[2m > [22m[2mshould initialize with default values
[22m[39mAn update to TestComponent inside a test was not wrapped in act(...).

When testing, code that causes React state updates should be wrapped into act(...):

act(() => {
  /* fire events that update state */
});
/* assert on the output */

This ensures that you're testing the behavior the user would see in the browser. Learn more at https://react.dev/link/wrap-tests-with-act
An update to TestComponent inside a test was not wrapped in act(...).

When testing, code that causes React state updates should be wrapped into act(...):

act(() => {
  /* fire events that update state */
});
/* assert on the output */

This ensures that you're testing the behavior the user would see in the browser. Learn more at https://react.dev/link/wrap-tests-with-act
An update to TestComponent inside a test was not wrapped in act(...).

When testing, code that causes React state updates should be wrapped into act(...):

act(() => {
  /* fire events that update state */
});
/* assert on the output */

This ensures that you're testing the behavior the user would see in the browser. Learn more at https://react.dev/link/wrap-tests-with-act

[90mstderr[2m | src/components/hooks/__tests__/useProducts.test.tsx[2m > [22m[2museProducts Hook[2m > [22m[2mInitialization and Data Fetching[2m > [22m[2mshould fetch products on mount
[22m[39mAn update to TestComponent inside a test was not wrapped in act(...).

When testing, code that causes React state updates should be wrapped into act(...):

act(() => {
  /* fire events that update state */
});
/* assert on the output */

This ensures that you're testing the behavior the user would see in the browser. Learn more at https://react.dev/link/wrap-tests-with-act
An update to TestComponent inside a test was not wrapped in act(...).

When testing, code that causes React state updates should be wrapped into act(...):

act(() => {
  /* fire events that update state */
});
/* assert on the output */

This ensures that you're testing the behavior the user would see in the browser. Learn more at https://react.dev/link/wrap-tests-with-act
An update to TestComponent inside a test was not wrapped in act(...).

When testing, code that causes React state updates should be wrapped into act(...):

act(() => {
  /* fire events that update state */
});
/* assert on the output */

This ensures that you're testing the behavior the user would see in the browser. Learn more at https://react.dev/link/wrap-tests-with-act

 [32m✓[39m src/components/hooks/__tests__/useProducts.test.tsx[2m > [22museProducts Hook[2m > [22mInitialization and Data Fetching[2m > [22mshould initialize with default values[32m 111[2mms[22m[39m
 [32m✓[39m src/components/hooks/__tests__/useProducts.test.tsx[2m > [22museProducts Hook[2m > [22mInitialization and Data Fetching[2m > [22mshould fetch products on mount[32m 86[2mms[22m[39m
[90mstderr[2m | src/components/hooks/__tests__/useProducts.test.tsx[2m > [22m[2museProducts Hook[2m > [22m[2mPagination Handling[2m > [22m[2mshould handle pagination meta data
[22m[39mAn update to TestComponent inside a test was not wrapped in act(...).

When testing, code that causes React state updates should be wrapped into act(...):

act(() => {
  /* fire events that update state */
});
/* assert on the output */

This ensures that you're testing the behavior the user would see in the browser. Learn more at https://react.dev/link/wrap-tests-with-act
An update to TestComponent inside a test was not wrapped in act(...).

When testing, code that causes React state updates should be wrapped into act(...):

act(() => {
  /* fire events that update state */
});
/* assert on the output */

This ensures that you're testing the behavior the user would see in the browser. Learn more at https://react.dev/link/wrap-tests-with-act
An update to TestComponent inside a test was not wrapped in act(...).

When testing, code that causes React state updates should be wrapped into act(...):

act(() => {
  /* fire events that update state */
});
/* assert on the output */

This ensures that you're testing the behavior the user would see in the browser. Learn more at https://react.dev/link/wrap-tests-with-act

 [32m✓[39m src/components/hooks/__tests__/useProducts.test.tsx[2m > [22museProducts Hook[2m > [22mPagination Handling[2m > [22mshould update pagination when page changes[32m 15[2mms[22m[39m
 [32m✓[39m src/components/hooks/__tests__/useProducts.test.tsx[2m > [22museProducts Hook[2m > [22mPagination Handling[2m > [22mshould handle pagination meta data[32m 68[2mms[22m[39m
 [32m✓[39m src/components/hooks/__tests__/useProducts.test.tsx[2m > [22museProducts Hook[2m > [22mSearch and Filtering[2m > [22mshould update search query and fetch results[32m 6[2mms[22m[39m
[90mstderr[2m | src/components/hooks/__tests__/useProducts.test.tsx[2m > [22m[2museProducts Hook[2m > [22m[2mSelection Management[2m > [22m[2mshould handle product selection
[22m[39mAn update to TestComponent inside a test was not wrapped in act(...).

When testing, code that causes React state updates should be wrapped into act(...):

act(() => {
  /* fire events that update state */
});
/* assert on the output */

This ensures that you're testing the behavior the user would see in the browser. Learn more at https://react.dev/link/wrap-tests-with-act
An update to TestComponent inside a test was not wrapped in act(...).

When testing, code that causes React state updates should be wrapped into act(...):

act(() => {
  /* fire events that update state */
});
/* assert on the output */

This ensures that you're testing the behavior the user would see in the browser. Learn more at https://react.dev/link/wrap-tests-with-act
An update to TestComponent inside a test was not wrapped in act(...).

When testing, code that causes React state updates should be wrapped into act(...):

act(() => {
  /* fire events that update state */
});
/* assert on the output */

This ensures that you're testing the behavior the user would see in the browser. Learn more at https://react.dev/link/wrap-tests-with-act

[90mstderr[2m | src/components/hooks/__tests__/useProducts.test.tsx[2m > [22m[2museProducts Hook[2m > [22m[2mSelection Management[2m > [22m[2mshould clear selection
[22m[39mAn update to TestComponent inside a test was not wrapped in act(...).

When testing, code that causes React state updates should be wrapped into act(...):

act(() => {
  /* fire events that update state */
});
/* assert on the output */

This ensures that you're testing the behavior the user would see in the browser. Learn more at https://react.dev/link/wrap-tests-with-act
An update to TestComponent inside a test was not wrapped in act(...).

When testing, code that causes React state updates should be wrapped into act(...):

act(() => {
  /* fire events that update state */
});
/* assert on the output */

This ensures that you're testing the behavior the user would see in the browser. Learn more at https://react.dev/link/wrap-tests-with-act
An update to TestComponent inside a test was not wrapped in act(...).

When testing, code that causes React state updates should be wrapped into act(...):

act(() => {
  /* fire events that update state */
});
/* assert on the output */

This ensures that you're testing the behavior the user would see in the browser. Learn more at https://react.dev/link/wrap-tests-with-act

[90mstderr[2m | src/components/hooks/__tests__/useProducts.test.tsx[2m > [22m[2museProducts Hook[2m > [22m[2mError Handling[2m > [22m[2mshould handle fetch errors
[22m[39mAn update to TestComponent inside a test was not wrapped in act(...).

When testing, code that causes React state updates should be wrapped into act(...):

act(() => {
  /* fire events that update state */
});
/* assert on the output */

This ensures that you're testing the behavior the user would see in the browser. Learn more at https://react.dev/link/wrap-tests-with-act
An update to TestComponent inside a test was not wrapped in act(...).

When testing, code that causes React state updates should be wrapped into act(...):

act(() => {
  /* fire events that update state */
});
/* assert on the output */

This ensures that you're testing the behavior the user would see in the browser. Learn more at https://react.dev/link/wrap-tests-with-act

 [32m✓[39m src/components/navigation/PaginationControls/__tests__/PaginationControls.test.tsx[2m > [22mPaginationControls[2m > [22mrenders pagination controls with page info[32m 93[2mms[22m[39m
 [32m✓[39m src/components/hooks/__tests__/useProducts.test.tsx[2m > [22museProducts Hook[2m > [22mSearch and Filtering[2m > [22mshould update filters and fetch results[32m 30[2mms[22m[39m
 [32m✓[39m src/components/hooks/__tests__/useProducts.test.tsx[2m > [22museProducts Hook[2m > [22mSelection Management[2m > [22mshould handle product selection[32m 7[2mms[22m[39m
 [32m✓[39m src/components/hooks/__tests__/useProducts.test.tsx[2m > [22museProducts Hook[2m > [22mSelection Management[2m > [22mshould clear selection[32m 5[2mms[22m[39m
[90mstderr[2m | src/components/hooks/__tests__/useProducts.test.tsx[2m > [22m[2museProducts Hook[2m > [22m[2mError Handling[2m > [22m[2mshould handle API errors
[22m[39mAn update to TestComponent inside a test was not wrapped in act(...).

When testing, code that causes React state updates should be wrapped into act(...):

act(() => {
  /* fire events that update state */
});
/* assert on the output */

This ensures that you're testing the behavior the user would see in the browser. Learn more at https://react.dev/link/wrap-tests-with-act
An update to TestComponent inside a test was not wrapped in act(...).

When testing, code that causes React state updates should be wrapped into act(...):

act(() => {
  /* fire events that update state */
});
/* assert on the output */

This ensures that you're testing the behavior the user would see in the browser. Learn more at https://react.dev/link/wrap-tests-with-act

 [32m✓[39m src/components/hooks/__tests__/useProducts.test.tsx[2m > [22museProducts Hook[2m > [22mError Handling[2m > [22mshould handle fetch errors[32m 89[2mms[22m[39m
 [32m✓[39m src/components/hooks/__tests__/useProducts.test.tsx[2m > [22museProducts Hook[2m > [22mError Handling[2m > [22mshould handle API errors[32m 56[2mms[22m[39m
 [32m✓[39m src/components/hooks/__tests__/useProducts.test.tsx[2m > [22museProducts Hook[2m > [22mRefetching[2m > [22mshould allow manual refetch[32m 4[2mms[22m[39m
 [32m✓[39m src/components/hooks/__tests__/useProducts.test.tsx[2m > [22museProducts Hook[2m > [22mRefetching[2m > [22mshould refetch on filter changes[32m 4[2mms[22m[39m
 [32m✓[39m src/components/navigation/PaginationControls/__tests__/PaginationControls.test.tsx[2m > [22mPaginationControls[2m > [22mhides page info when showPageInfo is false[32m 11[2mms[22m[39m
 [32m✓[39m src/components/navigation/PaginationControls/__tests__/PaginationControls.test.tsx[2m > [22mPaginationControls[2m > [22mdisables previous button on first page[32m 10[2mms[22m[39m
 [32m✓[39m src/components/navigation/PaginationControls/__tests__/PaginationControls.test.tsx[2m > [22mPaginationControls[2m > [22mdisables next button on last page[32m 9[2mms[22m[39m
 [32m✓[39m src/components/navigation/PaginationControls/__tests__/PaginationControls.test.tsx[2m > [22mPaginationControls[2m > [22mdisables both buttons when loading[32m 19[2mms[22m[39m
 [32m✓[39m src/components/navigation/PaginationControls/__tests__/PaginationControls.test.tsx[2m > [22mPaginationControls[2m > [22mcalls onPageChange with correct page number when clicking prev/next[32m 105[2mms[22m[39m
 [32m✓[39m src/components/navigation/PaginationControls/__tests__/PaginationControls.test.tsx[2m > [22mPaginationControls[2m > [22mdoes not render when totalPages is 1 or less[32m 3[2mms[22m[39m
 [32m✓[39m src/components/navigation/PaginationControls/__tests__/PaginationControls.test.tsx[2m > [22mPaginationControls[2m > [22mapplies custom className[32m 7[2mms[22m[39m
 [32m✓[39m src/components/navigation/PaginationControls/__tests__/PaginationControls.test.tsx[2m > [22mPaginationControls[2m > [22mmaintains button order and spacing[32m 14[2mms[22m[39m
[90mstdout[2m | src/components/hooks/__tests__/useGenerate.test.tsx[2m > [22m[2museGenerate Hook[2m > [22m[2mGeneration Process[2m > [22m[2mshould handle successful generation
[22m[39mSending request to generate descriptions: { productIds: [ [32m'1'[39m, [32m'2'[39m ], style: [32m'professional'[39m, language: [32m'pl'[39m }

[90mstdout[2m | src/components/hooks/__tests__/useGenerate.test.tsx[2m > [22m[2museGenerate Hook[2m > [22m[2mGeneration Process[2m > [22m[2mshould handle successful generation
[22m[39mAPI response: { ok: [33mtrue[39m, json: [36m[Function: json][39m }

[90mstdout[2m | src/components/hooks/__tests__/useGenerate.test.tsx[2m > [22m[2museGenerate Hook[2m > [22m[2mGeneration Process[2m > [22m[2mshould prevent concurrent generations
[22m[39mSending request to generate descriptions: { productIds: [ [32m'1'[39m, [32m'2'[39m ], style: [32m'professional'[39m, language: [32m'pl'[39m }

[90mstdout[2m | src/components/hooks/__tests__/useGenerate.test.tsx[2m > [22m[2museGenerate Hook[2m > [22m[2mGeneration Process[2m > [22m[2mshould prevent concurrent generations
[22m[39mAPI response: { ok: [33mtrue[39m, json: [36m[Function: json][39m }

[90mstdout[2m | src/components/hooks/__tests__/useGenerate.test.tsx[2m > [22m[2museGenerate Hook[2m > [22m[2mGeneration Process[2m > [22m[2mshould send correct request payload
[22m[39mSending request to generate descriptions: { productIds: [ [32m'1'[39m, [32m'2'[39m ], style: [32m'professional'[39m, language: [32m'pl'[39m }

[90mstdout[2m | src/components/hooks/__tests__/useGenerate.test.tsx[2m > [22m[2museGenerate Hook[2m > [22m[2mGeneration Process[2m > [22m[2mshould send correct request payload
[22m[39mAPI response: { ok: [33mtrue[39m, json: [36m[Function: json][39m }

[90mstdout[2m | src/components/hooks/__tests__/useGenerate.test.tsx[2m > [22m[2museGenerate Hook[2m > [22m[2mError Handling[2m > [22m[2mshould handle API errors
[22m[39mSending request to generate descriptions: { productIds: [ [32m'1'[39m, [32m'2'[39m ], style: [32m'professional'[39m, language: [32m'pl'[39m }

[90mstderr[2m | src/components/hooks/__tests__/useGenerate.test.tsx[2m > [22m[2museGenerate Hook[2m > [22m[2mError Handling[2m > [22m[2mshould handle API errors
[22m[39mAPI error response: {
  status: [90mundefined[39m,
  statusText: [90mundefined[39m,
  errorData: { error: [32m'API Error'[39m }
}

[90mstdout[2m | src/components/hooks/__tests__/useGenerate.test.tsx[2m > [22m[2museGenerate Hook[2m > [22m[2mError Handling[2m > [22m[2mshould handle network errors
[22m[39mSending request to generate descriptions: { productIds: [ [32m'1'[39m, [32m'2'[39m ], style: [32m'professional'[39m, language: [32m'pl'[39m }

[90mstdout[2m | src/components/hooks/__tests__/useGenerate.test.tsx[2m > [22m[2museGenerate Hook[2m > [22m[2mError Handling[2m > [22m[2mshould handle malformed response data
[22m[39mSending request to generate descriptions: { productIds: [ [32m'1'[39m, [32m'2'[39m ], style: [32m'professional'[39m, language: [32m'pl'[39m }

[90mstdout[2m | src/components/hooks/__tests__/useGenerate.test.tsx[2m > [22m[2museGenerate Hook[2m > [22m[2mError Handling[2m > [22m[2mshould handle malformed response data
[22m[39mAPI response: { ok: [33mtrue[39m, json: [36m[Function: json][39m }

[90mstdout[2m | src/components/hooks/__tests__/useGenerate.test.tsx[2m > [22m[2museGenerate Hook[2m > [22m[2mState Management[2m > [22m[2mshould reset state before new generation
[22m[39mSending request to generate descriptions: { productIds: [ [32m'1'[39m, [32m'2'[39m ], style: [32m'professional'[39m, language: [32m'pl'[39m }

[90mstdout[2m | src/components/hooks/__tests__/useGenerate.test.tsx[2m > [22m[2museGenerate Hook[2m > [22m[2mState Management[2m > [22m[2mshould reset state before new generation
[22m[39mAPI response: { ok: [33mtrue[39m, json: [36m[Function: json][39m }

[90mstdout[2m | src/components/hooks/__tests__/useGenerate.test.tsx[2m > [22m[2museGenerate Hook[2m > [22m[2mState Management[2m > [22m[2mshould reset state before new generation
[22m[39mSending request to generate descriptions: { productIds: [ [32m'1'[39m, [32m'2'[39m ], style: [32m'professional'[39m, language: [32m'pl'[39m }

[90mstdout[2m | src/components/hooks/__tests__/useGenerate.test.tsx[2m > [22m[2museGenerate Hook[2m > [22m[2mState Management[2m > [22m[2mshould reset state before new generation
[22m[39mAPI response: { ok: [33mtrue[39m, json: [36m[Function: json][39m }

 [32m✓[39m src/components/progress/JobProgressBar/__tests__/JobProgressBar.test.tsx[2m > [22mJobProgressBar[2m > [22mrenders progress information correctly[32m 94[2mms[22m[39m
[90mstdout[2m | src/components/hooks/__tests__/useGenerate.test.tsx[2m > [22m[2museGenerate Hook[2m > [22m[2mState Management[2m > [22m[2mshould maintain progress state
[22m[39mSending request to generate descriptions: { productIds: [ [32m'1'[39m, [32m'2'[39m ], style: [32m'professional'[39m, language: [32m'pl'[39m }

[90mstdout[2m | src/components/hooks/__tests__/useGenerate.test.tsx[2m > [22m[2museGenerate Hook[2m > [22m[2mState Management[2m > [22m[2mshould maintain progress state
[22m[39mAPI response: { ok: [33mtrue[39m, json: [36m[Function: json][39m }

 [32m✓[39m src/components/hooks/__tests__/useGenerate.test.tsx[2m > [22museGenerate Hook[2m > [22mInitialization[2m > [22mshould initialize with default values[32m 37[2mms[22m[39m
 [32m✓[39m src/components/hooks/__tests__/useGenerate.test.tsx[2m > [22museGenerate Hook[2m > [22mGeneration Process[2m > [22mshould handle successful generation[32m 13[2mms[22m[39m
 [32m✓[39m src/components/hooks/__tests__/useGenerate.test.tsx[2m > [22museGenerate Hook[2m > [22mGeneration Process[2m > [22mshould prevent concurrent generations[32m 7[2mms[22m[39m
 [32m✓[39m src/components/hooks/__tests__/useGenerate.test.tsx[2m > [22museGenerate Hook[2m > [22mGeneration Process[2m > [22mshould send correct request payload[32m 11[2mms[22m[39m
 [32m✓[39m src/components/hooks/__tests__/useGenerate.test.tsx[2m > [22museGenerate Hook[2m > [22mError Handling[2m > [22mshould handle API errors[32m 8[2mms[22m[39m
 [32m✓[39m src/components/hooks/__tests__/useGenerate.test.tsx[2m > [22museGenerate Hook[2m > [22mError Handling[2m > [22mshould handle network errors[32m 4[2mms[22m[39m
 [32m✓[39m src/components/hooks/__tests__/useGenerate.test.tsx[2m > [22museGenerate Hook[2m > [22mError Handling[2m > [22mshould handle malformed response data[32m 4[2mms[22m[39m
 [32m✓[39m src/components/hooks/__tests__/useGenerate.test.tsx[2m > [22museGenerate Hook[2m > [22mState Management[2m > [22mshould reset state before new generation[32m 5[2mms[22m[39m
 [32m✓[39m src/components/hooks/__tests__/useGenerate.test.tsx[2m > [22museGenerate Hook[2m > [22mState Management[2m > [22mshould maintain progress state[32m 7[2mms[22m[39m
 [32m✓[39m src/components/cards/StatusCard/__tests__/StatusCard.test.tsx[2m > [22mStatusCard[2m > [22mrenders with default props[32m 68[2mms[22m[39m
 [32m✓[39m src/components/cards/StatusCard/__tests__/StatusCard.test.tsx[2m > [22mStatusCard[2m > [22mrenders with shop name[32m 9[2mms[22m[39m
 [32m✓[39m src/components/cards/StatusCard/__tests__/StatusCard.test.tsx[2m > [22mStatusCard[2m > [22mrenders with custom title[32m 20[2mms[22m[39m
 [32m✓[39m src/components/progress/JobProgressBar/__tests__/JobProgressBar.test.tsx[2m > [22mJobProgressBar[2m > [22mclamps progress value between 0 and 100[32m 25[2mms[22m[39m
 [32m✓[39m src/components/progress/JobProgressBar/__tests__/JobProgressBar.test.tsx[2m > [22mJobProgressBar[2m > [22mdisplays correct status colors[32m 57[2mms[22m[39m
 [32m✓[39m src/components/progress/JobProgressBar/__tests__/JobProgressBar.test.tsx[2m > [22mJobProgressBar[2m > [22mshows appropriate status messages[32m 34[2mms[22m[39m
 [32m✓[39m src/components/progress/JobProgressBar/__tests__/JobProgressBar.test.tsx[2m > [22mJobProgressBar[2m > [22mhandles zero products correctly[32m 6[2mms[22m[39m
 [32m✓[39m src/components/progress/JobProgressBar/__tests__/JobProgressBar.test.tsx[2m > [22mJobProgressBar[2m > [22mhandles completion correctly[32m 14[2mms[22m[39m
 [32m✓[39m src/components/cards/StatusCard/__tests__/StatusCard.test.tsx[2m > [22mStatusCard[2m > [22mshows active status correctly[32m 11[2mms[22m[39m
 [32m✓[39m src/components/cards/StatusCard/__tests__/StatusCard.test.tsx[2m > [22mStatusCard[2m > [22mshows error status correctly[32m 11[2mms[22m[39m
 [32m✓[39m src/components/cards/StatusCard/__tests__/StatusCard.test.tsx[2m > [22mStatusCard[2m > [22mhandles status click when onStatusClick is provided[32m 76[2mms[22m[39m
 [32m✓[39m src/components/cards/StatusCard/__tests__/StatusCard.test.tsx[2m > [22mStatusCard[2m > [22mdoes not handle click when onStatusClick is not provided[32m 8[2mms[22m[39m
 [32m✓[39m src/components/cards/StatusCard/__tests__/StatusCard.test.tsx[2m > [22mStatusCard[2m > [22mapplies custom className[32m 11[2mms[22m[39m
 [32m✓[39m src/components/cards/StatusCard/__tests__/StatusCard.test.tsx[2m > [22mStatusCard[2m > [22mmaintains accessibility attributes when clickable[32m 10[2mms[22m[39m
 [32m✓[39m src/components/cards/StatusCard/__tests__/StatusCard.test.tsx[2m > [22mStatusCard[2m > [22mapplies hover styles when clickable[32m 10[2mms[22m[39m
 [32m✓[39m src/components/cards/ProductsCountCard/__tests__/ProductsCountCard.test.tsx[2m > [22mProductsCountCard[2m > [22mrenders with default props[32m 107[2mms[22m[39m
 [32m✓[39m src/components/cards/ProductsCountCard/__tests__/ProductsCountCard.test.tsx[2m > [22mProductsCountCard[2m > [22mrenders with custom title and description[32m 8[2mms[22m[39m
 [32m✓[39m src/components/cards/ProductsCountCard/__tests__/ProductsCountCard.test.tsx[2m > [22mProductsCountCard[2m > [22mformats large numbers correctly[32m 7[2mms[22m[39m
 [32m✓[39m src/components/cards/ProductsCountCard/__tests__/ProductsCountCard.test.tsx[2m > [22mProductsCountCard[2m > [22mhandles click when onCountClick is provided[32m 59[2mms[22m[39m
 [32m✓[39m src/components/cards/ProductsCountCard/__tests__/ProductsCountCard.test.tsx[2m > [22mProductsCountCard[2m > [22mdoes not handle click when onCountClick is not provided[32m 7[2mms[22m[39m
 [32m✓[39m src/components/cards/ProductsCountCard/__tests__/ProductsCountCard.test.tsx[2m > [22mProductsCountCard[2m > [22mapplies custom className[32m 7[2mms[22m[39m
 [32m✓[39m src/components/cards/ProductsCountCard/__tests__/ProductsCountCard.test.tsx[2m > [22mProductsCountCard[2m > [22mmaintains accessibility attributes when clickable[32m 6[2mms[22m[39m
 [32m✓[39m src/components/cards/ProductsCountCard/__tests__/ProductsCountCard.test.tsx[2m > [22mProductsCountCard[2m > [22mapplies hover styles when clickable[32m 4[2mms[22m[39m
 [32m✓[39m src/components/ui/button.test.tsx[2m > [22mButton[2m > [22mrenders button with text[32m 62[2mms[22m[39m
 [32m✓[39m src/components/ui/button.test.tsx[2m > [22mButton[2m > [22mapplies variant classes correctly[32m 11[2mms[22m[39m
 [32m✓[39m src/components/ui/button.test.tsx[2m > [22mButton[2m > [22mapplies size classes correctly[32m 7[2mms[22m[39m
[90mstderr[2m | src/features/__tests__/index.test.ts[2m > [22m[2mFeature Flags - Core[2m > [22m[2mEdge Cases[2m > [22m[2mshould handle missing feature gracefully
[22m[39m[FeatureFlags] Feature "non-existent-feature" not found in config. Using default (disabled).

 [32m✓[39m src/features/__tests__/index.test.ts[2m > [22mFeature Flags - Core[2m > [22misFeatureEnabled[2m > [22mshould return disabled when feature globally disabled[32m 3[2mms[22m[39m
 [32m✓[39m src/features/__tests__/index.test.ts[2m > [22mFeature Flags - Core[2m > [22misFeatureEnabled[2m > [22mshould return disabled for blacklisted user[32m 2[2mms[22m[39m
 [32m✓[39m src/features/__tests__/index.test.ts[2m > [22mFeature Flags - Core[2m > [22misFeatureEnabled[2m > [22mshould return enabled for whitelisted user regardless of rollout[32m 1[2mms[22m[39m
 [32m✓[39m src/features/__tests__/index.test.ts[2m > [22mFeature Flags - Core[2m > [22misFeatureEnabled[2m > [22mshould return disabled when no userId provided[32m 1[2mms[22m[39m
 [32m✓[39m src/features/__tests__/index.test.ts[2m > [22mFeature Flags - Core[2m > [22misFeatureEnabled[2m > [22mshould check rollout percentage for normal users[32m 0[2mms[22m[39m
 [32m✓[39m src/features/__tests__/index.test.ts[2m > [22mFeature Flags - Core[2m > [22misFeatureEnabled[2m > [22mshould use current environment if not specified[32m 1[2mms[22m[39m
 [32m✓[39m src/features/__tests__/index.test.ts[2m > [22mFeature Flags - Core[2m > [22misFeatureEnabled[2m > [22mshould handle production environment correctly[32m 1[2mms[22m[39m
 [32m✓[39m src/features/__tests__/index.test.ts[2m > [22mFeature Flags - Core[2m > [22misEnabled[2m > [22mshould return boolean instead of FeatureCheckResult[32m 1[2mms[22m[39m
 [32m✓[39m src/features/__tests__/index.test.ts[2m > [22mFeature Flags - Core[2m > [22misEnabled[2m > [22mshould return false for disabled features[32m 1[2mms[22m[39m
 [32m✓[39m src/features/__tests__/index.test.ts[2m > [22mFeature Flags - Core[2m > [22mgetAllFeatures[2m > [22mshould return all features status for user[32m 2[2mms[22m[39m
 [32m✓[39m src/features/__tests__/index.test.ts[2m > [22mFeature Flags - Core[2m > [22mgetAllFeatures[2m > [22mshould work without userId (anonymous)[32m 1[2mms[22m[39m
 [32m✓[39m src/features/__tests__/index.test.ts[2m > [22mFeature Flags - Core[2m > [22mgetAllFeatures[2m > [22mshould use current environment if not specified[32m 0[2mms[22m[39m
 [32m✓[39m src/features/__tests__/index.test.ts[2m > [22mFeature Flags - Core[2m > [22mgetAllFeatures[2m > [22mshould reflect different environments[32m 1[2mms[22m[39m
 [32m✓[39m src/features/__tests__/index.test.ts[2m > [22mFeature Flags - Core[2m > [22mgetFeaturesConfig[2m > [22mshould return config for specified environment[32m 1[2mms[22m[39m
 [32m✓[39m src/features/__tests__/index.test.ts[2m > [22mFeature Flags - Core[2m > [22mgetFeaturesConfig[2m > [22mshould return config with correct structure[32m 1[2mms[22m[39m
 [32m✓[39m src/features/__tests__/index.test.ts[2m > [22mFeature Flags - Core[2m > [22mgetFeaturesConfig[2m > [22mshould use current environment if not specified[32m 0[2mms[22m[39m
 [32m✓[39m src/features/__tests__/index.test.ts[2m > [22mFeature Flags - Core[2m > [22mgetFeaturesConfig[2m > [22mshould show different configs for different environments[32m 0[2mms[22m[39m
 [32m✓[39m src/features/__tests__/index.test.ts[2m > [22mFeature Flags - Core[2m > [22mEdge Cases[2m > [22mshould handle missing feature gracefully[32m 3[2mms[22m[39m
 [32m✓[39m src/features/__tests__/index.test.ts[2m > [22mFeature Flags - Core[2m > [22mEdge Cases[2m > [22mshould handle empty userId string[32m 1[2mms[22m[39m
 [32m✓[39m src/features/__tests__/index.test.ts[2m > [22mFeature Flags - Core[2m > [22mEdge Cases[2m > [22mshould handle very long userId[32m 2[2mms[22m[39m
 [32m✓[39m src/features/__tests__/index.test.ts[2m > [22mFeature Flags - Core[2m > [22mEdge Cases[2m > [22mshould handle special characters in userId[32m 0[2mms[22m[39m
 [32m✓[39m src/features/__tests__/index.test.ts[2m > [22mFeature Flags - Core[2m > [22mConsistency[2m > [22mshould return same result for same inputs[32m 1[2mms[22m[39m
 [32m✓[39m src/features/__tests__/index.test.ts[2m > [22mFeature Flags - Core[2m > [22mConsistency[2m > [22mshould be deterministic for progressive rollout[32m 4[2mms[22m[39m
 [32m✓[39m src/features/__tests__/hash.test.ts[2m > [22mFeature Flags - Hash[2m > [22mgetUserBucket[2m > [22mshould return consistent hash for same userId and feature[32m 4[2mms[22m[39m
 [32m✓[39m src/features/__tests__/hash.test.ts[2m > [22mFeature Flags - Hash[2m > [22mgetUserBucket[2m > [22mshould return value between 0 and 100[32m 1[2mms[22m[39m
 [32m✓[39m src/features/__tests__/hash.test.ts[2m > [22mFeature Flags - Hash[2m > [22mgetUserBucket[2m > [22mshould return different values for different users[32m 2[2mms[22m[39m
 [32m✓[39m src/features/__tests__/hash.test.ts[2m > [22mFeature Flags - Hash[2m > [22mgetUserBucket[2m > [22mshould return different values for different features[32m 0[2mms[22m[39m
 [32m✓[39m src/features/__tests__/hash.test.ts[2m > [22mFeature Flags - Hash[2m > [22mgetUserBucket[2m > [22mshould return different values for different salts[32m 1[2mms[22m[39m
 [32m✓[39m src/features/__tests__/hash.test.ts[2m > [22mFeature Flags - Hash[2m > [22mgetUserBucket[2m > [22mshould provide uniform distribution (statistical test)[32m 6[2mms[22m[39m
 [32m✓[39m src/features/__tests__/hash.test.ts[2m > [22mFeature Flags - Hash[2m > [22misUserInRollout[2m > [22mshould return true when bucket < rolloutPercentage[32m 1[2mms[22m[39m
 [32m✓[39m src/features/__tests__/hash.test.ts[2m > [22mFeature Flags - Hash[2m > [22misUserInRollout[2m > [22mshould return false when bucket >= rolloutPercentage[32m 0[2mms[22m[39m
 [32m✓[39m src/features/__tests__/hash.test.ts[2m > [22mFeature Flags - Hash[2m > [22misUserInRollout[2m > [22mshould include all users when rollout is 100%[32m 1[2mms[22m[39m
 [32m✓[39m src/features/__tests__/hash.test.ts[2m > [22mFeature Flags - Hash[2m > [22misUserInRollout[2m > [22mshould exclude all users when rollout is 0%[32m 1[2mms[22m[39m
 [32m✓[39m src/features/__tests__/hash.test.ts[2m > [22mFeature Flags - Hash[2m > [22misUserInRollout[2m > [22mshould include approximately 50% users when rollout is 50%[32m 2[2mms[22m[39m
 [32m✓[39m src/features/__tests__/hash.test.ts[2m > [22mFeature Flags - Hash[2m > [22misUserInRollout[2m > [22mshould be consistent across multiple checks[32m 0[2mms[22m[39m

[31m⎯⎯⎯⎯⎯⎯[39m[1m[41m Failed Suites 4 [49m[22m[31m⎯⎯⎯⎯⎯⎯⎯[39m

[41m[1m FAIL [22m[49m src/components/forms/AddShopForm/__tests__/AddShopForm.test.tsx[2m [ src/components/forms/AddShopForm/__tests__/AddShopForm.test.tsx ][22m
[31m[1mError[22m: Failed to resolve import "@/components/ui/form" from "src/components/forms/AddShopForm/index.tsx". Does the file exist?[39m
  Plugin: [35mvite:import-analysis[39m
  File: [36mC:/projekty/10 devs projekt/10xdevs-projekt/src/components/forms/AddShopForm/index.tsx[39m:2:21
[33m  1  |  import { jsxDEV } from "react/jsx-dev-runtime";
  2  |  import React from "react";
  3  |  import { Form } from "@/components/ui/form";
     |                        ^
  4  |  import { Button } from "@/components/ui/button";
  5  |  import { Input } from "@/components/ui/input";[39m
[90m [2m❯[22m TransformPluginContext._formatLog ../../10%20devs%20projekt/10xdevs-projekt/node_modules/vite/dist/node/chunks/dep-Bu492Fnd.js:[2m42517:41[22m[39m
[90m [2m❯[22m TransformPluginContext.error ../../10%20devs%20projekt/10xdevs-projekt/node_modules/vite/dist/node/chunks/dep-Bu492Fnd.js:[2m42514:16[22m[39m
[90m [2m❯[22m normalizeUrl ../../10%20devs%20projekt/10xdevs-projekt/node_modules/vite/dist/node/chunks/dep-Bu492Fnd.js:[2m40493:23[22m[39m
[90m [2m❯[22m ../../10%20devs%20projekt/10xdevs-projekt/node_modules/vite/dist/node/chunks/dep-Bu492Fnd.js:[2m40612:37[22m[39m
[90m [2m❯[22m TransformPluginContext.transform ../../10%20devs%20projekt/10xdevs-projekt/node_modules/vite/dist/node/chunks/dep-Bu492Fnd.js:[2m40539:7[22m[39m
[90m [2m❯[22m EnvironmentPluginContainer.transform ../../10%20devs%20projekt/10xdevs-projekt/node_modules/vite/dist/node/chunks/dep-Bu492Fnd.js:[2m42312:18[22m[39m
[90m [2m❯[22m loadAndTransform ../../10%20devs%20projekt/10xdevs-projekt/node_modules/vite/dist/node/chunks/dep-Bu492Fnd.js:[2m35738:27[22m[39m

[31m[2m⎯⎯⎯⎯⎯⎯⎯⎯⎯⎯⎯⎯⎯⎯⎯⎯⎯⎯⎯⎯⎯⎯⎯[1/70]⎯[22m[39m

[41m[1m FAIL [22m[49m src/components/forms/controls/__tests__/LanguageSelect.test.tsx[2m [ src/components/forms/controls/__tests__/LanguageSelect.test.tsx ][22m
[31m[1mError[22m: Failed to resolve import "react-hook-form" from "src/components/forms/controls/__tests__/LanguageSelect.test.tsx". Does the file exist?[39m
  Plugin: [35mvite:import-analysis[39m
  File: [36mC:/projekty/10 devs projekt/10xdevs-projekt/src/components/forms/controls/__tests__/LanguageSelect.test.tsx[39m:3:24
[33m  2  |  import { render, screen, waitFor } from "@testing-library/react";
  3  |  import userEvent from "@testing-library/user-event";
  4  |  import { useForm } from "react-hook-form";
     |                           ^
  5  |  import { LanguageSelect } from "../LanguageSelect";
  6  |  import { LANGUAGES } from "../constants";[39m
[90m [2m❯[22m TransformPluginContext._formatLog ../../10%20devs%20projekt/10xdevs-projekt/node_modules/vite/dist/node/chunks/dep-Bu492Fnd.js:[2m42517:41[22m[39m
[90m [2m❯[22m TransformPluginContext.error ../../10%20devs%20projekt/10xdevs-projekt/node_modules/vite/dist/node/chunks/dep-Bu492Fnd.js:[2m42514:16[22m[39m
[90m [2m❯[22m normalizeUrl ../../10%20devs%20projekt/10xdevs-projekt/node_modules/vite/dist/node/chunks/dep-Bu492Fnd.js:[2m40493:23[22m[39m
[90m [2m❯[22m ../../10%20devs%20projekt/10xdevs-projekt/node_modules/vite/dist/node/chunks/dep-Bu492Fnd.js:[2m40612:37[22m[39m
[90m [2m❯[22m TransformPluginContext.transform ../../10%20devs%20projekt/10xdevs-projekt/node_modules/vite/dist/node/chunks/dep-Bu492Fnd.js:[2m40539:7[22m[39m
[90m [2m❯[22m EnvironmentPluginContainer.transform ../../10%20devs%20projekt/10xdevs-projekt/node_modules/vite/dist/node/chunks/dep-Bu492Fnd.js:[2m42312:18[22m[39m
[90m [2m❯[22m loadAndTransform ../../10%20devs%20projekt/10xdevs-projekt/node_modules/vite/dist/node/chunks/dep-Bu492Fnd.js:[2m35738:27[22m[39m

[31m[2m⎯⎯⎯⎯⎯⎯⎯⎯⎯⎯⎯⎯⎯⎯⎯⎯⎯⎯⎯⎯⎯⎯⎯[2/70]⎯[22m[39m

[41m[1m FAIL [22m[49m src/components/forms/controls/__tests__/StyleSelectCards.test.tsx[2m [ src/components/forms/controls/__tests__/StyleSelectCards.test.tsx ][22m
[31m[1mError[22m: Failed to resolve import "react-hook-form" from "src/components/forms/controls/__tests__/StyleSelectCards.test.tsx". Does the file exist?[39m
  Plugin: [35mvite:import-analysis[39m
  File: [36mC:/projekty/10 devs projekt/10xdevs-projekt/src/components/forms/controls/__tests__/StyleSelectCards.test.tsx[39m:3:24
[33m  2  |  import { render, screen, waitFor } from "@testing-library/react";
  3  |  import userEvent from "@testing-library/user-event";
  4  |  import { useForm } from "react-hook-form";
     |                           ^
  5  |  import { StyleSelectCards } from "../StyleSelectCards";
  6  |  import { STYLES } from "../constants";[39m
[90m [2m❯[22m TransformPluginContext._formatLog ../../10%20devs%20projekt/10xdevs-projekt/node_modules/vite/dist/node/chunks/dep-Bu492Fnd.js:[2m42517:41[22m[39m
[90m [2m❯[22m TransformPluginContext.error ../../10%20devs%20projekt/10xdevs-projekt/node_modules/vite/dist/node/chunks/dep-Bu492Fnd.js:[2m42514:16[22m[39m
[90m [2m❯[22m normalizeUrl ../../10%20devs%20projekt/10xdevs-projekt/node_modules/vite/dist/node/chunks/dep-Bu492Fnd.js:[2m40493:23[22m[39m
[90m [2m❯[22m ../../10%20devs%20projekt/10xdevs-projekt/node_modules/vite/dist/node/chunks/dep-Bu492Fnd.js:[2m40612:37[22m[39m
[90m [2m❯[22m TransformPluginContext.transform ../../10%20devs%20projekt/10xdevs-projekt/node_modules/vite/dist/node/chunks/dep-Bu492Fnd.js:[2m40539:7[22m[39m
[90m [2m❯[22m EnvironmentPluginContainer.transform ../../10%20devs%20projekt/10xdevs-projekt/node_modules/vite/dist/node/chunks/dep-Bu492Fnd.js:[2m42312:18[22m[39m
[90m [2m❯[22m loadAndTransform ../../10%20devs%20projekt/10xdevs-projekt/node_modules/vite/dist/node/chunks/dep-Bu492Fnd.js:[2m35738:27[22m[39m

[31m[2m⎯⎯⎯⎯⎯⎯⎯⎯⎯⎯⎯⎯⎯⎯⎯⎯⎯⎯⎯⎯⎯⎯⎯[3/70]⎯[22m[39m

[41m[1m FAIL [22m[49m src/components/forms/GenerateForm/__tests__/GenerateForm.test.tsx[2m [ src/components/forms/GenerateForm/__tests__/GenerateForm.test.tsx ][22m
[31m[1mError[22m: Failed to resolve import "@/components/ui/form" from "src/components/forms/GenerateForm/index.tsx". Does the file exist?[39m
  Plugin: [35mvite:import-analysis[39m
  File: [36mC:/projekty/10 devs projekt/10xdevs-projekt/src/components/forms/GenerateForm/index.tsx[39m:2:21
[33m  1  |  import { jsxDEV } from "react/jsx-dev-runtime";
  2  |  import React from "react";
  3  |  import { Form } from "@/components/ui/form";
     |                        ^
  4  |  import { Button } from "@/components/ui/button";
  5  |  import { Progress } from "@/components/ui/progress";[39m
[90m [2m❯[22m TransformPluginContext._formatLog ../../10%20devs%20projekt/10xdevs-projekt/node_modules/vite/dist/node/chunks/dep-Bu492Fnd.js:[2m42517:41[22m[39m
[90m [2m❯[22m TransformPluginContext.error ../../10%20devs%20projekt/10xdevs-projekt/node_modules/vite/dist/node/chunks/dep-Bu492Fnd.js:[2m42514:16[22m[39m
[90m [2m❯[22m normalizeUrl ../../10%20devs%20projekt/10xdevs-projekt/node_modules/vite/dist/node/chunks/dep-Bu492Fnd.js:[2m40493:23[22m[39m
[90m [2m❯[22m ../../10%20devs%20projekt/10xdevs-projekt/node_modules/vite/dist/node/chunks/dep-Bu492Fnd.js:[2m40612:37[22m[39m
[90m [2m❯[22m TransformPluginContext.transform ../../10%20devs%20projekt/10xdevs-projekt/node_modules/vite/dist/node/chunks/dep-Bu492Fnd.js:[2m40539:7[22m[39m
[90m [2m❯[22m EnvironmentPluginContainer.transform ../../10%20devs%20projekt/10xdevs-projekt/node_modules/vite/dist/node/chunks/dep-Bu492Fnd.js:[2m42312:18[22m[39m
[90m [2m❯[22m loadAndTransform ../../10%20devs%20projekt/10xdevs-projekt/node_modules/vite/dist/node/chunks/dep-Bu492Fnd.js:[2m35738:27[22m[39m

[31m[2m⎯⎯⎯⎯⎯⎯⎯⎯⎯⎯⎯⎯⎯⎯⎯⎯⎯⎯⎯⎯⎯⎯⎯[4/70]⎯[22m[39m


[31m⎯⎯⎯⎯⎯⎯[39m[1m[41m Failed Tests 66 [49m[22m[31m⎯⎯⎯⎯⎯⎯⎯[39m

[41m[1m FAIL [22m[49m src/components/__tests__/ProductPreviewModal.test.tsx[2m > [22mProductPreviewModal[2m > [22mRendering[2m > [22mshould render loading state
[31m[1mTestingLibraryElementError[22m[39m: Found multiple elements with the text: /Ładowanie/i

Here are the matching elements:

Ignored nodes: comments, script, style
[36m<h2[39m
  [33mclass[39m=[32m"text-lg leading-none font-semibold"[39m
  [33mdata-slot[39m=[32m"dialog-title"[39m
  [33mid[39m=[32m"radix-«r4»"[39m
[36m>[39m
  [0mŁadowanie...[0m
[36m</h2>[39m

Ignored nodes: comments, script, style
[36m<p[39m
  [33mclass[39m=[32m"mt-4 text-muted-foreground"[39m
[36m>[39m
  [0mŁadowanie szczegółów produktu...[0m
[36m</p>[39m

(If this is intentional, then use the `*AllBy*` variant of the query (like `queryAllByText`, `getAllByText`, or `findAllByText`)).

Ignored nodes: comments, script, style
[36m<body[39m
  [33mdata-scroll-locked[39m=[32m"1"[39m
  [33mstyle[39m=[32m"pointer-events: none;"[39m
[36m>[39m
  [36m<span[39m
    [33maria-hidden[39m=[32m"true"[39m
    [33mdata-aria-hidden[39m=[32m"true"[39m
    [33mdata-radix-focus-guard[39m=[32m""[39m
    [33mstyle[39m=[32m"opacity: 0; position: fixed; pointer-events: none; outline-color: none; outline-style: none; outline-width: initial;"[39m
    [33mtabindex[39m=[32m"0"[39m
  [36m/>[39m
  [36m<div[39m
    [33maria-hidden[39m=[32m"true"[39m
    [33mdata-aria-hidden[39m=[32m"true"[39m
  [36m/>[39m
  [36m<div[39m
    [33maria-hidden[39m=[32m"true"[39m
    [33mclass[39m=[32m"data-[state=open]:animate-in data-[state=closed]:animate-out data-[state=closed]:fade-out-0 data-[state=open]:fade-in-0 fixed inset-0 z-50 bg-black/50"[39m
    [33mdata-aria-hidden[39m=[32m"true"[39m
    [33mdata-slot[39m=[32m"dialog-overlay"[39m
    [33mdata-state[39m=[32m"open"[39m
    [33mstyle[39m=[32m"pointer-events: auto;"[39m
  [36m/>[39m
  [36m<div[39m
    [33maria-describedby[39m=[32m"radix-«r5»"[39m
    [33maria-labelledby[39m=[32m"radix-«r4»"[39m
    [33mclass[39m=[32m"bg-background data-[state=open]:animate-in data-[state=closed]:animate-out data-[state=closed]:fade-out-0 data-[state=open]:fade-in-0 data-[state=closed]:zoom-out-95 data-[state=open]:zoom-in-95 fixed top-[50%] left-[50%] z-50 grid w-full translate-x-[-50%] translate-y-[-50%] gap-4 rounded-lg border p-6 shadow-lg duration-200 sm:max-w-lg max-w-3xl max-h-[80vh] overflow-y-auto"[39m
    [33mdata-slot[39m=[32m"dialog-content"[39m
    [33mdata-state[39m=[32m"open"[39m
    [33mid[39m=[32m"radix-«r3»"[39m
    [33mrole[39m=[32m"dialog"[39m
    [33mstyle[39m=[32m"pointer-events: auto;"[39m
    [33mtabindex[39m=[32m"-1"[39m
  [36m>[39m
    [36m<div[39m
      [33mclass[39m=[32m"flex flex-col gap-2 text-center sm:text-left"[39m
      [33mdata-slot[39m=[32m"dialog-header"[39m
    [36m>[39m
      [36m<h2[39m
        [33mclass[39m=[32m"text-lg leading-none font-semibold"[39m
        [33mdata-slot[39m=[32m"dialog-title"[39m
        [33mid[39m=[32m"radix-«r4»"[39m
      [36m>[39m
        [0mŁadowanie...[0m
      [36m</h2>[39m
      [36m<p[39m
        [33mclass[39m=[32m"text-muted-foreground text-sm"[39m
        [33mdata-slot[39m=[32m"dialog-description"[39m
        [33mid[39m=[32m"radix-«r5»"[39m
      [36m/>[39m
    [36m</div>[39m
    [36m<div[39m
      [33mclass[39m=[32m"flex items-center justify-center py-8"[39m
    [36m>[39m
      [36m<div[39m
        [33mclass[39m=[32m"text-center"[39m
      [36m>[39m
        [36m<div[39m
          [33mclass[39m=[32m"inline-block h-8 w-8 animate-spin rounded-full border-4 border-solid border-current border-r-transparent"[39m
        [36m/>[39m
        [36m<p[39m
          [33mclass[39m=[32m"mt-4 text-muted-foreground"[39m
        [36m>[39m
          [0mŁadowanie szczegółów produktu...[0m
        [36m</p>[39m
      [36m</div>[39m
    [36m</div>[39m
    [36m<button[39m
      [33mclass[39m=[32m"ring-offset-background focus:ring-ring data-[state=open]:bg-accent data-[state=open]:text-muted-foreground absolute top-4 right-4 rounded-xs opacity-70 transition-opacity hover:opacity-100 focus:ring-2 focus:ring-offset-2 focus:outline-hidden disabled:pointer-events-none [&_svg]:pointer-events-none [&_svg]:shrink-0 [&_svg:not([class*='size-'])]:size-4"[39m
      [33mdata-slot[39m=[32m"dialog-close"[39m
      [33mtype[39m=[32m"button"[39m
    [36m>[39m
      [36m<svg[39m
        [33mclass[39m=[32m"lucide lucide-x"[39m
        [33mfill[39m=[32m"none"[39m
        [33mheight[39m=[32m"24"[39m
        [33mstroke[39m=[32m"currentColor"[39m
        [33mstroke-linecap[39m=[32m"round"[39m
        [33mstroke-linejoin[39m=[32m"round"[39m
        [33mstroke-width[39m=[32m"2"[39m
        [33mviewBox[39m=[32m"0 0 24 24"[39m
        [33mwidth[39m=[32m"24"[39m
        [33mxmlns[39m=[32m"http://www.w3.org/2000/svg"[39m
      [36m>[39m
        [36m<path[39m
          [33md[39m=[32m"M18 6 6 18"[39m
        [36m/>[39m
        [36m<path[39m
          [33md[39m=[32m"m6 6 12 12"[39m
        [36m/>[39m
      [36m</svg>[39m
      [36m<span[39m
        [33mclass[39m=[32m"sr-only"[39m
      [36m>[39m
        [0mClose[0m
      [36m</span>[39m
    [36m</button>[39m
  [36m</div>[39m
  [36m<span[39m
    [33maria-hidden[39m=[32m"true"[39m
    [33mdata-aria-hidden[39m=[32m"true"[39m
    [33mdata-radix-focus-guard[39m=[32m""[39m
    [33mstyle[39m=[32m"opacity: 0; position: fixed; pointer-events: none; outline-color: none; outline-style: none; outline-width: initial;"[39m
    [33mtabindex[39m=[32m"0"[39m
  [36m/>[39m
[36m</body>[39m
[90m [2m❯[22m Object.getElementError node_modules/@testing-library/dom/dist/config.js:[2m37:19[22m[39m
[90m [2m❯[22m getElementError node_modules/@testing-library/dom/dist/query-helpers.js:[2m20:35[22m[39m
[90m [2m❯[22m getMultipleElementsFoundError node_modules/@testing-library/dom/dist/query-helpers.js:[2m23:10[22m[39m
[90m [2m❯[22m node_modules/@testing-library/dom/dist/query-helpers.js:[2m55:13[22m[39m
[90m [2m❯[22m node_modules/@testing-library/dom/dist/query-helpers.js:[2m95:19[22m[39m
[36m [2m❯[22m src/components/__tests__/ProductPreviewModal.test.tsx:[2m51:21[22m[39m
    [90m 49| [39m
    [90m 50| [39m      render(<ProductPreviewModal productId="1" onClose={mockOnClose} …
    [90m 51| [39m      [34mexpect[39m(screen[33m.[39m[34mgetByText[39m([36m/Ładowanie/i[39m))[33m.[39m[34mtoBeInTheDocument[39m()[33m;[39m
    [90m   | [39m                    [31m^[39m
    [90m 52| [39m    })[33m;[39m
    [90m 53| [39m

[31m[2m⎯⎯⎯⎯⎯⎯⎯⎯⎯⎯⎯⎯⎯⎯⎯⎯⎯⎯⎯⎯⎯⎯⎯[5/70]⎯[22m[39m

[41m[1m FAIL [22m[49m src/components/__tests__/ProductPreviewModal.test.tsx[2m > [22mProductPreviewModal[2m > [22mRendering[2m > [22mshould render error state
[31m[1mTestingLibraryElementError[22m: Unable to find an element with the text: /Błąd/i. This could be because the text is broken up by multiple elements. In this case, you can provide a function for your text matcher to make your matcher more flexible.

Ignored nodes: comments, script, style
[36m<body[31m
  [33mdata-scroll-locked[31m=[32m"1"[31m
  [33mstyle[31m=[32m"pointer-events: none;"[31m
[36m>[31m
  [36m<span[31m
    [33maria-hidden[31m=[32m"true"[31m
    [33mdata-aria-hidden[31m=[32m"true"[31m
    [33mdata-radix-focus-guard[31m=[32m""[31m
    [33mstyle[31m=[32m"opacity: 0; position: fixed; pointer-events: none; outline-color: none; outline-style: none; outline-width: initial;"[31m
    [33mtabindex[31m=[32m"0"[31m
  [36m/>[31m
  [36m<div[31m
    [33maria-hidden[31m=[32m"true"[31m
    [33mdata-aria-hidden[31m=[32m"true"[31m
  [36m/>[31m
  [36m<div[31m
    [33maria-hidden[31m=[32m"true"[31m
    [33mclass[31m=[32m"data-[state=open]:animate-in data-[state=closed]:animate-out data-[state=closed]:fade-out-0 data-[state=open]:fade-in-0 fixed inset-0 z-50 bg-black/50"[31m
    [33mdata-aria-hidden[31m=[32m"true"[31m
    [33mdata-slot[31m=[32m"dialog-overlay"[31m
    [33mdata-state[31m=[32m"open"[31m
    [33mstyle[31m=[32m"pointer-events: auto;"[31m
  [36m/>[31m
  [36m<div[31m
    [33maria-describedby[31m=[32m"radix-«r8»"[31m
    [33maria-labelledby[31m=[32m"radix-«r7»"[31m
    [33mclass[31m=[32m"bg-background data-[state=open]:animate-in data-[state=closed]:animate-out data-[state=closed]:fade-out-0 data-[state=open]:fade-in-0 data-[state=closed]:zoom-out-95 data-[state=open]:zoom-in-95 fixed top-[50%] left-[50%] z-50 grid w-full translate-x-[-50%] translate-y-[-50%] gap-4 rounded-lg border p-6 shadow-lg duration-200 sm:max-w-lg max-w-3xl max-h-[80vh] overflow-y-auto"[31m
    [33mdata-slot[31m=[32m"dialog-content"[31m
    [33mdata-state[31m=[32m"open"[31m
    [33mid[31m=[32m"radix-«r6»"[31m
    [33mrole[31m=[32m"dialog"[31m
    [33mstyle[31m=[32m"pointer-events: auto;"[31m
    [33mtabindex[31m=[32m"-1"[31m
  [36m>[31m
    [36m<div[31m
      [33mclass[31m=[32m"flex flex-col gap-2 text-center sm:text-left"[31m
      [33mdata-slot[31m=[32m"dialog-header"[31m
    [36m>[31m
      [36m<h2[31m
        [33mclass[31m=[32m"text-lg leading-none font-semibold"[31m
        [33mdata-slot[31m=[32m"dialog-title"[31m
        [33mid[31m=[32m"radix-«r7»"[31m
      [36m>[31m
        [0mSzczegóły produktu[0m
      [36m</h2>[31m
      [36m<p[31m
        [33mclass[31m=[32m"text-muted-foreground text-sm"[31m
        [33mdata-slot[31m=[32m"dialog-description"[31m
        [33mid[31m=[32m"radix-«r8»"[31m
      [36m/>[31m
    [36m</div>[31m
    [36m<div[31m
      [33mclass[31m=[32m"text-center py-8"[31m
    [36m>[31m
      [36m<div[31m
        [33mclass[31m=[32m"text-red-500 text-3xl mb-2"[31m
      [36m>[31m
        [0m⚠️[0m
      [36m</div>[31m
      [36m<p[31m
        [33mclass[31m=[32m"text-red-500"[31m
      [36m>[31m
        [0mTest error[0m
      [36m</p>[31m
    [36m</div>[31m
    [36m<button[31m
      [33mclass[31m=[32m"ring-offset-background focus:ring-ring data-[state=open]:bg-accent data-[state=open]:text-muted-foreground absolute top-4 right-4 rounded-xs opacity-70 transition-opacity hover:opacity-100 focus:ring-2 focus:ring-offset-2 focus:outline-hidden disabled:pointer-events-none [&_svg]:pointer-events-none [&_svg]:shrink-0 [&_svg:not([class*='size-'])]:size-4"[31m
      [33mdata-slot[31m=[32m"dialog-close"[31m
      [33mtype[31m=[32m"button"[31m
    [36m>[31m
      [36m<svg[31m
        [33mclass[31m=[32m"lucide lucide-x"[31m
        [33mfill[31m=[32m"none"[31m
        [33mheight[31m=[32m"24"[31m
        [33mstroke[31m=[32m"currentColor"[31m
        [33mstroke-linecap[31m=[32m"round"[31m
        [33mstroke-linejoin[31m=[32m"round"[31m
        [33mstroke-width[31m=[32m"2"[31m
        [33mviewBox[31m=[32m"0 0 24 24"[31m
        [33mwidth[31m=[32m"24"[31m
        [33mxmlns[31m=[32m"http://www.w3.org/2000/svg"[31m
      [36m>[31m
        [36m<path[31m
          [33md[31m=[32m"M18 6 6 18"[31m
        [36m/>[31m
        [36m<path[31m
          [33md[31m=[32m"m6 6 12 12"[31m
        [36m/>[31m
      [36m</svg>[31m
      [36m<span[31m
        [33mclass[31m=[32m"sr-only"[31m
      [36m>[31m
        [0mClose[0m
      [36m</span>[31m
    [36m</button>[31m
  [36m</div>[31m
  [36m<span[31m
    [33maria-hidden[31m=[32m"true"[31m
    [33mdata-aria-hidden[31m=[32m"true"[31m
    [33mdata-radix-focus-guard[31m=[32m""[31m
    [33mstyle[31m=[32m"opacity: 0; position: fixed; pointer-events: none; outline-color: none; outline-style: none; outline-width: initial;"[31m
    [33mtabindex[31m=[32m"0"[31m
  [36m/>[31m
[36m</body>[31m[39m
[90m [2m❯[22m Object.getElementError node_modules/@testing-library/dom/dist/config.js:[2m37:19[22m[39m
[90m [2m❯[22m node_modules/@testing-library/dom/dist/query-helpers.js:[2m76:38[22m[39m
[90m [2m❯[22m node_modules/@testing-library/dom/dist/query-helpers.js:[2m52:17[22m[39m
[90m [2m❯[22m node_modules/@testing-library/dom/dist/query-helpers.js:[2m95:19[22m[39m
[36m [2m❯[22m src/components/__tests__/ProductPreviewModal.test.tsx:[2m62:21[22m[39m
    [90m 60| [39m
    [90m 61| [39m      render(<ProductPreviewModal productId="1" onClose={mockOnClose} …
    [90m 62| [39m      [34mexpect[39m(screen[33m.[39m[34mgetByText[39m([36m/Błąd/i[39m))[33m.[39m[34mtoBeInTheDocument[39m()[33m;[39m
    [90m   | [39m                    [31m^[39m
    [90m 63| [39m    })[33m;[39m
    [90m 64| [39m

[31m[2m⎯⎯⎯⎯⎯⎯⎯⎯⎯⎯⎯⎯⎯⎯⎯⎯⎯⎯⎯⎯⎯⎯⎯[6/70]⎯[22m[39m

[41m[1m FAIL [22m[49m src/components/__tests__/ProductPreviewModal.test.tsx[2m > [22mProductPreviewModal[2m > [22mInteractions[2m > [22mshould call onClose when close button is clicked
[31m[1mTestingLibraryElementError[22m[39m: Unable to find an accessible element with the role "button" and name `/zamknij/i`

Here are the accessible roles:

  dialog:

  Name "Test Product":
  [36m<div[39m
    [33maria-describedby[39m=[32m"radix-«rm»"[39m
    [33maria-labelledby[39m=[32m"radix-«rl»"[39m
    [33mclass[39m=[32m"bg-background data-[state=open]:animate-in data-[state=closed]:animate-out data-[state=closed]:fade-out-0 data-[state=open]:fade-in-0 data-[state=closed]:zoom-out-95 data-[state=open]:zoom-in-95 fixed top-[50%] left-[50%] z-50 grid w-full translate-x-[-50%] translate-y-[-50%] gap-4 rounded-lg border p-6 shadow-lg duration-200 sm:max-w-lg max-w-3xl max-h-[80vh] overflow-y-auto"[39m
    [33mdata-slot[39m=[32m"dialog-content"[39m
    [33mdata-state[39m=[32m"open"[39m
    [33mid[39m=[32m"radix-«rk»"[39m
    [33mrole[39m=[32m"dialog"[39m
    [33mstyle[39m=[32m"pointer-events: auto;"[39m
    [33mtabindex[39m=[32m"-1"[39m
  [36m/>[39m

  --------------------------------------------------
  heading:

  Name "Test Product":
  [36m<h2[39m
    [33mclass[39m=[32m"text-lg leading-none font-semibold"[39m
    [33mdata-slot[39m=[32m"dialog-title"[39m
    [33mid[39m=[32m"radix-«rl»"[39m
  [36m/>[39m

  Name "Krótki opis":
  [36m<h3[39m
    [33mclass[39m=[32m"flex"[39m
    [33mdata-orientation[39m=[32m"vertical"[39m
    [33mdata-state[39m=[32m"closed"[39m
  [36m/>[39m

  Name "Pełny opis":
  [36m<h3[39m
    [33mclass[39m=[32m"flex"[39m
    [33mdata-orientation[39m=[32m"vertical"[39m
    [33mdata-state[39m=[32m"closed"[39m
  [36m/>[39m

  Name "Kategorie (2)":
  [36m<h3[39m
    [33mclass[39m=[32m"flex"[39m
    [33mdata-orientation[39m=[32m"vertical"[39m
    [33mdata-state[39m=[32m"closed"[39m
  [36m/>[39m

  Name "Kolekcje (1)":
  [36m<h3[39m
    [33mclass[39m=[32m"flex"[39m
    [33mdata-orientation[39m=[32m"vertical"[39m
    [33mdata-state[39m=[32m"closed"[39m
  [36m/>[39m

  --------------------------------------------------
  paragraph:

  Name "":
  [36m<p[39m
    [33mclass[39m=[32m"text-muted-foreground text-sm"[39m
    [33mdata-slot[39m=[32m"dialog-description"[39m
    [33mid[39m=[32m"radix-«rm»"[39m
  [36m/>[39m

  --------------------------------------------------
  button:

  Name "Krótki opis":
  [36m<button[39m
    [33maria-controls[39m=[32m"radix-«ro»"[39m
    [33maria-expanded[39m=[32m"false"[39m
    [33mclass[39m=[32m"focus-visible:border-ring focus-visible:ring-ring/50 flex flex-1 items-start justify-between gap-4 rounded-md py-4 text-left text-sm font-medium transition-all outline-none hover:underline focus-visible:ring-[3px] disabled:pointer-events-none disabled:opacity-50 [&[data-state=open]>svg]:rotate-180"[39m
    [33mdata-orientation[39m=[32m"vertical"[39m
    [33mdata-radix-collection-item[39m=[32m""[39m
    [33mdata-slot[39m=[32m"accordion-trigger"[39m
    [33mdata-state[39m=[32m"closed"[39m
    [33mid[39m=[32m"radix-«rn»"[39m
    [33mtype[39m=[32m"button"[39m
  [36m/>[39m

  Name "Pełny opis":
  [36m<button[39m
    [33maria-controls[39m=[32m"radix-«rq»"[39m
    [33maria-expanded[39m=[32m"false"[39m
    [33mclass[39m=[32m"focus-visible:border-ring focus-visible:ring-ring/50 flex flex-1 items-start justify-between gap-4 rounded-md py-4 text-left text-sm font-medium transition-all outline-none hover:underline focus-visible:ring-[3px] disabled:pointer-events-none disabled:opacity-50 [&[data-state=open]>svg]:rotate-180"[39m
    [33mdata-orientation[39m=[32m"vertical"[39m
    [33mdata-radix-collection-item[39m=[32m""[39m
    [33mdata-slot[39m=[32m"accordion-trigger"[39m
    [33mdata-state[39m=[32m"closed"[39m
    [33mid[39m=[32m"radix-«rp»"[39m
    [33mtype[39m=[32m"button"[39m
  [36m/>[39m

  Name "Kategorie (2)":
  [36m<button[39m
    [33maria-controls[39m=[32m"radix-«rs»"[39m
    [33maria-expanded[39m=[32m"false"[39m
    [33mclass[39m=[32m"focus-visible:border-ring focus-visible:ring-ring/50 flex flex-1 items-start justify-between gap-4 rounded-md py-4 text-left text-sm font-medium transition-all outline-none hover:underline focus-visible:ring-[3px] disabled:pointer-events-none disabled:opacity-50 [&[data-state=open]>svg]:rotate-180"[39m
    [33mdata-orientation[39m=[32m"vertical"[39m
    [33mdata-radix-collection-item[39m=[32m""[39m
    [33mdata-slot[39m=[32m"accordion-trigger"[39m
    [33mdata-state[39m=[32m"closed"[39m
    [33mid[39m=[32m"radix-«rr»"[39m
    [33mtype[39m=[32m"button"[39m
  [36m/>[39m

  Name "Kolekcje (1)":
  [36m<button[39m
    [33maria-controls[39m=[32m"radix-«ru»"[39m
    [33maria-expanded[39m=[32m"false"[39m
    [33mclass[39m=[32m"focus-visible:border-ring focus-visible:ring-ring/50 flex flex-1 items-start justify-between gap-4 rounded-md py-4 text-left text-sm font-medium transition-all outline-none hover:underline focus-visible:ring-[3px] disabled:pointer-events-none disabled:opacity-50 [&[data-state=open]>svg]:rotate-180"[39m
    [33mdata-orientation[39m=[32m"vertical"[39m
    [33mdata-radix-collection-item[39m=[32m""[39m
    [33mdata-slot[39m=[32m"accordion-trigger"[39m
    [33mdata-state[39m=[32m"closed"[39m
    [33mid[39m=[32m"radix-«rt»"[39m
    [33mtype[39m=[32m"button"[39m
  [36m/>[39m

  Name "Close":
  [36m<button[39m
    [33mclass[39m=[32m"ring-offset-background focus:ring-ring data-[state=open]:bg-accent data-[state=open]:text-muted-foreground absolute top-4 right-4 rounded-xs opacity-70 transition-opacity hover:opacity-100 focus:ring-2 focus:ring-offset-2 focus:outline-hidden disabled:pointer-events-none [&_svg]:pointer-events-none [&_svg]:shrink-0 [&_svg:not([class*='size-'])]:size-4"[39m
    [33mdata-slot[39m=[32m"dialog-close"[39m
    [33mtype[39m=[32m"button"[39m
  [36m/>[39m

  --------------------------------------------------

Ignored nodes: comments, script, style
[36m<body[39m
  [33mdata-scroll-locked[39m=[32m"1"[39m
  [33mstyle[39m=[32m"pointer-events: none;"[39m
[36m>[39m
  [36m<span[39m
    [33maria-hidden[39m=[32m"true"[39m
    [33mdata-aria-hidden[39m=[32m"true"[39m
    [33mdata-radix-focus-guard[39m=[32m""[39m
    [33mstyle[39m=[32m"opacity: 0; position: fixed; pointer-events: none; outline-color: none; outline-style: none; outline-width: initial;"[39m
    [33mtabindex[39m=[32m"0"[39m
  [36m/>[39m
  [36m<div[39m
    [33maria-hidden[39m=[32m"true"[39m
    [33mdata-aria-hidden[39m=[32m"true"[39m
  [36m/>[39m
  [36m<div[39m
    [33maria-hidden[39m=[32m"true"[39m
    [33mclass[39m=[32m"data-[state=open]:animate-in data-[state=closed]:animate-out data-[state=closed]:fade-out-0 data-[state=open]:fade-in-0 fixed inset-0 z-50 bg-black/50"[39m
    [33mdata-aria-hidden[39m=[32m"true"[39m
    [33mdata-slot[39m=[32m"dialog-overlay"[39m
    [33mdata-state[39m=[32m"open"[39m
    [33mstyle[39m=[32m"pointer-events: auto;"[39m
  [36m/>[39m
  [36m<div[39m
    [33maria-describedby[39m=[32m"radix-«rm»"[39m
    [33maria-labelledby[39m=[32m"radix-«rl»"[39m
    [33mclass[39m=[32m"bg-background data-[state=open]:animate-in data-[state=closed]:animate-out data-[state=closed]:fade-out-0 data-[state=open]:fade-in-0 data-[state=closed]:zoom-out-95 data-[state=open]:zoom-in-95 fixed top-[50%] left-[50%] z-50 grid w-full translate-x-[-50%] translate-y-[-50%] gap-4 rounded-lg border p-6 shadow-lg duration-200 sm:max-w-lg max-w-3xl max-h-[80vh] overflow-y-auto"[39m
    [33mdata-slot[39m=[32m"dialog-content"[39m
    [33mdata-state[39m=[32m"open"[39m
    [33mid[39m=[32m"radix-«rk»"[39m
    [33mrole[39m=[32m"dialog"[39m
    [33mstyle[39m=[32m"pointer-events: auto;"[39m
    [33mtabindex[39m=[32m"-1"[39m
  [36m>[39m
    [36m<div[39m
      [33mclass[39m=[32m"flex flex-col gap-2 text-center sm:text-left"[39m
      [33mdata-slot[39m=[32m"dialog-header"[39m
    [36m>[39m
      [36m<h2[39m
        [33mclass[39m=[32m"text-lg leading-none font-semibold"[39m
        [33mdata-slot[39m=[32m"dialog-title"[39m
        [33mid[39m=[32m"radix-«rl»"[39m
      [36m>[39m
        [0mTest Product[0m
      [36m</h2>[39m
      [36m<p[39m
        [33mclass[39m=[32m"text-muted-foreground text-sm"[39m
        [33mdata-slot[39m=[32m"dialog-description"[39m
        [33mid[39m=[32m"radix-«rm»"[39m
      [36m/>[39m
    [36m</div>[39m
    [36m<div[39m
      [33mclass[39m=[32m"space-y-4"[39m
    [36m>[39m
      [36m<div[39m
        [33mclass[39m=[32m"space-y-2"[39m
      [36m>[39m
        [36m<div[39m
          [33mclass[39m=[32m"flex items-center gap-2"[39m
        [36m>[39m
          [36m<span[39m
            [33mclass[39m=[32m"text-sm font-medium"[39m
          [36m>[39m
            [0mStatus:[0m
          [36m</span>[39m
          [36m<span[39m
            [33mclass[39m=[32m"text-sm text-gray-600"[39m
          [36m>[39m
            [0mSzkic[0m
          [36m</span>[39m
        [36m</div>[39m
        [36m<div[39m
          [33mclass[39m=[32m"text-sm text-muted-foreground"[39m
        [36m>[39m
          [0mUtworzono: [0m
          [0m15 paź 2025, 14:00[0m
        [36m</div>[39m
        [36m<div[39m
          [33mclass[39m=[32m"text-sm text-muted-foreground"[39m
        [36m>[39m
          [0mOstatnia synchronizacja: [0m
          [0m15 paź 2025, 15:00[0m
        [36m</div>[39m
      [36m</div>[39m
      [36m<div[39m
        [33mclass[39m=[32m"w-full"[39m
        [33mdata-orientation[39m=[32m"vertical"[39m
        [33mdata-slot[39m=[32m"accordion"[39m
      [36m>[39m
        [36m<div[39m
          [33mclass[39m=[32m"border-b last:border-b-0"[39m
          [33mdata-orientation[39m=[32m"vertical"[39m
          [33mdata-slot[39m=[32m"accordion-item"[39m
          [33mdata-state[39m=[32m"closed"[39m
        [36m>[39m
          [36m<h3[39m
            [33mclass[39m=[32m"flex"[39m
            [33mdata-orientation[39m=[32m"vertical"[39m
            [33mdata-state[39m=[32m"closed"[39m
          [36m>[39m
            [36m<button[39m
              [33maria-controls[39m=[32m"radix-«ro»"[39m
              [33maria-expanded[39m=[32m"false"[39m
              [33mclass[39m=[32m"focus-visible:border-ring focus-visible:ring-ring/50 flex flex-1 items-start justify-between gap-4 rounded-md py-4 text-left text-sm font-medium transition-all outline-none hover:underline focus-visible:ring-[3px] disabled:pointer-events-none disabled:opacity-50 [&[data-state=open]>svg]:rotate-180"[39m
              [33mdata-orientation[39m=[32m"vertical"[39m
              [33mdata-radix-collection-item[39m=[32m""[39m
              [33mdata-slot[39m=[32m"accordion-trigger"[39m
              [33mdata-state[39m=[32m"closed"[39m
              [33mid[39m=[32m"radix-«rn»"[39m
              [33mtype[39m=[32m"button"[39m
            [36m>[39m
              [0mKrótki opis[0m
              [36m<svg[39m
                [33mclass[39m=[32m"lucide lucide-chevron-down text-muted-foreground pointer-events-none size-4 shrink-0 translate-y-0.5 transition-transform duration-200"[39m
                [33mfill[39m=[32m"none"[39m
                [33mheight[39m=[32m"24"[39m
                [33mstroke[39m=[32m"currentColor"[39m
                [33mstroke-linecap[39m=[32m"round"[39m
                [33mstroke-linejoin[39m=[32m"round"[39m
                [33mstroke-width[39m=[32m"2"[39m
                [33mviewBox[39m=[32m"0 0 24 24"[39m
                [33mwidth[39m=[32m"24"[39m
                [33mxmlns[39m=[32m"http://www.w3.org/2000/svg"[39m
              [36m>[39m
                [36m<path[39m
                  [33md[39m=[32m"m6 9 6 6 6-6"[39m
                [36m/>[39m
              [36m</svg>[39m
            [36m</button>[39m
          [36m</h3>[39m
          [36m<div[39m
            [33maria-labelledby[39m=[32m"radix-«rn»"[39m
            [33mclass[39m=[32m"data-[state=closed]:animate-accordion-up data-[state=open]:animate-accordion-down overflow-hidden text-sm"[39m
            [33mdata-orientation[39m=[32m"vertical"[39m
            [33mdata-slot[39m=[32m"accordion-content"[39m
            [33mdata-state[39m=[32m"closed"[39m
            [33mhidden[39m=[32m""[39m
            [33mid[39m=[32m"radix-«ro»"[39m
            [33mrole[39m=[32m"region"[39m
            [33mstyle[39m=[32m"--radix-accordion-content-height: var(--radix-collapsible-content-height); --radix-accordion-content-width: var(--radix-collapsible-content-width);"[39m
          [36m/>[39m
        [36m</div>[39m
        [36m<div[39m
          [33mclass[39m=[32m"border-b last:border-b-0"[39m
          [33mdata-orientation[39m=[32m"vertical"[39m
...
[90m [2m❯[22m Object.getElementError node_modules/@testing-library/dom/dist/config.js:[2m37:19[22m[39m
[90m [2m❯[22m node_modules/@testing-library/dom/dist/query-helpers.js:[2m76:38[22m[39m
[90m [2m❯[22m node_modules/@testing-library/dom/dist/query-helpers.js:[2m52:17[22m[39m
[90m [2m❯[22m node_modules/@testing-library/dom/dist/query-helpers.js:[2m95:19[22m[39m
[36m [2m❯[22m src/components/__tests__/ProductPreviewModal.test.tsx:[2m78:34[22m[39m
    [90m 76| [39m      render(<ProductPreviewModal productId="1" onClose={mockOnClose} …
    [90m 77| [39m
    [90m 78| [39m      const closeButton = screen.getByRole("button", { name: /zamknij/…
    [90m   | [39m                                 [31m^[39m
    [90m 79| [39m      fireEvent[33m.[39m[34mclick[39m(closeButton)[33m;[39m
    [90m 80| [39m

[31m[2m⎯⎯⎯⎯⎯⎯⎯⎯⎯⎯⎯⎯⎯⎯⎯⎯⎯⎯⎯⎯⎯⎯⎯[7/70]⎯[22m[39m

[41m[1m FAIL [22m[49m src/components/__tests__/ProductPreviewModal.test.tsx[2m > [22mProductPreviewModal[2m > [22mInteractions[2m > [22mshould expand/collapse accordion sections
[31m[1mTestingLibraryElementError[22m[39m: Unable to find an element with the text: Short description. This could be because the text is broken up by multiple elements. In this case, you can provide a function for your text matcher to make your matcher more flexible.

Ignored nodes: comments, script, style
[36m<body[39m
  [33mdata-scroll-locked[39m=[32m"1"[39m
  [33mstyle[39m=[32m"pointer-events: none;"[39m
[36m>[39m
  [36m<span[39m
    [33maria-hidden[39m=[32m"true"[39m
    [33mdata-aria-hidden[39m=[32m"true"[39m
    [33mdata-radix-focus-guard[39m=[32m""[39m
    [33mstyle[39m=[32m"opacity: 0; position: fixed; pointer-events: none; outline-color: none; outline-style: none; outline-width: initial;"[39m
    [33mtabindex[39m=[32m"0"[39m
  [36m/>[39m
  [36m<div[39m
    [33maria-hidden[39m=[32m"true"[39m
    [33mdata-aria-hidden[39m=[32m"true"[39m
  [36m/>[39m
  [36m<div[39m
    [33maria-hidden[39m=[32m"true"[39m
    [33mclass[39m=[32m"data-[state=open]:animate-in data-[state=closed]:animate-out data-[state=closed]:fade-out-0 data-[state=open]:fade-in-0 fixed inset-0 z-50 bg-black/50"[39m
    [33mdata-aria-hidden[39m=[32m"true"[39m
    [33mdata-slot[39m=[32m"dialog-overlay"[39m
    [33mdata-state[39m=[32m"open"[39m
    [33mstyle[39m=[32m"pointer-events: auto;"[39m
  [36m/>[39m
  [36m<div[39m
    [33maria-describedby[39m=[32m"radix-«r11»"[39m
    [33maria-labelledby[39m=[32m"radix-«r10»"[39m
    [33mclass[39m=[32m"bg-background data-[state=open]:animate-in data-[state=closed]:animate-out data-[state=closed]:fade-out-0 data-[state=open]:fade-in-0 data-[state=closed]:zoom-out-95 data-[state=open]:zoom-in-95 fixed top-[50%] left-[50%] z-50 grid w-full translate-x-[-50%] translate-y-[-50%] gap-4 rounded-lg border p-6 shadow-lg duration-200 sm:max-w-lg max-w-3xl max-h-[80vh] overflow-y-auto"[39m
    [33mdata-slot[39m=[32m"dialog-content"[39m
    [33mdata-state[39m=[32m"open"[39m
    [33mid[39m=[32m"radix-«rv»"[39m
    [33mrole[39m=[32m"dialog"[39m
    [33mstyle[39m=[32m"pointer-events: auto;"[39m
    [33mtabindex[39m=[32m"-1"[39m
  [36m>[39m
    [36m<div[39m
      [33mclass[39m=[32m"flex flex-col gap-2 text-center sm:text-left"[39m
      [33mdata-slot[39m=[32m"dialog-header"[39m
    [36m>[39m
      [36m<h2[39m
        [33mclass[39m=[32m"text-lg leading-none font-semibold"[39m
        [33mdata-slot[39m=[32m"dialog-title"[39m
        [33mid[39m=[32m"radix-«r10»"[39m
      [36m>[39m
        [0mTest Product[0m
      [36m</h2>[39m
      [36m<p[39m
        [33mclass[39m=[32m"text-muted-foreground text-sm"[39m
        [33mdata-slot[39m=[32m"dialog-description"[39m
        [33mid[39m=[32m"radix-«r11»"[39m
      [36m/>[39m
    [36m</div>[39m
    [36m<div[39m
      [33mclass[39m=[32m"space-y-4"[39m
    [36m>[39m
      [36m<div[39m
        [33mclass[39m=[32m"space-y-2"[39m
      [36m>[39m
        [36m<div[39m
          [33mclass[39m=[32m"flex items-center gap-2"[39m
        [36m>[39m
          [36m<span[39m
            [33mclass[39m=[32m"text-sm font-medium"[39m
          [36m>[39m
            [0mStatus:[0m
          [36m</span>[39m
          [36m<span[39m
            [33mclass[39m=[32m"text-sm text-gray-600"[39m
          [36m>[39m
            [0mSzkic[0m
          [36m</span>[39m
        [36m</div>[39m
        [36m<div[39m
          [33mclass[39m=[32m"text-sm text-muted-foreground"[39m
        [36m>[39m
          [0mUtworzono: [0m
          [0m15 paź 2025, 14:00[0m
        [36m</div>[39m
        [36m<div[39m
          [33mclass[39m=[32m"text-sm text-muted-foreground"[39m
        [36m>[39m
          [0mOstatnia synchronizacja: [0m
          [0m15 paź 2025, 15:00[0m
        [36m</div>[39m
      [36m</div>[39m
      [36m<div[39m
        [33mclass[39m=[32m"w-full"[39m
        [33mdata-orientation[39m=[32m"vertical"[39m
        [33mdata-slot[39m=[32m"accordion"[39m
      [36m>[39m
        [36m<div[39m
          [33mclass[39m=[32m"border-b last:border-b-0"[39m
          [33mdata-orientation[39m=[32m"vertical"[39m
          [33mdata-slot[39m=[32m"accordion-item"[39m
          [33mdata-state[39m=[32m"closed"[39m
        [36m>[39m
          [36m<h3[39m
            [33mclass[39m=[32m"flex"[39m
            [33mdata-orientation[39m=[32m"vertical"[39m
            [33mdata-state[39m=[32m"closed"[39m
          [36m>[39m
            [36m<button[39m
              [33maria-controls[39m=[32m"radix-«r13»"[39m
              [33maria-expanded[39m=[32m"false"[39m
              [33mclass[39m=[32m"focus-visible:border-ring focus-visible:ring-ring/50 flex flex-1 items-start justify-between gap-4 rounded-md py-4 text-left text-sm font-medium transition-all outline-none hover:underline focus-visible:ring-[3px] disabled:pointer-events-none disabled:opacity-50 [&[data-state=open]>svg]:rotate-180"[39m
              [33mdata-orientation[39m=[32m"vertical"[39m
              [33mdata-radix-collection-item[39m=[32m""[39m
              [33mdata-slot[39m=[32m"accordion-trigger"[39m
              [33mdata-state[39m=[32m"closed"[39m
              [33mid[39m=[32m"radix-«r12»"[39m
              [33mtype[39m=[32m"button"[39m
            [36m>[39m
              [0mKrótki opis[0m
              [36m<svg[39m
                [33mclass[39m=[32m"lucide lucide-chevron-down text-muted-foreground pointer-events-none size-4 shrink-0 translate-y-0.5 transition-transform duration-200"[39m
                [33mfill[39m=[32m"none"[39m
                [33mheight[39m=[32m"24"[39m
                [33mstroke[39m=[32m"currentColor"[39m
                [33mstroke-linecap[39m=[32m"round"[39m
                [33mstroke-linejoin[39m=[32m"round"[39m
                [33mstroke-width[39m=[32m"2"[39m
                [33mviewBox[39m=[32m"0 0 24 24"[39m
                [33mwidth[39m=[32m"24"[39m
                [33mxmlns[39m=[32m"http://www.w3.org/2000/svg"[39m
              [36m>[39m
                [36m<path[39m
                  [33md[39m=[32m"m6 9 6 6 6-6"[39m
                [36m/>[39m
              [36m</svg>[39m
            [36m</button>[39m
          [36m</h3>[39m
          [36m<div[39m
            [33maria-labelledby[39m=[32m"radix-«r12»"[39m
            [33mclass[39m=[32m"data-[state=closed]:animate-accordion-up data-[state=open]:animate-accordion-down overflow-hidden text-sm"[39m
            [33mdata-orientation[39m=[32m"vertical"[39m
            [33mdata-slot[39m=[32m"accordion-content"[39m
            [33mdata-state[39m=[32m"closed"[39m
            [33mhidden[39m=[32m""[39m
            [33mid[39m=[32m"radix-«r13»"[39m
            [33mrole[39m=[32m"region"[39m
            [33mstyle[39m=[32m"--radix-accordion-content-height: var(--radix-collapsible-content-height); --radix-accordion-content-width: var(--radix-collapsible-content-width);"[39m
          [36m/>[39m
        [36m</div>[39m
        [36m<div[39m
          [33mclass[39m=[32m"border-b last:border-b-0"[39m
          [33mdata-orientation[39m=[32m"vertica...

Ignored nodes: comments, script, style
[36m<html>[39m
  [36m<head />[39m
  [36m<body[39m
    [33mdata-scroll-locked[39m=[32m"1"[39m
    [33mstyle[39m=[32m"pointer-events: none;"[39m
  [36m>[39m
    [36m<span[39m
      [33maria-hidden[39m=[32m"true"[39m
      [33mdata-aria-hidden[39m=[32m"true"[39m
      [33mdata-radix-focus-guard[39m=[32m""[39m
      [33mstyle[39m=[32m"opacity: 0; position: fixed; pointer-events: none; outline-color: none; outline-style: none; outline-width: initial;"[39m
      [33mtabindex[39m=[32m"0"[39m
    [36m/>[39m
    [36m<div[39m
      [33maria-hidden[39m=[32m"true"[39m
      [33mdata-aria-hidden[39m=[32m"true"[39m
    [36m/>[39m
    [36m<div[39m
      [33maria-hidden[39m=[32m"true"[39m
      [33mclass[39m=[32m"data-[state=open]:animate-in data-[state=closed]:animate-out data-[state=closed]:fade-out-0 data-[state=open]:fade-in-0 fixed inset-0 z-50 bg-black/50"[39m
      [33mdata-aria-hidden[39m=[32m"true"[39m
      [33mdata-slot[39m=[32m"dialog-overlay"[39m
      [33mdata-state[39m=[32m"open"[39m
      [33mstyle[39m=[32m"pointer-events: auto;"[39m
    [36m/>[39m
    [36m<div[39m
      [33maria-describedby[39m=[32m"radix-«r11»"[39m
      [33maria-labelledby[39m=[32m"radix-«r10»"[39m
      [33mclass[39m=[32m"bg-background data-[state=open]:animate-in data-[state=closed]:animate-out data-[state=closed]:fade-out-0 data-[state=open]:fade-in-0 data-[state=closed]:zoom-out-95 data-[state=open]:zoom-in-95 fixed top-[50%] left-[50%] z-50 grid w-full translate-x-[-50%] translate-y-[-50%] gap-4 rounded-lg border p-6 shadow-lg duration-200 sm:max-w-lg max-w-3xl max-h-[80vh] overflow-y-auto"[39m
      [33mdata-slot[39m=[32m"dialog-content"[39m
      [33mdata-state[39m=[32m"open"[39m
      [33mid[39m=[32m"radix-«rv»"[39m
      [33mrole[39m=[32m"dialog"[39m
      [33mstyle[39m=[32m"pointer-events: auto;"[39m
      [33mtabindex[39m=[32m"-1"[39m
    [36m>[39m
      [36m<div[39m
        [33mclass[39m=[32m"flex flex-col gap-2 text-center sm:text-left"[39m
        [33mdata-slot[39m=[32m"dialog-header"[39m
      [36m>[39m
        [36m<h2[39m
          [33mclass[39m=[32m"text-lg leading-none font-semibold"[39m
          [33mdata-slot[39m=[32m"dialog-title"[39m
          [33mid[39m=[32m"radix-«r10»"[39m
        [36m>[39m
          [0mTest Product[0m
        [36m</h2>[39m
        [36m<p[39m
          [33mclass[39m=[32m"text-muted-foreground text-sm"[39m
          [33mdata-slot[39m=[32m"dialog-description"[39m
          [33mid[39m=[32m"radix-«r11»"[39m
        [36m/>[39m
      [36m</div>[39m
      [36m<div[39m
        [33mclass[39m=[32m"space-y-4"[39m
      [36m>[39m
        [36m<div[39m
          [33mclass[39m=[32m"space-y-2"[39m
        [36m>[39m
          [36m<div[39m
            [33mclass[39m=[32m"flex items-center gap-2"[39m
          [36m>[39m
            [36m<span[39m
              [33mclass[39m=[32m"text-sm font-medium"[39m
            [36m>[39m
              [0mStatus:[0m
            [36m</span>[39m
            [36m<span[39m
              [33mclass[39m=[32m"text-sm text-gray-600"[39m
            [36m>[39m
              [0mSzkic[0m
            [36m</span>[39m
          [36m</div>[39m
          [36m<div[39m
            [33mclass[39m=[32m"text-sm text-muted-foreground"[39m
          [36m>[39m
            [0mUtworzono: [0m
            [0m15 paź 2025, 14:00[0m
          [36m</div>[39m
          [36m<div[39m
            [33mclass[39m=[32m"text-sm text-muted-foreground"[39m
          [36m>[39m
            [0mOstatnia synchronizacja: [0m
            [0m15 paź 2025, 15:00[0m
          [36m</div>[39m
        [36m</div>[39m
        [36m<div[39m
          [33mclass[39m=[32m"w-full"[39m
          [33mdata-orientation[39m=[32m"vertical"[39m
          [33mdata-slot[39m=[32m"accordion"[39m
        [36m>[39m
          [36m<div[39m
            [33mclass[39m=[32m"border-b last:border-b-0"[39m
            [33mdata-orientation[39m=[32m"vertical"[39m
            [33mdata-slot[39m=[32m"accordion-item"[39m
            [33mdata-state[39m=[32m"closed"[39m
          [36m>[39m
            [36m<h3[39m
              [33mclass[39m=[32m"flex"[39m
              [33mdata-orientation[39m=[32m"vertical"[39m
              [33mdata-state[39m=[32m"closed"[39m
            [36m>[39m
              [36m<button[39m
                [33maria-controls[39m=[32m"radix-«r13»"[39m
                [33maria-expanded[39m=[32m"false"[39m
                [33mclass[39m=[32m"focus-visible:border-ring focus-visible:ring-ring/50 flex flex-1 items-start justify-between gap-4 rounded-md py-4 text-left text-sm font-medium transition-all outline-none hover:underline focus-visible:ring-[3px] disabled:pointer-events-none disabled:opacity-50 [&[data-state=open]>svg]:rotate-180"[39m
                [33mdata-orientation[39m=[32m"vertical"[39m
                [33mdata-radix-collection-item[39m=[32m""[39m
                [33mdata-slot[39m=[32m"accordion-trigger"[39m
                [33mdata-state[39m=[32m"closed"[39m
                [33mid[39m=[32m"radix-«r12»"[39m
                [33mtype[39m=[32m"button"[39m
              [36m>[39m
                [0mKrótki opis[0m
                [36m<svg[39m
                  [33mclass[39m=[32m"lucide lucide-chevron-down text-muted-foreground pointer-events-none size-4 shrink-0 translate-y-0.5 transition-transform duration-200"[39m
                  [33mfill[39m=[32m"none"[39m
                  [33mheight[39m=[32m"24"[39m
                  [33mstroke[39m=[32m"currentColor"[39m
                  [33mstroke-linecap[39m=[32m"round"[39m
                  [33mstroke-linejoin[39m=[32m"round"[39m
                  [33mstroke-width[39m=[32m"2"[39m
                  [33mviewBox[39m=[32m"0 0 24 24"[39m
                  [33mwidth[39m=[32m"24"[39m
                  [33mxmlns[39m=[32m"http://www.w3.org/2000/svg"[39m
                [36m>[39m
                  [36m<path[39m
                    [33md[39m=[32m"m6 9 6 6 6-6"[39m
                  [36m/>[39m
                [36m</svg>[39m
              [36m</button>[39m
            [36m</h3>[39m
            [36m<div[39m
              [33maria-labelledby[39m=[32m"radix-«r12»"[39m
              [33mclass[39m=[32m"data-[state=closed]:animate-accordion-up data-[state=open]:animate-accordion-down overflow-hidden text-sm"[39m
              [33mdata-orientation[39m=[32m"vertical"[39m
              [33mdata-slot[39m=[32m"accordion-content"[39m
              [33mdata-state[39m=[32m"closed"[39m
              [33mhidden[39m=[32m""[39m
              [33mid[39m=[32m"radix-«r13»"[39m
              [33mrole[39m=[32m"region"[39m
              [33mstyle[39m=[32m"--radix-accordion-co...
[90m [2m❯[22m Proxy.waitForWrapper node_modules/@testing-library/dom/dist/wait-for.js:[2m163:27[22m[39m
[36m [2m❯[22m src/components/__tests__/ProductPreviewModal.test.tsx:[2m98:13[22m[39m
    [90m 96| [39m      fireEvent[33m.[39m[34mclick[39m(shortDescButton)[33m;[39m
    [90m 97| [39m
    [90m 98| [39m      [35mawait[39m [34mwaitFor[39m(() [33m=>[39m {
    [90m   | [39m            [31m^[39m
    [90m 99| [39m        expect(screen.getByText("Short description")).not.toBeVisible(…
    [90m100| [39m      })[33m;[39m

[31m[2m⎯⎯⎯⎯⎯⎯⎯⎯⎯⎯⎯⎯⎯⎯⎯⎯⎯⎯⎯⎯⎯⎯⎯[8/70]⎯[22m[39m

[41m[1m FAIL [22m[49m src/components/__tests__/ProductPreviewModal.test.tsx[2m > [22mProductPreviewModal[2m > [22mDate Formatting[2m > [22mshould format dates correctly
[31m[1mTestingLibraryElementError[22m[39m: Found multiple elements with the text: /15 paź 2025/

Here are the matching elements:

Ignored nodes: comments, script, style
[36m<div[39m
  [33mclass[39m=[32m"text-sm text-muted-foreground"[39m
[36m>[39m
  [0mUtworzono: [0m
  [0m15 paź 2025, 14:00[0m
[36m</div>[39m

Ignored nodes: comments, script, style
[36m<div[39m
  [33mclass[39m=[32m"text-sm text-muted-foreground"[39m
[36m>[39m
  [0mOstatnia synchronizacja: [0m
  [0m15 paź 2025, 15:00[0m
[36m</div>[39m

(If this is intentional, then use the `*AllBy*` variant of the query (like `queryAllByText`, `getAllByText`, or `findAllByText`)).

Ignored nodes: comments, script, style
[36m<body[39m
  [33mdata-scroll-locked[39m=[32m"1"[39m
  [33mstyle[39m=[32m"pointer-events: none;"[39m
[36m>[39m
  [36m<span[39m
    [33maria-hidden[39m=[32m"true"[39m
    [33mdata-aria-hidden[39m=[32m"true"[39m
    [33mdata-radix-focus-guard[39m=[32m""[39m
    [33mstyle[39m=[32m"opacity: 0; position: fixed; pointer-events: none; outline-color: none; outline-style: none; outline-width: initial;"[39m
    [33mtabindex[39m=[32m"0"[39m
  [36m/>[39m
  [36m<div[39m
    [33maria-hidden[39m=[32m"true"[39m
    [33mdata-aria-hidden[39m=[32m"true"[39m
  [36m/>[39m
  [36m<div[39m
    [33maria-hidden[39m=[32m"true"[39m
    [33mclass[39m=[32m"data-[state=open]:animate-in data-[state=closed]:animate-out data-[state=closed]:fade-out-0 data-[state=open]:fade-in-0 fixed inset-0 z-50 bg-black/50"[39m
    [33mdata-aria-hidden[39m=[32m"true"[39m
    [33mdata-slot[39m=[32m"dialog-overlay"[39m
    [33mdata-state[39m=[32m"open"[39m
    [33mstyle[39m=[32m"pointer-events: auto;"[39m
  [36m/>[39m
  [36m<div[39m
    [33maria-describedby[39m=[32m"radix-«r1n»"[39m
    [33maria-labelledby[39m=[32m"radix-«r1m»"[39m
    [33mclass[39m=[32m"bg-background data-[state=open]:animate-in data-[state=closed]:animate-out data-[state=closed]:fade-out-0 data-[state=open]:fade-in-0 data-[state=closed]:zoom-out-95 data-[state=open]:zoom-in-95 fixed top-[50%] left-[50%] z-50 grid w-full translate-x-[-50%] translate-y-[-50%] gap-4 rounded-lg border p-6 shadow-lg duration-200 sm:max-w-lg max-w-3xl max-h-[80vh] overflow-y-auto"[39m
    [33mdata-slot[39m=[32m"dialog-content"[39m
    [33mdata-state[39m=[32m"open"[39m
    [33mid[39m=[32m"radix-«r1l»"[39m
    [33mrole[39m=[32m"dialog"[39m
    [33mstyle[39m=[32m"pointer-events: auto;"[39m
    [33mtabindex[39m=[32m"-1"[39m
  [36m>[39m
    [36m<div[39m
      [33mclass[39m=[32m"flex flex-col gap-2 text-center sm:text-left"[39m
      [33mdata-slot[39m=[32m"dialog-header"[39m
    [36m>[39m
      [36m<h2[39m
        [33mclass[39m=[32m"text-lg leading-none font-semibold"[39m
        [33mdata-slot[39m=[32m"dialog-title"[39m
        [33mid[39m=[32m"radix-«r1m»"[39m
      [36m>[39m
        [0mTest Product[0m
      [36m</h2>[39m
      [36m<p[39m
        [33mclass[39m=[32m"text-muted-foreground text-sm"[39m
        [33mdata-slot[39m=[32m"dialog-description"[39m
        [33mid[39m=[32m"radix-«r1n»"[39m
      [36m/>[39m
    [36m</div>[39m
    [36m<div[39m
      [33mclass[39m=[32m"space-y-4"[39m
    [36m>[39m
      [36m<div[39m
        [33mclass[39m=[32m"space-y-2"[39m
      [36m>[39m
        [36m<div[39m
          [33mclass[39m=[32m"flex items-center gap-2"[39m
        [36m>[39m
          [36m<span[39m
            [33mclass[39m=[32m"text-sm font-medium"[39m
          [36m>[39m
            [0mStatus:[0m
          [36m</span>[39m
          [36m<span[39m
            [33mclass[39m=[32m"text-sm text-gray-600"[39m
          [36m>[39m
            [0mSzkic[0m
          [36m</span>[39m
        [36m</div>[39m
        [36m<div[39m
          [33mclass[39m=[32m"text-sm text-muted-foreground"[39m
        [36m>[39m
          [0mUtworzono: [0m
          [0m15 paź 2025, 14:00[0m
        [36m</div>[39m
        [36m<div[39m
          [33mclass[39m=[32m"text-sm text-muted-foreground"[39m
        [36m>[39m
          [0mOstatnia synchronizacja: [0m
          [0m15 paź 2025, 15:00[0m
        [36m</div>[39m
      [36m</div>[39m
      [36m<div[39m
        [33mclass[39m=[32m"w-full"[39m
        [33mdata-orientation[39m=[32m"vertical"[39m
        [33mdata-slot[39m=[32m"accordion"[39m
      [36m>[39m
        [36m<div[39m
          [33mclass[39m=[32m"border-b last:border-b-0"[39m
          [33mdata-orientation[39m=[32m"vertical"[39m
          [33mdata-slot[39m=[32m"accordion-item"[39m
          [33mdata-state[39m=[32m"closed"[39m
        [36m>[39m
          [36m<h3[39m
            [33mclass[39m=[32m"flex"[39m
            [33mdata-orientation[39m=[32m"vertical"[39m
            [33mdata-state[39m=[32m"closed"[39m
          [36m>[39m
            [36m<button[39m
              [33maria-controls[39m=[32m"radix-«r1p»"[39m
              [33maria-expanded[39m=[32m"false"[39m
              [33mclass[39m=[32m"focus-visible:border-ring focus-visible:ring-ring/50 flex flex-1 items-start justify-between gap-4 rounded-md py-4 text-left text-sm font-medium transition-all outline-none hover:underline focus-visible:ring-[3px] disabled:pointer-events-none disabled:opacity-50 [&[data-state=open]>svg]:rotate-180"[39m
              [33mdata-orientation[39m=[32m"vertical"[39m
              [33mdata-radix-collection-item[39m=[32m""[39m
              [33mdata-slot[39m=[32m"accordion-trigger"[39m
              [33mdata-state[39m=[32m"closed"[39m
              [33mid[39m=[32m"radix-«r1o»"[39m
              [33mtype[39m=[32m"button"[39m
            [36m>[39m
              [0mKrótki opis[0m
              [36m<svg[39m
                [33mclass[39m=[32m"lucide lucide-chevron-down text-muted-foreground pointer-events-none size-4 shrink-0 translate-y-0.5 transition-transform duration-200"[39m
                [33mfill[39m=[32m"none"[39m
                [33mheight[39m=[32m"24"[39m
                [33mstroke[39m=[32m"currentColor"[39m
                [33mstroke-linecap[39m=[32m"round"[39m
                [33mstroke-linejoin[39m=[32m"round"[39m
                [33mstroke-width[39m=[32m"2"[39m
                [33mviewBox[39m=[32m"0 0 24 24"[39m
                [33mwidth[39m=[32m"24"[39m
                [33mxmlns[39m=[32m"http://www.w3.org/2000/svg"[39m
              [36m>[39m
                [36m<path[39m
                  [33md[39m=[32m"m6 9 6 6 6-6"[39m
                [36m/>[39m
              [36m</svg>[39m
            [36m</button>[39m
          [36m</h3>[39m
          [36m<div[39m
            [33maria-labelledby[39m=[32m"radix-«r1o»"[39m
            [33mclass[39m=[32m"data-[state=closed]:animate-accordion-up data-[state=open]:animate-accordion-down overflow-hidden text-sm"[39m
            [33mdata-orientation[39m=[32m"vertical"[39m
            [33mdata-slot[39m=[32m"accordion-content"[39m
            [33mdata-state[39m=[32m"closed"[39m
            [33mhidden[39m=[32m""[39m
            [33mid[39m=[32m"radix-«r1p»"[39m
            [33mrole[39m=[32m"region"[39m
            [33mstyle[39m=[32m"--radix-accordion-content-height: var(--radix-collapsible-content-height); --radix-accordion-content-width: var(--radix-collapsible-content-width);"[39m
          [36m/>[39m
        [36m</div>[39m
        [36m<div[39m
          [33mclass[39m=[32m"border-b last:border-b-0"[39m
          [33mdata-orientation[39m=[32m"vertic...
[90m [2m❯[22m Object.getElementError node_modules/@testing-library/dom/dist/config.js:[2m37:19[22m[39m
[90m [2m❯[22m getElementError node_modules/@testing-library/dom/dist/query-helpers.js:[2m20:35[22m[39m
[90m [2m❯[22m getMultipleElementsFoundError node_modules/@testing-library/dom/dist/query-helpers.js:[2m23:10[22m[39m
[90m [2m❯[22m node_modules/@testing-library/dom/dist/query-helpers.js:[2m55:13[22m[39m
[90m [2m❯[22m node_modules/@testing-library/dom/dist/query-helpers.js:[2m95:19[22m[39m
[36m [2m❯[22m src/components/__tests__/ProductPreviewModal.test.tsx:[2m132:21[22m[39m
    [90m130| [39m
    [90m131| [39m      [90m// Note: Actual format will depend on the locale settings[39m
    [90m132| [39m      [34mexpect[39m(screen[33m.[39m[34mgetByText[39m([36m/15 paź 2025/[39m))[33m.[39m[34mtoBeInTheDocument[39m()[33m;[39m
    [90m   | [39m                    [31m^[39m
    [90m133| [39m    })[33m;[39m
    [90m134| [39m

[31m[2m⎯⎯⎯⎯⎯⎯⎯⎯⎯⎯⎯⎯⎯⎯⎯⎯⎯⎯⎯⎯⎯⎯⎯[9/70]⎯[22m[39m

[41m[1m FAIL [22m[49m src/components/__tests__/ProductPreviewModal.test.tsx[2m > [22mProductPreviewModal[2m > [22mDate Formatting[2m > [22mshould handle missing dates
[31m[1mTestingLibraryElementError[22m[39m: Unable to find an element with the text: -. This could be because the text is broken up by multiple elements. In this case, you can provide a function for your text matcher to make your matcher more flexible.

Ignored nodes: comments, script, style
[36m<body[39m
  [33mdata-scroll-locked[39m=[32m"1"[39m
  [33mstyle[39m=[32m"pointer-events: none;"[39m
[36m>[39m
  [36m<span[39m
    [33maria-hidden[39m=[32m"true"[39m
    [33mdata-aria-hidden[39m=[32m"true"[39m
    [33mdata-radix-focus-guard[39m=[32m""[39m
    [33mstyle[39m=[32m"opacity: 0; position: fixed; pointer-events: none; outline-color: none; outline-style: none; outline-width: initial;"[39m
    [33mtabindex[39m=[32m"0"[39m
  [36m/>[39m
  [36m<div[39m
    [33maria-hidden[39m=[32m"true"[39m
    [33mdata-aria-hidden[39m=[32m"true"[39m
  [36m/>[39m
  [36m<div[39m
    [33maria-hidden[39m=[32m"true"[39m
    [33mclass[39m=[32m"data-[state=open]:animate-in data-[state=closed]:animate-out data-[state=closed]:fade-out-0 data-[state=open]:fade-in-0 fixed inset-0 z-50 bg-black/50"[39m
    [33mdata-aria-hidden[39m=[32m"true"[39m
    [33mdata-slot[39m=[32m"dialog-overlay"[39m
    [33mdata-state[39m=[32m"open"[39m
    [33mstyle[39m=[32m"pointer-events: auto;"[39m
  [36m/>[39m
  [36m<div[39m
    [33maria-describedby[39m=[32m"radix-«r22»"[39m
    [33maria-labelledby[39m=[32m"radix-«r21»"[39m
    [33mclass[39m=[32m"bg-background data-[state=open]:animate-in data-[state=closed]:animate-out data-[state=closed]:fade-out-0 data-[state=open]:fade-in-0 data-[state=closed]:zoom-out-95 data-[state=open]:zoom-in-95 fixed top-[50%] left-[50%] z-50 grid w-full translate-x-[-50%] translate-y-[-50%] gap-4 rounded-lg border p-6 shadow-lg duration-200 sm:max-w-lg max-w-3xl max-h-[80vh] overflow-y-auto"[39m
    [33mdata-slot[39m=[32m"dialog-content"[39m
    [33mdata-state[39m=[32m"open"[39m
    [33mid[39m=[32m"radix-«r20»"[39m
    [33mrole[39m=[32m"dialog"[39m
    [33mstyle[39m=[32m"pointer-events: auto;"[39m
    [33mtabindex[39m=[32m"-1"[39m
  [36m>[39m
    [36m<div[39m
      [33mclass[39m=[32m"flex flex-col gap-2 text-center sm:text-left"[39m
      [33mdata-slot[39m=[32m"dialog-header"[39m
    [36m>[39m
      [36m<h2[39m
        [33mclass[39m=[32m"text-lg leading-none font-semibold"[39m
        [33mdata-slot[39m=[32m"dialog-title"[39m
        [33mid[39m=[32m"radix-«r21»"[39m
      [36m>[39m
        [0mTest Product[0m
      [36m</h2>[39m
      [36m<p[39m
        [33mclass[39m=[32m"text-muted-foreground text-sm"[39m
        [33mdata-slot[39m=[32m"dialog-description"[39m
        [33mid[39m=[32m"radix-«r22»"[39m
      [36m/>[39m
    [36m</div>[39m
    [36m<div[39m
      [33mclass[39m=[32m"space-y-4"[39m
    [36m>[39m
      [36m<div[39m
        [33mclass[39m=[32m"space-y-2"[39m
      [36m>[39m
        [36m<div[39m
          [33mclass[39m=[32m"flex items-center gap-2"[39m
        [36m>[39m
          [36m<span[39m
            [33mclass[39m=[32m"text-sm font-medium"[39m
          [36m>[39m
            [0mStatus:[0m
          [36m</span>[39m
          [36m<span[39m
            [33mclass[39m=[32m"text-sm text-gray-600"[39m
          [36m>[39m
            [0mSzkic[0m
          [36m</span>[39m
        [36m</div>[39m
        [36m<div[39m
          [33mclass[39m=[32m"text-sm text-muted-foreground"[39m
        [36m>[39m
          [0mUtworzono: [0m
          [0m-[0m
        [36m</div>[39m
        [36m<div[39m
          [33mclass[39m=[32m"text-sm text-muted-foreground"[39m
        [36m>[39m
          [0mOstatnia synchronizacja: [0m
          [0m-[0m
        [36m</div>[39m
      [36m</div>[39m
      [36m<div[39m
        [33mclass[39m=[32m"w-full"[39m
        [33mdata-orientation[39m=[32m"vertical"[39m
        [33mdata-slot[39m=[32m"accordion"[39m
      [36m>[39m
        [36m<div[39m
          [33mclass[39m=[32m"border-b last:border-b-0"[39m
          [33mdata-orientation[39m=[32m"vertical"[39m
          [33mdata-slot[39m=[32m"accordion-item"[39m
          [33mdata-state[39m=[32m"closed"[39m
        [36m>[39m
          [36m<h3[39m
            [33mclass[39m=[32m"flex"[39m
            [33mdata-orientation[39m=[32m"vertical"[39m
            [33mdata-state[39m=[32m"closed"[39m
          [36m>[39m
            [36m<button[39m
              [33maria-controls[39m=[32m"radix-«r24»"[39m
              [33maria-expanded[39m=[32m"false"[39m
              [33mclass[39m=[32m"focus-visible:border-ring focus-visible:ring-ring/50 flex flex-1 items-start justify-between gap-4 rounded-md py-4 text-left text-sm font-medium transition-all outline-none hover:underline focus-visible:ring-[3px] disabled:pointer-events-none disabled:opacity-50 [&[data-state=open]>svg]:rotate-180"[39m
              [33mdata-orientation[39m=[32m"vertical"[39m
              [33mdata-radix-collection-item[39m=[32m""[39m
              [33mdata-slot[39m=[32m"accordion-trigger"[39m
              [33mdata-state[39m=[32m"closed"[39m
              [33mid[39m=[32m"radix-«r23»"[39m
              [33mtype[39m=[32m"button"[39m
            [36m>[39m
              [0mKrótki opis[0m
              [36m<svg[39m
                [33mclass[39m=[32m"lucide lucide-chevron-down text-muted-foreground pointer-events-none size-4 shrink-0 translate-y-0.5 transition-transform duration-200"[39m
                [33mfill[39m=[32m"none"[39m
                [33mheight[39m=[32m"24"[39m
                [33mstroke[39m=[32m"currentColor"[39m
                [33mstroke-linecap[39m=[32m"round"[39m
                [33mstroke-linejoin[39m=[32m"round"[39m
                [33mstroke-width[39m=[32m"2"[39m
                [33mviewBox[39m=[32m"0 0 24 24"[39m
                [33mwidth[39m=[32m"24"[39m
                [33mxmlns[39m=[32m"http://www.w3.org/2000/svg"[39m
              [36m>[39m
                [36m<path[39m
                  [33md[39m=[32m"m6 9 6 6 6-6"[39m
                [36m/>[39m
              [36m</svg>[39m
            [36m</button>[39m
          [36m</h3>[39m
          [36m<div[39m
            [33maria-labelledby[39m=[32m"radix-«r23»"[39m
            [33mclass[39m=[32m"data-[state=closed]:animate-accordion-up data-[state=open]:animate-accordion-down overflow-hidden text-sm"[39m
            [33mdata-orientation[39m=[32m"vertical"[39m
            [33mdata-slot[39m=[32m"accordion-content"[39m
            [33mdata-state[39m=[32m"closed"[39m
            [33mhidden[39m=[32m""[39m
            [33mid[39m=[32m"radix-«r24»"[39m
            [33mrole[39m=[32m"region"[39m
            [33mstyle[39m=[32m"--radix-accordion-content-height: var(--radix-collapsible-content-height); --radix-accordion-content-width: var(--radix-collapsible-content-width);"[39m
          [36m/>[39m
        [36m</div>[39m
        [36m<div[39m
          [33mclass[39m=[32m"border-b last:border-b-0"[39m
          [33mdata-orientation[39m=[32m"vertical"[39m
          [33mdata-slot...
[90m [2m❯[22m Object.getElementError node_modules/@testing-library/dom/dist/config.js:[2m37:19[22m[39m
[90m [2m❯[22m node_modules/@testing-library/dom/dist/query-helpers.js:[2m76:38[22m[39m
[90m [2m❯[22m node_modules/@testing-library/dom/dist/query-helpers.js:[2m109:15[22m[39m
[36m [2m❯[22m src/components/__tests__/ProductPreviewModal.test.tsx:[2m149:21[22m[39m
    [90m147| [39m
    [90m148| [39m      render(<ProductPreviewModal productId="1" onClose={mockOnClose} …
    [90m149| [39m      [34mexpect[39m(screen[33m.[39m[34mgetAllByText[39m([32m"-"[39m))[33m.[39m[34mtoHaveLength[39m([34m2[39m)[33m;[39m
    [90m   | [39m                    [31m^[39m
    [90m150| [39m    })[33m;[39m
    [90m151| [39m  })[33m;[39m

[31m[2m⎯⎯⎯⎯⎯⎯⎯⎯⎯⎯⎯⎯⎯⎯⎯⎯⎯⎯⎯⎯⎯⎯[10/70]⎯[22m[39m

[41m[1m FAIL [22m[49m src/components/__tests__/ProductPreviewModal.test.tsx[2m > [22mProductPreviewModal[2m > [22mLists Rendering[2m > [22mshould render empty states for categories and collections
[31m[1mTestingLibraryElementError[22m[39m: Unable to find an element with the text: Brak kategorii. This could be because the text is broken up by multiple elements. In this case, you can provide a function for your text matcher to make your matcher more flexible.

Ignored nodes: comments, script, style
[36m<body[39m
  [33mdata-scroll-locked[39m=[32m"1"[39m
  [33mstyle[39m=[32m"pointer-events: none;"[39m
[36m>[39m
  [36m<span[39m
    [33maria-hidden[39m=[32m"true"[39m
    [33mdata-aria-hidden[39m=[32m"true"[39m
    [33mdata-radix-focus-guard[39m=[32m""[39m
    [33mstyle[39m=[32m"opacity: 0; position: fixed; pointer-events: none; outline-color: none; outline-style: none; outline-width: initial;"[39m
    [33mtabindex[39m=[32m"0"[39m
  [36m/>[39m
  [36m<div[39m
    [33maria-hidden[39m=[32m"true"[39m
    [33mdata-aria-hidden[39m=[32m"true"[39m
  [36m/>[39m
  [36m<div[39m
    [33maria-hidden[39m=[32m"true"[39m
    [33mclass[39m=[32m"data-[state=open]:animate-in data-[state=closed]:animate-out data-[state=closed]:fade-out-0 data-[state=open]:fade-in-0 fixed inset-0 z-50 bg-black/50"[39m
    [33mdata-aria-hidden[39m=[32m"true"[39m
    [33mdata-slot[39m=[32m"dialog-overlay"[39m
    [33mdata-state[39m=[32m"open"[39m
    [33mstyle[39m=[32m"pointer-events: auto;"[39m
  [36m/>[39m
  [36m<div[39m
    [33maria-describedby[39m=[32m"radix-«r2d»"[39m
    [33maria-labelledby[39m=[32m"radix-«r2c»"[39m
    [33mclass[39m=[32m"bg-background data-[state=open]:animate-in data-[state=closed]:animate-out data-[state=closed]:fade-out-0 data-[state=open]:fade-in-0 data-[state=closed]:zoom-out-95 data-[state=open]:zoom-in-95 fixed top-[50%] left-[50%] z-50 grid w-full translate-x-[-50%] translate-y-[-50%] gap-4 rounded-lg border p-6 shadow-lg duration-200 sm:max-w-lg max-w-3xl max-h-[80vh] overflow-y-auto"[39m
    [33mdata-slot[39m=[32m"dialog-content"[39m
    [33mdata-state[39m=[32m"open"[39m
    [33mid[39m=[32m"radix-«r2b»"[39m
    [33mrole[39m=[32m"dialog"[39m
    [33mstyle[39m=[32m"pointer-events: auto;"[39m
    [33mtabindex[39m=[32m"-1"[39m
  [36m>[39m
    [36m<div[39m
      [33mclass[39m=[32m"flex flex-col gap-2 text-center sm:text-left"[39m
      [33mdata-slot[39m=[32m"dialog-header"[39m
    [36m>[39m
      [36m<h2[39m
        [33mclass[39m=[32m"text-lg leading-none font-semibold"[39m
        [33mdata-slot[39m=[32m"dialog-title"[39m
        [33mid[39m=[32m"radix-«r2c»"[39m
      [36m>[39m
        [0mTest Product[0m
      [36m</h2>[39m
      [36m<p[39m
        [33mclass[39m=[32m"text-muted-foreground text-sm"[39m
        [33mdata-slot[39m=[32m"dialog-description"[39m
        [33mid[39m=[32m"radix-«r2d»"[39m
      [36m/>[39m
    [36m</div>[39m
    [36m<div[39m
      [33mclass[39m=[32m"space-y-4"[39m
    [36m>[39m
      [36m<div[39m
        [33mclass[39m=[32m"space-y-2"[39m
      [36m>[39m
        [36m<div[39m
          [33mclass[39m=[32m"flex items-center gap-2"[39m
        [36m>[39m
          [36m<span[39m
            [33mclass[39m=[32m"text-sm font-medium"[39m
          [36m>[39m
            [0mStatus:[0m
          [36m</span>[39m
          [36m<span[39m
            [33mclass[39m=[32m"text-sm text-gray-600"[39m
          [36m>[39m
            [0mSzkic[0m
          [36m</span>[39m
        [36m</div>[39m
        [36m<div[39m
          [33mclass[39m=[32m"text-sm text-muted-foreground"[39m
        [36m>[39m
          [0mUtworzono: [0m
          [0m15 paź 2025, 14:00[0m
        [36m</div>[39m
        [36m<div[39m
          [33mclass[39m=[32m"text-sm text-muted-foreground"[39m
        [36m>[39m
          [0mOstatnia synchronizacja: [0m
          [0m15 paź 2025, 15:00[0m
        [36m</div>[39m
      [36m</div>[39m
      [36m<div[39m
        [33mclass[39m=[32m"w-full"[39m
        [33mdata-orientation[39m=[32m"vertical"[39m
        [33mdata-slot[39m=[32m"accordion"[39m
      [36m>[39m
        [36m<div[39m
          [33mclass[39m=[32m"border-b last:border-b-0"[39m
          [33mdata-orientation[39m=[32m"vertical"[39m
          [33mdata-slot[39m=[32m"accordion-item"[39m
          [33mdata-state[39m=[32m"closed"[39m
        [36m>[39m
          [36m<h3[39m
            [33mclass[39m=[32m"flex"[39m
            [33mdata-orientation[39m=[32m"vertical"[39m
            [33mdata-state[39m=[32m"closed"[39m
          [36m>[39m
            [36m<button[39m
              [33maria-controls[39m=[32m"radix-«r2f»"[39m
              [33maria-expanded[39m=[32m"false"[39m
              [33mclass[39m=[32m"focus-visible:border-ring focus-visible:ring-ring/50 flex flex-1 items-start justify-between gap-4 rounded-md py-4 text-left text-sm font-medium transition-all outline-none hover:underline focus-visible:ring-[3px] disabled:pointer-events-none disabled:opacity-50 [&[data-state=open]>svg]:rotate-180"[39m
              [33mdata-orientation[39m=[32m"vertical"[39m
              [33mdata-radix-collection-item[39m=[32m""[39m
              [33mdata-slot[39m=[32m"accordion-trigger"[39m
              [33mdata-state[39m=[32m"closed"[39m
              [33mid[39m=[32m"radix-«r2e»"[39m
              [33mtype[39m=[32m"button"[39m
            [36m>[39m
              [0mKrótki opis[0m
              [36m<svg[39m
                [33mclass[39m=[32m"lucide lucide-chevron-down text-muted-foreground pointer-events-none size-4 shrink-0 translate-y-0.5 transition-transform duration-200"[39m
                [33mfill[39m=[32m"none"[39m
                [33mheight[39m=[32m"24"[39m
                [33mstroke[39m=[32m"currentColor"[39m
                [33mstroke-linecap[39m=[32m"round"[39m
                [33mstroke-linejoin[39m=[32m"round"[39m
                [33mstroke-width[39m=[32m"2"[39m
                [33mviewBox[39m=[32m"0 0 24 24"[39m
                [33mwidth[39m=[32m"24"[39m
                [33mxmlns[39m=[32m"http://www.w3.org/2000/svg"[39m
              [36m>[39m
                [36m<path[39m
                  [33md[39m=[32m"m6 9 6 6 6-6"[39m
                [36m/>[39m
              [36m</svg>[39m
            [36m</button>[39m
          [36m</h3>[39m
          [36m<div[39m
            [33maria-labelledby[39m=[32m"radix-«r2e»"[39m
            [33mclass[39m=[32m"data-[state=closed]:animate-accordion-up data-[state=open]:animate-accordion-down overflow-hidden text-sm"[39m
            [33mdata-orientation[39m=[32m"vertical"[39m
            [33mdata-slot[39m=[32m"accordion-content"[39m
            [33mdata-state[39m=[32m"closed"[39m
            [33mhidden[39m=[32m""[39m
            [33mid[39m=[32m"radix-«r2f»"[39m
            [33mrole[39m=[32m"region"[39m
            [33mstyle[39m=[32m"--radix-accordion-content-height: var(--radix-collapsible-content-height); --radix-accordion-content-width: var(--radix-collapsible-content-width);"[39m
          [36m/>[39m
        [36m</div>[39m
        [36m<div[39m
          [33mclass[39m=[32m"border-b last:border-b-0"[39m
          [33mdata-orientation[39m=[32m"vertic...
[90m [2m❯[22m Object.getElementError node_modules/@testing-library/dom/dist/config.js:[2m37:19[22m[39m
[90m [2m❯[22m node_modules/@testing-library/dom/dist/query-helpers.js:[2m76:38[22m[39m
[90m [2m❯[22m node_modules/@testing-library/dom/dist/query-helpers.js:[2m52:17[22m[39m
[90m [2m❯[22m node_modules/@testing-library/dom/dist/query-helpers.js:[2m95:19[22m[39m
[36m [2m❯[22m src/components/__tests__/ProductPreviewModal.test.tsx:[2m170:21[22m[39m
    [90m168| [39m
    [90m169| [39m      [34mexpect[39m(screen[33m.[39m[34mgetByText[39m([32m"Kategorie (0)"[39m))[33m.[39m[34mtoBeInTheDocument[39m()[33m;[39m
    [90m170| [39m      [34mexpect[39m(screen[33m.[39m[34mgetByText[39m([32m"Brak kategorii"[39m))[33m.[39m[34mtoBeInTheDocument[39m()[33m;[39m
    [90m   | [39m                    [31m^[39m
    [90m171| [39m      [34mexpect[39m(screen[33m.[39m[34mgetByText[39m([32m"Kolekcje (0)"[39m))[33m.[39m[34mtoBeInTheDocument[39m()[33m;[39m
    [90m172| [39m      [34mexpect[39m(screen[33m.[39m[34mgetByText[39m([32m"Brak kolekcji"[39m))[33m.[39m[34mtoBeInTheDocument[39m()[33m;[39m

[31m[2m⎯⎯⎯⎯⎯⎯⎯⎯⎯⎯⎯⎯⎯⎯⎯⎯⎯⎯⎯⎯⎯⎯[11/70]⎯[22m[39m

[41m[1m FAIL [22m[49m src/components/__tests__/ProductPreviewModal.test.tsx[2m > [22mProductPreviewModal[2m > [22mLists Rendering[2m > [22mshould render all categories and collections
[31m[1mTestingLibraryElementError[22m[39m: Unable to find an element with the text: Category 1. This could be because the text is broken up by multiple elements. In this case, you can provide a function for your text matcher to make your matcher more flexible.

Ignored nodes: comments, script, style
[36m<body[39m
  [33mdata-scroll-locked[39m=[32m"1"[39m
  [33mstyle[39m=[32m"pointer-events: none;"[39m
[36m>[39m
  [36m<span[39m
    [33maria-hidden[39m=[32m"true"[39m
    [33mdata-aria-hidden[39m=[32m"true"[39m
    [33mdata-radix-focus-guard[39m=[32m""[39m
    [33mstyle[39m=[32m"opacity: 0; position: fixed; pointer-events: none; outline-color: none; outline-style: none; outline-width: initial;"[39m
    [33mtabindex[39m=[32m"0"[39m
  [36m/>[39m
  [36m<div[39m
    [33maria-hidden[39m=[32m"true"[39m
    [33mdata-aria-hidden[39m=[32m"true"[39m
  [36m/>[39m
  [36m<div[39m
    [33maria-hidden[39m=[32m"true"[39m
    [33mclass[39m=[32m"data-[state=open]:animate-in data-[state=closed]:animate-out data-[state=closed]:fade-out-0 data-[state=open]:fade-in-0 fixed inset-0 z-50 bg-black/50"[39m
    [33mdata-aria-hidden[39m=[32m"true"[39m
    [33mdata-slot[39m=[32m"dialog-overlay"[39m
    [33mdata-state[39m=[32m"open"[39m
    [33mstyle[39m=[32m"pointer-events: auto;"[39m
  [36m/>[39m
  [36m<div[39m
    [33maria-describedby[39m=[32m"radix-«r2o»"[39m
    [33maria-labelledby[39m=[32m"radix-«r2n»"[39m
    [33mclass[39m=[32m"bg-background data-[state=open]:animate-in data-[state=closed]:animate-out data-[state=closed]:fade-out-0 data-[state=open]:fade-in-0 data-[state=closed]:zoom-out-95 data-[state=open]:zoom-in-95 fixed top-[50%] left-[50%] z-50 grid w-full translate-x-[-50%] translate-y-[-50%] gap-4 rounded-lg border p-6 shadow-lg duration-200 sm:max-w-lg max-w-3xl max-h-[80vh] overflow-y-auto"[39m
    [33mdata-slot[39m=[32m"dialog-content"[39m
    [33mdata-state[39m=[32m"open"[39m
    [33mid[39m=[32m"radix-«r2m»"[39m
    [33mrole[39m=[32m"dialog"[39m
    [33mstyle[39m=[32m"pointer-events: auto;"[39m
    [33mtabindex[39m=[32m"-1"[39m
  [36m>[39m
    [36m<div[39m
      [33mclass[39m=[32m"flex flex-col gap-2 text-center sm:text-left"[39m
      [33mdata-slot[39m=[32m"dialog-header"[39m
    [36m>[39m
      [36m<h2[39m
        [33mclass[39m=[32m"text-lg leading-none font-semibold"[39m
        [33mdata-slot[39m=[32m"dialog-title"[39m
        [33mid[39m=[32m"radix-«r2n»"[39m
      [36m>[39m
        [0mTest Product[0m
      [36m</h2>[39m
      [36m<p[39m
        [33mclass[39m=[32m"text-muted-foreground text-sm"[39m
        [33mdata-slot[39m=[32m"dialog-description"[39m
        [33mid[39m=[32m"radix-«r2o»"[39m
      [36m/>[39m
    [36m</div>[39m
    [36m<div[39m
      [33mclass[39m=[32m"space-y-4"[39m
    [36m>[39m
      [36m<div[39m
        [33mclass[39m=[32m"space-y-2"[39m
      [36m>[39m
        [36m<div[39m
          [33mclass[39m=[32m"flex items-center gap-2"[39m
        [36m>[39m
          [36m<span[39m
            [33mclass[39m=[32m"text-sm font-medium"[39m
          [36m>[39m
            [0mStatus:[0m
          [36m</span>[39m
          [36m<span[39m
            [33mclass[39m=[32m"text-sm text-gray-600"[39m
          [36m>[39m
            [0mSzkic[0m
          [36m</span>[39m
        [36m</div>[39m
        [36m<div[39m
          [33mclass[39m=[32m"text-sm text-muted-foreground"[39m
        [36m>[39m
          [0mUtworzono: [0m
          [0m15 paź 2025, 14:00[0m
        [36m</div>[39m
        [36m<div[39m
          [33mclass[39m=[32m"text-sm text-muted-foreground"[39m
        [36m>[39m
          [0mOstatnia synchronizacja: [0m
          [0m15 paź 2025, 15:00[0m
        [36m</div>[39m
      [36m</div>[39m
      [36m<div[39m
        [33mclass[39m=[32m"w-full"[39m
        [33mdata-orientation[39m=[32m"vertical"[39m
        [33mdata-slot[39m=[32m"accordion"[39m
      [36m>[39m
        [36m<div[39m
          [33mclass[39m=[32m"border-b last:border-b-0"[39m
          [33mdata-orientation[39m=[32m"vertical"[39m
          [33mdata-slot[39m=[32m"accordion-item"[39m
          [33mdata-state[39m=[32m"closed"[39m
        [36m>[39m
          [36m<h3[39m
            [33mclass[39m=[32m"flex"[39m
            [33mdata-orientation[39m=[32m"vertical"[39m
            [33mdata-state[39m=[32m"closed"[39m
          [36m>[39m
            [36m<button[39m
              [33maria-controls[39m=[32m"radix-«r2q»"[39m
              [33maria-expanded[39m=[32m"false"[39m
              [33mclass[39m=[32m"focus-visible:border-ring focus-visible:ring-ring/50 flex flex-1 items-start justify-between gap-4 rounded-md py-4 text-left text-sm font-medium transition-all outline-none hover:underline focus-visible:ring-[3px] disabled:pointer-events-none disabled:opacity-50 [&[data-state=open]>svg]:rotate-180"[39m
              [33mdata-orientation[39m=[32m"vertical"[39m
              [33mdata-radix-collection-item[39m=[32m""[39m
              [33mdata-slot[39m=[32m"accordion-trigger"[39m
              [33mdata-state[39m=[32m"closed"[39m
              [33mid[39m=[32m"radix-«r2p»"[39m
              [33mtype[39m=[32m"button"[39m
            [36m>[39m
              [0mKrótki opis[0m
              [36m<svg[39m
                [33mclass[39m=[32m"lucide lucide-chevron-down text-muted-foreground pointer-events-none size-4 shrink-0 translate-y-0.5 transition-transform duration-200"[39m
                [33mfill[39m=[32m"none"[39m
                [33mheight[39m=[32m"24"[39m
                [33mstroke[39m=[32m"currentColor"[39m
                [33mstroke-linecap[39m=[32m"round"[39m
                [33mstroke-linejoin[39m=[32m"round"[39m
                [33mstroke-width[39m=[32m"2"[39m
                [33mviewBox[39m=[32m"0 0 24 24"[39m
                [33mwidth[39m=[32m"24"[39m
                [33mxmlns[39m=[32m"http://www.w3.org/2000/svg"[39m
              [36m>[39m
                [36m<path[39m
                  [33md[39m=[32m"m6 9 6 6 6-6"[39m
                [36m/>[39m
              [36m</svg>[39m
            [36m</button>[39m
          [36m</h3>[39m
          [36m<div[39m
            [33maria-labelledby[39m=[32m"radix-«r2p»"[39m
            [33mclass[39m=[32m"data-[state=closed]:animate-accordion-up data-[state=open]:animate-accordion-down overflow-hidden text-sm"[39m
            [33mdata-orientation[39m=[32m"vertical"[39m
            [33mdata-slot[39m=[32m"accordion-content"[39m
            [33mdata-state[39m=[32m"closed"[39m
            [33mhidden[39m=[32m""[39m
            [33mid[39m=[32m"radix-«r2q»"[39m
            [33mrole[39m=[32m"region"[39m
            [33mstyle[39m=[32m"--radix-accordion-content-height: var(--radix-collapsible-content-height); --radix-accordion-content-width: var(--radix-collapsible-content-width);"[39m
          [36m/>[39m
        [36m</div>[39m
        [36m<div[39m
          [33mclass[39m=[32m"border-b last:border-b-0"[39m
          [33mdata-orientation[39m=[32m"vertic...
[90m [2m❯[22m Object.getElementError node_modules/@testing-library/dom/dist/config.js:[2m37:19[22m[39m
[90m [2m❯[22m node_modules/@testing-library/dom/dist/query-helpers.js:[2m76:38[22m[39m
[90m [2m❯[22m node_modules/@testing-library/dom/dist/query-helpers.js:[2m52:17[22m[39m
[90m [2m❯[22m node_modules/@testing-library/dom/dist/query-helpers.js:[2m95:19[22m[39m
[36m [2m❯[22m src/components/__tests__/ProductPreviewModal.test.tsx:[2m178:21[22m[39m
    [90m176| [39m      render(<ProductPreviewModal productId="1" onClose={mockOnClose} …
    [90m177| [39m
    [90m178| [39m      [34mexpect[39m(screen[33m.[39m[34mgetByText[39m([32m"Category 1"[39m))[33m.[39m[34mtoBeInTheDocument[39m()[33m;[39m
    [90m   | [39m                    [31m^[39m
    [90m179| [39m      [34mexpect[39m(screen[33m.[39m[34mgetByText[39m([32m"Category 2"[39m))[33m.[39m[34mtoBeInTheDocument[39m()[33m;[39m
    [90m180| [39m      [34mexpect[39m(screen[33m.[39m[34mgetByText[39m([32m"Collection 1"[39m))[33m.[39m[34mtoBeInTheDocument[39m()[33m;[39m

[31m[2m⎯⎯⎯⎯⎯⎯⎯⎯⎯⎯⎯⎯⎯⎯⎯⎯⎯⎯⎯⎯⎯⎯[12/70]⎯[22m[39m

[41m[1m FAIL [22m[49m src/components/__tests__/ProductsTable.test.tsx[2m > [22mProductsTable[2m > [22mRendering[2m > [22mshould render loading state
[31m[1mTestingLibraryElementError[22m: Unable to find an accessible element with the role "progressbar"

There are no accessible roles. But there might be some inaccessible roles. If you wish to access them, then set the `hidden` option to `true`. Learn more about this here: https://testing-library.com/docs/dom-testing-library/api-queries#byrole

Ignored nodes: comments, script, style
[36m<body>[31m
  [36m<div>[31m
    [36m<div[31m
      [33mclass[31m=[32m"flex items-center justify-center h-64"[31m
    [36m>[31m
      [36m<div[31m
        [33mclass[31m=[32m"animate-spin rounded-full h-8 w-8 border-b-2 border-primary"[31m
      [36m/>[31m
    [36m</div>[31m
  [36m</div>[31m
[36m</body>[31m[39m
[90m [2m❯[22m Object.getElementError node_modules/@testing-library/dom/dist/config.js:[2m37:19[22m[39m
[90m [2m❯[22m node_modules/@testing-library/dom/dist/query-helpers.js:[2m76:38[22m[39m
[90m [2m❯[22m node_modules/@testing-library/dom/dist/query-helpers.js:[2m52:17[22m[39m
[90m [2m❯[22m node_modules/@testing-library/dom/dist/query-helpers.js:[2m95:19[22m[39m
[36m [2m❯[22m src/components/__tests__/ProductsTable.test.tsx:[2m47:21[22m[39m
    [90m 45| [39m      [34mrender[39m([33m<[39m[33mProductsTable[39m [33m{[39m[33m...[39mdefaultProps[33m}[39m [33mloading[39m[33m=[39m[33m{[39m[35mtrue[39m[33m}[39m [33m/[39m[33m>[39m)[33m;[39m
    [90m 46| [39m
    [90m 47| [39m      [34mexpect[39m(screen[33m.[39m[34mgetByRole[39m([32m"progressbar"[39m))[33m.[39m[34mtoBeInTheDocument[39m()[33m;[39m
    [90m   | [39m                    [31m^[39m
    [90m 48| [39m    })[33m;[39m
    [90m 49| [39m

[31m[2m⎯⎯⎯⎯⎯⎯⎯⎯⎯⎯⎯⎯⎯⎯⎯⎯⎯⎯⎯⎯⎯⎯[13/70]⎯[22m[39m

[41m[1m FAIL [22m[49m src/components/__tests__/ProductsTable.test.tsx[2m > [22mProductsTable[2m > [22mRendering[2m > [22mshould render empty state
[31m[1mTestingLibraryElementError[22m[39m: Unable to find an element with the text: /Brak produktów/i. This could be because the text is broken up by multiple elements. In this case, you can provide a function for your text matcher to make your matcher more flexible.

Ignored nodes: comments, script, style
[36m<body>[39m
  [36m<div>[39m
    [36m<div[39m
      [33mclass[39m=[32m"rounded-md border"[39m
    [36m>[39m
      [36m<div[39m
        [33mclass[39m=[32m"relative w-full overflow-x-auto"[39m
        [33mdata-slot[39m=[32m"table-container"[39m
      [36m>[39m
        [36m<table[39m
          [33mclass[39m=[32m"w-full caption-bottom text-sm"[39m
          [33mdata-slot[39m=[32m"table"[39m
        [36m>[39m
          [36m<thead[39m
            [33mclass[39m=[32m"[&_tr]:border-b"[39m
            [33mdata-slot[39m=[32m"table-header"[39m
          [36m>[39m
            [36m<tr[39m
              [33mclass[39m=[32m"hover:bg-muted/50 data-[state=selected]:bg-muted border-b transition-colors"[39m
              [33mdata-slot[39m=[32m"table-row"[39m
            [36m>[39m
              [36m<th[39m
                [33mclass[39m=[32m"text-foreground h-10 px-2 text-left align-middle font-medium whitespace-nowrap [&:has([role=checkbox])]:pr-0 [&>[role=checkbox]]:translate-y-[2px] w-12"[39m
                [33mdata-slot[39m=[32m"table-head"[39m
              [36m>[39m
                [36m<button[39m
                  [33maria-checked[39m=[32m"true"[39m
                  [33maria-label[39m=[32m"Zaznacz wszystkie"[39m
                  [33mclass[39m=[32m"peer border-input dark:bg-input/30 data-[state=checked]:bg-primary data-[state=checked]:text-primary-foreground dark:data-[state=checked]:bg-primary data-[state=checked]:border-primary focus-visible:border-ring focus-visible:ring-ring/50 aria-invalid:ring-destructive/20 dark:aria-invalid:ring-destructive/40 aria-invalid:border-destructive size-4 shrink-0 rounded-[4px] border shadow-xs transition-shadow outline-none focus-visible:ring-[3px] disabled:cursor-not-allowed disabled:opacity-50"[39m
                  [33mdata-slot[39m=[32m"checkbox"[39m
                  [33mdata-state[39m=[32m"checked"[39m
                  [33mrole[39m=[32m"checkbox"[39m
                  [33mtype[39m=[32m"button"[39m
                  [33mvalue[39m=[32m"on"[39m
                [36m>[39m
                  [36m<span[39m
                    [33mclass[39m=[32m"flex items-center justify-center text-current transition-none"[39m
                    [33mdata-slot[39m=[32m"checkbox-indicator"[39m
                    [33mdata-state[39m=[32m"checked"[39m
                    [33mstyle[39m=[32m"pointer-events: none;"[39m
                  [36m>[39m
                    [36m<svg[39m
                      [33mclass[39m=[32m"lucide lucide-check size-3.5"[39m
                      [33mfill[39m=[32m"none"[39m
                      [33mheight[39m=[32m"24"[39m
                      [33mstroke[39m=[32m"currentColor"[39m
                      [33mstroke-linecap[39m=[32m"round"[39m
                      [33mstroke-linejoin[39m=[32m"round"[39m
                      [33mstroke-width[39m=[32m"2"[39m
                      [33mviewBox[39m=[32m"0 0 24 24"[39m
                      [33mwidth[39m=[32m"24"[39m
                      [33mxmlns[39m=[32m"http://www.w3.org/2000/svg"[39m
                    [36m>[39m
                      [36m<path[39m
                        [33md[39m=[32m"M20 6 9 17l-5-5"[39m
                      [36m/>[39m
                    [36m</svg>[39m
                  [36m</span>[39m
                [36m</button>[39m
              [36m</th>[39m
              [36m<th[39m
                [33mclass[39m=[32m"text-foreground h-10 px-2 text-left align-middle font-medium whitespace-nowrap [&:has([role=checkbox])]:pr-0 [&>[role=checkbox]]:translate-y-[2px]"[39m
                [33mdata-slot[39m=[32m"table-head"[39m
              [36m>[39m
                [0mNazwa[0m
              [36m</th>[39m
              [36m<th[39m
                [33mclass[39m=[32m"text-foreground h-10 px-2 text-left align-middle font-medium whitespace-nowrap [&:has([role=checkbox])]:pr-0 [&>[role=checkbox]]:translate-y-[2px]"[39m
                [33mdata-slot[39m=[32m"table-head"[39m
              [36m>[39m
                [0mSKU[0m
              [36m</th>[39m
              [36m<th[39m
                [33mclass[39m=[32m"text-foreground h-10 px-2 text-left align-middle font-medium whitespace-nowrap [&:has([role=checkbox])]:pr-0 [&>[role=checkbox]]:translate-y-[2px]"[39m
                [33mdata-slot[39m=[32m"table-head"[39m
              [36m>[39m
                [0mStatus[0m
              [36m</th>[39m
              [36m<th[39m
                [33mclass[39m=[32m"text-foreground h-10 px-2 text-left align-middle font-medium whitespace-nowrap [&:has([role=checkbox])]:pr-0 [&>[role=checkbox]]:translate-y-[2px]"[39m
                [33mdata-slot[39m=[32m"table-head"[39m
              [36m>[39m
                [0mKategorie[0m
              [36m</th>[39m
              [36m<th[39m
                [33mclass[39m=[32m"text-foreground h-10 px-2 text-left align-middle font-medium whitespace-nowrap [&:has([role=checkbox])]:pr-0 [&>[role=checkbox]]:translate-y-[2px]"[39m
                [33mdata-slot[39m=[32m"table-head"[39m
              [36m>[39m
                [0mOstatnia aktualizacja[0m
              [36m</th>[39m
            [36m</tr>[39m
          [36m</thead>[39m
          [36m<tbody[39m
            [33mclass[39m=[32m"[&_tr:last-child]:border-0"[39m
            [33mdata-slot[39m=[32m"table-body"[39m
          [36m/>[39m
        [36m</table>[39m
      [36m</div>[39m
    [36m</div>[39m
    [36m<div[39m
      [33mclass[39m=[32m"mt-4"[39m
    [36m/>[39m
  [36m</div>[39m
[36m</body>[39m
[90m [2m❯[22m Object.getElementError node_modules/@testing-library/dom/dist/config.js:[2m37:19[22m[39m
[90m [2m❯[22m node_modules/@testing-library/dom/dist/query-helpers.js:[2m76:38[22m[39m
[90m [2m❯[22m node_modules/@testing-library/dom/dist/query-helpers.js:[2m52:17[22m[39m
[90m [2m❯[22m node_modules/@testing-library/dom/dist/query-helpers.js:[2m95:19[22m[39m
[36m [2m❯[22m src/components/__tests__/ProductsTable.test.tsx:[2m53:21[22m[39m
    [90m 51| [39m      [34mrender[39m([33m<[39m[33mProductsTable[39m [33m{[39m[33m...[39mdefaultProps[33m}[39m [33mproducts[39m[33m=[39m[33m{[39m[][33m}[39m [33m/[39m[33m>[39m)[33m;[39m
    [90m 52| [39m
    [90m 53| [39m      [34mexpect[39m(screen[33m.[39m[34mgetByText[39m([36m/Brak produktów/i[39m))[33m.[39m[34mtoBeInTheDocument[39m()[33m;[39m
    [90m   | [39m                    [31m^[39m
    [90m 54| [39m    })[33m;[39m
    [90m 55| [39m

[31m[2m⎯⎯⎯⎯⎯⎯⎯⎯⎯⎯⎯⎯⎯⎯⎯⎯⎯⎯⎯⎯⎯⎯[14/70]⎯[22m[39m

[41m[1m FAIL [22m[49m src/components/__tests__/ProductsTable.test.tsx[2m > [22mProductsTable[2m > [22mRendering[2m > [22mshould format dates correctly
[31m[1mTestingLibraryElementError[22m[39m: Unable to find an element with the text: /15 paź 2025/. This could be because the text is broken up by multiple elements. In this case, you can provide a function for your text matcher to make your matcher more flexible.

Ignored nodes: comments, script, style
[36m<body>[39m
  [36m<div>[39m
    [36m<div[39m
      [33mclass[39m=[32m"rounded-md border"[39m
    [36m>[39m
      [36m<div[39m
        [33mclass[39m=[32m"relative w-full overflow-x-auto"[39m
        [33mdata-slot[39m=[32m"table-container"[39m
      [36m>[39m
        [36m<table[39m
          [33mclass[39m=[32m"w-full caption-bottom text-sm"[39m
          [33mdata-slot[39m=[32m"table"[39m
        [36m>[39m
          [36m<thead[39m
            [33mclass[39m=[32m"[&_tr]:border-b"[39m
            [33mdata-slot[39m=[32m"table-header"[39m
          [36m>[39m
            [36m<tr[39m
              [33mclass[39m=[32m"hover:bg-muted/50 data-[state=selected]:bg-muted border-b transition-colors"[39m
              [33mdata-slot[39m=[32m"table-row"[39m
            [36m>[39m
              [36m<th[39m
                [33mclass[39m=[32m"text-foreground h-10 px-2 text-left align-middle font-medium whitespace-nowrap [&:has([role=checkbox])]:pr-0 [&>[role=checkbox]]:translate-y-[2px] w-12"[39m
                [33mdata-slot[39m=[32m"table-head"[39m
              [36m>[39m
                [36m<button[39m
                  [33maria-checked[39m=[32m"false"[39m
                  [33maria-label[39m=[32m"Zaznacz wszystkie"[39m
                  [33mclass[39m=[32m"peer border-input dark:bg-input/30 data-[state=checked]:bg-primary data-[state=checked]:text-primary-foreground dark:data-[state=checked]:bg-primary data-[state=checked]:border-primary focus-visible:border-ring focus-visible:ring-ring/50 aria-invalid:ring-destructive/20 dark:aria-invalid:ring-destructive/40 aria-invalid:border-destructive size-4 shrink-0 rounded-[4px] border shadow-xs transition-shadow outline-none focus-visible:ring-[3px] disabled:cursor-not-allowed disabled:opacity-50"[39m
                  [33mdata-slot[39m=[32m"checkbox"[39m
                  [33mdata-state[39m=[32m"unchecked"[39m
                  [33mrole[39m=[32m"checkbox"[39m
                  [33mtype[39m=[32m"button"[39m
                  [33mvalue[39m=[32m"on"[39m
                [36m/>[39m
              [36m</th>[39m
              [36m<th[39m
                [33mclass[39m=[32m"text-foreground h-10 px-2 text-left align-middle font-medium whitespace-nowrap [&:has([role=checkbox])]:pr-0 [&>[role=checkbox]]:translate-y-[2px]"[39m
                [33mdata-slot[39m=[32m"table-head"[39m
              [36m>[39m
                [0mNazwa[0m
              [36m</th>[39m
              [36m<th[39m
                [33mclass[39m=[32m"text-foreground h-10 px-2 text-left align-middle font-medium whitespace-nowrap [&:has([role=checkbox])]:pr-0 [&>[role=checkbox]]:translate-y-[2px]"[39m
                [33mdata-slot[39m=[32m"table-head"[39m
              [36m>[39m
                [0mSKU[0m
              [36m</th>[39m
              [36m<th[39m
                [33mclass[39m=[32m"text-foreground h-10 px-2 text-left align-middle font-medium whitespace-nowrap [&:has([role=checkbox])]:pr-0 [&>[role=checkbox]]:translate-y-[2px]"[39m
                [33mdata-slot[39m=[32m"table-head"[39m
              [36m>[39m
                [0mStatus[0m
              [36m</th>[39m
              [36m<th[39m
                [33mclass[39m=[32m"text-foreground h-10 px-2 text-left align-middle font-medium whitespace-nowrap [&:has([role=checkbox])]:pr-0 [&>[role=checkbox]]:translate-y-[2px]"[39m
                [33mdata-slot[39m=[32m"table-head"[39m
              [36m>[39m
                [0mKategorie[0m
              [36m</th>[39m
              [36m<th[39m
                [33mclass[39m=[32m"text-foreground h-10 px-2 text-left align-middle font-medium whitespace-nowrap [&:has([role=checkbox])]:pr-0 [&>[role=checkbox]]:translate-y-[2px]"[39m
                [33mdata-slot[39m=[32m"table-head"[39m
              [36m>[39m
                [0mOstatnia aktualizacja[0m
              [36m</th>[39m
            [36m</tr>[39m
          [36m</thead>[39m
          [36m<tbody[39m
            [33mclass[39m=[32m"[&_tr:last-child]:border-0"[39m
            [33mdata-slot[39m=[32m"table-body"[39m
          [36m>[39m
            [36m<tr[39m
              [33mclass[39m=[32m"hover:bg-muted/50 data-[state=selected]:bg-muted border-b transition-colors"[39m
              [33mdata-slot[39m=[32m"table-row"[39m
            [36m>[39m
              [36m<td[39m
                [33mclass[39m=[32m"p-2 align-middle whitespace-nowrap [&:has([role=checkbox])]:pr-0 [&>[role=checkbox]]:translate-y-[2px]"[39m
                [33mdata-slot[39m=[32m"table-cell"[39m
              [36m>[39m
                [36m<button[39m
                  [33maria-checked[39m=[32m"false"[39m
                  [33maria-label[39m=[32m"Zaznacz Product 1"[39m
                  [33mclass[39m=[32m"peer border-input dark:bg-input/30 data-[state=checked]:bg-primary data-[state=checked]:text-primary-foreground dark:data-[state=checked]:bg-primary data-[state=checked]:border-primary focus-visible:border-ring focus-visible:ring-ring/50 aria-invalid:ring-destructive/20 dark:aria-invalid:ring-destructive/40 aria-invalid:border-destructive size-4 shrink-0 rounded-[4px] border shadow-xs transition-shadow outline-none focus-visible:ring-[3px] disabled:cursor-not-allowed disabled:opacity-50"[39m
                  [33mdata-slot[39m=[32m"checkbox"[39m
                  [33mdata-state[39m=[32m"unchecked"[39m
                  [33mrole[39m=[32m"checkbox"[39m
                  [33mtype[39m=[32m"button"[39m
                  [33mvalue[39m=[32m"on"[39m
                [36m/>[39m
              [36m</td>[39m
              [36m<td[39m
                [33mclass[39m=[32m"p-2 align-middle whitespace-nowrap [&:has([role=checkbox])]:pr-0 [&>[role=checkbox]]:translate-y-[2px]"[39m
                [33mdata-slot[39m=[32m"table-cell"[39m
              [36m>[39m
                [36m<button[39m
                  [33mclass[39m=[32m"text-left hover:text-primary"[39m
                [36m>[39m
                  [0mProduct 1[0m
                [36m</button>[39m
              [36m</td>[39m
              [36m<td[39m
                [33mclass[39m=[32m"p-2 align-middle whitespace-nowrap [&:has([role=checkbox])]:pr-0 [&>[role=checkbox]]:translate-y-[2px]"[39m
                [33mdata-slot[39m=[32m"table-cell"[39m
              [36m/>[39m
              [36m<td[39m
                [33mclass[39m=[32m"p-2 align-middle whitespace-nowrap [&:has([role=checkbox])]:pr-0 [&>[role=checkbox]]:translate-y-[2px]"[39m
                [33mdata-slot[39m=[32m"table-cell"[39m
              [36m>[39m
                [0mactive[0m
              [36m</td>[39m
              [36m<td[39m
                [33mclass[39m=[32m"p-2 align-middle whitespace-nowrap [&:has([role=checkbox])]:pr-0 [&>[role=checkbox]]:translate-y-[2px]"[39m
                [33mdata-slot[39m=[32m"table-cell"[39m
              [36m/>[39m
              [36m<td[39m
                [33mclass[39m=[32m"p-2 align-middle whitespace-nowrap [&:has([role=checkbox])]:pr-0 [&>[role=checkbox]]:translate-y-[2px]"[39m
                [33mdata-slot[39m=[32m"table-cell"[39m
              [36m>[39m
                [0mInvalid Date[0m
              [36m</td>[39m
            [36m</tr>[39m
            [36m<tr[39m
              [33mclass[39m=[32m"hover:bg-muted/50 data-[state=selected]:bg-muted border-b transition-colors"[39m
              [33mdata-slot[39m=[32m"table-row"[39m
            [36m>[39m
              [36m<td[39m
                [33mclass[39m=[32m"p-2 align-middle whitespace-nowrap [&:has([role=checkbox])]:pr-0 [&>[role=checkbox]]:translate-y-[2px]"[39m
                [33mdata-slot[39m=[32m"table-cell"[39m
              [36m>[39m
                [36m<button[39m
                  [33maria-checked[39m=[32m"false"[39m
                  [33maria-label[39m=[32m"Zaznacz Product 2"[39m
                  [33mclass[39m=[32m"peer border-input dark:bg-input/30 data-[state=checked]:bg-primary data-[state=checked]:text-primary-foreground dark:data-[state=checked]:bg-primary data-[state=checked]:border-primary focus-visible:border-ring focus-visible:ring-ring/50 aria-invalid:ring-destructive/20 dark:aria-invalid:ring-destructive/40 aria-invalid:border-destructive size-4 shrink-0 rounded-[4px] border shadow-xs transition-shadow outline-none focus-visible:ring-[3px] disabled:cursor-not-allowed disabled:opacity-50"[39m
                  [33mdata-slot[39m=[32m"checkbox"[39m
                  [33mdata-state[39m=[32m"unchecked"[39m
                  [33mrole[39m=[32m"checkbox"[39m
                  [33mtype[39m=[32m"button"[39m
                  [33mvalue[39m=[32m"on"[39m
                [36m/>[39m
              [36m</td>[39m
              [36m<td[39m
                [33mclass[39m=[32m"p-2 align-middle whitespace-nowrap [&:has([role=checkbox])]:pr-0 [&>[role=checkbox]]:translate-y-[2px]"[39m
                [33mdata-slot[39m=[32m"table-cell"[39m
              [36m>[39m
                [36m<button[39m
                  [33mclass[39m=[32m"text-left hover:text-primary"[39m
                [36m>[39m
                  [0mProduct 2[0m
                [36m</button>[39m
              [36m</td>[39m
              [36m<td[39m
                [33mclass[39m=[32m"p-2 align-middle whitespace-nowrap [&:has([role=checkbox])]:pr-0 [&>[role=checkbox]]:translate-y-[2px]"[39m
                [33mdata-slot[39m=[32m"table-cell"[39m
              [36m/>[39m
              [36m<td[39m
                [33mclass[39m=[32m"p-2 align-middle whitespace-nowrap [&:has([role=checkbox])]:pr-0 [&>[role=checkbox]]:translate-y-[2px]"[39m
                [33mdata-slot[39m=[32m"table-cell"[39m
              [36m>[39m
                [0minactive[0m
              [36m</td>[39m
              [36m<td[39m
                [33mclass[39m=[32m"p-2 align-middle whitespace-nowrap [&:has([role=checkbox])]:pr-0 [&>[role=checkbox]]:translate-y-[2px]"[39m
                [33mdata-slot[39m=[32m"table-cell"[39m
              [36m/>[39m
              [36m<td[39m
                [33mclass[39m=[32m"p-2 align-middle whitespace-nowrap [&:has([role=checkbox])]:pr-0 [&>[role=checkbox]]:translate-y-[2px]"[39m
                [33mdata-slot[39m=[32m"table-cell"[39m
              [36m>[39m
                [0mInvalid Date[0m
              [36m</td>[39m
            [36m</tr>[39m
          [36m</tbody>[39m
        [36m</table>[39m
      [36m</div>[39m
    [36m</div>[39m
    [36m<div[39m
      [33mclass[39m=[32m"mt-4"[39m
    [36m/>[39m
  [36m</div>[39m
[36m</body>[39m
[90m [2m❯[22m Object.getElementError node_modules/@testing-library/dom/dist/config.js:[2m37:19[22m[39m
[90m [2m❯[22m node_modules/@testing-library/dom/dist/query-helpers.js:[2m76:38[22m[39m
[90m [2m❯[22m node_modules/@testing-library/dom/dist/query-helpers.js:[2m109:15[22m[39m
[36m [2m❯[22m src/components/__tests__/ProductsTable.test.tsx:[2m60:21[22m[39m
    [90m 58| [39m
    [90m 59| [39m      [90m// Note: Actual format will depend on the locale settings[39m
    [90m 60| [39m      [34mexpect[39m(screen[33m.[39m[34mgetAllByText[39m([36m/15 paź 2025/[39m))[33m.[39m[34mtoHaveLength[39m([34m2[39m)[33m;[39m
    [90m   | [39m                    [31m^[39m
    [90m 61| [39m    })[33m;[39m
    [90m 62| [39m  })[33m;[39m

[31m[2m⎯⎯⎯⎯⎯⎯⎯⎯⎯⎯⎯⎯⎯⎯⎯⎯⎯⎯⎯⎯⎯⎯[15/70]⎯[22m[39m

[41m[1m FAIL [22m[49m src/components/__tests__/ProductsTable.test.tsx[2m > [22mProductsTable[2m > [22mPagination[2m > [22mshould render pagination controls
[31m[1mTestingLibraryElementError[22m[39m: Unable to find an element with the text: 2. This could be because the text is broken up by multiple elements. In this case, you can provide a function for your text matcher to make your matcher more flexible.

Ignored nodes: comments, script, style
[36m<body>[39m
  [36m<div>[39m
    [36m<div[39m
      [33mclass[39m=[32m"rounded-md border"[39m
    [36m>[39m
      [36m<div[39m
        [33mclass[39m=[32m"relative w-full overflow-x-auto"[39m
        [33mdata-slot[39m=[32m"table-container"[39m
      [36m>[39m
        [36m<table[39m
          [33mclass[39m=[32m"w-full caption-bottom text-sm"[39m
          [33mdata-slot[39m=[32m"table"[39m
        [36m>[39m
          [36m<thead[39m
            [33mclass[39m=[32m"[&_tr]:border-b"[39m
            [33mdata-slot[39m=[32m"table-header"[39m
          [36m>[39m
            [36m<tr[39m
              [33mclass[39m=[32m"hover:bg-muted/50 data-[state=selected]:bg-muted border-b transition-colors"[39m
              [33mdata-slot[39m=[32m"table-row"[39m
            [36m>[39m
              [36m<th[39m
                [33mclass[39m=[32m"text-foreground h-10 px-2 text-left align-middle font-medium whitespace-nowrap [&:has([role=checkbox])]:pr-0 [&>[role=checkbox]]:translate-y-[2px] w-12"[39m
                [33mdata-slot[39m=[32m"table-head"[39m
              [36m>[39m
                [36m<button[39m
                  [33maria-checked[39m=[32m"false"[39m
                  [33maria-label[39m=[32m"Zaznacz wszystkie"[39m
                  [33mclass[39m=[32m"peer border-input dark:bg-input/30 data-[state=checked]:bg-primary data-[state=checked]:text-primary-foreground dark:data-[state=checked]:bg-primary data-[state=checked]:border-primary focus-visible:border-ring focus-visible:ring-ring/50 aria-invalid:ring-destructive/20 dark:aria-invalid:ring-destructive/40 aria-invalid:border-destructive size-4 shrink-0 rounded-[4px] border shadow-xs transition-shadow outline-none focus-visible:ring-[3px] disabled:cursor-not-allowed disabled:opacity-50"[39m
                  [33mdata-slot[39m=[32m"checkbox"[39m
                  [33mdata-state[39m=[32m"unchecked"[39m
                  [33mrole[39m=[32m"checkbox"[39m
                  [33mtype[39m=[32m"button"[39m
                  [33mvalue[39m=[32m"on"[39m
                [36m/>[39m
              [36m</th>[39m
              [36m<th[39m
                [33mclass[39m=[32m"text-foreground h-10 px-2 text-left align-middle font-medium whitespace-nowrap [&:has([role=checkbox])]:pr-0 [&>[role=checkbox]]:translate-y-[2px]"[39m
                [33mdata-slot[39m=[32m"table-head"[39m
              [36m>[39m
                [0mNazwa[0m
              [36m</th>[39m
              [36m<th[39m
                [33mclass[39m=[32m"text-foreground h-10 px-2 text-left align-middle font-medium whitespace-nowrap [&:has([role=checkbox])]:pr-0 [&>[role=checkbox]]:translate-y-[2px]"[39m
                [33mdata-slot[39m=[32m"table-head"[39m
              [36m>[39m
                [0mSKU[0m
              [36m</th>[39m
              [36m<th[39m
                [33mclass[39m=[32m"text-foreground h-10 px-2 text-left align-middle font-medium whitespace-nowrap [&:has([role=checkbox])]:pr-0 [&>[role=checkbox]]:translate-y-[2px]"[39m
                [33mdata-slot[39m=[32m"table-head"[39m
              [36m>[39m
                [0mStatus[0m
              [36m</th>[39m
              [36m<th[39m
                [33mclass[39m=[32m"text-foreground h-10 px-2 text-left align-middle font-medium whitespace-nowrap [&:has([role=checkbox])]:pr-0 [&>[role=checkbox]]:translate-y-[2px]"[39m
                [33mdata-slot[39m=[32m"table-head"[39m
              [36m>[39m
                [0mKategorie[0m
              [36m</th>[39m
              [36m<th[39m
                [33mclass[39m=[32m"text-foreground h-10 px-2 text-left align-middle font-medium whitespace-nowrap [&:has([role=checkbox])]:pr-0 [&>[role=checkbox]]:translate-y-[2px]"[39m
                [33mdata-slot[39m=[32m"table-head"[39m
              [36m>[39m
                [0mOstatnia aktualizacja[0m
              [36m</th>[39m
            [36m</tr>[39m
          [36m</thead>[39m
          [36m<tbody[39m
            [33mclass[39m=[32m"[&_tr:last-child]:border-0"[39m
            [33mdata-slot[39m=[32m"table-body"[39m
          [36m>[39m
            [36m<tr[39m
              [33mclass[39m=[32m"hover:bg-muted/50 data-[state=selected]:bg-muted border-b transition-colors"[39m
              [33mdata-slot[39m=[32m"table-row"[39m
            [36m>[39m
              [36m<td[39m
                [33mclass[39m=[32m"p-2 align-middle whitespace-nowrap [&:has([role=checkbox])]:pr-0 [&>[role=checkbox]]:translate-y-[2px]"[39m
                [33mdata-slot[39m=[32m"table-cell"[39m
              [36m>[39m
                [36m<button[39m
                  [33maria-checked[39m=[32m"false"[39m
                  [33maria-label[39m=[32m"Zaznacz Product 1"[39m
                  [33mclass[39m=[32m"peer border-input dark:bg-input/30 data-[state=checked]:bg-primary data-[state=checked]:text-primary-foreground dark:data-[state=checked]:bg-primary data-[state=checked]:border-primary focus-visible:border-ring focus-visible:ring-ring/50 aria-invalid:ring-destructive/20 dark:aria-invalid:ring-destructive/40 aria-invalid:border-destructive size-4 shrink-0 rounded-[4px] border shadow-xs transition-shadow outline-none focus-visible:ring-[3px] disabled:cursor-not-allowed disabled:opacity-50"[39m
                  [33mdata-slot[39m=[32m"checkbox"[39m
                  [33mdata-state[39m=[32m"unchecked"[39m
                  [33mrole[39m=[32m"checkbox"[39m
                  [33mtype[39m=[32m"button"[39m
                  [33mvalue[39m=[32m"on"[39m
                [36m/>[39m
              [36m</td>[39m
              [36m<td[39m
                [33mclass[39m=[32m"p-2 align-middle whitespace-nowrap [&:has([role=checkbox])]:pr-0 [&>[role=checkbox]]:translate-y-[2px]"[39m
                [33mdata-slot[39m=[32m"table-cell"[39m
              [36m>[39m
                [36m<button[39m
                  [33mclass[39m=[32m"text-left hover:text-primary"[39m
                [36m>[39m
                  [0mProduct 1[0m
                [36m</button>[39m
              [36m</td>[39m
              [36m<td[39m
                [33mclass[39m=[32m"p-2 align-middle whitespace-nowrap [&:has([role=checkbox])]:pr-0 [&>[role=checkbox]]:translate-y-[2px]"[39m
                [33mdata-slot[39m=[32m"table-cell"[39m
              [36m/>[39m
              [36m<td[39m
                [33mclass[39m=[32m"p-2 align-middle whitespace-nowrap [&:has([role=checkbox])]:pr-0 [&>[role=checkbox]]:translate-y-[2px]"[39m
                [33mdata-slot[39m=[32m"table-cell"[39m
              [36m>[39m
                [0mactive[0m
              [36m</td>[39m
              [36m<td[39m
                [33mclass[39m=[32m"p-2 align-middle whitespace-nowrap [&:has([role=checkbox])]:pr-0 [&>[role=checkbox]]:translat...
[90m [2m❯[22m Object.getElementError node_modules/@testing-library/dom/dist/config.js:[2m37:19[22m[39m
[90m [2m❯[22m node_modules/@testing-library/dom/dist/query-helpers.js:[2m76:38[22m[39m
[90m [2m❯[22m node_modules/@testing-library/dom/dist/query-helpers.js:[2m52:17[22m[39m
[90m [2m❯[22m node_modules/@testing-library/dom/dist/query-helpers.js:[2m95:19[22m[39m
[36m [2m❯[22m src/components/__tests__/ProductsTable.test.tsx:[2m105:21[22m[39m
    [90m103| [39m      )[33m;[39m
    [90m104| [39m
    [90m105| [39m      expect(screen.getByText("2")).toBeInTheDocument(); // Current pa…
    [90m   | [39m                    [31m^[39m
    [90m106| [39m      [34mexpect[39m(screen[33m.[39m[34mgetByText[39m([32m"3"[39m))[33m.[39m[34mtoBeInTheDocument[39m()[33m;[39m [90m// Next page[39m
    [90m107| [39m    })[33m;[39m

[31m[2m⎯⎯⎯⎯⎯⎯⎯⎯⎯⎯⎯⎯⎯⎯⎯⎯⎯⎯⎯⎯⎯⎯[16/70]⎯[22m[39m

[41m[1m FAIL [22m[49m src/components/__tests__/ProductsTable.test.tsx[2m > [22mProductsTable[2m > [22mPagination[2m > [22mshould disable pagination buttons appropriately
[31m[1mTestingLibraryElementError[22m[39m: Unable to find an accessible element with the role "button" and name `/poprzednia/i`

Here are the accessible roles:

  table:

  Name "":
  [36m<table[39m
    [33mclass[39m=[32m"w-full caption-bottom text-sm"[39m
    [33mdata-slot[39m=[32m"table"[39m
  [36m/>[39m

  --------------------------------------------------
  rowgroup:

  Name "":
  [36m<thead[39m
    [33mclass[39m=[32m"[&_tr]:border-b"[39m
    [33mdata-slot[39m=[32m"table-header"[39m
  [36m/>[39m

  Name "":
  [36m<tbody[39m
    [33mclass[39m=[32m"[&_tr:last-child]:border-0"[39m
    [33mdata-slot[39m=[32m"table-body"[39m
  [36m/>[39m

  --------------------------------------------------
  row:

  Name "Zaznacz wszystkie Nazwa SKU Status Kategorie Ostatnia aktualizacja":
  [36m<tr[39m
    [33mclass[39m=[32m"hover:bg-muted/50 data-[state=selected]:bg-muted border-b transition-colors"[39m
    [33mdata-slot[39m=[32m"table-row"[39m
  [36m/>[39m

  Name "Zaznacz Product 1 Product 1 active Invalid Date":
  [36m<tr[39m
    [33mclass[39m=[32m"hover:bg-muted/50 data-[state=selected]:bg-muted border-b transition-colors"[39m
    [33mdata-slot[39m=[32m"table-row"[39m
  [36m/>[39m

  Name "Zaznacz Product 2 Product 2 inactive Invalid Date":
  [36m<tr[39m
    [33mclass[39m=[32m"hover:bg-muted/50 data-[state=selected]:bg-muted border-b transition-colors"[39m
    [33mdata-slot[39m=[32m"table-row"[39m
  [36m/>[39m

  --------------------------------------------------
  columnheader:

  Name "Zaznacz wszystkie":
  [36m<th[39m
    [33mclass[39m=[32m"text-foreground h-10 px-2 text-left align-middle font-medium whitespace-nowrap [&:has([role=checkbox])]:pr-0 [&>[role=checkbox]]:translate-y-[2px] w-12"[39m
    [33mdata-slot[39m=[32m"table-head"[39m
  [36m/>[39m

  Name "Nazwa":
  [36m<th[39m
    [33mclass[39m=[32m"text-foreground h-10 px-2 text-left align-middle font-medium whitespace-nowrap [&:has([role=checkbox])]:pr-0 [&>[role=checkbox]]:translate-y-[2px]"[39m
    [33mdata-slot[39m=[32m"table-head"[39m
  [36m/>[39m

  Name "SKU":
  [36m<th[39m
    [33mclass[39m=[32m"text-foreground h-10 px-2 text-left align-middle font-medium whitespace-nowrap [&:has([role=checkbox])]:pr-0 [&>[role=checkbox]]:translate-y-[2px]"[39m
    [33mdata-slot[39m=[32m"table-head"[39m
  [36m/>[39m

  Name "Status":
  [36m<th[39m
    [33mclass[39m=[32m"text-foreground h-10 px-2 text-left align-middle font-medium whitespace-nowrap [&:has([role=checkbox])]:pr-0 [&>[role=checkbox]]:translate-y-[2px]"[39m
    [33mdata-slot[39m=[32m"table-head"[39m
  [36m/>[39m

  Name "Kategorie":
  [36m<th[39m
    [33mclass[39m=[32m"text-foreground h-10 px-2 text-left align-middle font-medium whitespace-nowrap [&:has([role=checkbox])]:pr-0 [&>[role=checkbox]]:translate-y-[2px]"[39m
    [33mdata-slot[39m=[32m"table-head"[39m
  [36m/>[39m

  Name "Ostatnia aktualizacja":
  [36m<th[39m
    [33mclass[39m=[32m"text-foreground h-10 px-2 text-left align-middle font-medium whitespace-nowrap [&:has([role=checkbox])]:pr-0 [&>[role=checkbox]]:translate-y-[2px]"[39m
    [33mdata-slot[39m=[32m"table-head"[39m
  [36m/>[39m

  --------------------------------------------------
  checkbox:

  Name "Zaznacz wszystkie":
  [36m<button[39m
    [33maria-checked[39m=[32m"false"[39m
    [33maria-label[39m=[32m"Zaznacz wszystkie"[39m
    [33mclass[39m=[32m"peer border-input dark:bg-input/30 data-[state=checked]:bg-primary data-[state=checked]:text-primary-foreground dark:data-[state=checked]:bg-primary data-[state=checked]:border-primary focus-visible:border-ring focus-visible:ring-ring/50 aria-invalid:ring-destructive/20 dark:aria-invalid:ring-destructive/40 aria-invalid:border-destructive size-4 shrink-0 rounded-[4px] border shadow-xs transition-shadow outline-none focus-visible:ring-[3px] disabled:cursor-not-allowed disabled:opacity-50"[39m
    [33mdata-slot[39m=[32m"checkbox"[39m
    [33mdata-state[39m=[32m"unchecked"[39m
    [33mrole[39m=[32m"checkbox"[39m
    [33mtype[39m=[32m"button"[39m
    [33mvalue[39m=[32m"on"[39m
  [36m/>[39m

  Name "Zaznacz Product 1":
  [36m<button[39m
    [33maria-checked[39m=[32m"false"[39m
    [33maria-label[39m=[32m"Zaznacz Product 1"[39m
    [33mclass[39m=[32m"peer border-input dark:bg-input/30 data-[state=checked]:bg-primary data-[state=checked]:text-primary-foreground dark:data-[state=checked]:bg-primary data-[state=checked]:border-primary focus-visible:border-ring focus-visible:ring-ring/50 aria-invalid:ring-destructive/20 dark:aria-invalid:ring-destructive/40 aria-invalid:border-destructive size-4 shrink-0 rounded-[4px] border shadow-xs transition-shadow outline-none focus-visible:ring-[3px] disabled:cursor-not-allowed disabled:opacity-50"[39m
    [33mdata-slot[39m=[32m"checkbox"[39m
    [33mdata-state[39m=[32m"unchecked"[39m
    [33mrole[39m=[32m"checkbox"[39m
    [33mtype[39m=[32m"button"[39m
    [33mvalue[39m=[32m"on"[39m
  [36m/>[39m

  Name "Zaznacz Product 2":
  [36m<button[39m
    [33maria-checked[39m=[32m"false"[39m
    [33maria-label[39m=[32m"Zaznacz Product 2"[39m
    [33mclass[39m=[32m"peer border-input dark:bg-input/30 data-[state=checked]:bg-primary data-[state=checked]:text-primary-foreground dark:data-[state=checked]:bg-primary data-[state=checked]:border-primary focus-visible:border-ring focus-visible:ring-ring/50 aria-invalid:ring-destructive/20 dark:aria-invalid:ring-destructive/40 aria-invalid:border-destructive size-4 shrink-0 rounded-[4px] border shadow-xs transition-shadow outline-none focus-visible:ring-[3px] disabled:cursor-not-allowed disabled:opacity-50"[39m
    [33mdata-slot[39m=[32m"checkbox"[39m
    [33mdata-state[39m=[32m"unchecked"[39m
    [33mrole[39m=[32m"checkbox"[39m
    [33mtype[39m=[32m"button"[39m
    [33mvalue[39m=[32m"on"[39m
  [36m/>[39m

  --------------------------------------------------
  cell:

  Name "Zaznacz Product 1":
  [36m<td[39m
    [33mclass[39m=[32m"p-2 align-middle whitespace-nowrap [&:has([role=checkbox])]:pr-0 [&>[role=checkbox]]:translate-y-[2px]"[39m
    [33mdata-slot[39m=[32m"table-cell"[39m
  [36m/>[39m

  Name "Product 1":
  [36m<td[39m
    [33mclass[39m=[32m"p-2 align-middle whitespace-nowrap [&:has([role=checkbox])]:pr-0 [&>[role=checkbox]]:translate-y-[2px]"[39m
    [33mdata-slot[39m=[32m"table-cell"[39m
  [36m/>[39m

  Name "":
  [36m<td[39m
    [33mclass[39m=[32m"p-2 align-middle whitespace-nowrap [&:has([role=checkbox])]:pr-0 [&>[role=checkbox]]:translate-y-[2px]"[39m
    [33mdata-slot[39m=[32m"table-cell"[39m
  [36m/>[39m

  Name "active":
  [36m<td[39m
    [33mclass[39m=[32m"p-2 align-middle whitespace-nowrap [&:has([role=checkbox])]:pr-0 [&>[role=checkbox]]:translate-y-[2px]"[39m
    [33mdata-slot[39m=[32m"table-cell"[39m
  [36m/>[39m

  Name "":
  [36m<td[39m
    [33mclass[39m=[32m"p-2 align-middle whitespace-nowrap [&:has([role=checkbox])]:pr-0 [&>[role=checkbox]]:translate-y-[2px]"[39m
    [33mdata-slot[39m=[32m"table-cell"[39m
  [36m/>[39m

  Name "Invalid Date":
  [36m<td[39m
    [33mclass[39m=[32m"p-2 align-middle whitespace-nowrap [&:has([role=checkbox])]:pr-0 [&>[role=checkbox]]:translate-y-[2px]"[39m
    [33mdata-slot[39m=[32m"table-cell"[39m
  [36m/>[39m

  Name "Zaznacz Product 2":
  [36m<td[39m
    [33mclass[39m=[32m"p-2 align-middle whitespace-nowrap [&:has([role=checkbox])]:pr-0 [&>[role=checkbox]]:translate-y-[2px]"[39m
    [33mdata-slot[39m=[32m"table-cell"[39m
  [36m/>[39m

  Name "Product 2":
  [36m<td[39m
    [33mclass[39m=[32m"p-2 align-middle whitespace-nowrap [&:has([role=checkbox])]:pr-0 [&>[role=checkbox]]:translate-y-[2px]"[39m
    [33mdata-slot[39m=[32m"table-cell"[39m
  [36m/>[39m

  Name "":
  [36m<td[39m
    [33mclass[39m=[32m"p-2 align-middle whitespace-nowrap [&:has([role=checkbox])]:pr-0 [&>[role=checkbox]]:translate-y-[2px]"[39m
    [33mdata-slot[39m=[32m"table-cell"[39m
  [36m/>[39m

  Name "inactive":
  [36m<td[39m
    [33mclass[39m=[32m"p-2 align-middle whitespace-nowrap [&:has([role=checkbox])]:pr-0 [&>[role=checkbox]]:translate-y-[2px]"[39m
    [33mdata-slot[39m=[32m"table-cell"[39m
  [36m/>[39m

  Name "":
  [36m<td[39m
    [33mclass[39m=[32m"p-2 align-middle whitespace-nowrap [&:has([role=checkbox])]:pr-0 [&>[role=checkbox]]:translate-y-[2px]"[39m
    [33mdata-slot[39m=[32m"table-cell"[39m
  [36m/>[39m

  Name "Invalid Date":
  [36m<td[39m
    [33mclass[39m=[32m"p-2 align-middle whitespace-nowrap [&:has([role=checkbox])]:pr-0 [&>[role=checkbox]]:translate-y-[2px]"[39m
    [33mdata-slot[39m=[32m"table-cell"[39m
  [36m/>[39m

  --------------------------------------------------
  button:

  Name "Product 1":
  [36m<button[39m
    [33mclass[39m=[32m"text-left hover:text-primary"[39m
  [36m/>[39m

  Name "Product 2":
  [36m<button[39m
    [33mclass[39m=[32m"text-left hover:text-primary"[39m
  [36m/>[39m

  --------------------------------------------------

Ignored nodes: comments, script, style
[36m<body>[39m
  [36m<div>[39m
    [36m<div[39m
      [33mclass[39m=[32m"rounded-md border"[39m
    [36m>[39m
      [36m<div[39m
        [33mclass[39m=[32m"relative w-full overflow-x-auto"[39m
        [33mdata-slot[39m=[32m"table-container"[39m
      [36m>[39m
        [36m<table[39m
          [33mclass[39m=[32m"w-full caption-bottom text-sm"[39m
          [33mdata-slot[39m=[32m"table"[39m
        [36m>[39m
          [36m<thead[39m
            [33mclass[39m=[32m"[&_tr]:border-b"[39m
            [33mdata-slot[39m=[32m"table-header"[39m
          [36m>[39m
            [36m<tr[39m
              [33mclass[39m=[32m"hover:bg-muted/50 data-[state=selected]:bg-muted border-b transition-colors"[39m
              [33mdata-slot[39m=[32m"table-row"[39m
            [36m>[39m
              [36m<th[39m
                [33mclass[39m=[32m"text-foreground h-10 px-2 text-left align-middle font-medium whitespace-nowrap [&:has([role=checkbox])]:pr-0 [&>[role=checkbox]]:translate-y-[2px] w-12"[39m
                [33mdata-slot[39m=[32m"table-head"[39m
              [36m>[39m
                [36m<button[39m
                  [33maria-checked[39m=[32m"false"[39m
                  [33maria-label[39m=[32m"Zaznacz wszystkie"[39m
                  [33mclass[39m=[32m"peer border-input dark:bg-input/30 data-[state=checked]:bg-primary data-[state=checked]:text-primary-foreground dark:data-[state=checked]:bg-primary data-[state=checked]:border-primary focus-visible:border-ring focus-visible:ring-ring/50 aria-invalid:ring-destructive/20 dark:aria-invalid:ring-destructive/40 aria-invalid:border-destructive size-4 shrink-0 rounded-[4px] border shadow-xs transition-shadow outline-none focus-visible:ring-[3px] disabled:cursor-not-allowed disabled:opacity-50"[39m
                  [33mdata-slot[39m=[32m"checkbox"[39m
                  [33mdata-state[39m=[32m"unchecked"[39m
                  [33mrole[39m=[32m"checkbox"[39m
                  [33mtype[39m=[32m"button"[39m
                  [33mvalue[39m=[32m"on"[39m
                [36m/>[39m
              [36m</th>[39m
              [36m<th[39m
                [33mclass[39m=[32m"text-foreground h-10 px-2 text-left align-middle font-medium whitespace-nowrap [&:has([role=checkbox])]:pr-0 [&>[role=checkbox]]:translate-y-[2px]"[39m
                [33mdata-slot[39m=[32m"table-head"[39m
              [36m>[39m
                [0mNazwa[0m
              [36m</th>[39m
              [36m<th[39m
                [33mclass[39m=[32m"text-foreground h-10 px-2 text-left align-middle font-medium whitespace-nowrap [&:has([role=checkbox])]:pr-0 [&>[role=checkbox]]:translate-y-[2px]"[39m
                [33mdata-slot[39m=[32m"table-head"[39m
              [36m>[39m
                [0mSKU[0m
              [36m</th>[39m
              [36m<th[39m
                [33mclass[39m=[32m"text-foreground h-10 px-2 text-left align-middle font-medium whitespace-nowrap [&:has([role=checkbox])]:pr-0 [&>[role=checkbox]]:translate-y-[2px]"[39m
                [33mdata-slot[39m=[32m"table-head"[39m
              [36m>[39m
                [0mStatus[0m
              [36m</th>[39m
              [36m<th[39m
                [33mclass[39m=[32m"text-foreground h-10 px-2 text-left align-middle font-medium whitespace-nowrap [&:has([role=checkbox])]:pr-0 [&>[role=checkbox]]:translate-y-[2px]"[39m
                [33mdata-slot[39m=[32m"table-head"[39m
              [36m>[39m
                [0mKategorie[0m
              [36m</th>[39m
              [36m<th[39m
                [33mclass[39m=[32m"text-foreground h-10 px-2 text-left align-middle font-medium whitespace-nowrap [&:has([role=checkbox])]:pr-0 [&>[role=checkbox]]:translate-y-[2px]"[39m
                [33mdata-slot[39m=[32m"table-head"[39m
              [36m>[39m
                [0mOstatnia aktualizacja[0m
              [36m</th>[39m
            [36m</tr>[39m
          [36m</thead>[39m
          [36m<tbody[39m
            [33mclass[39m=[32m"[&_tr:last-child]:border-0"[39m
            [33mdata-slot[39m=[32m"table-body"[39m
          [36m>[39m
            [36m<tr[39m
              [33mclass[39m=[32m"hover:bg-muted/50 data-[state=selected]:bg-muted border-b transition-colors"[39m
              [33mdata-slot[39m=[32m"table-row"[39m
            [36m>[39m
              [36m<td[39m
                [33mclass[39m=[32m"p-2 align-middle whitespace-nowrap [&:has([role=checkbox])]:pr-0 [&>[role=checkbox]]:translate-y-[2px]"[39m
                [33mdata-slot[39m=[32m"table-cell"[39m
              [36m>[39m
                [36m<button[39m
                  [33maria-checked[39m=[32m"false"[39m
                  [33maria-label[39m=[32m"Zaznacz Product 1"[39m
                  [33mclass[39m=[32m"peer border-input dark:bg-input/30 data-[state=checked]:bg-primary data-[state=checked]:text-primary-foreground dark:data-[state=checked]:bg-primary data-[state=checked]:border-primary focus-visible:border-ring focus-visible:ring-ring/50 aria-invalid:ring-destructive/20 dark:aria-invalid:ring-destructive/40 aria-invalid:border-destructive size-4 shrink-0 rounded-[4px] border shadow-xs transition-shadow outline-none focus-visible:ring-[3px] disabled:cursor-not-allowed disabled:opacity-50"[39m
                  [33mdata-slot[39m=[32m"checkbox"[39m
                  [33mdata-state[39m=[32m"unchecked"[39m
                  [33mrole[39m=[32m"checkbox"[39m
                  [33mtype[39m=[32m"button"[39m
                  [33mvalue[39m=[32m"on"[39m
                [36m/>[39m
              [36m</td>[39m
              [36m<td[39m
                [33mclass[39m=[32m"p-2 align-middle whitespace-nowrap [&:has([role=checkbox])]:pr-0 [&>[role=checkbox]]:translate-y-[2px]"[39m
                [33mdata-slot[39m=[32m"table-cell"[39m
              [36m>[39m
                [36m<button[39m
                  [33mclass[39m=[32m"text-left hover:text-primary"[39m
                [36m>[39m
                  [0mProduct 1[0m
                [36m</button>[39m
              [36m</td>[39m
              [36m<td[39m
                [33mclass[39m=[32m"p-2 align-middle whitespace-nowrap [&:has([role=checkbox])]:pr-0 [&>[role=checkbox]]:translate-y-[2px]"[39m
                [33mdata-slot[39m=[32m"table-cell"[39m
              [36m/>[39m
              [36m<td[39m
                [33mclass[39m=[32m"p-2 align-middle whitespace-nowrap [&:has([role=checkbox])]:pr-0 [&>[role=checkbox]]:translate-y-[2px]"[39m
                [33mdata-slot[39m=[32m"table-cell"[39m
              [36m>[39m
                [0mactive[0m
              [36m</td>[39m
              [36m<td[39m
                [33mclass[39m=[32m"p-2 align-middle whitespace-nowrap [&:has([role=checkbox])]:pr-0 [&>[role=checkbox]]:translate-y-[2px]"[39m
                [33mdata-slot[39m=[32m"table-cell"[39m
              [36m/>[39m
              [36m<td[39m
                [33mclass[39m=[32m"p-2 align-middle whitespace-nowrap [&:has([role=checkbox])]:pr-0 [&>[role=checkbox]]:translate-y-[2px]"[39m
                [33mdata-slot[39m=[32m"table-cell"[39m
              [36m>[39m
                [0mInvalid Date[0m
              [36m</td>[39m
            [36m</tr>[39m
            [36m<tr[39m
              [33mclass[39m=[32m"hover:bg-muted/50 data-[state=selected]:bg-muted border-b transition-colors"[39m
              [33mdata-slot[39m=[32m"table-row"[39m
            [36m>[39m
              [36m<td[39m
                [33mclass[39m=[32m"p-2 align-middle whitespace-nowrap [&:has([role=checkbox])]:pr-0 [&>[role=checkbox]]:translate-y-[2px]"[39m
                [33mdata-slot[39m=[32m"table-cell"[39m
              [36m>[39m
                [36m<button[39m
                  [33maria-checked[39m=[32m"false"[39m
                  [33maria-label[39m=[32m"Zaznacz Product 2"[39m
                  [33mclass[39m=[32m"peer border-input dark:bg-input/30 data-[state=checked]:bg-primary data-[state=checked]:text-primary-foreground dark:data-[state=checked]:bg-primary data-[state=checked]:border-primary focus-visible:border-ring focus-visible:ring-ring/50 aria-invalid:ring-destructive/20 dark:aria-invalid:ring-destructive/40 aria-invalid:border-destructive size-4 shrink-0 rounded-[4px] border shadow-xs transition-shadow outline-none focus-visible:ring-[3px] disabled:cursor-not-allowed disabled:opacity-50"[39m
                  [33mdata-slot[39m=[32m"checkbox"[39m
                  [33mdata-state[39m=[32m"unchecked"[39m
                  [33mrole[39m=[32m"checkbox"[39m
                  [33mtype[39m=[32m"button"[39m
                  [33mvalue[39m=[32m"on"[39m
                [36m/>[39m
              [36m</td>[39m
              [36m<td[39m
                [33mclass[39m=[32m"p-2 align-middle whitespace-nowrap [&:has([role=checkbox])]:pr-0 [&>[role=checkbox]]:translate-y-[2px]"[39m
                [33mdata-slot[39m=[32m"table-cell"[39m
              [36m>[39m
                [36m<button[39m
                  [33mclass[39m=[32m"text-left hover:text-primary"[39m
                [36m>[39m
                  [0mProduct 2[0m
                [36m</button>[39m
              [36m</td>[39m
              [36m<td[39m
                [33mclass[39m=[32m"p-2 align-middle whitespace-nowrap [&:has([role=checkbox])]:pr-0 [&>[role=checkbox]]:translate-y-[2px]"[39m
                [33mdata-slot[39m=[32m"table-cell"[39m
              [36m/>[39m
              [36m<td[39m
                [33mclass[39m=[32m"p-2 align-middle whitespace-nowrap [&:has([role=checkbox])]:pr-0 [&>[role=checkbox]]:translate-y-[2px]"[39m
                [33mdata-slot[39m=[32m"table-cell"[39m
              [36m>[39m
                [0minactive[0m
              [36m</td>[39m
              [36m<td[39m
                [33mclass[39m=[32m"p-2 align-middle whitespace-nowrap [&:has([role=checkbox])]:pr-0 [&>[role=checkbox]]:translate-y-[2px]"[39m
                [33mdata-slot[39m=[32m"table-cell"[39m
              [36m/>[39m
              [36m<td[39m
                [33mclass[39m=[32m"p-2 align-middle whitespace-nowrap [&:has([role=checkbox])]:pr-0 [&>[role=checkbox]]:translate-y-[2px]"[39m
                [33mdata-slot[39m=[32m"table-cell"[39m
              [36m>[39m
                [0mInvalid Date[0m
              [36m</td>[39m
            [36m</tr>[39m
          [36m</tbody>[39m
        [36m</table>[39m
      [36m</div>[39m
    [36m</div>[39m
    [36m<div[39m
      [33mclass[39m=[32m"mt-4"[39m
    [36m/>[39m
  [36m</div>[39m
[36m</body>[39m
[90m [2m❯[22m Object.getElementError node_modules/@testing-library/dom/dist/config.js:[2m37:19[22m[39m
[90m [2m❯[22m node_modules/@testing-library/dom/dist/query-helpers.js:[2m76:38[22m[39m
[90m [2m❯[22m node_modules/@testing-library/dom/dist/query-helpers.js:[2m52:17[22m[39m
[90m [2m❯[22m node_modules/@testing-library/dom/dist/query-helpers.js:[2m95:19[22m[39m
[36m [2m❯[22m src/components/__tests__/ProductsTable.test.tsx:[2m139:33[22m[39m
    [90m137| [39m      )[33m;[39m
    [90m138| [39m
    [90m139| [39m      const prevButton = screen.getByRole("button", { name: /poprzedni…
    [90m   | [39m                                [31m^[39m
    [90m140| [39m      const nextButton = screen.getByRole("button", { name: /następna/…
    [90m141| [39m

[31m[2m⎯⎯⎯⎯⎯⎯⎯⎯⎯⎯⎯⎯⎯⎯⎯⎯⎯⎯⎯⎯⎯⎯[17/70]⎯[22m[39m

[41m[1m FAIL [22m[49m src/components/__tests__/ProductsTable.test.tsx[2m > [22mProductsTable[2m > [22mSorting and Filtering[2m > [22mshould render sortable column headers
[31m[1mAssertionError[22m: expected [ <th …(2)>…(1)</th>, …(5) ] to have a length of 5 but got 6[39m

[32m- Expected[39m
[31m+ Received[39m

[32m- 5[39m
[31m+ 6[39m

[36m [2m❯[22m src/components/__tests__/ProductsTable.test.tsx:[2m152:23[22m[39m
    [90m150| [39m
    [90m151| [39m      [35mconst[39m headers [33m=[39m screen[33m.[39m[34mgetAllByRole[39m([32m"columnheader"[39m)[33m;[39m
    [90m152| [39m      expect(headers).toHaveLength(5); // Checkbox, Name, Status, Cate…
    [90m   | [39m                      [31m^[39m
    [90m153| [39m    })[33m;[39m
    [90m154| [39m

[31m[2m⎯⎯⎯⎯⎯⎯⎯⎯⎯⎯⎯⎯⎯⎯⎯⎯⎯⎯⎯⎯⎯⎯[18/70]⎯[22m[39m

[41m[1m FAIL [22m[49m src/components/__tests__/ProductsTable.test.tsx[2m > [22mProductsTable[2m > [22mSorting and Filtering[2m > [22mshould render category badges
[31m[1mTestingLibraryElementError[22m[39m: Unable to find an element with the text: Electronics. This could be because the text is broken up by multiple elements. In this case, you can provide a function for your text matcher to make your matcher more flexible.

Ignored nodes: comments, script, style
[36m<body>[39m
  [36m<div>[39m
    [36m<div[39m
      [33mclass[39m=[32m"rounded-md border"[39m
    [36m>[39m
      [36m<div[39m
        [33mclass[39m=[32m"relative w-full overflow-x-auto"[39m
        [33mdata-slot[39m=[32m"table-container"[39m
      [36m>[39m
        [36m<table[39m
          [33mclass[39m=[32m"w-full caption-bottom text-sm"[39m
          [33mdata-slot[39m=[32m"table"[39m
        [36m>[39m
          [36m<thead[39m
            [33mclass[39m=[32m"[&_tr]:border-b"[39m
            [33mdata-slot[39m=[32m"table-header"[39m
          [36m>[39m
            [36m<tr[39m
              [33mclass[39m=[32m"hover:bg-muted/50 data-[state=selected]:bg-muted border-b transition-colors"[39m
              [33mdata-slot[39m=[32m"table-row"[39m
            [36m>[39m
              [36m<th[39m
                [33mclass[39m=[32m"text-foreground h-10 px-2 text-left align-middle font-medium whitespace-nowrap [&:has([role=checkbox])]:pr-0 [&>[role=checkbox]]:translate-y-[2px] w-12"[39m
                [33mdata-slot[39m=[32m"table-head"[39m
              [36m>[39m
                [36m<button[39m
                  [33maria-checked[39m=[32m"false"[39m
                  [33maria-label[39m=[32m"Zaznacz wszystkie"[39m
                  [33mclass[39m=[32m"peer border-input dark:bg-input/30 data-[state=checked]:bg-primary data-[state=checked]:text-primary-foreground dark:data-[state=checked]:bg-primary data-[state=checked]:border-primary focus-visible:border-ring focus-visible:ring-ring/50 aria-invalid:ring-destructive/20 dark:aria-invalid:ring-destructive/40 aria-invalid:border-destructive size-4 shrink-0 rounded-[4px] border shadow-xs transition-shadow outline-none focus-visible:ring-[3px] disabled:cursor-not-allowed disabled:opacity-50"[39m
                  [33mdata-slot[39m=[32m"checkbox"[39m
                  [33mdata-state[39m=[32m"unchecked"[39m
                  [33mrole[39m=[32m"checkbox"[39m
                  [33mtype[39m=[32m"button"[39m
                  [33mvalue[39m=[32m"on"[39m
                [36m/>[39m
              [36m</th>[39m
              [36m<th[39m
                [33mclass[39m=[32m"text-foreground h-10 px-2 text-left align-middle font-medium whitespace-nowrap [&:has([role=checkbox])]:pr-0 [&>[role=checkbox]]:translate-y-[2px]"[39m
                [33mdata-slot[39m=[32m"table-head"[39m
              [36m>[39m
                [0mNazwa[0m
              [36m</th>[39m
              [36m<th[39m
                [33mclass[39m=[32m"text-foreground h-10 px-2 text-left align-middle font-medium whitespace-nowrap [&:has([role=checkbox])]:pr-0 [&>[role=checkbox]]:translate-y-[2px]"[39m
                [33mdata-slot[39m=[32m"table-head"[39m
              [36m>[39m
                [0mSKU[0m
              [36m</th>[39m
              [36m<th[39m
                [33mclass[39m=[32m"text-foreground h-10 px-2 text-left align-middle font-medium whitespace-nowrap [&:has([role=checkbox])]:pr-0 [&>[role=checkbox]]:translate-y-[2px]"[39m
                [33mdata-slot[39m=[32m"table-head"[39m
              [36m>[39m
                [0mStatus[0m
              [36m</th>[39m
              [36m<th[39m
                [33mclass[39m=[32m"text-foreground h-10 px-2 text-left align-middle font-medium whitespace-nowrap [&:has([role=checkbox])]:pr-0 [&>[role=checkbox]]:translate-y-[2px]"[39m
                [33mdata-slot[39m=[32m"table-head"[39m
              [36m>[39m
                [0mKategorie[0m
              [36m</th>[39m
              [36m<th[39m
                [33mclass[39m=[32m"text-foreground h-10 px-2 text-left align-middle font-medium whitespace-nowrap [&:has([role=checkbox])]:pr-0 [&>[role=checkbox]]:translate-y-[2px]"[39m
                [33mdata-slot[39m=[32m"table-head"[39m
              [36m>[39m
                [0mOstatnia aktualizacja[0m
              [36m</th>[39m
            [36m</tr>[39m
          [36m</thead>[39m
          [36m<tbody[39m
            [33mclass[39m=[32m"[&_tr:last-child]:border-0"[39m
            [33mdata-slot[39m=[32m"table-body"[39m
          [36m>[39m
            [36m<tr[39m
              [33mclass[39m=[32m"hover:bg-muted/50 data-[state=selected]:bg-muted border-b transition-colors"[39m
              [33mdata-slot[39m=[32m"table-row"[39m
            [36m>[39m
              [36m<td[39m
                [33mclass[39m=[32m"p-2 align-middle whitespace-nowrap [&:has([role=checkbox])]:pr-0 [&>[role=checkbox]]:translate-y-[2px]"[39m
                [33mdata-slot[39m=[32m"table-cell"[39m
              [36m>[39m
                [36m<button[39m
                  [33maria-checked[39m=[32m"false"[39m
                  [33maria-label[39m=[32m"Zaznacz Product 1"[39m
                  [33mclass[39m=[32m"peer border-input dark:bg-input/30 data-[state=checked]:bg-primary data-[state=checked]:text-primary-foreground dark:data-[state=checked]:bg-primary data-[state=checked]:border-primary focus-visible:border-ring focus-visible:ring-ring/50 aria-invalid:ring-destructive/20 dark:aria-invalid:ring-destructive/40 aria-invalid:border-destructive size-4 shrink-0 rounded-[4px] border shadow-xs transition-shadow outline-none focus-visible:ring-[3px] disabled:cursor-not-allowed disabled:opacity-50"[39m
                  [33mdata-slot[39m=[32m"checkbox"[39m
                  [33mdata-state[39m=[32m"unchecked"[39m
                  [33mrole[39m=[32m"checkbox"[39m
                  [33mtype[39m=[32m"button"[39m
                  [33mvalue[39m=[32m"on"[39m
                [36m/>[39m
              [36m</td>[39m
              [36m<td[39m
                [33mclass[39m=[32m"p-2 align-middle whitespace-nowrap [&:has([role=checkbox])]:pr-0 [&>[role=checkbox]]:translate-y-[2px]"[39m
                [33mdata-slot[39m=[32m"table-cell"[39m
              [36m>[39m
                [36m<button[39m
                  [33mclass[39m=[32m"text-left hover:text-primary"[39m
                [36m>[39m
                  [0mProduct 1[0m
                [36m</button>[39m
              [36m</td>[39m
              [36m<td[39m
                [33mclass[39m=[32m"p-2 align-middle whitespace-nowrap [&:has([role=checkbox])]:pr-0 [&>[role=checkbox]]:translate-y-[2px]"[39m
                [33mdata-slot[39m=[32m"table-cell"[39m
              [36m/>[39m
              [36m<td[39m
                [33mclass[39m=[32m"p-2 align-middle whitespace-nowrap [&:has([role=checkbox])]:pr-0 [&>[role=checkbox]]:translate-y-[2px]"[39m
                [33mdata-slot[39m=[32m"table-cell"[39m
              [36m>[39m
                [0mactive[0m
              [36m</td>[39m
              [36m<td[39m
                [33mclass[39m=[32m"p-2 align-middle whitespace-nowrap [&:has([role=checkbox])]:pr-0 [&>[role=checkbox]]:translate-y-[2px]"[39m
                [33mdata-slot[39m=[32m"table-cell"[39m
              [36m/>[39m
              [36m<td[39m
                [33mclass[39m=[32m"p-2 align-middle whitespace-nowrap [&:has([role=checkbox])]:pr-0 [&>[role=checkbox]]:translate-y-[2px]"[39m
                [33mdata-slot[39m=[32m"table-cell"[39m
              [36m>[39m
                [0mInvalid Date[0m
              [36m</td>[39m
            [36m</tr>[39m
            [36m<tr[39m
              [33mclass[39m=[32m"hover:bg-muted/50 data-[state=selected]:bg-muted border-b transition-colors"[39m
              [33mdata-slot[39m=[32m"table-row"[39m
            [36m>[39m
              [36m<td[39m
                [33mclass[39m=[32m"p-2 align-middle whitespace-nowrap [&:has([role=checkbox])]:pr-0 [&>[role=checkbox]]:translate-y-[2px]"[39m
                [33mdata-slot[39m=[32m"table-cell"[39m
              [36m>[39m
                [36m<button[39m
                  [33maria-checked[39m=[32m"false"[39m
                  [33maria-label[39m=[32m"Zaznacz Product 2"[39m
                  [33mclass[39m=[32m"peer border-input dark:bg-input/30 data-[state=checked]:bg-primary data-[state=checked]:text-primary-foreground dark:data-[state=checked]:bg-primary data-[state=checked]:border-primary focus-visible:border-ring focus-visible:ring-ring/50 aria-invalid:ring-destructive/20 dark:aria-invalid:ring-destructive/40 aria-invalid:border-destructive size-4 shrink-0 rounded-[4px] border shadow-xs transition-shadow outline-none focus-visible:ring-[3px] disabled:cursor-not-allowed disabled:opacity-50"[39m
                  [33mdata-slot[39m=[32m"checkbox"[39m
                  [33mdata-state[39m=[32m"unchecked"[39m
                  [33mrole[39m=[32m"checkbox"[39m
                  [33mtype[39m=[32m"button"[39m
                  [33mvalue[39m=[32m"on"[39m
                [36m/>[39m
              [36m</td>[39m
              [36m<td[39m
                [33mclass[39m=[32m"p-2 align-middle whitespace-nowrap [&:has([role=checkbox])]:pr-0 [&>[role=checkbox]]:translate-y-[2px]"[39m
                [33mdata-slot[39m=[32m"table-cell"[39m
              [36m>[39m
                [36m<button[39m
                  [33mclass[39m=[32m"text-left hover:text-primary"[39m
                [36m>[39m
                  [0mProduct 2[0m
                [36m</button>[39m
              [36m</td>[39m
              [36m<td[39m
                [33mclass[39m=[32m"p-2 align-middle whitespace-nowrap [&:has([role=checkbox])]:pr-0 [&>[role=checkbox]]:translate-y-[2px]"[39m
                [33mdata-slot[39m=[32m"table-cell"[39m
              [36m/>[39m
              [36m<td[39m
                [33mclass[39m=[32m"p-2 align-middle whitespace-nowrap [&:has([role=checkbox])]:pr-0 [&>[role=checkbox]]:translate-y-[2px]"[39m
                [33mdata-slot[39m=[32m"table-cell"[39m
              [36m>[39m
                [0minactive[0m
              [36m</td>[39m
              [36m<td[39m
                [33mclass[39m=[32m"p-2 align-middle whitespace-nowrap [&:has([role=checkbox])]:pr-0 [&>[role=checkbox]]:translate-y-[2px]"[39m
                [33mdata-slot[39m=[32m"table-cell"[39m
              [36m/>[39m
              [36m<td[39m
                [33mclass[39m=[32m"p-2 align-middle whitespace-nowrap [&:has([role=checkbox])]:pr-0 [&>[role=checkbox]]:translate-y-[2px]"[39m
                [33mdata-slot[39m=[32m"table-cell"[39m
              [36m>[39m
                [0mInvalid Date[0m
              [36m</td>[39m
            [36m</tr>[39m
          [36m</tbody>[39m
        [36m</table>[39m
      [36m</div>[39m
    [36m</div>[39m
    [36m<div[39m
      [33mclass[39m=[32m"mt-4"[39m
    [36m/>[39m
  [36m</div>[39m
[36m</body>[39m
[90m [2m❯[22m Object.getElementError node_modules/@testing-library/dom/dist/config.js:[2m37:19[22m[39m
[90m [2m❯[22m node_modules/@testing-library/dom/dist/query-helpers.js:[2m76:38[22m[39m
[90m [2m❯[22m node_modules/@testing-library/dom/dist/query-helpers.js:[2m52:17[22m[39m
[90m [2m❯[22m node_modules/@testing-library/dom/dist/query-helpers.js:[2m95:19[22m[39m
[36m [2m❯[22m src/components/__tests__/ProductsTable.test.tsx:[2m169:21[22m[39m
    [90m167| [39m      [34mrender[39m([33m<[39m[33mProductsTable[39m [33m{[39m[33m...[39mdefaultProps[33m}[39m [33m/[39m[33m>[39m)[33m;[39m
    [90m168| [39m
    [90m169| [39m      [34mexpect[39m(screen[33m.[39m[34mgetByText[39m([32m"Electronics"[39m))[33m.[39m[34mtoBeInTheDocument[39m()[33m;[39m
    [90m   | [39m                    [31m^[39m
    [90m170| [39m      [34mexpect[39m(screen[33m.[39m[34mgetByText[39m([32m"Books"[39m))[33m.[39m[34mtoBeInTheDocument[39m()[33m;[39m
    [90m171| [39m    })[33m;[39m

[31m[2m⎯⎯⎯⎯⎯⎯⎯⎯⎯⎯⎯⎯⎯⎯⎯⎯⎯⎯⎯⎯⎯⎯[19/70]⎯[22m[39m

[41m[1m FAIL [22m[49m src/components/__tests__/ProductsTable.test.tsx[2m > [22mProductsTable[2m > [22mAccessibility[2m > [22mshould have accessible table structure
[31m[1mTestingLibraryElementError[22m[39m: Found multiple elements with the role "rowgroup"

Here are the matching elements:

Ignored nodes: comments, script, style
[36m<thead[39m
  [33mclass[39m=[32m"[&_tr]:border-b"[39m
  [33mdata-slot[39m=[32m"table-header"[39m
[36m>[39m
  [36m<tr[39m
    [33mclass[39m=[32m"hover:bg-muted/50 data-[state=selected]:bg-muted border-b transition-colors"[39m
    [33mdata-slot[39m=[32m"table-row"[39m
  [36m>[39m
    [36m<th[39m
      [33mclass[39m=[32m"text-foreground h-10 px-2 text-left align-middle font-medium whitespace-nowrap [&:has([role=checkbox])]:pr-0 [&>[role=checkbox]]:translate-y-[2px] w-12"[39m
      [33mdata-slot[39m=[32m"table-head"[39m
    [36m>[39m
      [36m<button[39m
        [33maria-checked[39m=[32m"false"[39m
        [33maria-label[39m=[32m"Zaznacz wszystkie"[39m
        [33mclass[39m=[32m"peer border-input dark:bg-input/30 data-[state=checked]:bg-primary data-[state=checked]:text-primary-foreground dark:data-[state=checked]:bg-primary data-[state=checked]:border-primary focus-visible:border-ring focus-visible:ring-ring/50 aria-invalid:ring-destructive/20 dark:aria-invalid:ring-destructive/40 aria-invalid:border-destructive size-4 shrink-0 rounded-[4px] border shadow-xs transition-shadow outline-none focus-visible:ring-[3px] disabled:cursor-not-allowed disabled:opacity-50"[39m
        [33mdata-slot[39m=[32m"checkbox"[39m
        [33mdata-state[39m=[32m"unchecked"[39m
        [33mrole[39m=[32m"checkbox"[39m
        [33mtype[39m=[32m"button"[39m
        [33mvalue[39m=[32m"on"[39m
      [36m/>[39m
    [36m</th>[39m
    [36m<th[39m
      [33mclass[39m=[32m"text-foreground h-10 px-2 text-left align-middle font-medium whitespace-nowrap [&:has([role=checkbox])]:pr-0 [&>[role=checkbox]]:translate-y-[2px]"[39m
      [33mdata-slot[39m=[32m"table-head"[39m
    [36m>[39m
      [0mNazwa[0m
    [36m</th>[39m
    [36m<th[39m
      [33mclass[39m=[32m"text-foreground h-10 px-2 text-left align-middle font-medium whitespace-nowrap [&:has([role=checkbox])]:pr-0 [&>[role=checkbox]]:translate-y-[2px]"[39m
      [33mdata-slot[39m=[32m"table-head"[39m
    [36m>[39m
      [0mSKU[0m
    [36m</th>[39m
    [36m<th[39m
      [33mclass[39m=[32m"text-foreground h-10 px-2 text-left align-middle font-medium whitespace-nowrap [&:has([role=checkbox])]:pr-0 [&>[role=checkbox]]:translate-y-[2px]"[39m
      [33mdata-slot[39m=[32m"table-head"[39m
    [36m>[39m
      [0mStatus[0m
    [36m</th>[39m
    [36m<th[39m
      [33mclass[39m=[32m"text-foreground h-10 px-2 text-left align-middle font-medium whitespace-nowrap [&:has([role=checkbox])]:pr-0 [&>[role=checkbox]]:translate-y-[2px]"[39m
      [33mdata-slot[39m=[32m"table-head"[39m
    [36m>[39m
      [0mKategorie[0m
    [36m</th>[39m
    [36m<th[39m
      [33mclass[39m=[32m"text-foreground h-10 px-2 text-left align-middle font-medium whitespace-nowrap [&:has([role=checkbox])]:pr-0 [&>[role=checkbox]]:translate-y-[2px]"[39m
      [33mdata-slot[39m=[32m"table-head"[39m
    [36m>[39m
      [0mOstatnia aktualizacja[0m
    [36m</th>[39m
  [36m</tr>[39m
[36m</thead>[39m

Ignored nodes: comments, script, style
[36m<tbody[39m
  [33mclass[39m=[32m"[&_tr:last-child]:border-0"[39m
  [33mdata-slot[39m=[32m"table-body"[39m
[36m>[39m
  [36m<tr[39m
    [33mclass[39m=[32m"hover:bg-muted/50 data-[state=selected]:bg-muted border-b transition-colors"[39m
    [33mdata-slot[39m=[32m"table-row"[39m
  [36m>[39m
    [36m<td[39m
      [33mclass[39m=[32m"p-2 align-middle whitespace-nowrap [&:has([role=checkbox])]:pr-0 [&>[role=checkbox]]:translate-y-[2px]"[39m
      [33mdata-slot[39m=[32m"table-cell"[39m
    [36m>[39m
      [36m<button[39m
        [33maria-checked[39m=[32m"false"[39m
        [33maria-label[39m=[32m"Zaznacz Product 1"[39m
        [33mclass[39m=[32m"peer border-input dark:bg-input/30 data-[state=checked]:bg-primary data-[state=checked]:text-primary-foreground dark:data-[state=checked]:bg-primary data-[state=checked]:border-primary focus-visible:border-ring focus-visible:ring-ring/50 aria-invalid:ring-destructive/20 dark:aria-invalid:ring-destructive/40 aria-invalid:border-destructive size-4 shrink-0 rounded-[4px] border shadow-xs transition-shadow outline-none focus-visible:ring-[3px] disabled:cursor-not-allowed disabled:opacity-50"[39m
        [33mdata-slot[39m=[32m"checkbox"[39m
        [33mdata-state[39m=[32m"unchecked"[39m
        [33mrole[39m=[32m"checkbox"[39m
        [33mtype[39m=[32m"button"[39m
        [33mvalue[39m=[32m"on"[39m
      [36m/>[39m
    [36m</td>[39m
    [36m<td[39m
      [33mclass[39m=[32m"p-2 align-middle whitespace-nowrap [&:has([role=checkbox])]:pr-0 [&>[role=checkbox]]:translate-y-[2px]"[39m
      [33mdata-slot[39m=[32m"table-cell"[39m
    [36m>[39m
      [36m<button[39m
        [33mclass[39m=[32m"text-left hover:text-primary"[39m
      [36m>[39m
        [0mProduct 1[0m
      [36m</button>[39m
    [36m</td>[39m
    [36m<td[39m
      [33mclass[39m=[32m"p-2 align-middle whitespace-nowrap [&:has([role=checkbox])]:pr-0 [&>[role=checkbox]]:translate-y-[2px]"[39m
      [33mdata-slot[39m=[32m"table-cell"[39m
    [36m/>[39m
    [36m<td[39m
      [33mclass[39m=[32m"p-2 align-middle whitespace-nowrap [&:has([role=checkbox])]:pr-0 [&>[role=checkbox]]:translate-y-[2px]"[39m
      [33mdata-slot[39m=[32m"table-cell"[39m
    [36m>[39m
      [0mactive[0m
    [36m</td>[39m
    [36m<td[39m
      [33mclass[39m=[32m"p-2 align-middle whitespace-nowrap [&:has([role=checkbox])]:pr-0 [&>[role=checkbox]]:translate-y-[2px]"[39m
      [33mdata-slot[39m=[32m"table-cell"[39m
    [36m/>[39m
    [36m<td[39m
      [33mclass[39m=[32m"p-2 align-middle whitespace-nowrap [&:has([role=checkbox])]:pr-0 [&>[role=checkbox]]:translate-y-[2px]"[39m
      [33mdata-slot[39m=[32m"table-cell"[39m
    [36m>[39m
      [0mInvalid Date[0m
    [36m</td>[39m
  [36m</tr>[39m
  [36m<tr[39m
    [33mclass[39m=[32m"hover:bg-muted/50 data-[state=selected]:bg-muted border-b transition-colors"[39m
    [33mdata-slot[39m=[32m"table-row"[39m
  [36m>[39m
    [36m<td[39m
      [33mclass[39m=[32m"p-2 align-middle whitespace-nowrap [&:has([role=checkbox])]:pr-0 [&>[role=checkbox]]:translate-y-[2px]"[39m
      [33mdata-slot[39m=[32m"table-cell"[39m
    [36m>[39m
      [36m<button[39m
        [33maria-checked[39m=[32m"false"[39m
        [33maria-label[39m=[32m"Zaznacz Product 2"[39m
        [33mclass[39m=[32m"peer border-input dark:bg-input/30 data-[state=checked]:bg-primary data-[state=checked]:text-primary-foreground dark:data-[state=checked]:bg-primary data-[state=checked]:border-primary focus-visible:border-ring focus-visible:ring-ring/50 aria-invalid:ring-destructive/20 dark:aria-invalid:ring-destructive/40 aria-invalid:border-destructive size-4 shrink-0 rounded-[4px] border shadow-xs transition-shadow outline-none focus-visible:ring-[3px] disabled:cursor-not-allowed disabled:opacity-50"[39m
        [33mdata-slot[39m=[32m"checkbox"[39m
        [33mdata-state[39m=[32m"unchecked"[39m
        [33mrole[39m=[32m"checkbox"[39m
        [33mtype[39m=[32m"button"[39m
        [33mvalue[39m=[32m"on"[39m
      [36m/>[39m
    [36m</td>[39m
    [36m<td[39m
      [33mclass[39m=[32m"p-2 align-middle whitespace-nowrap [&:has([role=checkbox])]:pr-0 [&>[role=checkbox]]:translate-y-[2px]"[39m
      [33mdata-slot[39m=[32m"table-cell"[39m
    [36m>[39m
      [36m<button[39m
        [33mclass[39m=[32m"text-left hover:text-primary"[39m
      [36m>[39m
        [0mProduct 2[0m
      [36m</button>[39m
    [36m</td>[39m
    [36m<td[39m
      [33mclass[39m=[32m"p-2 align-middle whitespace-nowrap [&:has([role=checkbox])]:pr-0 [&>[role=checkbox]]:translate-y-[2px]"[39m
      [33mdata-slot[39m=[32m"table-cell"[39m
    [36m/>[39m
    [36m<td[39m
      [33mclass[39m=[32m"p-2 align-middle whitespace-nowrap [&:has([role=checkbox])]:pr-0 [&>[role=checkbox]]:translate-y-[2px]"[39m
      [33mdata-slot[39m=[32m"table-cell"[39m
    [36m>[39m
      [0minactive[0m
    [36m</td>[39m
    [36m<td[39m
      [33mclass[39m=[32m"p-2 align-middle whitespace-nowrap [&:has([role=checkbox])]:pr-0 [&>[role=checkbox]]:translate-y-[2px]"[39m
      [33mdata-slot[39m=[32m"table-cell"[39m
    [36m/>[39m
    [36m<td[39m
      [33mclass[39m=[32m"p-2 align-middle whitespace-nowrap [&:has([role=checkbox])]:pr-0 [&>[role=checkbox]]:translate-y-[2px]"[39m
      [33mdata-slot[39m=[32m"table-cell"[39m
    [36m>[39m
      [0mInvalid Date[0m
    [36m</td>[39m
  [36m</tr>[39m
[36m</tbody>[39m

(If this is intentional, then use the `*AllBy*` variant of the query (like `queryAllByText`, `getAllByText`, or `findAllByText`)).

Ignored nodes: comments, script, style
[36m<body>[39m
  [36m<div>[39m
    [36m<div[39m
      [33mclass[39m=[32m"rounded-md border"[39m
    [36m>[39m
      [36m<div[39m
        [33mclass[39m=[32m"relative w-full overflow-x-auto"[39m
        [33mdata-slot[39m=[32m"table-container"[39m
      [36m>[39m
        [36m<table[39m
          [33mclass[39m=[32m"w-full caption-bottom text-sm"[39m
          [33mdata-slot[39m=[32m"table"[39m
        [36m>[39m
          [36m<thead[39m
            [33mclass[39m=[32m"[&_tr]:border-b"[39m
            [33mdata-slot[39m=[32m"table-header"[39m
          [36m>[39m
            [36m<tr[39m
              [33mclass[39m=[32m"hover:bg-muted/50 data-[state=selected]:bg-muted border-b transition-colors"[39m
              [33mdata-slot[39m=[32m"table-row"[39m
            [36m>[39m
              [36m<th[39m
                [33mclass[39m=[32m"text-foreground h-10 px-2 text-left align-middle font-medium whitespace-nowrap [&:has([role=checkbox])]:pr-0 [&>[role=checkbox]]:translate-y-[2px] w-12"[39m
                [33mdata-slot[39m=[32m"table-head"[39m
              [36m>[39m
                [36m<button[39m
                  [33maria-checked[39m=[32m"false"[39m
                  [33maria-label[39m=[32m"Zaznacz wszystkie"[39m
                  [33mclass[39m=[32m"peer border-input dark:bg-input/30 data-[state=checked]:bg-primary data-[state=checked]:text-primary-foreground dark:data-[state=checked]:bg-primary data-[state=checked]:border-primary focus-visible:border-ring focus-visible:ring-ring/50 aria-invalid:ring-destructive/20 dark:aria-invalid:ring-destructive/40 aria-invalid:border-destructive size-4 shrink-0 rounded-[4px] border shadow-xs transition-shadow outline-none focus-visible:ring-[3px] disabled:cursor-not-allowed disabled:opacity-50"[39m
                  [33mdata-slot[39m=[32m"checkbox"[39m
                  [33mdata-state[39m=[32m"unchecked"[39m
                  [33mrole[39m=[32m"checkbox"[39m
                  [33mtype[39m=[32m"button"[39m
                  [33mvalue[39m=[32m"on"[39m
                [36m/>[39m
              [36m</th>[39m
              [36m<th[39m
                [33mclass[39m=[32m"text-foreground h-10 px-2 text-left align-middle font-medium whitespace-nowrap [&:has([role=checkbox])]:pr-0 [&>[role=checkbox]]:translate-y-[2px]"[39m
                [33mdata-slot[39m=[32m"table-head"[39m
              [36m>[39m
                [0mNazwa[0m
              [36m</th>[39m
              [36m<th[39m
                [33mclass[39m=[32m"text-foreground h-10 px-2 text-left align-middle font-medium whitespace-nowrap [&:has([role=checkbox])]:pr-0 [&>[role=checkbox]]:translate-y-[2px]"[39m
                [33mdata-slot[39m=[32m"table-head"[39m
              [36m>[39m
                [0mSKU[0m
              [36m</th>[39m
              [36m<th[39m
                [33mclass[39m=[32m"text-foreground h-10 px-2 text-left align-middle font-medium whitespace-nowrap [&:has([role=checkbox])]:pr-0 [&>[role=checkbox]]:translate-y-[2px]"[39m
                [33mdata-slot[39m=[32m"table-head"[39m
              [36m>[39m
                [0mStatus[0m
              [36m</th>[39m
              [36m<th[39m
                [33mclass[39m=[32m"text-foreground h-10 px-2 text-left align-middle font-medium whitespace-nowrap [&:has([role=checkbox])]:pr-0 [&>[role=checkbox]]:translate-y-[2px]"[39m
                [33mdata-slot[39m=[32m"table-head"[39m
              [36m>[39m
                [0mKategorie[0m
              [36m</th>[39m
              [36m<th[39m
                [33mclass[39m=[32m"text-foreground h-10 px-2 text-left align-middle font-medium whitespace-nowrap [&:has([role=checkbox])]:pr-0 [&>[role=checkbox]]:translate-y-[2px]"[39m
                [33mdata-slot[39m=[32m"table-head"[39m
              [36m>[39m
                [0mOstatnia aktualizacja[0m
              [36m</th>[39m
            [36m</tr>[39m
          [36m</thead>[39m
          [36m<tbody[39m
            [33mclass[39m=[32m"[&_tr:last-child]:border-0"[39m
            [33mdata-slot[39m=[32m"table-body"[39m
          [36m>[39m
            [36m<tr[39m
              [33mclass[39m=[32m"hover:bg-muted/50 data-[state=selected]:bg-muted border-b transition-colors"[39m
              [33mdata-slot[39m=[32m"table-row"[39m
            [36m>[39m
              [36m<td[39m
                [33mclass[39m=[32m"p-2 align-middle whitespace-nowrap [&:has([role=checkbox])]:pr-0 [&>[role=checkbox]]:translate-y-[2px]"[39m
                [33mdata-slot[39m=[32m"table-cell"[39m
              [36m>[39m
                [36m<button[39m
                  [33maria-checked[39m=[32m"false"[39m
                  [33maria-label[39m=[32m"Zaznacz Product 1"[39m
                  [33mclass[39m=[32m"peer border-input dark:bg-input/30 data-[state=checked]:bg-primary data-[state=checked]:text-primary-foreground dark:data-[state=checked]:bg-primary data-[state=checked]:border-primary focus-visible:border-ring focus-visible:ring-ring/50 aria-invalid:ring-destructive/20 dark:aria-invalid:ring-destructive/40 aria-invalid:border-destructive size-4 shrink-0 rounded-[4px] border shadow-xs transition-shadow outline-none focus-visible:ring-[3px] disabled:cursor-not-allowed disabled:opacity-50"[39m
                  [33mdata-slot[39m=[32m"checkbox"[39m
                  [33mdata-state[39m=[32m"unchecked"[39m
                  [33mrole[39m=[32m"checkbox"[39m
                  [33mtype[39m=[32m"button"[39m
                  [33mvalue[39m=[32m"on"[39m
                [36m/>[39m
              [36m</td>[39m
              [36m<td[39m
                [33mclass[39m=[32m"p-2 align-middle whitespace-nowrap [&:has([role=checkbox])]:pr-0 [&>[role=checkbox]]:translate-y-[2px]"[39m
                [33mdata-slot[39m=[32m"table-cell"[39m
              [36m>[39m
                [36m<button[39m
                  [33mclass[39m=[32m"text-left hover:text-primary"[39m
                [36m>[39m
                  [0mProduct 1[0m
                [36m</button>[39m
              [36m</td>[39m
              [36m<td[39m
                [33mclass[39m=[32m"p-2 align-middle whitespace-nowrap [&:has([role=checkbox])]:pr-0 [&>[role=checkbox]]:translate-y-[2px]"[39m
                [33mdata-slot[39m=[32m"table-cell"[39m
              [36m/>[39m
              [36m<td[39m
                [33mclass[39m=[32m"p-2 align-middle whitespace-nowrap [&:has([role=checkbox])]:pr-0 [&>[role=checkbox]]:translate-y-[2px]"[39m
                [33mdata-slot[39m=[32m"table-cell"[39m
              [36m>[39m
                [0mactive[0m
              [36m</td>[39m
              [36m<td[39m
                [33mclass[39m=[32m"p-2 align-middle whitespace-nowrap [&:has([role=checkbox])]:pr-0 [&>[role=checkbox]]:translate-y-[2px]"[39m
                [33mdata-slot[39m=[32m"table-cell"[39m
              [36m/>[39m
              [36m<td[39m
                [33mclass[39m=[32m"p-2 align-middle whitespace-nowrap [&:has([role=checkbox])]:pr-0 [&>[role=checkbox]]:translate-y-[2px]"[39m
                [33mdata-slot[39m=[32m"table-cell"[39m
              [36m>[39m
                [0mInvalid Date[0m
              [36m</td>[39m
            [36m</tr>[39m
            [36m<tr[39m
              [33mclass[39m=[32m"hover:bg-muted/50 data-[state=selected]:bg-muted border-b transition-colors"[39m
              [33mdata-slot[39m=[32m"table-row"[39m
            [36m>[39m
              [36m<td[39m
                [33mclass[39m=[32m"p-2 align-middle whitespace-nowrap [&:has([role=checkbox])]:pr-0 [&>[role=checkbox]]:translate-y-[2px]"[39m
                [33mdata-slot[39m=[32m"table-cell"[39m
              [36m>[39m
                [36m<button[39m
                  [33maria-checked[39m=[32m"false"[39m
                  [33maria-label[39m=[32m"Zaznacz Product 2"[39m
                  [33mclass[39m=[32m"peer border-input dark:bg-input/30 data-[state=checked]:bg-primary data-[state=checked]:text-primary-foreground dark:data-[state=checked]:bg-primary data-[state=checked]:border-primary focus-visible:border-ring focus-visible:ring-ring/50 aria-invalid:ring-destructive/20 dark:aria-invalid:ring-destructive/40 aria-invalid:border-destructive size-4 shrink-0 rounded-[4px] border shadow-xs transition-shadow outline-none focus-visible:ring-[3px] disabled:cursor-not-allowed disabled:opacity-50"[39m
                  [33mdata-slot[39m=[32m"checkbox"[39m
                  [33mdata-state[39m=[32m"unchecked"[39m
                  [33mrole[39m=[32m"checkbox"[39m
                  [33mtype[39m=[32m"button"[39m
                  [33mvalue[39m=[32m"on"[39m
                [36m/>[39m
              [36m</td>[39m
              [36m<td[39m
                [33mclass[39m=[32m"p-2 align-middle whitespace-nowrap [&:has([role=checkbox])]:pr-0 [&>[role=checkbox]]:translate-y-[2px]"[39m
                [33mdata-slot[39m=[32m"table-cell"[39m
              [36m>[39m
                [36m<button[39m
                  [33mclass[39m=[32m"text-left hover:text-primary"[39m
                [36m>[39m
                  [0mProduct 2[0m
                [36m</button>[39m
              [36m</td>[39m
              [36m<td[39m
                [33mclass[39m=[32m"p-2 align-middle whitespace-nowrap [&:has([role=checkbox])]:pr-0 [&>[role=checkbox]]:translate-y-[2px]"[39m
                [33mdata-slot[39m=[32m"table-cell"[39m
              [36m/>[39m
              [36m<td[39m
                [33mclass[39m=[32m"p-2 align-middle whitespace-nowrap [&:has([role=checkbox])]:pr-0 [&>[role=checkbox]]:translate-y-[2px]"[39m
                [33mdata-slot[39m=[32m"table-cell"[39m
              [36m>[39m
                [0minactive[0m
              [36m</td>[39m
              [36m<td[39m
                [33mclass[39m=[32m"p-2 align-middle whitespace-nowrap [&:has([role=checkbox])]:pr-0 [&>[role=checkbox]]:translate-y-[2px]"[39m
                [33mdata-slot[39m=[32m"table-cell"[39m
              [36m/>[39m
              [36m<td[39m
                [33mclass[39m=[32m"p-2 align-middle whitespace-nowrap [&:has([role=checkbox])]:pr-0 [&>[role=checkbox]]:translate-y-[2px]"[39m
                [33mdata-slot[39m=[32m"table-cell"[39m
              [36m>[39m
                [0mInvalid Date[0m
              [36m</td>[39m
            [36m</tr>[39m
          [36m</tbody>[39m
        [36m</table>[39m
      [36m</div>[39m
    [36m</div>[39m
    [36m<div[39m
      [33mclass[39m=[32m"mt-4"[39m
    [36m/>[39m
  [36m</div>[39m
[36m</body>[39m
[90m [2m❯[22m Object.getElementError node_modules/@testing-library/dom/dist/config.js:[2m37:19[22m[39m
[90m [2m❯[22m getElementError node_modules/@testing-library/dom/dist/query-helpers.js:[2m20:35[22m[39m
[90m [2m❯[22m getMultipleElementsFoundError node_modules/@testing-library/dom/dist/query-helpers.js:[2m23:10[22m[39m
[90m [2m❯[22m node_modules/@testing-library/dom/dist/query-helpers.js:[2m55:13[22m[39m
[90m [2m❯[22m node_modules/@testing-library/dom/dist/query-helpers.js:[2m95:19[22m[39m
[36m [2m❯[22m src/components/__tests__/ProductsTable.test.tsx:[2m179:21[22m[39m
    [90m177| [39m
    [90m178| [39m      [34mexpect[39m(screen[33m.[39m[34mgetByRole[39m([32m"table"[39m))[33m.[39m[34mtoBeInTheDocument[39m()[33m;[39m
    [90m179| [39m      [34mexpect[39m(screen[33m.[39m[34mgetByRole[39m([32m"rowgroup"[39m))[33m.[39m[34mtoBeInTheDocument[39m()[33m;[39m
    [90m   | [39m                    [31m^[39m
    [90m180| [39m      [34mexpect[39m(screen[33m.[39m[34mgetAllByRole[39m([32m"row"[39m)[33m.[39mlength)[33m.[39m[34mtoBeGreaterThan[39m([34m0[39m)[33m;[39m
    [90m181| [39m    })[33m;[39m

[31m[2m⎯⎯⎯⎯⎯⎯⎯⎯⎯⎯⎯⎯⎯⎯⎯⎯⎯⎯⎯⎯⎯⎯[20/70]⎯[22m[39m

[41m[1m FAIL [22m[49m src/components/__tests__/ProductsTable.test.tsx[2m > [22mProductsTable[2m > [22mAccessibility[2m > [22mshould have accessible pagination controls
[31m[1mTestingLibraryElementError[22m[39m: Unable to find an accessible element with the role "navigation"

Here are the accessible roles:

  table:

  Name "":
  [36m<table[39m
    [33mclass[39m=[32m"w-full caption-bottom text-sm"[39m
    [33mdata-slot[39m=[32m"table"[39m
  [36m/>[39m

  --------------------------------------------------
  rowgroup:

  Name "":
  [36m<thead[39m
    [33mclass[39m=[32m"[&_tr]:border-b"[39m
    [33mdata-slot[39m=[32m"table-header"[39m
  [36m/>[39m

  Name "":
  [36m<tbody[39m
    [33mclass[39m=[32m"[&_tr:last-child]:border-0"[39m
    [33mdata-slot[39m=[32m"table-body"[39m
  [36m/>[39m

  --------------------------------------------------
  row:

  Name "Zaznacz wszystkie Nazwa SKU Status Kategorie Ostatnia aktualizacja":
  [36m<tr[39m
    [33mclass[39m=[32m"hover:bg-muted/50 data-[state=selected]:bg-muted border-b transition-colors"[39m
    [33mdata-slot[39m=[32m"table-row"[39m
  [36m/>[39m

  Name "Zaznacz Product 1 Product 1 active Invalid Date":
  [36m<tr[39m
    [33mclass[39m=[32m"hover:bg-muted/50 data-[state=selected]:bg-muted border-b transition-colors"[39m
    [33mdata-slot[39m=[32m"table-row"[39m
  [36m/>[39m

  Name "Zaznacz Product 2 Product 2 inactive Invalid Date":
  [36m<tr[39m
    [33mclass[39m=[32m"hover:bg-muted/50 data-[state=selected]:bg-muted border-b transition-colors"[39m
    [33mdata-slot[39m=[32m"table-row"[39m
  [36m/>[39m

  --------------------------------------------------
  columnheader:

  Name "Zaznacz wszystkie":
  [36m<th[39m
    [33mclass[39m=[32m"text-foreground h-10 px-2 text-left align-middle font-medium whitespace-nowrap [&:has([role=checkbox])]:pr-0 [&>[role=checkbox]]:translate-y-[2px] w-12"[39m
    [33mdata-slot[39m=[32m"table-head"[39m
  [36m/>[39m

  Name "Nazwa":
  [36m<th[39m
    [33mclass[39m=[32m"text-foreground h-10 px-2 text-left align-middle font-medium whitespace-nowrap [&:has([role=checkbox])]:pr-0 [&>[role=checkbox]]:translate-y-[2px]"[39m
    [33mdata-slot[39m=[32m"table-head"[39m
  [36m/>[39m

  Name "SKU":
  [36m<th[39m
    [33mclass[39m=[32m"text-foreground h-10 px-2 text-left align-middle font-medium whitespace-nowrap [&:has([role=checkbox])]:pr-0 [&>[role=checkbox]]:translate-y-[2px]"[39m
    [33mdata-slot[39m=[32m"table-head"[39m
  [36m/>[39m

  Name "Status":
  [36m<th[39m
    [33mclass[39m=[32m"text-foreground h-10 px-2 text-left align-middle font-medium whitespace-nowrap [&:has([role=checkbox])]:pr-0 [&>[role=checkbox]]:translate-y-[2px]"[39m
    [33mdata-slot[39m=[32m"table-head"[39m
  [36m/>[39m

  Name "Kategorie":
  [36m<th[39m
    [33mclass[39m=[32m"text-foreground h-10 px-2 text-left align-middle font-medium whitespace-nowrap [&:has([role=checkbox])]:pr-0 [&>[role=checkbox]]:translate-y-[2px]"[39m
    [33mdata-slot[39m=[32m"table-head"[39m
  [36m/>[39m

  Name "Ostatnia aktualizacja":
  [36m<th[39m
    [33mclass[39m=[32m"text-foreground h-10 px-2 text-left align-middle font-medium whitespace-nowrap [&:has([role=checkbox])]:pr-0 [&>[role=checkbox]]:translate-y-[2px]"[39m
    [33mdata-slot[39m=[32m"table-head"[39m
  [36m/>[39m

  --------------------------------------------------
  checkbox:

  Name "Zaznacz wszystkie":
  [36m<button[39m
    [33maria-checked[39m=[32m"false"[39m
    [33maria-label[39m=[32m"Zaznacz wszystkie"[39m
    [33mclass[39m=[32m"peer border-input dark:bg-input/30 data-[state=checked]:bg-primary data-[state=checked]:text-primary-foreground dark:data-[state=checked]:bg-primary data-[state=checked]:border-primary focus-visible:border-ring focus-visible:ring-ring/50 aria-invalid:ring-destructive/20 dark:aria-invalid:ring-destructive/40 aria-invalid:border-destructive size-4 shrink-0 rounded-[4px] border shadow-xs transition-shadow outline-none focus-visible:ring-[3px] disabled:cursor-not-allowed disabled:opacity-50"[39m
    [33mdata-slot[39m=[32m"checkbox"[39m
    [33mdata-state[39m=[32m"unchecked"[39m
    [33mrole[39m=[32m"checkbox"[39m
    [33mtype[39m=[32m"button"[39m
    [33mvalue[39m=[32m"on"[39m
  [36m/>[39m

  Name "Zaznacz Product 1":
  [36m<button[39m
    [33maria-checked[39m=[32m"false"[39m
    [33maria-label[39m=[32m"Zaznacz Product 1"[39m
    [33mclass[39m=[32m"peer border-input dark:bg-input/30 data-[state=checked]:bg-primary data-[state=checked]:text-primary-foreground dark:data-[state=checked]:bg-primary data-[state=checked]:border-primary focus-visible:border-ring focus-visible:ring-ring/50 aria-invalid:ring-destructive/20 dark:aria-invalid:ring-destructive/40 aria-invalid:border-destructive size-4 shrink-0 rounded-[4px] border shadow-xs transition-shadow outline-none focus-visible:ring-[3px] disabled:cursor-not-allowed disabled:opacity-50"[39m
    [33mdata-slot[39m=[32m"checkbox"[39m
    [33mdata-state[39m=[32m"unchecked"[39m
    [33mrole[39m=[32m"checkbox"[39m
    [33mtype[39m=[32m"button"[39m
    [33mvalue[39m=[32m"on"[39m
  [36m/>[39m

  Name "Zaznacz Product 2":
  [36m<button[39m
    [33maria-checked[39m=[32m"false"[39m
    [33maria-label[39m=[32m"Zaznacz Product 2"[39m
    [33mclass[39m=[32m"peer border-input dark:bg-input/30 data-[state=checked]:bg-primary data-[state=checked]:text-primary-foreground dark:data-[state=checked]:bg-primary data-[state=checked]:border-primary focus-visible:border-ring focus-visible:ring-ring/50 aria-invalid:ring-destructive/20 dark:aria-invalid:ring-destructive/40 aria-invalid:border-destructive size-4 shrink-0 rounded-[4px] border shadow-xs transition-shadow outline-none focus-visible:ring-[3px] disabled:cursor-not-allowed disabled:opacity-50"[39m
    [33mdata-slot[39m=[32m"checkbox"[39m
    [33mdata-state[39m=[32m"unchecked"[39m
    [33mrole[39m=[32m"checkbox"[39m
    [33mtype[39m=[32m"button"[39m
    [33mvalue[39m=[32m"on"[39m
  [36m/>[39m

  --------------------------------------------------
  cell:

  Name "Zaznacz Product 1":
  [36m<td[39m
    [33mclass[39m=[32m"p-2 align-middle whitespace-nowrap [&:has([role=checkbox])]:pr-0 [&>[role=checkbox]]:translate-y-[2px]"[39m
    [33mdata-slot[39m=[32m"table-cell"[39m
  [36m/>[39m

  Name "Product 1":
  [36m<td[39m
    [33mclass[39m=[32m"p-2 align-middle whitespace-nowrap [&:has([role=checkbox])]:pr-0 [&>[role=checkbox]]:translate-y-[2px]"[39m
    [33mdata-slot[39m=[32m"table-cell"[39m
  [36m/>[39m

  Name "":
  [36m<td[39m
    [33mclass[39m=[32m"p-2 align-middle whitespace-nowrap [&:has([role=checkbox])]:pr-0 [&>[role=checkbox]]:translate-y-[2px]"[39m
    [33mdata-slot[39m=[32m"table-cell"[39m
  [36m/>[39m

  Name "active":
  [36m<td[39m
    [33mclass[39m=[32m"p-2 align-middle whitespace-nowrap [&:has([role=checkbox])]:pr-0 [&>[role=checkbox]]:translate-y-[2px]"[39m
    [33mdata-slot[39m=[32m"table-cell"[39m
  [36m/>[39m

  Name "":
  [36m<td[39m
    [33mclass[39m=[32m"p-2 align-middle whitespace-nowrap [&:has([role=checkbox])]:pr-0 [&>[role=checkbox]]:translate-y-[2px]"[39m
    [33mdata-slot[39m=[32m"table-cell"[39m
  [36m/>[39m

  Name "Invalid Date":
  [36m<td[39m
    [33mclass[39m=[32m"p-2 align-middle whitespace-nowrap [&:has([role=checkbox])]:pr-0 [&>[role=checkbox]]:translate-y-[2px]"[39m
    [33mdata-slot[39m=[32m"table-cell"[39m
  [36m/>[39m

  Name "Zaznacz Product 2":
  [36m<td[39m
    [33mclass[39m=[32m"p-2 align-middle whitespace-nowrap [&:has([role=checkbox])]:pr-0 [&>[role=checkbox]]:translate-y-[2px]"[39m
    [33mdata-slot[39m=[32m"table-cell"[39m
  [36m/>[39m

  Name "Product 2":
  [36m<td[39m
    [33mclass[39m=[32m"p-2 align-middle whitespace-nowrap [&:has([role=checkbox])]:pr-0 [&>[role=checkbox]]:translate-y-[2px]"[39m
    [33mdata-slot[39m=[32m"table-cell"[39m
  [36m/>[39m

  Name "":
  [36m<td[39m
    [33mclass[39m=[32m"p-2 align-middle whitespace-nowrap [&:has([role=checkbox])]:pr-0 [&>[role=checkbox]]:translate-y-[2px]"[39m
    [33mdata-slot[39m=[32m"table-cell"[39m
  [36m/>[39m

  Name "inactive":
  [36m<td[39m
    [33mclass[39m=[32m"p-2 align-middle whitespace-nowrap [&:has([role=checkbox])]:pr-0 [&>[role=checkbox]]:translate-y-[2px]"[39m
    [33mdata-slot[39m=[32m"table-cell"[39m
  [36m/>[39m

  Name "":
  [36m<td[39m
    [33mclass[39m=[32m"p-2 align-middle whitespace-nowrap [&:has([role=checkbox])]:pr-0 [&>[role=checkbox]]:translate-y-[2px]"[39m
    [33mdata-slot[39m=[32m"table-cell"[39m
  [36m/>[39m

  Name "Invalid Date":
  [36m<td[39m
    [33mclass[39m=[32m"p-2 align-middle whitespace-nowrap [&:has([role=checkbox])]:pr-0 [&>[role=checkbox]]:translate-y-[2px]"[39m
    [33mdata-slot[39m=[32m"table-cell"[39m
  [36m/>[39m

  --------------------------------------------------
  button:

  Name "Product 1":
  [36m<button[39m
    [33mclass[39m=[32m"text-left hover:text-primary"[39m
  [36m/>[39m

  Name "Product 2":
  [36m<button[39m
    [33mclass[39m=[32m"text-left hover:text-primary"[39m
  [36m/>[39m

  --------------------------------------------------

Ignored nodes: comments, script, style
[36m<body>[39m
  [36m<div>[39m
    [36m<div[39m
      [33mclass[39m=[32m"rounded-md border"[39m
    [36m>[39m
      [36m<div[39m
        [33mclass[39m=[32m"relative w-full overflow-x-auto"[39m
        [33mdata-slot[39m=[32m"table-container"[39m
      [36m>[39m
        [36m<table[39m
          [33mclass[39m=[32m"w-full caption-bottom text-sm"[39m
          [33mdata-slot[39m=[32m"table"[39m
        [36m>[39m
          [36m<thead[39m
            [33mclass[39m=[32m"[&_tr]:border-b"[39m
            [33mdata-slot[39m=[32m"table-header"[39m
          [36m>[39m
            [36m<tr[39m
              [33mclass[39m=[32m"hover:bg-muted/50 data-[state=selected]:bg-muted border-b transition-colors"[39m
              [33mdata-slot[39m=[32m"table-row"[39m
            [36m>[39m
              [36m<th[39m
                [33mclass[39m=[32m"text-foreground h-10 px-2 text-left align-middle font-medium whitespace-nowrap [&:has([role=checkbox])]:pr-0 [&>[role=checkbox]]:translate-y-[2px] w-12"[39m
                [33mdata-slot[39m=[32m"table-head"[39m
              [36m>[39m
                [36m<button[39m
                  [33maria-checked[39m=[32m"false"[39m
                  [33maria-label[39m=[32m"Zaznacz wszystkie"[39m
                  [33mclass[39m=[32m"peer border-input dark:bg-input/30 data-[state=checked]:bg-primary data-[state=checked]:text-primary-foreground dark:data-[state=checked]:bg-primary data-[state=checked]:border-primary focus-visible:border-ring focus-visible:ring-ring/50 aria-invalid:ring-destructive/20 dark:aria-invalid:ring-destructive/40 aria-invalid:border-destructive size-4 shrink-0 rounded-[4px] border shadow-xs transition-shadow outline-none focus-visible:ring-[3px] disabled:cursor-not-allowed disabled:opacity-50"[39m
                  [33mdata-slot[39m=[32m"checkbox"[39m
                  [33mdata-state[39m=[32m"unchecked"[39m
                  [33mrole[39m=[32m"checkbox"[39m
                  [33mtype[39m=[32m"button"[39m
                  [33mvalue[39m=[32m"on"[39m
                [36m/>[39m
              [36m</th>[39m
              [36m<th[39m
                [33mclass[39m=[32m"text-foreground h-10 px-2 text-left align-middle font-medium whitespace-nowrap [&:has([role=checkbox])]:pr-0 [&>[role=checkbox]]:translate-y-[2px]"[39m
                [33mdata-slot[39m=[32m"table-head"[39m
              [36m>[39m
                [0mNazwa[0m
              [36m</th>[39m
              [36m<th[39m
                [33mclass[39m=[32m"text-foreground h-10 px-2 text-left align-middle font-medium whitespace-nowrap [&:has([role=checkbox])]:pr-0 [&>[role=checkbox]]:translate-y-[2px]"[39m
                [33mdata-slot[39m=[32m"table-head"[39m
              [36m>[39m
                [0mSKU[0m
              [36m</th>[39m
              [36m<th[39m
                [33mclass[39m=[32m"text-foreground h-10 px-2 text-left align-middle font-medium whitespace-nowrap [&:has([role=checkbox])]:pr-0 [&>[role=checkbox]]:translate-y-[2px]"[39m
                [33mdata-slot[39m=[32m"table-head"[39m
              [36m>[39m
                [0mStatus[0m
              [36m</th>[39m
              [36m<th[39m
                [33mclass[39m=[32m"text-foreground h-10 px-2 text-left align-middle font-medium whitespace-nowrap [&:has([role=checkbox])]:pr-0 [&>[role=checkbox]]:translate-y-[2px]"[39m
                [33mdata-slot[39m=[32m"table-head"[39m
              [36m>[39m
                [0mKategorie[0m
              [36m</th>[39m
              [36m<th[39m
                [33mclass[39m=[32m"text-foreground h-10 px-2 text-left align-middle font-medium whitespace-nowrap [&:has([role=checkbox])]:pr-0 [&>[role=checkbox]]:translate-y-[2px]"[39m
                [33mdata-slot[39m=[32m"table-head"[39m
              [36m>[39m
                [0mOstatnia aktualizacja[0m
              [36m</th>[39m
            [36m</tr>[39m
          [36m</thead>[39m
          [36m<tbody[39m
            [33mclass[39m=[32m"[&_tr:last-child]:border-0"[39m
            [33mdata-slot[39m=[32m"table-body"[39m
          [36m>[39m
            [36m<tr[39m
              [33mclass[39m=[32m"hover:bg-muted/50 data-[state=selected]:bg-muted border-b transition-colors"[39m
              [33mdata-slot[39m=[32m"table-row"[39m
            [36m>[39m
              [36m<td[39m
                [33mclass[39m=[32m"p-2 align-middle whitespace-nowrap [&:has([role=checkbox])]:pr-0 [&>[role=checkbox]]:translate-y-[2px]"[39m
                [33mdata-slot[39m=[32m"table-cell"[39m
              [36m>[39m
                [36m<button[39m
                  [33maria-checked[39m=[32m"false"[39m
                  [33maria-label[39m=[32m"Zaznacz Product 1"[39m
                  [33mclass[39m=[32m"peer border-input dark:bg-input/30 data-[state=checked]:bg-primary data-[state=checked]:text-primary-foreground dark:data-[state=checked]:bg-primary data-[state=checked]:border-primary focus-visible:border-ring focus-visible:ring-ring/50 aria-invalid:ring-destructive/20 dark:aria-invalid:ring-destructive/40 aria-invalid:border-destructive size-4 shrink-0 rounded-[4px] border shadow-xs transition-shadow outline-none focus-visible:ring-[3px] disabled:cursor-not-allowed disabled:opacity-50"[39m
                  [33mdata-slot[39m=[32m"checkbox"[39m
                  [33mdata-state[39m=[32m"unchecked"[39m
                  [33mrole[39m=[32m"checkbox"[39m
                  [33mtype[39m=[32m"button"[39m
                  [33mvalue[39m=[32m"on"[39m
                [36m/>[39m
              [36m</td>[39m
              [36m<td[39m
                [33mclass[39m=[32m"p-2 align-middle whitespace-nowrap [&:has([role=checkbox])]:pr-0 [&>[role=checkbox]]:translate-y-[2px]"[39m
                [33mdata-slot[39m=[32m"table-cell"[39m
              [36m>[39m
                [36m<button[39m
                  [33mclass[39m=[32m"text-left hover:text-primary"[39m
                [36m>[39m
                  [0mProduct 1[0m
                [36m</button>[39m
              [36m</td>[39m
              [36m<td[39m
                [33mclass[39m=[32m"p-2 align-middle whitespace-nowrap [&:has([role=checkbox])]:pr-0 [&>[role=checkbox]]:translate-y-[2px]"[39m
                [33mdata-slot[39m=[32m"table-cell"[39m
              [36m/>[39m
              [36m<td[39m
                [33mclass[39m=[32m"p-2 align-middle whitespace-nowrap [&:has([role=checkbox])]:pr-0 [&>[role=checkbox]]:translate-y-[2px]"[39m
                [33mdata-slot[39m=[32m"table-cell"[39m
              [36m>[39m
                [0mactive[0m
              [36m</td>[39m
              [36m<td[39m
                [33mclass[39m=[32m"p-2 align-middle whitespace-nowrap [&:has([role=checkbox])]:pr-0 [&>[role=checkbox]]:translate-y-[2px]"[39m
                [33mdata-slot[39m=[32m"table-cell"[39m
              [36m/>[39m
              [36m<td[39m
                [33mclass[39m=[32m"p-2 align-middle whitespace-nowrap [&:has([role=checkbox])]:pr-0 [&>[role=checkbox]]:translate-y-[2px]"[39m
                [33mdata-slot[39m=[32m"table-cell"[39m
              [36m>[39m
                [0mInvalid Date[0m
              [36m</td>[39m
            [36m</tr>[39m
            [36m<tr[39m
              [33mclass[39m=[32m"hover:bg-muted/50 data-[state=selected]:bg-muted border-b transition-colors"[39m
              [33mdata-slot[39m=[32m"table-row"[39m
            [36m>[39m
              [36m<td[39m
                [33mclass[39m=[32m"p-2 align-middle whitespace-nowrap [&:has([role=checkbox])]:pr-0 [&>[role=checkbox]]:translate-y-[2px]"[39m
                [33mdata-slot[39m=[32m"table-cell"[39m
              [36m>[39m
                [36m<button[39m
                  [33maria-checked[39m=[32m"false"[39m
                  [33maria-label[39m=[32m"Zaznacz Product 2"[39m
                  [33mclass[39m=[32m"peer border-input dark:bg-input/30 data-[state=checked]:bg-primary data-[state=checked]:text-primary-foreground dark:data-[state=checked]:bg-primary data-[state=checked]:border-primary focus-visible:border-ring focus-visible:ring-ring/50 aria-invalid:ring-destructive/20 dark:aria-invalid:ring-destructive/40 aria-invalid:border-destructive size-4 shrink-0 rounded-[4px] border shadow-xs transition-shadow outline-none focus-visible:ring-[3px] disabled:cursor-not-allowed disabled:opacity-50"[39m
                  [33mdata-slot[39m=[32m"checkbox"[39m
                  [33mdata-state[39m=[32m"unchecked"[39m
                  [33mrole[39m=[32m"checkbox"[39m
                  [33mtype[39m=[32m"button"[39m
                  [33mvalue[39m=[32m"on"[39m
                [36m/>[39m
              [36m</td>[39m
              [36m<td[39m
                [33mclass[39m=[32m"p-2 align-middle whitespace-nowrap [&:has([role=checkbox])]:pr-0 [&>[role=checkbox]]:translate-y-[2px]"[39m
                [33mdata-slot[39m=[32m"table-cell"[39m
              [36m>[39m
                [36m<button[39m
                  [33mclass[39m=[32m"text-left hover:text-primary"[39m
                [36m>[39m
                  [0mProduct 2[0m
                [36m</button>[39m
              [36m</td>[39m
              [36m<td[39m
                [33mclass[39m=[32m"p-2 align-middle whitespace-nowrap [&:has([role=checkbox])]:pr-0 [&>[role=checkbox]]:translate-y-[2px]"[39m
                [33mdata-slot[39m=[32m"table-cell"[39m
              [36m/>[39m
              [36m<td[39m
                [33mclass[39m=[32m"p-2 align-middle whitespace-nowrap [&:has([role=checkbox])]:pr-0 [&>[role=checkbox]]:translate-y-[2px]"[39m
                [33mdata-slot[39m=[32m"table-cell"[39m
              [36m>[39m
                [0minactive[0m
              [36m</td>[39m
              [36m<td[39m
                [33mclass[39m=[32m"p-2 align-middle whitespace-nowrap [&:has([role=checkbox])]:pr-0 [&>[role=checkbox]]:translate-y-[2px]"[39m
                [33mdata-slot[39m=[32m"table-cell"[39m
              [36m/>[39m
              [36m<td[39m
                [33mclass[39m=[32m"p-2 align-middle whitespace-nowrap [&:has([role=checkbox])]:pr-0 [&>[role=checkbox]]:translate-y-[2px]"[39m
                [33mdata-slot[39m=[32m"table-cell"[39m
              [36m>[39m
                [0mInvalid Date[0m
              [36m</td>[39m
            [36m</tr>[39m
          [36m</tbody>[39m
        [36m</table>[39m
      [36m</div>[39m
    [36m</div>[39m
    [36m<div[39m
      [33mclass[39m=[32m"mt-4"[39m
    [36m/>[39m
  [36m</div>[39m
[36m</body>[39m
[90m [2m❯[22m Object.getElementError node_modules/@testing-library/dom/dist/config.js:[2m37:19[22m[39m
[90m [2m❯[22m node_modules/@testing-library/dom/dist/query-helpers.js:[2m76:38[22m[39m
[90m [2m❯[22m node_modules/@testing-library/dom/dist/query-helpers.js:[2m52:17[22m[39m
[90m [2m❯[22m node_modules/@testing-library/dom/dist/query-helpers.js:[2m95:19[22m[39m
[36m [2m❯[22m src/components/__tests__/ProductsTable.test.tsx:[2m193:21[22m[39m
    [90m191| [39m      [34mrender[39m([33m<[39m[33mProductsTable[39m [33m{[39m[33m...[39mdefaultProps[33m}[39m [33m/[39m[33m>[39m)[33m;[39m
    [90m192| [39m
    [90m193| [39m      [34mexpect[39m(screen[33m.[39m[34mgetByRole[39m([32m"navigation"[39m))[33m.[39m[34mtoBeInTheDocument[39m()[33m;[39m
    [90m   | [39m                    [31m^[39m
    [90m194| [39m      expect(screen.getByRole("button", { name: /poprzednia/i })).toBe…
    [90m195| [39m      expect(screen.getByRole("button", { name: /następna/i })).toBeIn…

[31m[2m⎯⎯⎯⎯⎯⎯⎯⎯⎯⎯⎯⎯⎯⎯⎯⎯⎯⎯⎯⎯⎯⎯[21/70]⎯[22m[39m

[41m[1m FAIL [22m[49m src/lib/__tests__/encryption.test.ts[2m > [22mEncryption Module[2m > [22mencryptApiKey[2m > [22mshould encrypt API key and return encrypted string with IV
[31m[1mRangeError[22m: Invalid key length[39m
[36m [2m❯[22m encryptApiKey src/lib/encryption.ts:[2m8:18[22m[39m
    [90m  6| [39mexport function encryptApiKey(apiKey: string): { encrypted: string; iv…
    [90m  7| [39m  [35mconst[39m iv [33m=[39m [34mrandomBytes[39m([34m12[39m)[33m;[39m
    [90m  8| [39m  [35mconst[39m cipher [33m=[39m [34mcreateCipheriv[39m([33mALGORITHM[39m[33m,[39m [33mENCRYPTION_KEY[39m[33m,[39m iv)[33m;[39m
    [90m   | [39m                 [31m^[39m
    [90m  9| [39m
    [90m 10| [39m  const encrypted = Buffer.concat([cipher.update(apiKey, "utf8"), ciph…
[90m [2m❯[22m src/lib/__tests__/encryption.test.ts:[2m10:22[22m[39m

[31m[2m⎯⎯⎯⎯⎯⎯⎯⎯⎯⎯⎯⎯⎯⎯⎯⎯⎯⎯⎯⎯⎯⎯⎯⎯⎯⎯⎯⎯⎯⎯[22m[39m
[31m[1mSerialized Error:[22m[39m [90m{ code: 'ERR_CRYPTO_INVALID_KEYLEN' }[39m
[31m[2m⎯⎯⎯⎯⎯⎯⎯⎯⎯⎯⎯⎯⎯⎯⎯⎯⎯⎯⎯⎯⎯⎯[22/70]⎯[22m[39m

[41m[1m FAIL [22m[49m src/lib/__tests__/encryption.test.ts[2m > [22mEncryption Module[2m > [22mencryptApiKey[2m > [22mshould generate different encrypted values for same input
[31m[1mRangeError[22m: Invalid key length[39m
[36m [2m❯[22m encryptApiKey src/lib/encryption.ts:[2m8:18[22m[39m
    [90m  6| [39mexport function encryptApiKey(apiKey: string): { encrypted: string; iv…
    [90m  7| [39m  [35mconst[39m iv [33m=[39m [34mrandomBytes[39m([34m12[39m)[33m;[39m
    [90m  8| [39m  [35mconst[39m cipher [33m=[39m [34mcreateCipheriv[39m([33mALGORITHM[39m[33m,[39m [33mENCRYPTION_KEY[39m[33m,[39m iv)[33m;[39m
    [90m   | [39m                 [31m^[39m
    [90m  9| [39m
    [90m 10| [39m  const encrypted = Buffer.concat([cipher.update(apiKey, "utf8"), ciph…
[90m [2m❯[22m src/lib/__tests__/encryption.test.ts:[2m18:23[22m[39m

[31m[2m⎯⎯⎯⎯⎯⎯⎯⎯⎯⎯⎯⎯⎯⎯⎯⎯⎯⎯⎯⎯⎯⎯⎯⎯⎯⎯⎯⎯⎯⎯[22m[39m
[31m[1mSerialized Error:[22m[39m [90m{ code: 'ERR_CRYPTO_INVALID_KEYLEN' }[39m
[31m[2m⎯⎯⎯⎯⎯⎯⎯⎯⎯⎯⎯⎯⎯⎯⎯⎯⎯⎯⎯⎯⎯⎯[23/70]⎯[22m[39m

[41m[1m FAIL [22m[49m src/lib/__tests__/encryption.test.ts[2m > [22mEncryption Module[2m > [22mencryptApiKey[2m > [22mshould handle empty string
[31m[1mAssertionError[22m: expected [Function] to not throw an error but 'RangeError: Invalid key length' was thrown[39m

[32m- Expected:[39m 
undefined

[31m+ Received:[39m 
"RangeError: Invalid key length"

[36m [2m❯[22m src/lib/__tests__/encryption.test.ts:[2m25:43[22m[39m
    [90m 23| [39m
    [90m 24| [39m    [34mit[39m([32m"should handle empty string"[39m[33m,[39m () [33m=>[39m {
    [90m 25| [39m      [34mexpect[39m(() [33m=>[39m [34mencryptApiKey[39m([32m""[39m))[33m.[39mnot[33m.[39m[34mtoThrow[39m()[33m;[39m
    [90m   | [39m                                          [31m^[39m
    [90m 26| [39m    })[33m;[39m
    [90m 27| [39m

[31m[2m⎯⎯⎯⎯⎯⎯⎯⎯⎯⎯⎯⎯⎯⎯⎯⎯⎯⎯⎯⎯⎯⎯[24/70]⎯[22m[39m

[41m[1m FAIL [22m[49m src/lib/__tests__/encryption.test.ts[2m > [22mEncryption Module[2m > [22mencryptApiKey[2m > [22mshould handle special characters
[31m[1mAssertionError[22m: expected [Function] to not throw an error but 'RangeError: Invalid key length' was thrown[39m

[32m- Expected:[39m 
undefined

[31m+ Received:[39m 
"RangeError: Invalid key length"

[36m [2m❯[22m src/lib/__tests__/encryption.test.ts:[2m30:53[22m[39m
    [90m 28| [39m    [34mit[39m([32m"should handle special characters"[39m[33m,[39m () [33m=>[39m {
    [90m 29| [39m      [35mconst[39m specialChars [33m=[39m [32m"!@#$%^&*()_+-=[]{}|;:,.<>?"[39m[33m;[39m
    [90m 30| [39m      [34mexpect[39m(() [33m=>[39m [34mencryptApiKey[39m(specialChars))[33m.[39mnot[33m.[39m[34mtoThrow[39m()[33m;[39m
    [90m   | [39m                                                    [31m^[39m
    [90m 31| [39m    })[33m;[39m
    [90m 32| [39m  })[33m;[39m

[31m[2m⎯⎯⎯⎯⎯⎯⎯⎯⎯⎯⎯⎯⎯⎯⎯⎯⎯⎯⎯⎯⎯⎯[25/70]⎯[22m[39m

[41m[1m FAIL [22m[49m src/lib/__tests__/encryption.test.ts[2m > [22mEncryption Module[2m > [22mdecryptApiKey[2m > [22mshould correctly decrypt encrypted API key
[41m[1m FAIL [22m[49m src/lib/__tests__/encryption.test.ts[2m > [22mEncryption Module[2m > [22mdecryptApiKey[2m > [22mshould throw error for invalid encrypted data
[41m[1m FAIL [22m[49m src/lib/__tests__/encryption.test.ts[2m > [22mEncryption Module[2m > [22mdecryptApiKey[2m > [22mshould throw error for invalid IV
[41m[1m FAIL [22m[49m src/lib/__tests__/encryption.test.ts[2m > [22mEncryption Module[2m > [22mdecryptApiKey[2m > [22mshould handle encryption/decryption of large strings
[31m[1mRangeError[22m: Invalid key length[39m
[36m [2m❯[22m encryptApiKey src/lib/encryption.ts:[2m8:18[22m[39m
    [90m  6| [39mexport function encryptApiKey(apiKey: string): { encrypted: string; iv…
    [90m  7| [39m  [35mconst[39m iv [33m=[39m [34mrandomBytes[39m([34m12[39m)[33m;[39m
    [90m  8| [39m  [35mconst[39m cipher [33m=[39m [34mcreateCipheriv[39m([33mALGORITHM[39m[33m,[39m [33mENCRYPTION_KEY[39m[33m,[39m iv)[33m;[39m
    [90m   | [39m                 [31m^[39m
    [90m  9| [39m
    [90m 10| [39m  const encrypted = Buffer.concat([cipher.update(apiKey, "utf8"), ciph…
[90m [2m❯[22m src/lib/__tests__/encryption.test.ts:[2m36:23[22m[39m

[31m[2m⎯⎯⎯⎯⎯⎯⎯⎯⎯⎯⎯⎯⎯⎯⎯⎯⎯⎯⎯⎯⎯⎯⎯⎯⎯⎯⎯⎯⎯⎯[22m[39m
[31m[1mSerialized Error:[22m[39m [90m{ code: 'ERR_CRYPTO_INVALID_KEYLEN' }[39m
[31m[2m⎯⎯⎯⎯⎯⎯⎯⎯⎯⎯⎯⎯⎯⎯⎯⎯⎯⎯⎯⎯⎯⎯[26/70]⎯[22m[39m

[41m[1m FAIL [22m[49m src/lib/__tests__/encryption.test.ts[2m > [22mEncryption Module[2m > [22mEdge Cases and Security[2m > [22mshould not expose original key in encrypted form
[31m[1mRangeError[22m: Invalid key length[39m
[36m [2m❯[22m encryptApiKey src/lib/encryption.ts:[2m8:18[22m[39m
    [90m  6| [39mexport function encryptApiKey(apiKey: string): { encrypted: string; iv…
    [90m  7| [39m  [35mconst[39m iv [33m=[39m [34mrandomBytes[39m([34m12[39m)[33m;[39m
    [90m  8| [39m  [35mconst[39m cipher [33m=[39m [34mcreateCipheriv[39m([33mALGORITHM[39m[33m,[39m [33mENCRYPTION_KEY[39m[33m,[39m iv)[33m;[39m
    [90m   | [39m                 [31m^[39m
    [90m  9| [39m
    [90m 10| [39m  const encrypted = Buffer.concat([cipher.update(apiKey, "utf8"), ciph…
[90m [2m❯[22m src/lib/__tests__/encryption.test.ts:[2m62:22[22m[39m

[31m[2m⎯⎯⎯⎯⎯⎯⎯⎯⎯⎯⎯⎯⎯⎯⎯⎯⎯⎯⎯⎯⎯⎯⎯⎯⎯⎯⎯⎯⎯⎯[22m[39m
[31m[1mSerialized Error:[22m[39m [90m{ code: 'ERR_CRYPTO_INVALID_KEYLEN' }[39m
[31m[2m⎯⎯⎯⎯⎯⎯⎯⎯⎯⎯⎯⎯⎯⎯⎯⎯⎯⎯⎯⎯⎯⎯[27/70]⎯[22m[39m

[41m[1m FAIL [22m[49m src/lib/__tests__/encryption.test.ts[2m > [22mEncryption Module[2m > [22mEdge Cases and Security[2m > [22mshould handle unicode characters
[31m[1mRangeError[22m: Invalid key length[39m
[36m [2m❯[22m encryptApiKey src/lib/encryption.ts:[2m8:18[22m[39m
    [90m  6| [39mexport function encryptApiKey(apiKey: string): { encrypted: string; iv…
    [90m  7| [39m  [35mconst[39m iv [33m=[39m [34mrandomBytes[39m([34m12[39m)[33m;[39m
    [90m  8| [39m  [35mconst[39m cipher [33m=[39m [34mcreateCipheriv[39m([33mALGORITHM[39m[33m,[39m [33mENCRYPTION_KEY[39m[33m,[39m iv)[33m;[39m
    [90m   | [39m                 [31m^[39m
    [90m  9| [39m
    [90m 10| [39m  const encrypted = Buffer.concat([cipher.update(apiKey, "utf8"), ciph…
[90m [2m❯[22m src/lib/__tests__/encryption.test.ts:[2m68:25[22m[39m

[31m[2m⎯⎯⎯⎯⎯⎯⎯⎯⎯⎯⎯⎯⎯⎯⎯⎯⎯⎯⎯⎯⎯⎯⎯⎯⎯⎯⎯⎯⎯⎯[22m[39m
[31m[1mSerialized Error:[22m[39m [90m{ code: 'ERR_CRYPTO_INVALID_KEYLEN' }[39m
[31m[2m⎯⎯⎯⎯⎯⎯⎯⎯⎯⎯⎯⎯⎯⎯⎯⎯⎯⎯⎯⎯⎯⎯[28/70]⎯[22m[39m

[41m[1m FAIL [22m[49m src/lib/services/__tests__/product-description-generator.test.ts[2m > [22mProductDescriptionGeneratorService[2m > [22mGeneration Configuration[2m > [22mshould handle all generation styles
[31m[1mAssertionError[22m: expected "spy" to be called at least once[39m
[36m [2m❯[22m src/lib/services/__tests__/product-description-generator.test.ts:[2m55:44[22m[39m
    [90m 53| [39m          language[33m:[39m [32m"pl"[39m[33m,[39m
    [90m 54| [39m        })[33m;[39m
    [90m 55| [39m        [34mexpect[39m(service[[32m"openRouter"[39m][33m.[39mchat)[33m.[39m[34mtoHaveBeenCalled[39m()[33m;[39m
    [90m   | [39m                                           [31m^[39m
    [90m 56| [39m      }
    [90m 57| [39m    })[33m;[39m

[31m[2m⎯⎯⎯⎯⎯⎯⎯⎯⎯⎯⎯⎯⎯⎯⎯⎯⎯⎯⎯⎯⎯⎯[29/70]⎯[22m[39m

[41m[1m FAIL [22m[49m src/lib/services/__tests__/product-description-generator.test.ts[2m > [22mProductDescriptionGeneratorService[2m > [22mGeneration Configuration[2m > [22mshould handle all supported languages
[31m[1mAssertionError[22m: expected "spy" to be called at least once[39m
[36m [2m❯[22m src/lib/services/__tests__/product-description-generator.test.ts:[2m66:44[22m[39m
    [90m 64| [39m          language[33m,[39m
    [90m 65| [39m        })[33m;[39m
    [90m 66| [39m        [34mexpect[39m(service[[32m"openRouter"[39m][33m.[39mchat)[33m.[39m[34mtoHaveBeenCalled[39m()[33m;[39m
    [90m   | [39m                                           [31m^[39m
    [90m 67| [39m      }
    [90m 68| [39m    })[33m;[39m

[31m[2m⎯⎯⎯⎯⎯⎯⎯⎯⎯⎯⎯⎯⎯⎯⎯⎯⎯⎯⎯⎯⎯⎯[30/70]⎯[22m[39m

[41m[1m FAIL [22m[49m src/lib/services/__tests__/product-description-generator.test.ts[2m > [22mProductDescriptionGeneratorService[2m > [22mDescription Generation[2m > [22mshould include product details in generation prompt
[31m[1mTypeError[22m: Cannot read properties of undefined (reading '0')[39m
[36m [2m❯[22m src/lib/services/__tests__/product-description-generator.test.ts:[2m89:74[22m[39m
    [90m 87| [39m      })[33m;[39m
    [90m 88| [39m
    [90m 89| [39m      const chatCall = vi.mocked(service["openRouter"].chat).mock.call…
    [90m   | [39m                                                                         [31m^[39m
    [90m 90| [39m      expect(chatCall.messages[0].content).toContain(mockProductData.n…
    [90m 91| [39m      expect(chatCall.messages[0].content).toContain(mockProductData.d…

[31m[2m⎯⎯⎯⎯⎯⎯⎯⎯⎯⎯⎯⎯⎯⎯⎯⎯⎯⎯⎯⎯⎯⎯[31/70]⎯[22m[39m

[41m[1m FAIL [22m[49m src/lib/services/__tests__/product-description-generator.test.ts[2m > [22mProductDescriptionGeneratorService[2m > [22mError Handling[2m > [22mshould handle API errors gracefully
[31m[1mAssertionError[22m: promise resolved "{ …(3) }" instead of rejecting[39m

[32m- Expected[39m
[31m+ Received[39m

[32m- Error {[39m
[32m-   "message": "rejected promise",[39m
[31m+ {[39m
[31m+   "longDescription": "Test Product to produkt wysokiej jakości, który spełni Twoje oczekiwania.",[39m
[31m+   "metaDescription": "Odkryj Test Product - produkt, który zmieni Twoje życie. Sprawdź już teraz!",[39m
[31m+   "shortDescription": "Test Product - wysokiej jakości produkt",[39m
[2m  }[22m

[36m [2m❯[22m src/lib/services/__tests__/product-description-generator.test.ts:[2m127:7[22m[39m
    [90m125| [39m          language[33m:[39m [32m"pl"[39m[33m,[39m
    [90m126| [39m        })
    [90m127| [39m      )[33m.[39mrejects[33m.[39m[34mtoThrow[39m([32m"API Error"[39m)[33m;[39m
    [90m   | [39m      [31m^[39m
    [90m128| [39m    })[33m;[39m
    [90m129| [39m

[31m[2m⎯⎯⎯⎯⎯⎯⎯⎯⎯⎯⎯⎯⎯⎯⎯⎯⎯⎯⎯⎯⎯⎯[32/70]⎯[22m[39m

[41m[1m FAIL [22m[49m src/lib/services/__tests__/product-description-generator.test.ts[2m > [22mProductDescriptionGeneratorService[2m > [22mError Handling[2m > [22mshould retry on temporary failures
[31m[1mAssertionError[22m: expected "spy" to be called 2 times, but got 0 times[39m
[36m [2m❯[22m src/lib/services/__tests__/product-description-generator.test.ts:[2m144:42[22m[39m
    [90m142| [39m
    [90m143| [39m      [34mexpect[39m(result)[33m.[39m[34mtoBeDefined[39m()[33m;[39m
    [90m144| [39m      [34mexpect[39m(service[[32m"openRouter"[39m][33m.[39mchat)[33m.[39m[34mtoHaveBeenCalledTimes[39m([34m2[39m)[33m;[39m
    [90m   | [39m                                         [31m^[39m
    [90m145| [39m    })[33m;[39m
    [90m146| [39m  })[33m;[39m

[31m[2m⎯⎯⎯⎯⎯⎯⎯⎯⎯⎯⎯⎯⎯⎯⎯⎯⎯⎯⎯⎯⎯⎯[33/70]⎯[22m[39m

[41m[1m FAIL [22m[49m src/lib/services/__tests__/product-description-generator.test.ts[2m > [22mProductDescriptionGeneratorService[2m > [22mContent Quality[2m > [22mshould adapt tone based on style selection
[31m[1mTypeError[22m: Cannot read properties of undefined (reading '0')[39m
[36m [2m❯[22m src/lib/services/__tests__/product-description-generator.test.ts:[2m180:35[22m[39m
    [90m178| [39m        language[33m:[39m [32m"pl"[39m[33m,[39m
    [90m179| [39m      })[33m;[39m
    [90m180| [39m      expect(mockChat.mock.calls[0][0].messages[0].content).toContain(…
    [90m   | [39m                                  [31m^[39m
    [90m181| [39m
    [90m182| [39m      [35mawait[39m service[33m.[39m[34mgenerateDescription[39m(mockProductData[33m,[39m {

[31m[2m⎯⎯⎯⎯⎯⎯⎯⎯⎯⎯⎯⎯⎯⎯⎯⎯⎯⎯⎯⎯⎯⎯[34/70]⎯[22m[39m

[41m[1m FAIL [22m[49m src/components/actions/BulkActionsBar/__tests__/BulkActionsBar.test.tsx[2m > [22mBulkActionsBar[2m > [22mdisables generate button when selectedCount is 0
[31m[1mTestingLibraryElementError[22m: Unable to find an accessible element with the role "button" and name "Generuj opisy dla 0 produktów"

There are no accessible roles. But there might be some inaccessible roles. If you wish to access them, then set the `hidden` option to `true`. Learn more about this here: https://testing-library.com/docs/dom-testing-library/api-queries#byrole

Ignored nodes: comments, script, style
[36m<body>[31m
  [36m<div />[31m
[36m</body>[31m[39m
[90m [2m❯[22m Object.getElementError node_modules/@testing-library/dom/dist/config.js:[2m37:19[22m[39m
[90m [2m❯[22m node_modules/@testing-library/dom/dist/query-helpers.js:[2m76:38[22m[39m
[90m [2m❯[22m node_modules/@testing-library/dom/dist/query-helpers.js:[2m52:17[22m[39m
[90m [2m❯[22m node_modules/@testing-library/dom/dist/query-helpers.js:[2m95:19[22m[39m
[36m [2m❯[22m src/components/actions/BulkActionsBar/__tests__/BulkActionsBar.test.tsx:[2m83:35[22m[39m
    [90m 81| [39m    [34mrender[39m([33m<[39m[33mBulkActionsBar[39m [33m{[39m[33m...[39mdefaultProps[33m}[39m [33mselectedCount[39m[33m=[39m[33m{[39m[34m0[39m[33m}[39m [33m/[39m[33m>[39m)[33m;[39m
    [90m 82| [39m
    [90m 83| [39m    [35mconst[39m generateButton [33m=[39m screen[33m.[39m[34mgetByRole[39m([32m"button"[39m[33m,[39m {
    [90m   | [39m                                  [31m^[39m
    [90m 84| [39m      name[33m:[39m [33mBUTTON_ARIA_LABELS[39m[33m.[39m[33mGENERATE[39m[33m.[39m[34mreplace[39m([32m"{count}"[39m[33m,[39m [32m"0"[39m)[33m,[39m
    [90m 85| [39m    })[33m;[39m

[31m[2m⎯⎯⎯⎯⎯⎯⎯⎯⎯⎯⎯⎯⎯⎯⎯⎯⎯⎯⎯⎯⎯⎯[35/70]⎯[22m[39m

[41m[1m FAIL [22m[49m src/components/filters/FilterDropdown/__tests__/FilterDropdown.test.tsx[2m > [22mFilterDropdown[2m > [22mrenders with default props
[31m[1mError[22m: [2mexpect([22m[31melement[31m[2m).toHaveAttribute([22m[32m[32m"placeholder"[32m[31m[2m, [22m[32m[32m"Wybierz status"[32m[31m[2m) // element.getAttribute("placeholder") === "Wybierz status"[22m

Expected the element to have attribute:
[32m  placeholder="Wybierz status"[31m
Received:
[31m  null[31m[39m
[36m [2m❯[22m src/components/filters/FilterDropdown/__tests__/FilterDropdown.test.tsx:[2m21:42[22m[39m
    [90m 19| [39m
    [90m 20| [39m    [34mexpect[39m(screen[33m.[39m[34mgetByText[39m([33mDEFAULT_LABEL[39m))[33m.[39m[34mtoBeInTheDocument[39m()[33m;[39m
    [90m 21| [39m    expect(screen.getByRole("combobox")).toHaveAttribute("placeholder"…
    [90m   | [39m                                         [31m^[39m
    [90m 22| [39m  })[33m;[39m
    [90m 23| [39m

[31m[2m⎯⎯⎯⎯⎯⎯⎯⎯⎯⎯⎯⎯⎯⎯⎯⎯⎯⎯⎯⎯⎯⎯[36/70]⎯[22m[39m

[41m[1m FAIL [22m[49m src/components/filters/FilterDropdown/__tests__/FilterDropdown.test.tsx[2m > [22mFilterDropdown[2m > [22mrenders with custom label and placeholder
[31m[1mError[22m: [2mexpect([22m[31melement[31m[2m).toHaveAttribute([22m[32m[32m"placeholder"[32m[31m[2m, [22m[32m[32m"Custom Placeholder"[32m[31m[2m) // element.getAttribute("placeholder") === "Custom Placeholder"[22m

Expected the element to have attribute:
[32m  placeholder="Custom Placeholder"[31m
Received:
[31m  null[31m[39m
[36m [2m❯[22m src/components/filters/FilterDropdown/__tests__/FilterDropdown.test.tsx:[2m30:42[22m[39m
    [90m 28| [39m
    [90m 29| [39m    [34mexpect[39m(screen[33m.[39m[34mgetByText[39m(customLabel))[33m.[39m[34mtoBeInTheDocument[39m()[33m;[39m
    [90m 30| [39m    expect(screen.getByRole("combobox")).toHaveAttribute("placeholder"…
    [90m   | [39m                                         [31m^[39m
    [90m 31| [39m  })[33m;[39m
    [90m 32| [39m

[31m[2m⎯⎯⎯⎯⎯⎯⎯⎯⎯⎯⎯⎯⎯⎯⎯⎯⎯⎯⎯⎯⎯⎯[37/70]⎯[22m[39m

[41m[1m FAIL [22m[49m src/components/filters/FilterDropdown/__tests__/FilterDropdown.test.tsx[2m > [22mFilterDropdown[2m > [22mshows all options when clicked
[31m[1mTestingLibraryElementError[22m: Unable to find an accessible element with the role "option" and name "Wszystkie"

Here are the accessible roles:

  combobox:

  Name "Status produktu":
  [36m<button[31m
    [33maria-autocomplete[31m=[32m"none"[31m
    [33maria-controls[31m=[32m"radix-«rg»"[31m
    [33maria-expanded[31m=[32m"false"[31m
    [33mclass[31m=[32m"border-input data-[placeholder]:text-muted-foreground [&_svg:not([class*='text-'])]:text-muted-foreground focus-visible:border-ring focus-visible:ring-ring/50 aria-invalid:ring-destructive/20 dark:aria-invalid:ring-destructive/40 aria-invalid:border-destructive dark:bg-input/30 dark:hover:bg-input/50 flex items-center justify-between gap-2 rounded-md border bg-transparent px-3 py-2 text-sm whitespace-nowrap shadow-xs transition-[color,box-shadow] outline-none focus-visible:ring-[3px] disabled:cursor-not-allowed disabled:opacity-50 data-[size=default]:h-9 data-[size=sm]:h-8 *:data-[slot=select-value]:line-clamp-1 *:data-[slot=select-value]:flex *:data-[slot=select-value]:items-center *:data-[slot=select-value]:gap-2 [&_svg]:pointer-events-none [&_svg]:shrink-0 [&_svg:not([class*='size-'])]:size-4 w-[200px]"[31m
    [33mdata-size[31m=[32m"default"[31m
    [33mdata-slot[31m=[32m"select-trigger"[31m
    [33mdata-state[31m=[32m"closed"[31m
    [33mdir[31m=[32m"ltr"[31m
    [33mid[31m=[32m"«rf»"[31m
    [33mrole[31m=[32m"combobox"[31m
    [33mtype[31m=[32m"button"[31m
  [36m/>[31m

  --------------------------------------------------

Ignored nodes: comments, script, style
[36m<body>[31m
  [36m<div>[31m
    [36m<div[31m
      [33mclass[31m=[32m"space-y-2"[31m
    [36m>[31m
      [36m<label[31m
        [33mclass[31m=[32m"flex items-center gap-2 text-sm leading-none font-medium select-none group-data-[disabled=true]:pointer-events-none group-data-[disabled=true]:opacity-50 peer-disabled:cursor-not-allowed peer-disabled:opacity-50"[31m
        [33mdata-slot[31m=[32m"label"[31m
        [33mfor[31m=[32m"«rf»"[31m
      [36m>[31m
        [0mStatus produktu[0m
      [36m</label>[31m
      [36m<button[31m
        [33maria-autocomplete[31m=[32m"none"[31m
        [33maria-controls[31m=[32m"radix-«rg»"[31m
        [33maria-expanded[31m=[32m"false"[31m
        [33mclass[31m=[32m"border-input data-[placeholder]:text-muted-foreground [&_svg:not([class*='text-'])]:text-muted-foreground focus-visible:border-ring focus-visible:ring-ring/50 aria-invalid:ring-destructive/20 dark:aria-invalid:ring-destructive/40 aria-invalid:border-destructive dark:bg-input/30 dark:hover:bg-input/50 flex items-center justify-between gap-2 rounded-md border bg-transparent px-3 py-2 text-sm whitespace-nowrap shadow-xs transition-[color,box-shadow] outline-none focus-visible:ring-[3px] disabled:cursor-not-allowed disabled:opacity-50 data-[size=default]:h-9 data-[size=sm]:h-8 *:data-[slot=select-value]:line-clamp-1 *:data-[slot=select-value]:flex *:data-[slot=select-value]:items-center *:data-[slot=select-value]:gap-2 [&_svg]:pointer-events-none [&_svg]:shrink-0 [&_svg:not([class*='size-'])]:size-4 w-[200px]"[31m
        [33mdata-size[31m=[32m"default"[31m
        [33mdata-slot[31m=[32m"select-trigger"[31m
        [33mdata-state[31m=[32m"closed"[31m
        [33mdir[31m=[32m"ltr"[31m
        [33mid[31m=[32m"«rf»"[31m
        [33mrole[31m=[32m"combobox"[31m
        [33mtype[31m=[32m"button"[31m
      [36m>[31m
        [36m<span[31m
          [33mdata-slot[31m=[32m"select-value"[31m
          [33mstyle[31m=[32m"pointer-events: none;"[31m
        [36m>[31m
          [0mWszystkie[0m
        [36m</span>[31m
        [36m<svg[31m
          [33maria-hidden[31m=[32m"true"[31m
          [33mclass[31m=[32m"lucide lucide-chevron-down size-4 opacity-50"[31m
          [33mfill[31m=[32m"none"[31m
          [33mheight[31m=[32m"24"[31m
          [33mstroke[31m=[32m"currentColor"[31m
          [33mstroke-linecap[31m=[32m"round"[31m
          [33mstroke-linejoin[31m=[32m"round"[31m
          [33mstroke-width[31m=[32m"2"[31m
          [33mviewBox[31m=[32m"0 0 24 24"[31m
          [33mwidth[31m=[32m"24"[31m
          [33mxmlns[31m=[32m"http://www.w3.org/2000/svg"[31m
        [36m>[31m
          [36m<path[31m
            [33md[31m=[32m"m6 9 6 6 6-6"[31m
          [36m/>[31m
        [36m</svg>[31m
      [36m</button>[31m
    [36m</div>[31m
  [36m</div>[31m
[36m</body>[31m[39m
[90m [2m❯[22m Object.getElementError node_modules/@testing-library/dom/dist/config.js:[2m37:19[22m[39m
[90m [2m❯[22m node_modules/@testing-library/dom/dist/query-helpers.js:[2m76:38[22m[39m
[90m [2m❯[22m node_modules/@testing-library/dom/dist/query-helpers.js:[2m52:17[22m[39m
[90m [2m❯[22m node_modules/@testing-library/dom/dist/query-helpers.js:[2m95:19[22m[39m
[36m [2m❯[22m src/components/filters/FilterDropdown/__tests__/FilterDropdown.test.tsx:[2m47:21[22m[39m
    [90m 45| [39m
    [90m 46| [39m    [33mFILTER_OPTIONS[39m[33m.[39m[34mforEach[39m((option) [33m=>[39m {
    [90m 47| [39m      expect(screen.getByRole("option", { name: option.label })).toBeI…
    [90m   | [39m                    [31m^[39m
    [90m 48| [39m    })[33m;[39m
    [90m 49| [39m  })[33m;[39m
[90m [2m❯[22m src/components/filters/FilterDropdown/__tests__/FilterDropdown.test.tsx:[2m46:20[22m[39m

[31m[2m⎯⎯⎯⎯⎯⎯⎯⎯⎯⎯⎯⎯⎯⎯⎯⎯⎯⎯⎯⎯⎯⎯[38/70]⎯[22m[39m

[41m[1m FAIL [22m[49m src/components/filters/FilterDropdown/__tests__/FilterDropdown.test.tsx[2m > [22mFilterDropdown[2m > [22mcalls onChange with selected value
[31m[1mTestingLibraryElementError[22m: Unable to find an accessible element with the role "option" and name "Opublikowane"

Here are the accessible roles:

  combobox:

  Name "Status produktu":
  [36m<button[31m
    [33maria-autocomplete[31m=[32m"none"[31m
    [33maria-controls[31m=[32m"radix-«rl»"[31m
    [33maria-expanded[31m=[32m"false"[31m
    [33mclass[31m=[32m"border-input data-[placeholder]:text-muted-foreground [&_svg:not([class*='text-'])]:text-muted-foreground focus-visible:border-ring focus-visible:ring-ring/50 aria-invalid:ring-destructive/20 dark:aria-invalid:ring-destructive/40 aria-invalid:border-destructive dark:bg-input/30 dark:hover:bg-input/50 flex items-center justify-between gap-2 rounded-md border bg-transparent px-3 py-2 text-sm whitespace-nowrap shadow-xs transition-[color,box-shadow] outline-none focus-visible:ring-[3px] disabled:cursor-not-allowed disabled:opacity-50 data-[size=default]:h-9 data-[size=sm]:h-8 *:data-[slot=select-value]:line-clamp-1 *:data-[slot=select-value]:flex *:data-[slot=select-value]:items-center *:data-[slot=select-value]:gap-2 [&_svg]:pointer-events-none [&_svg]:shrink-0 [&_svg:not([class*='size-'])]:size-4 w-[200px]"[31m
    [33mdata-size[31m=[32m"default"[31m
    [33mdata-slot[31m=[32m"select-trigger"[31m
    [33mdata-state[31m=[32m"closed"[31m
    [33mdir[31m=[32m"ltr"[31m
    [33mid[31m=[32m"«rk»"[31m
    [33mrole[31m=[32m"combobox"[31m
    [33mtype[31m=[32m"button"[31m
  [36m/>[31m

  --------------------------------------------------

Ignored nodes: comments, script, style
[36m<body>[31m
  [36m<div>[31m
    [36m<div[31m
      [33mclass[31m=[32m"space-y-2"[31m
    [36m>[31m
      [36m<label[31m
        [33mclass[31m=[32m"flex items-center gap-2 text-sm leading-none font-medium select-none group-data-[disabled=true]:pointer-events-none group-data-[disabled=true]:opacity-50 peer-disabled:cursor-not-allowed peer-disabled:opacity-50"[31m
        [33mdata-slot[31m=[32m"label"[31m
        [33mfor[31m=[32m"«rk»"[31m
      [36m>[31m
        [0mStatus produktu[0m
      [36m</label>[31m
      [36m<button[31m
        [33maria-autocomplete[31m=[32m"none"[31m
        [33maria-controls[31m=[32m"radix-«rl»"[31m
        [33maria-expanded[31m=[32m"false"[31m
        [33mclass[31m=[32m"border-input data-[placeholder]:text-muted-foreground [&_svg:not([class*='text-'])]:text-muted-foreground focus-visible:border-ring focus-visible:ring-ring/50 aria-invalid:ring-destructive/20 dark:aria-invalid:ring-destructive/40 aria-invalid:border-destructive dark:bg-input/30 dark:hover:bg-input/50 flex items-center justify-between gap-2 rounded-md border bg-transparent px-3 py-2 text-sm whitespace-nowrap shadow-xs transition-[color,box-shadow] outline-none focus-visible:ring-[3px] disabled:cursor-not-allowed disabled:opacity-50 data-[size=default]:h-9 data-[size=sm]:h-8 *:data-[slot=select-value]:line-clamp-1 *:data-[slot=select-value]:flex *:data-[slot=select-value]:items-center *:data-[slot=select-value]:gap-2 [&_svg]:pointer-events-none [&_svg]:shrink-0 [&_svg:not([class*='size-'])]:size-4 w-[200px]"[31m
        [33mdata-size[31m=[32m"default"[31m
        [33mdata-slot[31m=[32m"select-trigger"[31m
        [33mdata-state[31m=[32m"closed"[31m
        [33mdir[31m=[32m"ltr"[31m
        [33mid[31m=[32m"«rk»"[31m
        [33mrole[31m=[32m"combobox"[31m
        [33mtype[31m=[32m"button"[31m
      [36m>[31m
        [36m<span[31m
          [33mdata-slot[31m=[32m"select-value"[31m
          [33mstyle[31m=[32m"pointer-events: none;"[31m
        [36m>[31m
          [0mWszystkie[0m
        [36m</span>[31m
        [36m<svg[31m
          [33maria-hidden[31m=[32m"true"[31m
          [33mclass[31m=[32m"lucide lucide-chevron-down size-4 opacity-50"[31m
          [33mfill[31m=[32m"none"[31m
          [33mheight[31m=[32m"24"[31m
          [33mstroke[31m=[32m"currentColor"[31m
          [33mstroke-linecap[31m=[32m"round"[31m
          [33mstroke-linejoin[31m=[32m"round"[31m
          [33mstroke-width[31m=[32m"2"[31m
          [33mviewBox[31m=[32m"0 0 24 24"[31m
          [33mwidth[31m=[32m"24"[31m
          [33mxmlns[31m=[32m"http://www.w3.org/2000/svg"[31m
        [36m>[31m
          [36m<path[31m
            [33md[31m=[32m"m6 9 6 6 6-6"[31m
          [36m/>[31m
        [36m</svg>[31m
      [36m</button>[31m
    [36m</div>[31m
  [36m</div>[31m
[36m</body>[31m[39m
[90m [2m❯[22m Object.getElementError node_modules/@testing-library/dom/dist/config.js:[2m37:19[22m[39m
[90m [2m❯[22m node_modules/@testing-library/dom/dist/query-helpers.js:[2m76:38[22m[39m
[90m [2m❯[22m node_modules/@testing-library/dom/dist/query-helpers.js:[2m52:17[22m[39m
[90m [2m❯[22m node_modules/@testing-library/dom/dist/query-helpers.js:[2m95:19[22m[39m
[36m [2m❯[22m src/components/filters/FilterDropdown/__tests__/FilterDropdown.test.tsx:[2m57:27[22m[39m
    [90m 55| [39m    [35mawait[39m userEvent[33m.[39m[34mclick[39m(trigger)[33m;[39m
    [90m 56| [39m
    [90m 57| [39m    const option = screen.getByRole("option", { name: "Opublikowane" }…
    [90m   | [39m                          [31m^[39m
    [90m 58| [39m    [35mawait[39m userEvent[33m.[39m[34mclick[39m(option)[33m;[39m
    [90m 59| [39m

[31m[2m⎯⎯⎯⎯⎯⎯⎯⎯⎯⎯⎯⎯⎯⎯⎯⎯⎯⎯⎯⎯⎯⎯[39/70]⎯[22m[39m

[41m[1m FAIL [22m[49m src/components/filters/JobStatusFilter/__tests__/JobStatusFilter.test.tsx[2m > [22mJobStatusFilter[2m > [22mrenders with default props
[31m[1mError[22m: [2mexpect([22m[31melement[31m[2m).toHaveAttribute([22m[32m[32m"placeholder"[32m[31m[2m, [22m[32m[32m"Wybierz status"[32m[31m[2m) // element.getAttribute("placeholder") === "Wybierz status"[22m

Expected the element to have attribute:
[32m  placeholder="Wybierz status"[31m
Received:
[31m  null[31m[39m
[36m [2m❯[22m src/components/filters/JobStatusFilter/__tests__/JobStatusFilter.test.tsx:[2m21:42[22m[39m
    [90m 19| [39m
    [90m 20| [39m    [34mexpect[39m(screen[33m.[39m[34mgetByText[39m([33mDEFAULT_LABEL[39m))[33m.[39m[34mtoBeInTheDocument[39m()[33m;[39m
    [90m 21| [39m    expect(screen.getByRole("combobox")).toHaveAttribute("placeholder"…
    [90m   | [39m                                         [31m^[39m
    [90m 22| [39m  })[33m;[39m
    [90m 23| [39m

[31m[2m⎯⎯⎯⎯⎯⎯⎯⎯⎯⎯⎯⎯⎯⎯⎯⎯⎯⎯⎯⎯⎯⎯[40/70]⎯[22m[39m

[41m[1m FAIL [22m[49m src/components/filters/JobStatusFilter/__tests__/JobStatusFilter.test.tsx[2m > [22mJobStatusFilter[2m > [22mrenders with custom label and placeholder
[31m[1mError[22m: [2mexpect([22m[31melement[31m[2m).toHaveAttribute([22m[32m[32m"placeholder"[32m[31m[2m, [22m[32m[32m"Custom Placeholder"[32m[31m[2m) // element.getAttribute("placeholder") === "Custom Placeholder"[22m

Expected the element to have attribute:
[32m  placeholder="Custom Placeholder"[31m
Received:
[31m  null[31m[39m
[36m [2m❯[22m src/components/filters/JobStatusFilter/__tests__/JobStatusFilter.test.tsx:[2m31:42[22m[39m
    [90m 29| [39m
    [90m 30| [39m    [34mexpect[39m(screen[33m.[39m[34mgetByText[39m(customLabel))[33m.[39m[34mtoBeInTheDocument[39m()[33m;[39m
    [90m 31| [39m    expect(screen.getByRole("combobox")).toHaveAttribute("placeholder"…
    [90m   | [39m                                         [31m^[39m
    [90m 32| [39m  })[33m;[39m
    [90m 33| [39m

[31m[2m⎯⎯⎯⎯⎯⎯⎯⎯⎯⎯⎯⎯⎯⎯⎯⎯⎯⎯⎯⎯⎯⎯[41/70]⎯[22m[39m

[41m[1m FAIL [22m[49m src/components/filters/JobStatusFilter/__tests__/JobStatusFilter.test.tsx[2m > [22mJobStatusFilter[2m > [22mrenders all status options
[31m[1mTestingLibraryElementError[22m: Unable to find an element with the text: Oczekujące. This could be because the text is broken up by multiple elements. In this case, you can provide a function for your text matcher to make your matcher more flexible.

Ignored nodes: comments, script, style
[36m<body>[31m
  [36m<div>[31m
    [36m<div[31m
      [33mclass[31m=[32m"space-y-2"[31m
    [36m>[31m
      [36m<label[31m
        [33mclass[31m=[32m"flex items-center gap-2 text-sm leading-none font-medium select-none group-data-[disabled=true]:pointer-events-none group-data-[disabled=true]:opacity-50 peer-disabled:cursor-not-allowed peer-disabled:opacity-50"[31m
        [33mdata-slot[31m=[32m"label"[31m
        [33mfor[31m=[32m"«rg»"[31m
      [36m>[31m
        [0mStatus zlecenia[0m
      [36m</label>[31m
      [36m<button[31m
        [33maria-autocomplete[31m=[32m"none"[31m
        [33maria-controls[31m=[32m"radix-«rh»"[31m
        [33maria-expanded[31m=[32m"false"[31m
        [33mclass[31m=[32m"border-input data-[placeholder]:text-muted-foreground [&_svg:not([class*='text-'])]:text-muted-foreground focus-visible:border-ring focus-visible:ring-ring/50 aria-invalid:ring-destructive/20 dark:aria-invalid:ring-destructive/40 aria-invalid:border-destructive dark:bg-input/30 dark:hover:bg-input/50 flex items-center justify-between gap-2 rounded-md border bg-transparent px-3 py-2 text-sm whitespace-nowrap shadow-xs transition-[color,box-shadow] outline-none focus-visible:ring-[3px] disabled:cursor-not-allowed disabled:opacity-50 data-[size=default]:h-9 data-[size=sm]:h-8 *:data-[slot=select-value]:line-clamp-1 *:data-[slot=select-value]:flex *:data-[slot=select-value]:items-center *:data-[slot=select-value]:gap-2 [&_svg]:pointer-events-none [&_svg]:shrink-0 [&_svg:not([class*='size-'])]:size-4 w-[200px]"[31m
        [33mdata-size[31m=[32m"default"[31m
        [33mdata-slot[31m=[32m"select-trigger"[31m
        [33mdata-state[31m=[32m"closed"[31m
        [33mdir[31m=[32m"ltr"[31m
        [33mid[31m=[32m"«rg»"[31m
        [33mrole[31m=[32m"combobox"[31m
        [33mtype[31m=[32m"button"[31m
      [36m>[31m
        [36m<span[31m
          [33mdata-slot[31m=[32m"select-value"[31m
          [33mstyle[31m=[32m"pointer-events: none;"[31m
        [36m>[31m
          [0mWszystkie[0m
        [36m</span>[31m
        [36m<svg[31m
          [33maria-hidden[31m=[32m"true"[31m
          [33mclass[31m=[32m"lucide lucide-chevron-down size-4 opacity-50"[31m
          [33mfill[31m=[32m"none"[31m
          [33mheight[31m=[32m"24"[31m
          [33mstroke[31m=[32m"currentColor"[31m
          [33mstroke-linecap[31m=[32m"round"[31m
          [33mstroke-linejoin[31m=[32m"round"[31m
          [33mstroke-width[31m=[32m"2"[31m
          [33mviewBox[31m=[32m"0 0 24 24"[31m
          [33mwidth[31m=[32m"24"[31m
          [33mxmlns[31m=[32m"http://www.w3.org/2000/svg"[31m
        [36m>[31m
          [36m<path[31m
            [33md[31m=[32m"m6 9 6 6 6-6"[31m
          [36m/>[31m
        [36m</svg>[31m
      [36m</button>[31m
    [36m</div>[31m
  [36m</div>[31m
[36m</body>[31m[39m
[90m [2m❯[22m Object.getElementError node_modules/@testing-library/dom/dist/config.js:[2m37:19[22m[39m
[90m [2m❯[22m node_modules/@testing-library/dom/dist/query-helpers.js:[2m76:38[22m[39m
[90m [2m❯[22m node_modules/@testing-library/dom/dist/query-helpers.js:[2m52:17[22m[39m
[90m [2m❯[22m node_modules/@testing-library/dom/dist/query-helpers.js:[2m95:19[22m[39m
[36m [2m❯[22m src/components/filters/JobStatusFilter/__tests__/JobStatusFilter.test.tsx:[2m41:21[22m[39m
    [90m 39| [39m
    [90m 40| [39m    [33mSTATUS_OPTIONS[39m[33m.[39m[34mforEach[39m((option) [33m=>[39m {
    [90m 41| [39m      [34mexpect[39m(screen[33m.[39m[34mgetByText[39m(option[33m.[39mlabel))[33m.[39m[34mtoBeInTheDocument[39m()[33m;[39m
    [90m   | [39m                    [31m^[39m
    [90m 42| [39m    })[33m;[39m
    [90m 43| [39m  })[33m;[39m
[90m [2m❯[22m src/components/filters/JobStatusFilter/__tests__/JobStatusFilter.test.tsx:[2m40:20[22m[39m

[31m[2m⎯⎯⎯⎯⎯⎯⎯⎯⎯⎯⎯⎯⎯⎯⎯⎯⎯⎯⎯⎯⎯⎯[42/70]⎯[22m[39m

[41m[1m FAIL [22m[49m src/components/filters/JobStatusFilter/__tests__/JobStatusFilter.test.tsx[2m > [22mJobStatusFilter[2m > [22mcalls onChange when selecting an option
[31m[1mTestingLibraryElementError[22m: Unable to find an element with the text: Zakończone. This could be because the text is broken up by multiple elements. In this case, you can provide a function for your text matcher to make your matcher more flexible.

Ignored nodes: comments, script, style
[36m<body>[31m
  [36m<div>[31m
    [36m<div[31m
      [33mclass[31m=[32m"space-y-2"[31m
    [36m>[31m
      [36m<label[31m
        [33mclass[31m=[32m"flex items-center gap-2 text-sm leading-none font-medium select-none group-data-[disabled=true]:pointer-events-none group-data-[disabled=true]:opacity-50 peer-disabled:cursor-not-allowed peer-disabled:opacity-50"[31m
        [33mdata-slot[31m=[32m"label"[31m
        [33mfor[31m=[32m"«r10»"[31m
      [36m>[31m
        [0mStatus zlecenia[0m
      [36m</label>[31m
      [36m<button[31m
        [33maria-autocomplete[31m=[32m"none"[31m
        [33maria-controls[31m=[32m"radix-«r11»"[31m
        [33maria-expanded[31m=[32m"false"[31m
        [33mclass[31m=[32m"border-input data-[placeholder]:text-muted-foreground [&_svg:not([class*='text-'])]:text-muted-foreground focus-visible:border-ring focus-visible:ring-ring/50 aria-invalid:ring-destructive/20 dark:aria-invalid:ring-destructive/40 aria-invalid:border-destructive dark:bg-input/30 dark:hover:bg-input/50 flex items-center justify-between gap-2 rounded-md border bg-transparent px-3 py-2 text-sm whitespace-nowrap shadow-xs transition-[color,box-shadow] outline-none focus-visible:ring-[3px] disabled:cursor-not-allowed disabled:opacity-50 data-[size=default]:h-9 data-[size=sm]:h-8 *:data-[slot=select-value]:line-clamp-1 *:data-[slot=select-value]:flex *:data-[slot=select-value]:items-center *:data-[slot=select-value]:gap-2 [&_svg]:pointer-events-none [&_svg]:shrink-0 [&_svg:not([class*='size-'])]:size-4 w-[200px]"[31m
        [33mdata-size[31m=[32m"default"[31m
        [33mdata-slot[31m=[32m"select-trigger"[31m
        [33mdata-state[31m=[32m"closed"[31m
        [33mdir[31m=[32m"ltr"[31m
        [33mid[31m=[32m"«r10»"[31m
        [33mrole[31m=[32m"combobox"[31m
        [33mtype[31m=[32m"button"[31m
      [36m>[31m
        [36m<span[31m
          [33mdata-slot[31m=[32m"select-value"[31m
          [33mstyle[31m=[32m"pointer-events: none;"[31m
        [36m>[31m
          [0mWszystkie[0m
        [36m</span>[31m
        [36m<svg[31m
          [33maria-hidden[31m=[32m"true"[31m
          [33mclass[31m=[32m"lucide lucide-chevron-down size-4 opacity-50"[31m
          [33mfill[31m=[32m"none"[31m
          [33mheight[31m=[32m"24"[31m
          [33mstroke[31m=[32m"currentColor"[31m
          [33mstroke-linecap[31m=[32m"round"[31m
          [33mstroke-linejoin[31m=[32m"round"[31m
          [33mstroke-width[31m=[32m"2"[31m
          [33mviewBox[31m=[32m"0 0 24 24"[31m
          [33mwidth[31m=[32m"24"[31m
          [33mxmlns[31m=[32m"http://www.w3.org/2000/svg"[31m
        [36m>[31m
          [36m<path[31m
            [33md[31m=[32m"m6 9 6 6 6-6"[31m
          [36m/>[31m
        [36m</svg>[31m
      [36m</button>[31m
    [36m</div>[31m
  [36m</div>[31m
[36m</body>[31m[39m
[90m [2m❯[22m Object.getElementError node_modules/@testing-library/dom/dist/config.js:[2m37:19[22m[39m
[90m [2m❯[22m node_modules/@testing-library/dom/dist/query-helpers.js:[2m76:38[22m[39m
[90m [2m❯[22m node_modules/@testing-library/dom/dist/query-helpers.js:[2m52:17[22m[39m
[90m [2m❯[22m node_modules/@testing-library/dom/dist/query-helpers.js:[2m95:19[22m[39m
[36m [2m❯[22m src/components/filters/JobStatusFilter/__tests__/JobStatusFilter.test.tsx:[2m59:27[22m[39m
    [90m 57| [39m    [35mawait[39m userEvent[33m.[39m[34mclick[39m(combobox)[33m;[39m
    [90m 58| [39m
    [90m 59| [39m    [35mconst[39m option [33m=[39m screen[33m.[39m[34mgetByText[39m([32m"Zakończone"[39m)[33m;[39m
    [90m   | [39m                          [31m^[39m
    [90m 60| [39m    [35mawait[39m userEvent[33m.[39m[34mclick[39m(option)[33m;[39m
    [90m 61| [39m

[31m[2m⎯⎯⎯⎯⎯⎯⎯⎯⎯⎯⎯⎯⎯⎯⎯⎯⎯⎯⎯⎯⎯⎯[43/70]⎯[22m[39m

[41m[1m FAIL [22m[49m src/components/inputs/SearchInput/__tests__/SearchInput.test.tsx[2m > [22mSearchInput[2m > [22mcalls onChange after debounce delay
[31m[1mError[22m: Test timed out in 5000ms.
If this is a long-running test, pass a timeout value as the last argument or configure it globally with "testTimeout".[39m
[36m [2m❯[22m src/components/inputs/SearchInput/__tests__/SearchInput.test.tsx:[2m57:3[22m[39m
    [90m 55| [39m  })[33m;[39m
    [90m 56| [39m
    [90m 57| [39m  [34mit[39m([32m"calls onChange after debounce delay"[39m[33m,[39m [35masync[39m () [33m=>[39m {
    [90m   | [39m  [31m^[39m
    [90m 58| [39m    [34mrender[39m([33m<[39m[33mSearchInput[39m [33m{[39m[33m...[39mdefaultProps[33m}[39m [33m/[39m[33m>[39m)[33m;[39m
    [90m 59| [39m

[31m[2m⎯⎯⎯⎯⎯⎯⎯⎯⎯⎯⎯⎯⎯⎯⎯⎯⎯⎯⎯⎯⎯⎯[44/70]⎯[22m[39m

[41m[1m FAIL [22m[49m src/components/inputs/SearchInput/__tests__/SearchInput.test.tsx[2m > [22mSearchInput[2m > [22mclears input when clear button is clicked
[31m[1mError[22m: Test timed out in 5000ms.
If this is a long-running test, pass a timeout value as the last argument or configure it globally with "testTimeout".[39m
[36m [2m❯[22m src/components/inputs/SearchInput/__tests__/SearchInput.test.tsx:[2m72:3[22m[39m
    [90m 70| [39m  })[33m;[39m
    [90m 71| [39m
    [90m 72| [39m  [34mit[39m([32m"clears input when clear button is clicked"[39m[33m,[39m [35masync[39m () [33m=>[39m {
    [90m   | [39m  [31m^[39m
    [90m 73| [39m    [34mrender[39m([33m<[39m[33mSearchInput[39m [33m{[39m[33m...[39mdefaultProps[33m}[39m [33mvalue[39m[33m=[39m[32m"test"[39m [33m/[39m[33m>[39m)[33m;[39m
    [90m 74| [39m

[31m[2m⎯⎯⎯⎯⎯⎯⎯⎯⎯⎯⎯⎯⎯⎯⎯⎯⎯⎯⎯⎯⎯⎯[45/70]⎯[22m[39m

[41m[1m FAIL [22m[49m src/components/inputs/SearchInput/__tests__/SearchInput.test.tsx[2m > [22mSearchInput[2m > [22mprevents input beyond maxLength
[31m[1mError[22m: Test timed out in 5000ms.
If this is a long-running test, pass a timeout value as the last argument or configure it globally with "testTimeout".[39m
[36m [2m❯[22m src/components/inputs/SearchInput/__tests__/SearchInput.test.tsx:[2m83:3[22m[39m
    [90m 81| [39m  })[33m;[39m
    [90m 82| [39m
    [90m 83| [39m  [34mit[39m([32m"prevents input beyond maxLength"[39m[33m,[39m [35masync[39m () [33m=>[39m {
    [90m   | [39m  [31m^[39m
    [90m 84| [39m    [34mrender[39m([33m<[39m[33mSearchInput[39m [33m{[39m[33m...[39mdefaultProps[33m}[39m [33mmaxLength[39m[33m=[39m[33m{[39m[34m5[39m[33m}[39m [33m/[39m[33m>[39m)[33m;[39m
    [90m 85| [39m

[31m[2m⎯⎯⎯⎯⎯⎯⎯⎯⎯⎯⎯⎯⎯⎯⎯⎯⎯⎯⎯⎯⎯⎯[46/70]⎯[22m[39m

[41m[1m FAIL [22m[49m src/components/lists/JobProductsList/__tests__/JobProductsList.test.tsx[2m > [22mJobProductsList[2m > [22mrenders products list with correct data
[31m[1mTestingLibraryElementError[22m[39m: Found multiple elements with the text: -

Here are the matching elements:

Ignored nodes: comments, script, style
[36m<td[39m
  [33mclass[39m=[32m"p-2 align-middle whitespace-nowrap [&:has([role=checkbox])]:pr-0 [&>[role=checkbox]]:translate-y-[2px] text-right"[39m
  [33mdata-slot[39m=[32m"table-cell"[39m
[36m>[39m
  [0m-[0m
[36m</td>[39m

Ignored nodes: comments, script, style
[36m<td[39m
  [33mclass[39m=[32m"p-2 align-middle whitespace-nowrap [&:has([role=checkbox])]:pr-0 [&>[role=checkbox]]:translate-y-[2px] text-right"[39m
  [33mdata-slot[39m=[32m"table-cell"[39m
[36m>[39m
  [0m-[0m
[36m</td>[39m

(If this is intentional, then use the `*AllBy*` variant of the query (like `queryAllByText`, `getAllByText`, or `findAllByText`)).

Ignored nodes: comments, script, style
[36m<body>[39m
  [36m<div>[39m
    [36m<div[39m
      [33mclass[39m=[32m"bg-card text-card-foreground flex flex-col gap-6 rounded-xl border py-6 shadow-sm"[39m
      [33mdata-slot[39m=[32m"card"[39m
      [33mrole[39m=[32m"article"[39m
    [36m>[39m
      [36m<div[39m
        [33mclass[39m=[32m"@container/card-header grid auto-rows-min grid-rows-[auto_auto] items-start gap-2 px-6 has-data-[slot=card-action]:grid-cols-[1fr_auto] [.border-b]:pb-6"[39m
        [33mdata-slot[39m=[32m"card-header"[39m
      [36m>[39m
        [36m<div[39m
          [33mclass[39m=[32m"leading-none font-semibold"[39m
          [33mdata-slot[39m=[32m"card-title"[39m
        [36m>[39m
          [0mProdukty (2)[0m
        [36m</div>[39m
        [36m<div[39m
          [33mclass[39m=[32m"text-muted-foreground text-sm"[39m
          [33mdata-slot[39m=[32m"card-description"[39m
        [36m>[39m
          [0mLista produktów w zleceniu[0m
        [36m</div>[39m
      [36m</div>[39m
      [36m<div[39m
        [33mclass[39m=[32m"px-6"[39m
        [33mdata-slot[39m=[32m"card-content"[39m
      [36m>[39m
        [36m<div[39m
          [33mclass[39m=[32m"relative w-full overflow-x-auto"[39m
          [33mdata-slot[39m=[32m"table-container"[39m
        [36m>[39m
          [36m<table[39m
            [33mclass[39m=[32m"w-full caption-bottom text-sm"[39m
            [33mdata-slot[39m=[32m"table"[39m
          [36m>[39m
            [36m<thead[39m
              [33mclass[39m=[32m"[&_tr]:border-b"[39m
              [33mdata-slot[39m=[32m"table-header"[39m
            [36m>[39m
              [36m<tr[39m
                [33mclass[39m=[32m"hover:bg-muted/50 data-[state=selected]:bg-muted border-b transition-colors"[39m
                [33mdata-slot[39m=[32m"table-row"[39m
              [36m>[39m
                [36m<th[39m
                  [33mclass[39m=[32m"text-foreground h-10 px-2 text-left align-middle font-medium whitespace-nowrap [&:has([role=checkbox])]:pr-0 [&>[role=checkbox]]:translate-y-[2px]"[39m
                  [33mdata-slot[39m=[32m"table-head"[39m
                [36m>[39m
                  [0mID Produktu[0m
                [36m</th>[39m
                [36m<th[39m
                  [33mclass[39m=[32m"text-foreground h-10 px-2 text-left align-middle font-medium whitespace-nowrap [&:has([role=checkbox])]:pr-0 [&>[role=checkbox]]:translate-y-[2px]"[39m
                  [33mdata-slot[39m=[32m"table-head"[39m
                [36m>[39m
                  [0mStatus[0m
                [36m</th>[39m
                [36m<th[39m
                  [33mclass[39m=[32m"text-foreground h-10 px-2 align-middle font-medium whitespace-nowrap [&:has([role=checkbox])]:pr-0 [&>[role=checkbox]]:translate-y-[2px] text-right"[39m
                  [33mdata-slot[39m=[32m"table-head"[39m
                [36m>[39m
                  [0mKoszt[0m
                [36m</th>[39m
                [36m<th[39m
                  [33mclass[39m=[32m"text-foreground h-10 px-2 align-middle font-medium whitespace-nowrap [&:has([role=checkbox])]:pr-0 [&>[role=checkbox]]:translate-y-[2px] text-right"[39m
                  [33mdata-slot[39m=[32m"table-head"[39m
                [36m>[39m
                  [0mTokeny[0m
                [36m</th>[39m
              [36m</tr>[39m
            [36m</thead>[39m
            [36m<tbody[39m
              [33mclass[39m=[32m"[&_tr:last-child]:border-0"[39m
              [33mdata-slot[39m=[32m"table-body"[39m
            [36m>[39m
              [36m<tr[39m
                [33mclass[39m=[32m"hover:bg-muted/50 data-[state=selected]:bg-muted border-b transition-colors"[39m
                [33mdata-slot[39m=[32m"table-row"[39m
              [36m>[39m
                [36m<td[39m
                  [33mclass[39m=[32m"p-2 align-middle whitespace-nowrap [&:has([role=checkbox])]:pr-0 [&>[role=checkbox]]:translate-y-[2px] font-mono text-sm"[39m
                  [33mdata-slot[39m=[32m"table-cell"[39m
                [36m>[39m
                  [0m12345678[0m
                  [0m...[0m
                [36m</td>[39m
                [36m<td[39m
                  [33mclass[39m=[32m"p-2 align-middle whitespace-nowrap [&:has([role=checkbox])]:pr-0 [&>[role=checkbox]]:translate-y-[2px]"[39m
                  [33mdata-slot[39m=[32m"table-cell"[39m
                [36m>[39m
                  [36m<span[39m
                    [33mclass[39m=[32m"text-green-600"[39m
                  [36m>[39m
                    [0mZakończony[0m
                  [36m</span>[39m
                [36m</td>[39m
                [36m<td[39m
                  [33mclass[39m=[32m"p-2 align-middle whitespace-nowrap [&:has([role=checkbox])]:pr-0 [&>[role=checkbox]]:translate-y-[2px] text-right"[39m
                  [33mdata-slot[39m=[32m"table-cell"[39m
                [36m>[39m
                  [0m$0.1234[0m
                [36m</td>[39m
                [36m<td[39m
                  [33mclass[39m=[32m"p-2 align-middle whitespace-nowrap [&:has([role=checkbox])]:pr-0 [&>[role=checkbox]]:translate-y-[2px] text-right"[39m
                  [33mdata-slot[39m=[32m"table-cell"[39m
                [36m>[39m
                  [0m150[0m
                [36m</td>[39m
              [36m</tr>[39m
              [36m<tr[39m
                [33mclass[39m=[32m"hover:bg-muted/50 data-[state=selected]:bg-muted border-b transition-colors"[39m
                [33mdata-slot[39m=[32m"table-row"[39m
              [36m>[39m
                [36m<td[39m
                  [33mclass[39m=[32m"p-2 align-middle whitespace-nowrap [&:has([role=checkbox])]:pr-0 [&>[role=checkbox]]:translate-y-[2px] font-mono text-sm"[39m
                  [33mdata-slot[39m=[32m"table-cell"[39m
                [36m>[39m
                  [0m98765432[0m
                  [0m...[0m
                [36m</td>[39m
                [36m<td[39m
                  [33mclass[39m=[32m"p-2 align-middle whitespace-nowrap [&:has([role=checkbox])]:pr-0 [&>[role=checkbox]]:translate-y-[2px]"[39m
                  [33mdata-slot[39m=[32m"table-cell"[39m
                [36m>[39m
                  [36m<span[39m
                    [33mclass[39m=[32m"text-blue-600"[39m
                  [36m>[39m
                    [0mW trakcie[0m
                  [36m</span>[39m
                [36m</td>[39m
                [36m<td[39m
                  [33mclass[39m=[32m"p-2 align-middle whitespace-nowrap [&:has([role=checkbox])]:pr-0 [&>[role=checkbox]]:translate-y-[2px] text-right"[39m
                  [33mdata-slot[39m=[32m"table-cell"[39m
                [36m>[39m
                  [0m-[0m
                [36m</td>[39m
                [36m<td[39m
                  [33mclass[39m=[32m"p-2 align-middle whitespace-nowrap [&:has([role=checkbox])]:pr-0 [&>[role=checkbox]]:translate-y-[2px] text-right"[39m
                  [33mdata-slot[39m=[32m"table-cell"[39m
                [36m>[39m
                  [0m-[0m
                [36m</td>[39m
              [36m</tr>[39m
            [36m</tbody>[39m
          [36m</table>[39m
        [36m</div>[39m
      [36m</div>[39m
    [36m</div>[39m
  [36m</div>[39m
[36m</body>[39m
[90m [2m❯[22m Object.getElementError node_modules/@testing-library/dom/dist/config.js:[2m37:19[22m[39m
[90m [2m❯[22m getElementError node_modules/@testing-library/dom/dist/query-helpers.js:[2m20:35[22m[39m
[90m [2m❯[22m getMultipleElementsFoundError node_modules/@testing-library/dom/dist/query-helpers.js:[2m23:10[22m[39m
[90m [2m❯[22m node_modules/@testing-library/dom/dist/query-helpers.js:[2m55:13[22m[39m
[90m [2m❯[22m node_modules/@testing-library/dom/dist/query-helpers.js:[2m95:19[22m[39m
[36m [2m❯[22m src/components/lists/JobProductsList/__tests__/JobProductsList.test.tsx:[2m44:19[22m[39m
    [90m 42| [39m    [90m// Costs[39m
    [90m 43| [39m    [34mexpect[39m(screen[33m.[39m[34mgetByText[39m([32m"$0.1234"[39m))[33m.[39m[34mtoBeInTheDocument[39m()[33m;[39m
    [90m 44| [39m    [34mexpect[39m(screen[33m.[39m[34mgetByText[39m([32m"-"[39m))[33m.[39m[34mtoBeInTheDocument[39m()[33m;[39m
    [90m   | [39m                  [31m^[39m
    [90m 45| [39m
    [90m 46| [39m    [90m// Tokens[39m

[31m[2m⎯⎯⎯⎯⎯⎯⎯⎯⎯⎯⎯⎯⎯⎯⎯⎯⎯⎯⎯⎯⎯⎯[47/70]⎯[22m[39m

[41m[1m FAIL [22m[49m src/components/lists/JobProductsList/__tests__/JobProductsList.test.tsx[2m > [22mJobProductsList[2m > [22mformats numbers correctly
[31m[1mTestingLibraryElementError[22m[39m: Unable to find an element with the text: 1,500,000. This could be because the text is broken up by multiple elements. In this case, you can provide a function for your text matcher to make your matcher more flexible.

Ignored nodes: comments, script, style
[36m<body>[39m
  [36m<div>[39m
    [36m<div[39m
      [33mclass[39m=[32m"bg-card text-card-foreground flex flex-col gap-6 rounded-xl border py-6 shadow-sm"[39m
      [33mdata-slot[39m=[32m"card"[39m
      [33mrole[39m=[32m"article"[39m
    [36m>[39m
      [36m<div[39m
        [33mclass[39m=[32m"@container/card-header grid auto-rows-min grid-rows-[auto_auto] items-start gap-2 px-6 has-data-[slot=card-action]:grid-cols-[1fr_auto] [.border-b]:pb-6"[39m
        [33mdata-slot[39m=[32m"card-header"[39m
      [36m>[39m
        [36m<div[39m
          [33mclass[39m=[32m"leading-none font-semibold"[39m
          [33mdata-slot[39m=[32m"card-title"[39m
        [36m>[39m
          [0mProdukty (1)[0m
        [36m</div>[39m
        [36m<div[39m
          [33mclass[39m=[32m"text-muted-foreground text-sm"[39m
          [33mdata-slot[39m=[32m"card-description"[39m
        [36m>[39m
          [0mLista produktów w zleceniu[0m
        [36m</div>[39m
      [36m</div>[39m
      [36m<div[39m
        [33mclass[39m=[32m"px-6"[39m
        [33mdata-slot[39m=[32m"card-content"[39m
      [36m>[39m
        [36m<div[39m
          [33mclass[39m=[32m"relative w-full overflow-x-auto"[39m
          [33mdata-slot[39m=[32m"table-container"[39m
        [36m>[39m
          [36m<table[39m
            [33mclass[39m=[32m"w-full caption-bottom text-sm"[39m
            [33mdata-slot[39m=[32m"table"[39m
          [36m>[39m
            [36m<thead[39m
              [33mclass[39m=[32m"[&_tr]:border-b"[39m
              [33mdata-slot[39m=[32m"table-header"[39m
            [36m>[39m
              [36m<tr[39m
                [33mclass[39m=[32m"hover:bg-muted/50 data-[state=selected]:bg-muted border-b transition-colors"[39m
                [33mdata-slot[39m=[32m"table-row"[39m
              [36m>[39m
                [36m<th[39m
                  [33mclass[39m=[32m"text-foreground h-10 px-2 text-left align-middle font-medium whitespace-nowrap [&:has([role=checkbox])]:pr-0 [&>[role=checkbox]]:translate-y-[2px]"[39m
                  [33mdata-slot[39m=[32m"table-head"[39m
                [36m>[39m
                  [0mID Produktu[0m
                [36m</th>[39m
                [36m<th[39m
                  [33mclass[39m=[32m"text-foreground h-10 px-2 text-left align-middle font-medium whitespace-nowrap [&:has([role=checkbox])]:pr-0 [&>[role=checkbox]]:translate-y-[2px]"[39m
                  [33mdata-slot[39m=[32m"table-head"[39m
                [36m>[39m
                  [0mStatus[0m
                [36m</th>[39m
                [36m<th[39m
                  [33mclass[39m=[32m"text-foreground h-10 px-2 align-middle font-medium whitespace-nowrap [&:has([role=checkbox])]:pr-0 [&>[role=checkbox]]:translate-y-[2px] text-right"[39m
                  [33mdata-slot[39m=[32m"table-head"[39m
                [36m>[39m
                  [0mKoszt[0m
                [36m</th>[39m
                [36m<th[39m
                  [33mclass[39m=[32m"text-foreground h-10 px-2 align-middle font-medium whitespace-nowrap [&:has([role=checkbox])]:pr-0 [&>[role=checkbox]]:translate-y-[2px] text-right"[39m
                  [33mdata-slot[39m=[32m"table-head"[39m
                [36m>[39m
                  [0mTokeny[0m
                [36m</th>[39m
              [36m</tr>[39m
            [36m</thead>[39m
            [36m<tbody[39m
              [33mclass[39m=[32m"[&_tr:last-child]:border-0"[39m
              [33mdata-slot[39m=[32m"table-body"[39m
            [36m>[39m
              [36m<tr[39m
                [33mclass[39m=[32m"hover:bg-muted/50 data-[state=selected]:bg-muted border-b transition-colors"[39m
                [33mdata-slot[39m=[32m"table-row"[39m
              [36m>[39m
                [36m<td[39m
                  [33mclass[39m=[32m"p-2 align-middle whitespace-nowrap [&:has([role=checkbox])]:pr-0 [&>[role=checkbox]]:translate-y-[2px] font-mono text-sm"[39m
                  [33mdata-slot[39m=[32m"table-cell"[39m
                [36m>[39m
                  [0m123[0m
                  [0m...[0m
                [36m</td>[39m
                [36m<td[39m
                  [33mclass[39m=[32m"p-2 align-middle whitespace-nowrap [&:has([role=checkbox])]:pr-0 [&>[role=checkbox]]:translate-y-[2px]"[39m
                  [33mdata-slot[39m=[32m"table-cell"[39m
                [36m>[39m
                  [36m<span[39m
                    [33mclass[39m=[32m"text-green-600"[39m
                  [36m>[39m
                    [0mZakończony[0m
                  [36m</span>[39m
                [36m</td>[39m
                [36m<td[39m
                  [33mclass[39m=[32m"p-2 align-middle whitespace-nowrap [&:has([role=checkbox])]:pr-0 [&>[role=checkbox]]:translate-y-[2px] text-right"[39m
                  [33mdata-slot[39m=[32m"table-cell"[39m
                [36m>[39m
                  [0m$1.2346[0m
                [36m</td>[39m
                [36m<td[39m
                  [33mclass[39m=[32m"p-2 align-middle whitespace-nowrap [&:has([role=checkbox])]:pr-0 [&>[role=checkbox]]:translate-y-[2px] text-right"[39m
                  [33mdata-slot[39m=[32m"table-cell"[39m
                [36m>[39m
                  [0m1 500 000[0m
                [36m</td>[39m
              [36m</tr>[39m
            [36m</tbody>[39m
          [36m</table>[39m
        [36m</div>[39m
      [36m</div>[39m
    [36m</div>[39m
  [36m</div>[39m
[36m</body>[39m
[90m [2m❯[22m Object.getElementError node_modules/@testing-library/dom/dist/config.js:[2m37:19[22m[39m
[90m [2m❯[22m node_modules/@testing-library/dom/dist/query-helpers.js:[2m76:38[22m[39m
[90m [2m❯[22m node_modules/@testing-library/dom/dist/query-helpers.js:[2m52:17[22m[39m
[90m [2m❯[22m node_modules/@testing-library/dom/dist/query-helpers.js:[2m95:19[22m[39m
[36m [2m❯[22m src/components/lists/JobProductsList/__tests__/JobProductsList.test.tsx:[2m92:19[22m[39m
    [90m 90| [39m
    [90m 91| [39m    [90m// Large token numbers should use thousand separators[39m
    [90m 92| [39m    [34mexpect[39m(screen[33m.[39m[34mgetByText[39m([32m"1,500,000"[39m))[33m.[39m[34mtoBeInTheDocument[39m()[33m;[39m
    [90m   | [39m                  [31m^[39m
    [90m 93| [39m  })[33m;[39m
    [90m 94| [39m})[33m;[39m

[31m[2m⎯⎯⎯⎯⎯⎯⎯⎯⎯⎯⎯⎯⎯⎯⎯⎯⎯⎯⎯⎯⎯⎯[48/70]⎯[22m[39m

[41m[1m FAIL [22m[49m src/components/pages/DashboardPage/__tests__/DashboardPage.test.tsx[2m > [22mDashboardPage[2m > [22mcalls refetch when refresh button is clicked
[31m[1mTestingLibraryElementError[22m: Unable to find an accessible element with the role "button" and name "Odśwież"

Here are the accessible roles:

  main:

  Name "":
  [36m<main[31m
    [33mclass[31m=[32m"container mx-auto p-6"[31m
  [36m/>[31m

  --------------------------------------------------
  heading:

  Name "Dashboard":
  [36m<h1[31m
    [33mclass[31m=[32m"text-3xl font-bold"[31m
  [36m/>[31m

  --------------------------------------------------
  button:

  Name "Odśwież dane":
  [36m<button[31m
    [33maria-label[31m=[32m"Odśwież dane"[31m
    [33mclass[31m=[32m"px-4 py-2 text-sm border rounded-md hover:bg-muted"[31m
  [36m/>[31m

  --------------------------------------------------
  region:

  Name "Notifications alt+T":
  [36m<section[31m
    [33maria-atomic[31m=[32m"false"[31m
    [33maria-label[31m=[32m"Notifications alt+T"[31m
    [33maria-live[31m=[32m"polite"[31m
    [33maria-relevant[31m=[32m"additions text"[31m
    [33mtabindex[31m=[32m"-1"[31m
  [36m/>[31m

  --------------------------------------------------

Ignored nodes: comments, script, style
[36m<body>[31m
  [36m<div>[31m
    [36m<main[31m
      [33mclass[31m=[32m"container mx-auto p-6"[31m
    [36m>[31m
      [36m<div[31m
        [33mclass[31m=[32m"flex items-center justify-between mb-6"[31m
      [36m>[31m
        [36m<h1[31m
          [33mclass[31m=[32m"text-3xl font-bold"[31m
        [36m>[31m
          [0mDashboard[0m
        [36m</h1>[31m
        [36m<button[31m
          [33maria-label[31m=[32m"Odśwież dane"[31m
          [33mclass[31m=[32m"px-4 py-2 text-sm border rounded-md hover:bg-muted"[31m
        [36m>[31m
          [0mOdśwież[0m
        [36m</button>[31m
      [36m</div>[31m
      [36m<section[31m
        [33mclass[31m=[32m"grid gap-6 md:grid-cols-2 mb-6"[31m
      [36m>[31m
        [36m<div[31m
          [33mdata-testid[31m=[32m"status-card"[31m
        [36m/>[31m
        [36m<div[31m
          [33mdata-testid[31m=[32m"products-count-card"[31m
        [36m/>[31m
      [36m</section>[31m
      [36m<section>[31m
        [36m<div[31m
          [33mdata-testid[31m=[32m"recent-jobs-table"[31m
        [36m/>[31m
      [36m</section>[31m
      [36m<div[31m
        [33mdata-testid[31m=[32m"api-key-modal"[31m
      [36m/>[31m
      [36m<section[31m
        [33maria-atomic[31m=[32m"false"[31m
        [33maria-label[31m=[32m"Notifications alt+T"[31m
        [33maria-live[31m=[32m"polite"[31m
        [33maria-relevant[31m=[32m"additions text"[31m
        [33mtabindex[31m=[32m"-1"[31m
      [36m/>[31m
    [36m</main>[31m
  [36m</div>[31m
[36m</body>[31m[39m
[90m [2m❯[22m Object.getElementError node_modules/@testing-library/dom/dist/config.js:[2m37:19[22m[39m
[90m [2m❯[22m node_modules/@testing-library/dom/dist/query-helpers.js:[2m76:38[22m[39m
[90m [2m❯[22m node_modules/@testing-library/dom/dist/query-helpers.js:[2m52:17[22m[39m
[90m [2m❯[22m node_modules/@testing-library/dom/dist/query-helpers.js:[2m95:19[22m[39m
[36m [2m❯[22m src/components/pages/DashboardPage/__tests__/DashboardPage.test.tsx:[2m110:34[22m[39m
    [90m108| [39m    [34mrender[39m([33m<[39m[33mDashboardPage[39m [33m/[39m[33m>[39m)[33m;[39m
    [90m109| [39m
    [90m110| [39m    [35mconst[39m refreshButton [33m=[39m screen[33m.[39m[34mgetByRole[39m([32m"button"[39m[33m,[39m {
    [90m   | [39m                                 [31m^[39m
    [90m111| [39m      name[33m:[39m [33mBUTTON_LABELS[39m[33m.[39m[33mREFRESH[39m[33m,[39m
    [90m112| [39m    })[33m;[39m

[31m[2m⎯⎯⎯⎯⎯⎯⎯⎯⎯⎯⎯⎯⎯⎯⎯⎯⎯⎯⎯⎯⎯⎯[49/70]⎯[22m[39m

[41m[1m FAIL [22m[49m src/components/pages/JobsHistoryPage/__tests__/JobsHistoryPage.test.tsx[2m > [22mJobsHistoryPage[2m > [22mrenders loading state
[31m[1mReferenceError[22m: useJobsHistory is not defined[39m
[36m [2m❯[22m src/components/pages/JobsHistoryPage/__tests__/JobsHistoryPage.test.tsx:[2m21:15[22m[39m
    [90m 19| [39m
    [90m 20| [39m  [34mit[39m([32m"renders loading state"[39m[33m,[39m () [33m=>[39m {
    [90m 21| [39m    vi[33m.[39m[34mmocked[39m(useJobsHistory)[33m.[39m[34mmockReturnValue[39m({
    [90m   | [39m              [31m^[39m
    [90m 22| [39m      jobs[33m:[39m [][33m,[39m
    [90m 23| [39m      meta[33m:[39m [35mnull[39m[33m,[39m

[31m[2m⎯⎯⎯⎯⎯⎯⎯⎯⎯⎯⎯⎯⎯⎯⎯⎯⎯⎯⎯⎯⎯⎯[50/70]⎯[22m[39m

[41m[1m FAIL [22m[49m src/components/pages/JobsHistoryPage/__tests__/JobsHistoryPage.test.tsx[2m > [22mJobsHistoryPage[2m > [22mrenders error state
[31m[1mReferenceError[22m: useJobsHistory is not defined[39m
[36m [2m❯[22m src/components/pages/JobsHistoryPage/__tests__/JobsHistoryPage.test.tsx:[2m36:15[22m[39m
    [90m 34| [39m  [34mit[39m([32m"renders error state"[39m[33m,[39m () [33m=>[39m {
    [90m 35| [39m    [35mconst[39m error [33m=[39m [35mnew[39m [33mError[39m([32m"Test error"[39m)[33m;[39m
    [90m 36| [39m    vi[33m.[39m[34mmocked[39m(useJobsHistory)[33m.[39m[34mmockReturnValue[39m({
    [90m   | [39m              [31m^[39m
    [90m 37| [39m      jobs[33m:[39m [][33m,[39m
    [90m 38| [39m      meta[33m:[39m [35mnull[39m[33m,[39m

[31m[2m⎯⎯⎯⎯⎯⎯⎯⎯⎯⎯⎯⎯⎯⎯⎯⎯⎯⎯⎯⎯⎯⎯[51/70]⎯[22m[39m

[41m[1m FAIL [22m[49m src/components/pages/JobsHistoryPage/__tests__/JobsHistoryPage.test.tsx[2m > [22mJobsHistoryPage[2m > [22mrenders jobs table with data
[31m[1mReferenceError[22m: useJobsHistory is not defined[39m
[36m [2m❯[22m src/components/pages/JobsHistoryPage/__tests__/JobsHistoryPage.test.tsx:[2m51:15[22m[39m
    [90m 49| [39m
    [90m 50| [39m  [34mit[39m([32m"renders jobs table with data"[39m[33m,[39m () [33m=>[39m {
    [90m 51| [39m    vi[33m.[39m[34mmocked[39m(useJobsHistory)[33m.[39m[34mmockReturnValue[39m({
    [90m   | [39m              [31m^[39m
    [90m 52| [39m      jobs[33m:[39m [
    [90m 53| [39m        {

[31m[2m⎯⎯⎯⎯⎯⎯⎯⎯⎯⎯⎯⎯⎯⎯⎯⎯⎯⎯⎯⎯⎯⎯[52/70]⎯[22m[39m

[41m[1m FAIL [22m[49m src/components/pages/JobsHistoryPage/__tests__/JobsHistoryPage.test.tsx[2m > [22mJobsHistoryPage[2m > [22mhandles filter change
[31m[1mReferenceError[22m: useJobsHistory is not defined[39m
[36m [2m❯[22m src/components/pages/JobsHistoryPage/__tests__/JobsHistoryPage.test.tsx:[2m82:15[22m[39m
    [90m 80| [39m  [34mit[39m([32m"handles filter change"[39m[33m,[39m [35masync[39m () [33m=>[39m {
    [90m 81| [39m    [35mconst[39m mockRefetch [33m=[39m vi[33m.[39m[34mfn[39m()[33m;[39m
    [90m 82| [39m    vi[33m.[39m[34mmocked[39m(useJobsHistory)[33m.[39m[34mmockReturnValue[39m({
    [90m   | [39m              [31m^[39m
    [90m 83| [39m      jobs[33m:[39m [][33m,[39m
    [90m 84| [39m      meta[33m:[39m [35mnull[39m[33m,[39m

[31m[2m⎯⎯⎯⎯⎯⎯⎯⎯⎯⎯⎯⎯⎯⎯⎯⎯⎯⎯⎯⎯⎯⎯[53/70]⎯[22m[39m

[41m[1m FAIL [22m[49m src/components/pages/JobsHistoryPage/__tests__/JobsHistoryPage.test.tsx[2m > [22mJobsHistoryPage[2m > [22mhandles refresh button click
[31m[1mReferenceError[22m: useJobsHistory is not defined[39m
[36m [2m❯[22m src/components/pages/JobsHistoryPage/__tests__/JobsHistoryPage.test.tsx:[2m102:15[22m[39m
    [90m100| [39m  [34mit[39m([32m"handles refresh button click"[39m[33m,[39m [35masync[39m () [33m=>[39m {
    [90m101| [39m    [35mconst[39m mockRefetch [33m=[39m vi[33m.[39m[34mfn[39m()[33m;[39m
    [90m102| [39m    vi[33m.[39m[34mmocked[39m(useJobsHistory)[33m.[39m[34mmockReturnValue[39m({
    [90m   | [39m              [31m^[39m
    [90m103| [39m      jobs[33m:[39m [][33m,[39m
    [90m104| [39m      meta[33m:[39m [35mnull[39m[33m,[39m

[31m[2m⎯⎯⎯⎯⎯⎯⎯⎯⎯⎯⎯⎯⎯⎯⎯⎯⎯⎯⎯⎯⎯⎯[54/70]⎯[22m[39m

[41m[1m FAIL [22m[49m src/components/pages/JobsHistoryPage/__tests__/JobsHistoryPage.test.tsx[2m > [22mJobsHistoryPage[2m > [22mhandles pagination
[31m[1mReferenceError[22m: useJobsHistory is not defined[39m
[36m [2m❯[22m src/components/pages/JobsHistoryPage/__tests__/JobsHistoryPage.test.tsx:[2m119:15[22m[39m
    [90m117| [39m
    [90m118| [39m  [34mit[39m([32m"handles pagination"[39m[33m,[39m [35masync[39m () [33m=>[39m {
    [90m119| [39m    vi[33m.[39m[34mmocked[39m(useJobsHistory)[33m.[39m[34mmockReturnValue[39m({
    [90m   | [39m              [31m^[39m
    [90m120| [39m      jobs[33m:[39m [][33m,[39m
    [90m121| [39m      meta[33m:[39m {

[31m[2m⎯⎯⎯⎯⎯⎯⎯⎯⎯⎯⎯⎯⎯⎯⎯⎯⎯⎯⎯⎯⎯⎯[55/70]⎯[22m[39m

[41m[1m FAIL [22m[49m src/components/pages/JobProgressPage/__tests__/JobProgressPage.test.tsx[2m > [22mJobProgressPage[2m > [22mrenders loading state
[31m[1mReferenceError[22m: useJobProgress is not defined[39m
[36m [2m❯[22m src/components/pages/JobProgressPage/__tests__/JobProgressPage.test.tsx:[2m51:15[22m[39m
    [90m 49| [39m
    [90m 50| [39m  [34mit[39m([32m"renders loading state"[39m[33m,[39m () [33m=>[39m {
    [90m 51| [39m    vi[33m.[39m[34mmocked[39m(useJobProgress)[33m.[39m[34mmockReturnValue[39m({
    [90m   | [39m              [31m^[39m
    [90m 52| [39m      job[33m:[39m [35mnull[39m[33m,[39m
    [90m 53| [39m      products[33m:[39m [35mnull[39m[33m,[39m

[31m[2m⎯⎯⎯⎯⎯⎯⎯⎯⎯⎯⎯⎯⎯⎯⎯⎯⎯⎯⎯⎯⎯⎯[56/70]⎯[22m[39m

[41m[1m FAIL [22m[49m src/components/pages/JobProgressPage/__tests__/JobProgressPage.test.tsx[2m > [22mJobProgressPage[2m > [22mrenders error state
[31m[1mReferenceError[22m: useJobProgress is not defined[39m
[36m [2m❯[22m src/components/pages/JobProgressPage/__tests__/JobProgressPage.test.tsx:[2m66:15[22m[39m
    [90m 64| [39m  [34mit[39m([32m"renders error state"[39m[33m,[39m () [33m=>[39m {
    [90m 65| [39m    [35mconst[39m error [33m=[39m [35mnew[39m [33mError[39m([32m"Test error"[39m)[33m;[39m
    [90m 66| [39m    vi[33m.[39m[34mmocked[39m(useJobProgress)[33m.[39m[34mmockReturnValue[39m({
    [90m   | [39m              [31m^[39m
    [90m 67| [39m      job[33m:[39m [35mnull[39m[33m,[39m
    [90m 68| [39m      products[33m:[39m [35mnull[39m[33m,[39m

[31m[2m⎯⎯⎯⎯⎯⎯⎯⎯⎯⎯⎯⎯⎯⎯⎯⎯⎯⎯⎯⎯⎯⎯[57/70]⎯[22m[39m

[41m[1m FAIL [22m[49m src/components/pages/JobProgressPage/__tests__/JobProgressPage.test.tsx[2m > [22mJobProgressPage[2m > [22mrenders no job state
[31m[1mReferenceError[22m: useJobProgress is not defined[39m
[36m [2m❯[22m src/components/pages/JobProgressPage/__tests__/JobProgressPage.test.tsx:[2m81:15[22m[39m
    [90m 79| [39m
    [90m 80| [39m  [34mit[39m([32m"renders no job state"[39m[33m,[39m () [33m=>[39m {
    [90m 81| [39m    vi[33m.[39m[34mmocked[39m(useJobProgress)[33m.[39m[34mmockReturnValue[39m({
    [90m   | [39m              [31m^[39m
    [90m 82| [39m      job[33m:[39m [35mnull[39m[33m,[39m
    [90m 83| [39m      products[33m:[39m [35mnull[39m[33m,[39m

[31m[2m⎯⎯⎯⎯⎯⎯⎯⎯⎯⎯⎯⎯⎯⎯⎯⎯⎯⎯⎯⎯⎯⎯[58/70]⎯[22m[39m

[41m[1m FAIL [22m[49m src/components/pages/JobProgressPage/__tests__/JobProgressPage.test.tsx[2m > [22mJobProgressPage[2m > [22mrenders job details
[31m[1mReferenceError[22m: useJobProgress is not defined[39m
[36m [2m❯[22m src/components/pages/JobProgressPage/__tests__/JobProgressPage.test.tsx:[2m95:15[22m[39m
    [90m 93| [39m
    [90m 94| [39m  [34mit[39m([32m"renders job details"[39m[33m,[39m () [33m=>[39m {
    [90m 95| [39m    vi[33m.[39m[34mmocked[39m(useJobProgress)[33m.[39m[34mmockReturnValue[39m({
    [90m   | [39m              [31m^[39m
    [90m 96| [39m      job[33m:[39m mockJob[33m,[39m
    [90m 97| [39m      products[33m:[39m mockProducts[33m,[39m

[31m[2m⎯⎯⎯⎯⎯⎯⎯⎯⎯⎯⎯⎯⎯⎯⎯⎯⎯⎯⎯⎯⎯⎯[59/70]⎯[22m[39m

[41m[1m FAIL [22m[49m src/components/pages/JobProgressPage/__tests__/JobProgressPage.test.tsx[2m > [22mJobProgressPage[2m > [22mhandles job cancellation
[31m[1mReferenceError[22m: useJobProgress is not defined[39m
[36m [2m❯[22m src/components/pages/JobProgressPage/__tests__/JobProgressPage.test.tsx:[2m116:15[22m[39m
    [90m114| [39m  [34mit[39m([32m"handles job cancellation"[39m[33m,[39m [35masync[39m () [33m=>[39m {
    [90m115| [39m    [35mconst[39m mockCancel [33m=[39m vi[33m.[39m[34mfn[39m()[33m.[39m[34mmockResolvedValue[39m([35mtrue[39m)[33m;[39m
    [90m116| [39m    vi[33m.[39m[34mmocked[39m(useJobProgress)[33m.[39m[34mmockReturnValue[39m({
    [90m   | [39m              [31m^[39m
    [90m117| [39m      job[33m:[39m mockJob[33m,[39m
    [90m118| [39m      products[33m:[39m mockProducts[33m,[39m

[31m[2m⎯⎯⎯⎯⎯⎯⎯⎯⎯⎯⎯⎯⎯⎯⎯⎯⎯⎯⎯⎯⎯⎯[60/70]⎯[22m[39m

[41m[1m FAIL [22m[49m src/components/pages/JobProgressPage/__tests__/JobProgressPage.test.tsx[2m > [22mJobProgressPage[2m > [22mhandles failed cancellation
[31m[1mReferenceError[22m: useJobProgress is not defined[39m
[36m [2m❯[22m src/components/pages/JobProgressPage/__tests__/JobProgressPage.test.tsx:[2m140:15[22m[39m
    [90m138| [39m  [34mit[39m([32m"handles failed cancellation"[39m[33m,[39m [35masync[39m () [33m=>[39m {
    [90m139| [39m    [35mconst[39m mockCancel [33m=[39m vi[33m.[39m[34mfn[39m()[33m.[39m[34mmockResolvedValue[39m([35mfalse[39m)[33m;[39m
    [90m140| [39m    vi[33m.[39m[34mmocked[39m(useJobProgress)[33m.[39m[34mmockReturnValue[39m({
    [90m   | [39m              [31m^[39m
    [90m141| [39m      job[33m:[39m mockJob[33m,[39m
    [90m142| [39m      products[33m:[39m mockProducts[33m,[39m

[31m[2m⎯⎯⎯⎯⎯⎯⎯⎯⎯⎯⎯⎯⎯⎯⎯⎯⎯⎯⎯⎯⎯⎯[61/70]⎯[22m[39m

[41m[1m FAIL [22m[49m src/components/pages/JobProgressPage/__tests__/JobProgressPage.test.tsx[2m > [22mJobProgressPage[2m > [22mcalculates completed products and total cost
[31m[1mReferenceError[22m: useJobProgress is not defined[39m
[36m [2m❯[22m src/components/pages/JobProgressPage/__tests__/JobProgressPage.test.tsx:[2m163:15[22m[39m
    [90m161| [39m
    [90m162| [39m  [34mit[39m([32m"calculates completed products and total cost"[39m[33m,[39m () [33m=>[39m {
    [90m163| [39m    vi[33m.[39m[34mmocked[39m(useJobProgress)[33m.[39m[34mmockReturnValue[39m({
    [90m   | [39m              [31m^[39m
    [90m164| [39m      job[33m:[39m mockJob[33m,[39m
    [90m165| [39m      products[33m:[39m mockProducts[33m,[39m

[31m[2m⎯⎯⎯⎯⎯⎯⎯⎯⎯⎯⎯⎯⎯⎯⎯⎯⎯⎯⎯⎯⎯⎯[62/70]⎯[22m[39m

[41m[1m FAIL [22m[49m src/components/selects/PublicationModeSelect/__tests__/PublicationModeSelect.test.tsx[2m > [22mPublicationModeSelect[2m > [22mhandles disabled state
[31m[1mTestingLibraryElementError[22m[39m: Unable to find an accessible element with the role "label"

Here are the accessible roles:

  radiogroup:

  Name "":
  [36m<div[39m
    [33maria-required[39m=[32m"false"[39m
    [33mclass[39m=[32m"grid gap-3"[39m
    [33mdata-disabled[39m=[32m""[39m
    [33mdata-slot[39m=[32m"radio-group"[39m
    [33mdir[39m=[32m"ltr"[39m
    [33mid[39m=[32m"«rf»"[39m
    [33mrole[39m=[32m"radiogroup"[39m
    [33mstyle[39m=[32m"outline-color: none; outline-style: none; outline-width: initial;"[39m
    [33mtabindex[39m=[32m"-1"[39m
  [36m/>[39m

  --------------------------------------------------
  radio:

  Name "Szkic":
  [36m<button[39m
    [33maria-checked[39m=[32m"true"[39m
    [33mclass[39m=[32m"border-input text-primary focus-visible:border-ring focus-visible:ring-ring/50 aria-invalid:ring-destructive/20 dark:aria-invalid:ring-destructive/40 aria-invalid:border-destructive dark:bg-input/30 aspect-square size-4 shrink-0 rounded-full border shadow-xs transition-[color,box-shadow] outline-none focus-visible:ring-[3px] disabled:cursor-not-allowed disabled:opacity-50"[39m
    [33mdata-disabled[39m=[32m""[39m
    [33mdata-radix-collection-item[39m=[32m""[39m
    [33mdata-slot[39m=[32m"radio-group-item"[39m
    [33mdata-state[39m=[32m"checked"[39m
    [33mdisabled[39m=[32m""[39m
    [33mid[39m=[32m"«rf»-draft"[39m
    [33mrole[39m=[32m"radio"[39m
    [33mtabindex[39m=[32m"-1"[39m
    [33mtype[39m=[32m"button"[39m
    [33mvalue[39m=[32m"draft"[39m
  [36m/>[39m

  Name "Opublikuj":
  [36m<button[39m
    [33maria-checked[39m=[32m"false"[39m
    [33mclass[39m=[32m"border-input text-primary focus-visible:border-ring focus-visible:ring-ring/50 aria-invalid:ring-destructive/20 dark:aria-invalid:ring-destructive/40 aria-invalid:border-destructive dark:bg-input/30 aspect-square size-4 shrink-0 rounded-full border shadow-xs transition-[color,box-shadow] outline-none focus-visible:ring-[3px] disabled:cursor-not-allowed disabled:opacity-50"[39m
    [33mdata-disabled[39m=[32m""[39m
    [33mdata-radix-collection-item[39m=[32m""[39m
    [33mdata-slot[39m=[32m"radio-group-item"[39m
    [33mdata-state[39m=[32m"unchecked"[39m
    [33mdisabled[39m=[32m""[39m
    [33mid[39m=[32m"«rf»-published"[39m
    [33mrole[39m=[32m"radio"[39m
    [33mtabindex[39m=[32m"-1"[39m
    [33mtype[39m=[32m"button"[39m
    [33mvalue[39m=[32m"published"[39m
  [36m/>[39m

  --------------------------------------------------
  paragraph:

  Name "":
  [36m<p[39m
    [33mclass[39m=[32m"text-sm text-muted-foreground"[39m
  [36m/>[39m

  Name "":
  [36m<p[39m
    [33mclass[39m=[32m"text-sm text-muted-foreground"[39m
  [36m/>[39m

  --------------------------------------------------

Ignored nodes: comments, script, style
[36m<body>[39m
  [36m<div>[39m
    [36m<div>[39m
      [36m<div[39m
        [33mclass[39m=[32m"space-y-2"[39m
      [36m>[39m
        [36m<label[39m
          [33mclass[39m=[32m"flex items-center gap-2 text-sm leading-none font-medium select-none group-data-[disabled=true]:pointer-events-none group-data-[disabled=true]:opacity-50 peer-disabled:cursor-not-allowed peer-disabled:opacity-50"[39m
          [33mdata-slot[39m=[32m"label"[39m
          [33mfor[39m=[32m"«rf»"[39m
        [36m>[39m
          [0mTryb publikacji[0m
        [36m</label>[39m
        [36m<div[39m
          [33maria-required[39m=[32m"false"[39m
          [33mclass[39m=[32m"grid gap-3"[39m
          [33mdata-disabled[39m=[32m""[39m
          [33mdata-slot[39m=[32m"radio-group"[39m
          [33mdir[39m=[32m"ltr"[39m
          [33mid[39m=[32m"«rf»"[39m
          [33mrole[39m=[32m"radiogroup"[39m
          [33mstyle[39m=[32m"outline-color: none; outline-style: none; outline-width: initial;"[39m
          [33mtabindex[39m=[32m"-1"[39m
        [36m>[39m
          [36m<div[39m
            [33mclass[39m=[32m"flex items-start space-x-2"[39m
          [36m>[39m
            [36m<button[39m
              [33maria-checked[39m=[32m"true"[39m
              [33mclass[39m=[32m"border-input text-primary focus-visible:border-ring focus-visible:ring-ring/50 aria-invalid:ring-destructive/20 dark:aria-invalid:ring-destructive/40 aria-invalid:border-destructive dark:bg-input/30 aspect-square size-4 shrink-0 rounded-full border shadow-xs transition-[color,box-shadow] outline-none focus-visible:ring-[3px] disabled:cursor-not-allowed disabled:opacity-50"[39m
              [33mdata-disabled[39m=[32m""[39m
              [33mdata-radix-collection-item[39m=[32m""[39m
              [33mdata-slot[39m=[32m"radio-group-item"[39m
              [33mdata-state[39m=[32m"checked"[39m
              [33mdisabled[39m=[32m""[39m
              [33mid[39m=[32m"«rf»-draft"[39m
              [33mrole[39m=[32m"radio"[39m
              [33mtabindex[39m=[32m"-1"[39m
              [33mtype[39m=[32m"button"[39m
              [33mvalue[39m=[32m"draft"[39m
            [36m>[39m
              [36m<span[39m
                [33mclass[39m=[32m"relative flex items-center justify-center"[39m
                [33mdata-disabled[39m=[32m""[39m
                [33mdata-slot[39m=[32m"radio-group-indicator"[39m
                [33mdata-state[39m=[32m"checked"[39m
              [36m>[39m
                [36m<svg[39m
                  [33mclass[39m=[32m"lucide lucide-circle fill-primary absolute top-1/2 left-1/2 size-2 -translate-x-1/2 -translate-y-1/2"[39m
                  [33mfill[39m=[32m"none"[39m
                  [33mheight[39m=[32m"24"[39m
                  [33mstroke[39m=[32m"currentColor"[39m
                  [33mstroke-linecap[39m=[32m"round"[39m
                  [33mstroke-linejoin[39m=[32m"round"[39m
                  [33mstroke-width[39m=[32m"2"[39m
                  [33mviewBox[39m=[32m"0 0 24 24"[39m
                  [33mwidth[39m=[32m"24"[39m
                  [33mxmlns[39m=[32m"http://www.w3.org/2000/svg"[39m
                [36m>[39m
                  [36m<circle[39m
                    [33mcx[39m=[32m"12"[39m
                    [33mcy[39m=[32m"12"[39m
                    [33mr[39m=[32m"10"[39m
                  [36m/>[39m
                [36m</svg>[39m
              [36m</span>[39m
            [36m</button>[39m
            [36m<div[39m
              [33mclass[39m=[32m"grid gap-1.5 leading-none"[39m
            [36m>[39m
              [36m<label[39m
                [33mclass[39m=[32m"text-sm font-medium leading-none peer-disabled:cursor-not-allowed peer-disabled:opacity-70 cursor-pointer"[39m
                [33mfor[39m=[32m"«rf»-draft"[39m
              [36m>[39m
                [0mSzkic[0m
              [36m</label>[39m
              [36m<p[39m
                [33mclass[39m=[32m"text-sm text-muted-foreground"[39m
              [36m>[39m
                [0mZapisz jako szkic do późniejszego przeglądu[0m
              [36m</p>[39m
            [36m</div>[39m
          [36m</div>[39m
          [36m<div[39m
            [33mclass[39m=[32m"flex items-start space-x-2"[39m
          [36m>[39m
            [36m<button[39m
              [33maria-checked[39m=[32m"false"[39m
              [33mclass[39m=[32m"border-input text-primary focus-visible:border-ring focus-visible:ring-ring/50 aria-invalid:ring-destructive/20 dark:aria-invalid:ring-destructive/40 aria-invalid:border-destructive dark:bg-input/30 aspect-square size-4 shrink-0 rounded-full border shadow-xs transition-[color,box-shadow] outline-none focus-visible:ring-[3px] disabled:cursor-not-allowed disabled:opacity-50"[39m
              [33mdata-disabled[39m=[32m""[39m
              [33mdata-radix-collection-item[39m=[32m""[39m
              [33mdata-slot[39m=[32m"radio-group-item"[39m
              [33mdata-state[39m=[32m"unchecked"[39m
              [33mdisabled[39m=[32m""[39m
              [33mid[39m=[32m"«rf»-published"[39m
              [33mrole[39m=[32m"radio"[39m
              [33mtabindex[39m=[32m"-1"[39m
              [33mtype[39m=[32m"button"[39m
              [33mvalue[39m=[32m"published"[39m
            [36m/>[39m
            [36m<div[39m
              [33mclass[39m=[32m"grid gap-1.5 leading-none"[39m
            [36m>[39m
              [36m<label[39m
                [33mclass[39m=[32m"text-sm font-medium leading-none peer-disabled:cursor-not-allowed peer-disabled:opacity-70 cursor-pointer"[39m
                [33mfor[39m=[32m"«rf»-published"[39m
              [36m>[39m
                [0mOpublikuj[0m
              [36m</label>[39m
              [36m<p[39m
                [33mclass[39m=[32m"text-sm text-muted-foreground"[39m
              [36m>[39m
                [0mOpublikuj od razu po wygenerowaniu[0m
              [36m</p>[39m
            [36m</div>[39m
          [36m</div>[39m
        [36m</div>[39m
      [36m</div>[39m
    [36m</div>[39m
  [36m</div>[39m
[36m</body>[39m
[90m [2m❯[22m Object.getElementError node_modules/@testing-library/dom/dist/config.js:[2m37:19[22m[39m
[90m [2m❯[22m node_modules/@testing-library/dom/dist/query-helpers.js:[2m76:38[22m[39m
[90m [2m❯[22m node_modules/@testing-library/dom/dist/query-helpers.js:[2m109:15[22m[39m
[36m [2m❯[22m src/components/selects/PublicationModeSelect/__tests__/PublicationModeSelect.test.tsx:[2m69:27[22m[39m
    [90m 67| [39m    })[33m;[39m
    [90m 68| [39m
    [90m 69| [39m    [35mconst[39m labels [33m=[39m screen[33m.[39m[34mgetAllByRole[39m([32m"label"[39m)[33m;[39m
    [90m   | [39m                          [31m^[39m
    [90m 70| [39m    labels[33m.[39m[34mforEach[39m((label) [33m=>[39m {
    [90m 71| [39m      [34mexpect[39m(label)[33m.[39m[34mtoHaveClass[39m([32m"peer-disabled:cursor-not-allowed"[39m)[33m;[39m

[31m[2m⎯⎯⎯⎯⎯⎯⎯⎯⎯⎯⎯⎯⎯⎯⎯⎯⎯⎯⎯⎯⎯⎯[63/70]⎯[22m[39m

[41m[1m FAIL [22m[49m src/components/tables/ProductsTable/__tests__/ProductsTable.test.tsx[2m > [22mProductsTable[2m > [22mrenders loading state
[31m[1mTestingLibraryElementError[22m: Unable to find an accessible element with the role "status"

There are no accessible roles. But there might be some inaccessible roles. If you wish to access them, then set the `hidden` option to `true`. Learn more about this here: https://testing-library.com/docs/dom-testing-library/api-queries#byrole

Ignored nodes: comments, script, style
[36m<body>[31m
  [36m<div>[31m
    [36m<div[31m
      [33mclass[31m=[32m"flex items-center justify-center h-64"[31m
    [36m>[31m
      [36m<div[31m
        [33mclass[31m=[32m"animate-spin rounded-full h-8 w-8 border-b-2 border-primary"[31m
      [36m/>[31m
    [36m</div>[31m
  [36m</div>[31m
[36m</body>[31m[39m
[90m [2m❯[22m Object.getElementError node_modules/@testing-library/dom/dist/config.js:[2m37:19[22m[39m
[90m [2m❯[22m node_modules/@testing-library/dom/dist/query-helpers.js:[2m76:38[22m[39m
[90m [2m❯[22m node_modules/@testing-library/dom/dist/query-helpers.js:[2m52:17[22m[39m
[90m [2m❯[22m node_modules/@testing-library/dom/dist/query-helpers.js:[2m95:19[22m[39m
[36m [2m❯[22m src/components/tables/ProductsTable/__tests__/ProductsTable.test.tsx:[2m45:19[22m[39m
    [90m 43| [39m  [34mit[39m([32m"renders loading state"[39m[33m,[39m () [33m=>[39m {
    [90m 44| [39m    [34mrender[39m([33m<[39m[33mProductsTable[39m [33m{[39m[33m...[39mdefaultProps[33m}[39m [33mloading[39m[33m=[39m[33m{[39m[35mtrue[39m[33m}[39m [33m/[39m[33m>[39m)[33m;[39m
    [90m 45| [39m    [34mexpect[39m(screen[33m.[39m[34mgetByRole[39m([32m"status"[39m))[33m.[39m[34mtoBeInTheDocument[39m()[33m;[39m
    [90m   | [39m                  [31m^[39m
    [90m 46| [39m  })[33m;[39m
    [90m 47| [39m

[31m[2m⎯⎯⎯⎯⎯⎯⎯⎯⎯⎯⎯⎯⎯⎯⎯⎯⎯⎯⎯⎯⎯⎯[64/70]⎯[22m[39m

[41m[1m FAIL [22m[49m src/components/tables/ProductsTable/__tests__/ProductsTable.test.tsx[2m > [22mProductsTable[2m > [22mhandles pagination changes
[31m[1mTestingLibraryElementError[22m[39m: Unable to find a label with the text of: Następna strona

Ignored nodes: comments, script, style
[36m<body>[39m
  [36m<div>[39m
    [36m<div[39m
      [33mclass[39m=[32m"rounded-md border"[39m
    [36m>[39m
      [36m<div[39m
        [33mclass[39m=[32m"relative w-full overflow-x-auto"[39m
        [33mdata-slot[39m=[32m"table-container"[39m
      [36m>[39m
        [36m<table[39m
          [33mclass[39m=[32m"w-full caption-bottom text-sm"[39m
          [33mdata-slot[39m=[32m"table"[39m
        [36m>[39m
          [36m<thead[39m
            [33mclass[39m=[32m"[&_tr]:border-b"[39m
            [33mdata-slot[39m=[32m"table-header"[39m
          [36m>[39m
            [36m<tr[39m
              [33mclass[39m=[32m"hover:bg-muted/50 data-[state=selected]:bg-muted border-b transition-colors"[39m
              [33mdata-slot[39m=[32m"table-row"[39m
            [36m>[39m
              [36m<th[39m
                [33mclass[39m=[32m"text-foreground h-10 px-2 text-left align-middle font-medium whitespace-nowrap [&:has([role=checkbox])]:pr-0 [&>[role=checkbox]]:translate-y-[2px] w-12"[39m
                [33mdata-slot[39m=[32m"table-head"[39m
              [36m>[39m
                [36m<button[39m
                  [33maria-checked[39m=[32m"false"[39m
                  [33maria-label[39m=[32m"Zaznacz wszystkie"[39m
                  [33mclass[39m=[32m"peer border-input dark:bg-input/30 data-[state=checked]:bg-primary data-[state=checked]:text-primary-foreground dark:data-[state=checked]:bg-primary data-[state=checked]:border-primary focus-visible:border-ring focus-visible:ring-ring/50 aria-invalid:ring-destructive/20 dark:aria-invalid:ring-destructive/40 aria-invalid:border-destructive size-4 shrink-0 rounded-[4px] border shadow-xs transition-shadow outline-none focus-visible:ring-[3px] disabled:cursor-not-allowed disabled:opacity-50"[39m
                  [33mdata-slot[39m=[32m"checkbox"[39m
                  [33mdata-state[39m=[32m"unchecked"[39m
                  [33mrole[39m=[32m"checkbox"[39m
                  [33mtype[39m=[32m"button"[39m
                  [33mvalue[39m=[32m"on"[39m
                [36m/>[39m
              [36m</th>[39m
              [36m<th[39m
                [33mclass[39m=[32m"text-foreground h-10 px-2 text-left align-middle font-medium whitespace-nowrap [&:has([role=checkbox])]:pr-0 [&>[role=checkbox]]:translate-y-[2px]"[39m
                [33mdata-slot[39m=[32m"table-head"[39m
              [36m>[39m
                [0mNazwa[0m
              [36m</th>[39m
              [36m<th[39m
                [33mclass[39m=[32m"text-foreground h-10 px-2 text-left align-middle font-medium whitespace-nowrap [&:has([role=checkbox])]:pr-0 [&>[role=checkbox]]:translate-y-[2px]"[39m
                [33mdata-slot[39m=[32m"table-head"[39m
              [36m>[39m
                [0mSKU[0m
              [36m</th>[39m
              [36m<th[39m
                [33mclass[39m=[32m"text-foreground h-10 px-2 text-left align-middle font-medium whitespace-nowrap [&:has([role=checkbox])]:pr-0 [&>[role=checkbox]]:translate-y-[2px]"[39m
                [33mdata-slot[39m=[32m"table-head"[39m
              [36m>[39m
                [0mStatus[0m
              [36m</th>[39m
              [36m<th[39m
                [33mclass[39m=[32m"text-foreground h-10 px-2 text-left align-middle font-medium whitespace-nowrap [&:has([role=checkbox])]:pr-0 [&>[role=checkbox]]:translate-y-[2px]"[39m
                [33mdata-slot[39m=[32m"table-head"[39m
              [36m>[39m
                [0mKategorie[0m
              [36m</th>[39m
              [36m<th[39m
                [33mclass[39m=[32m"text-foreground h-10 px-2 text-left align-middle font-medium whitespace-nowrap [&:has([role=checkbox])]:pr-0 [&>[role=checkbox]]:translate-y-[2px]"[39m
                [33mdata-slot[39m=[32m"table-head"[39m
              [36m>[39m
                [0mOstatnia aktualizacja[0m
              [36m</th>[39m
            [36m</tr>[39m
          [36m</thead>[39m
          [36m<tbody[39m
            [33mclass[39m=[32m"[&_tr:last-child]:border-0"[39m
            [33mdata-slot[39m=[32m"table-body"[39m
          [36m>[39m
            [36m<tr[39m
              [33mclass[39m=[32m"hover:bg-muted/50 data-[state=selected]:bg-muted border-b transition-colors"[39m
              [33mdata-slot[39m=[32m"table-row"[39m
            [36m>[39m
              [36m<td[39m
                [33mclass[39m=[32m"p-2 align-middle whitespace-nowrap [&:has([role=checkbox])]:pr-0 [&>[role=checkbox]]:translate-y-[2px]"[39m
                [33mdata-slot[39m=[32m"table-cell"[39m
              [36m>[39m
                [36m<button[39m
                  [33maria-checked[39m=[32m"false"[39m
                  [33maria-label[39m=[32m"Zaznacz Product 1"[39m
                  [33mclass[39m=[32m"peer border-input dark:bg-input/30 data-[state=checked]:bg-primary data-[state=checked]:text-primary-foreground dark:data-[state=checked]:bg-primary data-[state=checked]:border-primary focus-visible:border-ring focus-visible:ring-ring/50 aria-invalid:ring-destructive/20 dark:aria-invalid:ring-destructive/40 aria-invalid:border-destructive size-4 shrink-0 rounded-[4px] border shadow-xs transition-shadow outline-none focus-visible:ring-[3px] disabled:cursor-not-allowed disabled:opacity-50"[39m
                  [33mdata-slot[39m=[32m"checkbox"[39m
                  [33mdata-state[39m=[32m"unchecked"[39m
                  [33mrole[39m=[32m"checkbox"[39m
                  [33mtype[39m=[32m"button"[39m
                  [33mvalue[39m=[32m"on"[39m
                [36m/>[39m
              [36m</td>[39m
              [36m<td[39m
                [33mclass[39m=[32m"p-2 align-middle whitespace-nowrap [&:has([role=checkbox])]:pr-0 [&>[role=checkbox]]:translate-y-[2px]"[39m
                [33mdata-slot[39m=[32m"table-cell"[39m
              [36m>[39m
                [36m<button[39m
                  [33mclass[39m=[32m"text-left hover:text-primary"[39m
                [36m>[39m
                  [0mProduct 1[0m
                [36m</button>[39m
              [36m</td>[39m
              [36m<td[39m
                [33mclass[39m=[32m"p-2 align-middle whitespace-nowrap [&:has([role=checkbox])]:pr-0 [&>[role=checkbox]]:translate-y-[2px]"[39m
                [33mdata-slot[39m=[32m"table-cell"[39m
              [36m>[39m
                [0mSKU1[0m
              [36m</td>[39m
              [36m<td[39m
                [33mclass[39m=[32m"p-2 align-middle whitespace-nowrap [&:has([role=checkbox])]:pr-0 [&>[role=checkbox]]:translate-y-[2px]"[39m
                [33mdata-slot[39m=[32m"table-cell"[39m
              [36m>[39m
                [0mactive[0m
              [36m</td>[39m
              [36m<td[39m
                [33mclass[39m=[32m"p-2 align-middle whitespace-nowrap [&:has([role=checkbox])]:pr-0 [&>[role=checkbox]]:translate-y-[2px]"[39m
                [33mdata-slot[39m=[32m"table-cell"[39m
              [36m>[39m
                [0mCategory 1[0m
              [36m</td>[39m
              [36m<td[39m
                [33mclass[39m=[32m"p-2 align-middle whitespace-nowrap [&:has([role=checkbox])]:pr-0 [&>[role=checkbox]]:translate-y-[2px]"[39m
                [33mdata-slot[39m=[32m"table-cell"[39m
              [36m>[39m
                [0m1.01.2024, 13:00:00[0m
              [36m</td>[39m
            [36m</tr>[39m
            [36m<tr[39m
              [33mclass[39m=[32m"hover:bg-muted/50 data-[state=selected]:bg-muted border-b transition-colors"[39m
              [33mdata-slot[39m=[32m"table-row"[39m
            [36m>[39m
              [36m<td[39m
                [33mclass[39m=[32m"p-2 align-middle whitespace-nowrap [&:has([role=checkbox])]:pr-0 [&>[role=checkbox]]:translate-y-[2px]"[39m
                [33mdata-slot[39m=[32m"table-cell"[39m
              [36m>[39m
                [36m<button[39m
                  [33maria-checked[39m=[32m"false"[39m
                  [33maria-label[39m=[32m"Zaznacz Product 2"[39m
                  [33mclass[39m=[32m"peer border-input dark:bg-input/30 data-[state=checked]:bg-primary data-[state=checked]:text-primary-foreground dark:data-[state=checked]:bg-primary data-[state=checked]:border-primary focus-visible:border-ring focus-visible:ring-ring/50 aria-invalid:ring-destructive/20 dark:aria-invalid:ring-destructive/40 aria-invalid:border-destructive size-4 shrink-0 rounded-[4px] border shadow-xs transition-shadow outline-none focus-visible:ring-[3px] disabled:cursor-not-allowed disabled:opacity-50"[39m
                  [33mdata-slot[39m=[32m"checkbox"[39m
                  [33mdata-state[39m=[32m"unchecked"[39m
                  [33mrole[39m=[32m"checkbox"[39m
                  [33mtype[39m=[32m"button"[39m
                  [33mvalue[39m=[32m"on"[39m
                [36m/>[39m
              [36m</td>[39m
              [36m<td[39m
                [33mclass[39m=[32m"p-2 align-middle whitespace-nowrap [&:has([role=checkbox])]:pr-0 [&>[role=checkbox]]:translate-y-[2px]"[39m
                [33mdata-slot[39m=[32m"table-cell"[39m
              [36m>[39m
                [36m<button[39m
                  [33mclass[39m=[32m"text-left hover:text-primary"[39m
                [36m>[39m
                  [0mProduct 2[0m
                [36m</button>[39m
              [36m</td>[39m
              [36m<td[39m
                [33mclass[39m=[32m"p-2 align-middle whitespace-nowrap [&:has([role=checkbox])]:pr-0 [&>[role=checkbox]]:translate-y-[2px]"[39m
                [33mdata-slot[39m=[32m"table-cell"[39m
              [36m>[39m
                [0mSKU2[0m
              [36m</td>[39m
              [36m<td[39m
                [33mclass[39m=[32m"p-2 align-middle whitespace-nowrap [&:has([role=checkbox])]:pr-0 [&>[role=checkbox]]:translate-y-[2px]"[39m
                [33mdata-slot[39m=[32m"table-cell"[39m
              [36m>[39m
                [0mdraft[0m
              [36m</td>[39m
              [36m<td[39m
                [33mclass[39m=[32m"p-2 align-middle whitespace-nowrap [&:has([role=checkbox])]:pr-0 [&>[role=checkbox]]:translate-y-[2px]"[39m
                [33mdata-slot[39m=[32m"table-cell"[39m
              [36m>[39m
                [0mCategory 2[0m
              [36m</td>[39m
              [36m<td[39m
                [33mclass[39m=[32m"p-2 align-middle whitespace-nowrap [&:has([role=checkbox])]:pr-0 [&>[role=checkbox]]:translate-y-[2px]"[39m
                [33mdata-slot[39m=[32m"table-cell"[39m
              [36m>[39m
                [0m2.01.2024, 13:00:00[0m
              [36m</td>[39m
            [36m</tr>[39m
          [36m</tbody>[39m
        [36m</table>[39m
      [36m</div>[39m
    [36m</div>[39m
    [36m<div[39m
      [33mclass[39m=[32m"mt-4"[39m
    [36m/>[39m
  [36m</div>[39m
[36m</body>[39m
[90m [2m❯[22m Object.getElementError node_modules/@testing-library/dom/dist/config.js:[2m37:19[22m[39m
[90m [2m❯[22m getAllByLabelText node_modules/@testing-library/dom/dist/queries/label-text.js:[2m111:38[22m[39m
[90m [2m❯[22m node_modules/@testing-library/dom/dist/query-helpers.js:[2m52:17[22m[39m
[90m [2m❯[22m node_modules/@testing-library/dom/dist/query-helpers.js:[2m95:19[22m[39m
[36m [2m❯[22m src/components/tables/ProductsTable/__tests__/ProductsTable.test.tsx:[2m87:35[22m[39m
    [90m 85| [39m    [34mrender[39m([33m<[39m[33mProductsTable[39m [33m{[39m[33m...[39mdefaultProps[33m}[39m [33m/[39m[33m>[39m)[33m;[39m
    [90m 86| [39m
    [90m 87| [39m    [35mconst[39m nextPageButton [33m=[39m screen[33m.[39m[34mgetByLabelText[39m([32m"Następna strona"[39m)[33m;[39m
    [90m   | [39m                                  [31m^[39m
    [90m 88| [39m    [35mawait[39m userEvent[33m.[39m[34mclick[39m(nextPageButton)[33m;[39m
    [90m 89| [39m

[31m[2m⎯⎯⎯⎯⎯⎯⎯⎯⎯⎯⎯⎯⎯⎯⎯⎯⎯⎯⎯⎯⎯⎯[65/70]⎯[22m[39m

[41m[1m FAIL [22m[49m src/components/tables/RecentJobsTable/__tests__/RecentJobsTable.test.tsx[2m > [22mRecentJobsTable[2m > [22mrenders table with jobs
[31m[1mTestingLibraryElementError[22m[39m: Unable to find an element with the text: PL. This could be because the text is broken up by multiple elements. In this case, you can provide a function for your text matcher to make your matcher more flexible.

Ignored nodes: comments, script, style
[36m<body>[39m
  [36m<div>[39m
    [36m<div[39m
      [33mclass[39m=[32m"bg-card text-card-foreground flex flex-col gap-6 rounded-xl border py-6 shadow-sm"[39m
      [33mdata-slot[39m=[32m"card"[39m
      [33mrole[39m=[32m"article"[39m
    [36m>[39m
      [36m<div[39m
        [33mclass[39m=[32m"@container/card-header grid auto-rows-min grid-rows-[auto_auto] items-start gap-2 px-6 has-data-[slot=card-action]:grid-cols-[1fr_auto] [.border-b]:pb-6"[39m
        [33mdata-slot[39m=[32m"card-header"[39m
      [36m>[39m
        [36m<div[39m
          [33mclass[39m=[32m"leading-none font-semibold"[39m
          [33mdata-slot[39m=[32m"card-title"[39m
        [36m>[39m
          [0mOstatnie zlecenia[0m
        [36m</div>[39m
        [36m<div[39m
          [33mclass[39m=[32m"text-muted-foreground text-sm"[39m
          [33mdata-slot[39m=[32m"card-description"[39m
        [36m>[39m
          [0m5 ostatnich batch jobów[0m
        [36m</div>[39m
      [36m</div>[39m
      [36m<div[39m
        [33mclass[39m=[32m"px-6"[39m
        [33mdata-slot[39m=[32m"card-content"[39m
      [36m>[39m
        [36m<div[39m
          [33mclass[39m=[32m"relative w-full overflow-x-auto"[39m
          [33mdata-slot[39m=[32m"table-container"[39m
        [36m>[39m
          [36m<table[39m
            [33mclass[39m=[32m"w-full caption-bottom text-sm"[39m
            [33mdata-slot[39m=[32m"table"[39m
          [36m>[39m
            [36m<thead[39m
              [33mclass[39m=[32m"[&_tr]:border-b"[39m
              [33mdata-slot[39m=[32m"table-header"[39m
            [36m>[39m
              [36m<tr[39m
                [33mclass[39m=[32m"hover:bg-muted/50 data-[state=selected]:bg-muted border-b transition-colors"[39m
                [33mdata-slot[39m=[32m"table-row"[39m
              [36m>[39m
                [36m<th[39m
                  [33mclass[39m=[32m"text-foreground h-10 px-2 text-left align-middle font-medium whitespace-nowrap [&:has([role=checkbox])]:pr-0 [&>[role=checkbox]]:translate-y-[2px]"[39m
                  [33mdata-slot[39m=[32m"table-head"[39m
                [36m>[39m
                  [0mID[0m
                [36m</th>[39m
                [36m<th[39m
                  [33mclass[39m=[32m"text-foreground h-10 px-2 text-left align-middle font-medium whitespace-nowrap [&:has([role=checkbox])]:pr-0 [&>[role=checkbox]]:translate-y-[2px]"[39m
                  [33mdata-slot[39m=[32m"table-head"[39m
                [36m>[39m
                  [0mStatus[0m
                [36m</th>[39m
                [36m<th[39m
                  [33mclass[39m=[32m"text-foreground h-10 px-2 text-left align-middle font-medium whitespace-nowrap [&:has([role=checkbox])]:pr-0 [&>[role=checkbox]]:translate-y-[2px]"[39m
                  [33mdata-slot[39m=[32m"table-head"[39m
                [36m>[39m
                  [0mStyl[0m
                [36m</th>[39m
                [36m<th[39m
                  [33mclass[39m=[32m"text-foreground h-10 px-2 text-left align-middle font-medium whitespace-nowrap [&:has([role=checkbox])]:pr-0 [&>[role=checkbox]]:translate-y-[2px]"[39m
                  [33mdata-slot[39m=[32m"table-head"[39m
                [36m>[39m
                  [0mJęzyk[0m
                [36m</th>[39m
                [36m<th[39m
                  [33mclass[39m=[32m"text-foreground h-10 px-2 text-left align-middle font-medium whitespace-nowrap [&:has([role=checkbox])]:pr-0 [&>[role=checkbox]]:translate-y-[2px]"[39m
                  [33mdata-slot[39m=[32m"table-head"[39m
                [36m>[39m
                  [0mData utworzenia[0m
                [36m</th>[39m
              [36m</tr>[39m
            [36m</thead>[39m
            [36m<tbody[39m
              [33mclass[39m=[32m"[&_tr:last-child]:border-0"[39m
              [33mdata-slot[39m=[32m"table-body"[39m
            [36m>[39m
              [36m<tr[39m
                [33mclass[39m=[32m"data-[state=selected]:bg-muted border-b transition-colors cursor-pointer hover:bg-muted/50"[39m
                [33mdata-slot[39m=[32m"table-row"[39m
              [36m>[39m
                [36m<td[39m
                  [33mclass[39m=[32m"p-2 align-middle whitespace-nowrap [&:has([role=checkbox])]:pr-0 [&>[role=checkbox]]:translate-y-[2px] font-medium"[39m
                  [33mdata-slot[39m=[32m"table-cell"[39m
                [36m>[39m
                  [0m12345678[0m
                [36m</td>[39m
                [36m<td[39m
                  [33mclass[39m=[32m"p-2 align-middle whitespace-nowrap [&:has([role=checkbox])]:pr-0 [&>[role=checkbox]]:translate-y-[2px]"[39m
                  [33mdata-slot[39m=[32m"table-cell"[39m
                [36m>[39m
                  [36m<span[39m
                    [33mclass[39m=[32m"text-green-600"[39m
                  [36m>[39m
                    [0mZakończony[0m
                  [36m</span>[39m
                [36m</td>[39m
                [36m<td[39m
                  [33mclass[39m=[32m"p-2 align-middle whitespace-nowrap [&:has([role=checkbox])]:pr-0 [&>[role=checkbox]]:translate-y-[2px]"[39m
                  [33mdata-slot[39m=[32m"table-cell"[39m
                [36m>[39m
                  [0mprofessional[0m
                [36m</td>[39m
                [36m<td[39m
                  [33mclass[39m=[32m"p-2 align-middle whitespace-nowrap [&:has([role=checkbox])]:pr-0 [&>[role=checkbox]]:translate-y-[2px] uppercase"[39m
                  [33mdata-slot[39m=[32m"table-cell"[39m
                [36m>[39m
                  [0mpl[0m
                [36m</td>[39m
                [36m<td[39m
                  [33mclass[39m=[32m"p-2 align-middle whitespace-nowrap [&:has([role=checkbox])]:pr-0 [&>[role=checkbox]]:translate-y-[2px]"[39m
                  [33mdata-slot[39m=[32m"table-cell"[39m
                [36m>[39m
                  [0m1.01.2024, 13:00[0m
                [36m</td>[39m
              [36m</tr>[39m
              [36m<tr[39m
                [33mclass[39m=[32m"data-[state=selected]:bg-muted border-b transition-colors cursor-pointer hover:bg-muted/50"[39m
                [33mdata-slot[39m=[32m"table-row"[39m
              [36m>[39m
                [36m<td[39m
                  [33mclass[39m=[32m"p-2 align-middle whitespace-nowrap [&:has([role=checkbox])]:pr-0 [&>[role=checkbox]]:translate-y-[2px] font-medium"[39m
                  [33mdata-slot[39m=[32m"table-cell"[39m
                [36m>[39m
                  [0m87654321[0m
                [36m</td>[39m
                [36m<td[39m
                  [33mclass[39m=[32m"p-2 align-middle whitespace-nowrap [&:has([role=checkbox])]:pr-0 [&>[role=checkbox]]:translate-y-[2px]"[39m
                  [33mdata-slot[39m=[32m"table-cell"[39m
                [36m>[39m
                  [36m<span[39m
                    [33mclass[39m=[32m"text-yellow-600"[39m
                  [36m>[39m
                    [0mOczekujący[0m
                  [36m</span>[39m
                [36m</td>[39m
                [36m<td[39m
                  [33mclass[39m=[32m"p-2 align-middle whitespace-nowrap [&:has([role=checkbox])]:pr-0 [&>[role=checkbox]]:translate-y-[2px]"[39m
                  [33mdata-slot[39m=[32m"table-cell"[39m
                [36m>[39m
                  [0mcasual[0m
                [36m</td>[39m
                [36m<td[39m
                  [33mclass[39m=[32m"p-2 align-middle whitespace-nowrap [&:has([role=checkbox])]:pr-0 [&>[role=checkbox]]:translate-y-[2px] uppercase"[39m
                  [33mdata-slot[39m=[32m"table-cell"[39m
                [36m>[39m
                  [0men[0m
                [36m</td>[39m
                [36m<td[39m
                  [33mclass[39m=[32m"p-2 align-middle whitespace-nowrap [&:has([role=checkbox])]:pr-0 [&>[role=checkbox]]:translate-y-[2px]"[39m
                  [33mdata-slot[39m=[32m"table-cell"[39m
                [36m>[39m
                  [0m2.01.2024, 13:00[0m
                [36m</td>[39m
              [36m</tr>[39m
            [36m</tbody>[39m
          [36m</table>[39m
        [36m</div>[39m
      [36m</div>[39m
    [36m</div>[39m
  [36m</div>[39m
[36m</body>[39m
[90m [2m❯[22m Object.getElementError node_modules/@testing-library/dom/dist/config.js:[2m37:19[22m[39m
[90m [2m❯[22m node_modules/@testing-library/dom/dist/query-helpers.js:[2m76:38[22m[39m
[90m [2m❯[22m node_modules/@testing-library/dom/dist/query-helpers.js:[2m52:17[22m[39m
[90m [2m❯[22m node_modules/@testing-library/dom/dist/query-helpers.js:[2m95:19[22m[39m
[36m [2m❯[22m src/components/tables/RecentJobsTable/__tests__/RecentJobsTable.test.tsx:[2m43:21[22m[39m
    [90m 41| [39m      expect(screen.getByText(STATUS_LABELS[job.status])).toBeInTheDoc…
    [90m 42| [39m      [34mexpect[39m(screen[33m.[39m[34mgetByText[39m(job[33m.[39mstyle))[33m.[39m[34mtoBeInTheDocument[39m()[33m;[39m
    [90m 43| [39m      expect(screen.getByText(job.language.toUpperCase())).toBeInTheDo…
    [90m   | [39m                    [31m^[39m
    [90m 44| [39m    })[33m;[39m
    [90m 45| [39m  })[33m;[39m
[90m [2m❯[22m src/components/tables/RecentJobsTable/__tests__/RecentJobsTable.test.tsx:[2m39:14[22m[39m

[31m[2m⎯⎯⎯⎯⎯⎯⎯⎯⎯⎯⎯⎯⎯⎯⎯⎯⎯⎯⎯⎯⎯⎯[66/70]⎯[22m[39m

[41m[1m FAIL [22m[49m src/components/tables/JobsTable/__tests__/JobsTable.test.tsx[2m > [22mJobsTable[2m > [22mrenders job rows with correct data
[31m[1mTestingLibraryElementError[22m[39m: Unable to find an element with the text: PL. This could be because the text is broken up by multiple elements. In this case, you can provide a function for your text matcher to make your matcher more flexible.

Ignored nodes: comments, script, style
[36m<body>[39m
  [36m<div>[39m
    [36m<div[39m
      [33mclass[39m=[32m"border rounded-md"[39m
    [36m>[39m
      [36m<div[39m
        [33mclass[39m=[32m"relative w-full overflow-x-auto"[39m
        [33mdata-slot[39m=[32m"table-container"[39m
      [36m>[39m
        [36m<table[39m
          [33mclass[39m=[32m"w-full caption-bottom text-sm"[39m
          [33mdata-slot[39m=[32m"table"[39m
        [36m>[39m
          [36m<thead[39m
            [33mclass[39m=[32m"[&_tr]:border-b"[39m
            [33mdata-slot[39m=[32m"table-header"[39m
          [36m>[39m
            [36m<tr[39m
              [33mclass[39m=[32m"hover:bg-muted/50 data-[state=selected]:bg-muted border-b transition-colors"[39m
              [33mdata-slot[39m=[32m"table-row"[39m
            [36m>[39m
              [36m<th[39m
                [33mclass[39m=[32m"text-foreground h-10 px-2 text-left align-middle font-medium whitespace-nowrap [&:has([role=checkbox])]:pr-0 [&>[role=checkbox]]:translate-y-[2px]"[39m
                [33mdata-slot[39m=[32m"table-head"[39m
              [36m>[39m
                [0mID[0m
              [36m</th>[39m
              [36m<th[39m
                [33mclass[39m=[32m"text-foreground h-10 px-2 text-left align-middle font-medium whitespace-nowrap [&:has([role=checkbox])]:pr-0 [&>[role=checkbox]]:translate-y-[2px]"[39m
                [33mdata-slot[39m=[32m"table-head"[39m
              [36m>[39m
                [0mStatus[0m
              [36m</th>[39m
              [36m<th[39m
                [33mclass[39m=[32m"text-foreground h-10 px-2 text-left align-middle font-medium whitespace-nowrap [&:has([role=checkbox])]:pr-0 [&>[role=checkbox]]:translate-y-[2px]"[39m
                [33mdata-slot[39m=[32m"table-head"[39m
              [36m>[39m
                [0mStyl[0m
              [36m</th>[39m
              [36m<th[39m
                [33mclass[39m=[32m"text-foreground h-10 px-2 text-left align-middle font-medium whitespace-nowrap [&:has([role=checkbox])]:pr-0 [&>[role=checkbox]]:translate-y-[2px]"[39m
                [33mdata-slot[39m=[32m"table-head"[39m
              [36m>[39m
                [0mJęzyk[0m
              [36m</th>[39m
              [36m<th[39m
                [33mclass[39m=[32m"text-foreground h-10 px-2 text-left align-middle font-medium whitespace-nowrap [&:has([role=checkbox])]:pr-0 [&>[role=checkbox]]:translate-y-[2px]"[39m
                [33mdata-slot[39m=[32m"table-head"[39m
              [36m>[39m
                [0mTryb publikacji[0m
              [36m</th>[39m
              [36m<th[39m
                [33mclass[39m=[32m"text-foreground h-10 px-2 text-left align-middle font-medium whitespace-nowrap [&:has([role=checkbox])]:pr-0 [&>[role=checkbox]]:translate-y-[2px]"[39m
                [33mdata-slot[39m=[32m"table-head"[39m
              [36m>[39m
                [0mData utworzenia[0m
              [36m</th>[39m
              [36m<th[39m
                [33mclass[39m=[32m"text-foreground h-10 px-2 align-middle font-medium whitespace-nowrap [&:has([role=checkbox])]:pr-0 [&>[role=checkbox]]:translate-y-[2px] text-right"[39m
                [33mdata-slot[39m=[32m"table-head"[39m
              [36m>[39m
                [0mKoszt[0m
              [36m</th>[39m
            [36m</tr>[39m
          [36m</thead>[39m
          [36m<tbody[39m
            [33mclass[39m=[32m"[&_tr:last-child]:border-0"[39m
            [33mdata-slot[39m=[32m"table-body"[39m
          [36m>[39m
            [36m<tr[39m
              [33mclass[39m=[32m"data-[state=selected]:bg-muted border-b transition-colors cursor-pointer hover:bg-muted/50"[39m
              [33mdata-slot[39m=[32m"table-row"[39m
            [36m>[39m
              [36m<td[39m
                [33mclass[39m=[32m"p-2 align-middle whitespace-nowrap [&:has([role=checkbox])]:pr-0 [&>[role=checkbox]]:translate-y-[2px] font-mono text-sm"[39m
                [33mdata-slot[39m=[32m"table-cell"[39m
              [36m>[39m
                [0m12345678[0m
                [0m...[0m
              [36m</td>[39m
              [36m<td[39m
                [33mclass[39m=[32m"p-2 align-middle whitespace-nowrap [&:has([role=checkbox])]:pr-0 [&>[role=checkbox]]:translate-y-[2px]"[39m
                [33mdata-slot[39m=[32m"table-cell"[39m
              [36m>[39m
                [36m<span[39m
                  [33mclass[39m=[32m"text-green-600"[39m
                [36m>[39m
                  [0mZakończony[0m
                [36m</span>[39m
              [36m</td>[39m
              [36m<td[39m
                [33mclass[39m=[32m"p-2 align-middle whitespace-nowrap [&:has([role=checkbox])]:pr-0 [&>[role=checkbox]]:translate-y-[2px]"[39m
                [33mdata-slot[39m=[32m"table-cell"[39m
              [36m>[39m
                [0mprofessional[0m
              [36m</td>[39m
              [36m<td[39m
                [33mclass[39m=[32m"p-2 align-middle whitespace-nowrap [&:has([role=checkbox])]:pr-0 [&>[role=checkbox]]:translate-y-[2px] uppercase"[39m
                [33mdata-slot[39m=[32m"table-cell"[39m
              [36m>[39m
                [0mpl[0m
              [36m</td>[39m
              [36m<td[39m
                [33mclass[39m=[32m"p-2 align-middle whitespace-nowrap [&:has([role=checkbox])]:pr-0 [&>[role=checkbox]]:translate-y-[2px]"[39m
                [33mdata-slot[39m=[32m"table-cell"[39m
              [36m>[39m
                [0mOpublikuj[0m
              [36m</td>[39m
              [36m<td[39m
                [33mclass[39m=[32m"p-2 align-middle whitespace-nowrap [&:has([role=checkbox])]:pr-0 [&>[role=checkbox]]:translate-y-[2px]"[39m
                [33mdata-slot[39m=[32m"table-cell"[39m
              [36m>[39m
                [0m1.01.2024, 13:00[0m
              [36m</td>[39m
              [36m<td[39m
                [33mclass[39m=[32m"p-2 align-middle whitespace-nowrap [&:has([role=checkbox])]:pr-0 [&>[role=checkbox]]:translate-y-[2px] text-right"[39m
                [33mdata-slot[39m=[32m"table-cell"[39m
              [36m>[39m
                [0m$1.23[0m
              [36m</td>[39m
            [36m</tr>[39m
            [36m<tr[39m
              [33mclass[39m=[32m"data-[state=selected]:bg-muted border-b transition-colors cursor-pointer hover:bg-muted/50"[39m
              [33mdata-slot[39m=[32m"table-row"[39m
            [36m>[39m
              [36m<td[39m
                [33mclass[39m=[32m"p-2 align-middle whitespace-nowrap [&:has([role=checkbox])]:pr-0 [&>[role=checkbox]]:translate-y-[2px] font-mono text-sm"[39m
                [33mdata-slot[39m=[32m"table-cell"[39m
              [36m>[39m
                [0m98765432[0m
                [0m...[0m
              [36m</td>[39m
              [36m<td[39m
                [33mclass[39m=[32m"p-2 align-middle whitespace-nowrap [&:has([role=checkbox])]:pr-0 [&>[role=checkbox]]:translate-y-[2px]"[39m
                [33mdata-slot[39m=[32m"table-cell"[39m
              [36m>[39m
                [36m<span[39m
                  [33mclass[39m=[32m"text-yellow-600"[39m
                [36m>[39m
                  [0mOczekujący[0m
                [36m</span>[39m
              [36m</td>[39m
              [36m<td[39m
                [33mclass[39m=[32m"p-2 align-middle whitespace-nowrap [&:has([role=checkbox])]:pr-0 [&>[role=checkbox]]:translate-y-[2px]"[39m
                [33mdata-slot[39m=[32m"table-cell"[39m
              [36m>[39m
                [0mcasual[0m
              [36m</td>[39m
              [36m<td[39m
                [33mclass[39m=[32m"p-2 align-middle whitespace-nowrap [&:has([role=checkbox])]:pr-0 [&>[role=checkbox]]:translate-y-[2px] uppercase"[39m
                [33mdata-slot[39m=[32m"table-cell"[39m
              [36m>[39m
                [0men[0m
              [36m</td>[39m
              [36m<td[39m
                [33mclass[39m=[32m"p-2 align-middle whitespace-nowrap [&:has([role=checkbox])]:pr-0 [&>[role=checkbox]]:translate-y-[2px]"[39m
                [33mdata-slot[39m=[32m"table-cell"[39m
              [36m>[39m
                [0mSzkic[0m
              [36m</td>[39m
              [36m<td[39m
                [33mclass[39m=[32m"p-2 align-middle whitespace-nowrap [&:has([role=checkbox])]:pr-0 [&>[role=checkbox]]:translate-y-[2px]"[39m
                [33mdata-slot[39m=[32m"table-cell"[39m
              [36m>[39m
                [0m2.01.2024, 13:00[0m
              [36m</td>[39m
              [36m<td[39m
                [33mclass[39m=[32m"p-2 align-middle whitespace-nowrap [&:has([role=checkbox])]:pr-0 [&>[role=checkbox]]:translate-y-[2px] text-right"[39m
                [33mdata-slot[39m=[32m"table-cell"[39m
              [36m>[39m
                [0m-[0m
              [36m</td>[39m
            [36m</tr>[39m
          [36m</tbody>[39m
        [36m</table>[39m
      [36m</div>[39m
    [36m</div>[39m
  [36m</div>[39m
[36m</body>[39m
[90m [2m❯[22m Object.getElementError node_modules/@testing-library/dom/dist/config.js:[2m37:19[22m[39m
[90m [2m❯[22m node_modules/@testing-library/dom/dist/query-helpers.js:[2m76:38[22m[39m
[90m [2m❯[22m node_modules/@testing-library/dom/dist/query-helpers.js:[2m52:17[22m[39m
[90m [2m❯[22m node_modules/@testing-library/dom/dist/query-helpers.js:[2m95:19[22m[39m
[36m [2m❯[22m src/components/tables/JobsTable/__tests__/JobsTable.test.tsx:[2m62:19[22m[39m
    [90m 60| [39m    [34mexpect[39m(screen[33m.[39m[34mgetByText[39m([32m"Zakończony"[39m))[33m.[39m[34mtoBeInTheDocument[39m()[33m;[39m
    [90m 61| [39m    [34mexpect[39m(screen[33m.[39m[34mgetByText[39m([32m"professional"[39m))[33m.[39m[34mtoBeInTheDocument[39m()[33m;[39m
    [90m 62| [39m    [34mexpect[39m(screen[33m.[39m[34mgetByText[39m([32m"PL"[39m))[33m.[39m[34mtoBeInTheDocument[39m()[33m;[39m
    [90m   | [39m                  [31m^[39m
    [90m 63| [39m    [34mexpect[39m(screen[33m.[39m[34mgetByText[39m([32m"Opublikuj"[39m))[33m.[39m[34mtoBeInTheDocument[39m()[33m;[39m
    [90m 64| [39m    [34mexpect[39m(screen[33m.[39m[34mgetByText[39m([32m"$1.23"[39m))[33m.[39m[34mtoBeInTheDocument[39m()[33m;[39m

[31m[2m⎯⎯⎯⎯⎯⎯⎯⎯⎯⎯⎯⎯⎯⎯⎯⎯⎯⎯⎯⎯⎯⎯[67/70]⎯[22m[39m


[2m Test Files [22m [1m[31m20 failed[39m[22m[2m | [22m[1m[32m12 passed[39m[22m[90m (32)[39m
[2m      Tests [22m [1m[31m66 failed[39m[22m[2m | [22m[1m[32m222 passed[39m[22m[90m (288)[39m
[2m   Start at [22m 23:41:39
[2m   Duration [22m 50.18s[2m (transform 15.31s, setup 107.97s, collect 62.26s, tests 31.66s, environment 149.73s, prepare 40.96s)[22m

